#! /c/Source/iverilog-install/bin/vvp
:ivl_version "12.0 (devel)" "(s20150603-1539-g2693dd32b)";
:ivl_delay_selection "TYPICAL";
:vpi_time_precision + 0;
:vpi_module "C:\iverilog\lib\ivl\system.vpi";
:vpi_module "C:\iverilog\lib\ivl\vhdl_sys.vpi";
:vpi_module "C:\iverilog\lib\ivl\vhdl_textio.vpi";
:vpi_module "C:\iverilog\lib\ivl\v2005_math.vpi";
:vpi_module "C:\iverilog\lib\ivl\va_math.vpi";
:vpi_module "C:\iverilog\lib\ivl\v2009.vpi";
S_0000022efb4feb90 .scope package, "$unit" "$unit" 2 1;
 .timescale 0 0;
S_0000022efb4bce20 .scope module, "testbench" "testbench" 3 3;
 .timescale 0 0;
P_0000022efb4bcfb0 .param/l "expected" 1 3 82, C4<10011110101010110010000010010110000110011000000110000011110011010000000100001111110001111110110011111111010101110011101011111001>;
P_0000022efb4bcfe8 .param/l "n" 1 3 29, +C4<00000000000000000000000010000000>;
P_0000022efb4bd020 .param/l "seq_a" 1 3 77, C4<10111010010111010010111001000101011011001101000011101110001100110001111000000010001110100101100000111110101011011011111001110001>;
P_0000022efb4bd058 .param/l "seq_b" 1 3 78, C4<00100100111101111111011011010011001101010101000101101101000111100110111100001101111011011011010011000000111110101000010010001000>;
P_0000022efb4bd090 .param/l "seq_last" 1 3 79, C4<01111011001101111100000001110111110011000011011101101100111001111100000110010000011100111110100001111010001011010101101101111110>;
P_0000022efb4bd0c8 .param/l "seq_vld" 1 3 76, C4<01100111101001010001110111111001111010101000011111011110100111100111100111101011101110010100110010011101101000100111101000110100>;
v0000022efb561530_0 .var "a", 0 0;
v0000022efb560c70_0 .net "actual", 0 0, L_0000022efb561a30;  1 drivers
v0000022efb561710_0 .var "b", 0 0;
v0000022efb561850_0 .var "clk", 0 0;
v0000022efb561670_0 .var "last", 0 0;
v0000022efb560d10_0 .var "rst", 0 0;
v0000022efb5617b0_0 .var "vld", 0 0;
E_0000022efb4bb450 .event negedge, v0000022efb560f90_0;
S_0000022efb4bd110 .scope begin, "$ivl_for_loop0" "$ivl_for_loop0" 3 96, 3 96 0, S_0000022efb4bce20;
 .timescale 0 0;
v0000022efb4f8550_0 .var/2s "i", 31 0;
E_0000022efb4bb110 .event posedge, v0000022efb561210_0;
S_0000022efb55e8a0 .scope module, "sav" "serial_adder_with_vld" 3 27, 4 5 0, S_0000022efb4bce20;
 .timescale 0 0;
    .port_info 0 /INPUT 1 "clk";
    .port_info 1 /INPUT 1 "rst";
    .port_info 2 /INPUT 1 "vld";
    .port_info 3 /INPUT 1 "a";
    .port_info 4 /INPUT 1 "b";
    .port_info 5 /INPUT 1 "last";
    .port_info 6 /OUTPUT 1 "sum";
L_0000022efb561cf0 .functor BUFT 1, C4<0>, C4<0>, C4<0>, C4<0>;
v0000022efb4f9600_0 .net *"_ivl_10", 0 0, L_0000022efb561cf0;  1 drivers
v0000022efb4d2910_0 .net *"_ivl_11", 1 0, L_0000022efb560e50;  1 drivers
v0000022efb4fa640_0 .net *"_ivl_13", 1 0, L_0000022efb560ef0;  1 drivers
L_0000022efb561d38 .functor BUFT 1, C4<0>, C4<0>, C4<0>, C4<0>;
v0000022efb4fa8b0_0 .net *"_ivl_16", 0 0, L_0000022efb561d38;  1 drivers
v0000022efb4bbd10_0 .net *"_ivl_17", 1 0, L_0000022efb561030;  1 drivers
v0000022efb504730_0 .net *"_ivl_3", 1 0, L_0000022efb561350;  1 drivers
L_0000022efb561ca8 .functor BUFT 1, C4<0>, C4<0>, C4<0>, C4<0>;
v0000022efb5047d0_0 .net *"_ivl_6", 0 0, L_0000022efb561ca8;  1 drivers
v0000022efb55ea30_0 .net *"_ivl_7", 1 0, L_0000022efb560db0;  1 drivers
v0000022efb55ead0_0 .net "a", 0 0, v0000022efb561530_0;  1 drivers
v0000022efb561490_0 .net "b", 0 0, v0000022efb561710_0;  1 drivers
v0000022efb561990_0 .var "carry", 0 0;
v0000022efb560bd0_0 .net "carry_d", 0 0, L_0000022efb561ad0;  1 drivers
v0000022efb561210_0 .net "clk", 0 0, v0000022efb561850_0;  1 drivers
v0000022efb5612b0_0 .net "last", 0 0, v0000022efb561670_0;  1 drivers
v0000022efb560f90_0 .net "rst", 0 0, v0000022efb560d10_0;  1 drivers
v0000022efb5615d0_0 .net "sum", 0 0, L_0000022efb561a30;  alias, 1 drivers
v0000022efb5618f0_0 .net "vld", 0 0, v0000022efb5617b0_0;  1 drivers
L_0000022efb561ad0 .part L_0000022efb561030, 1, 1;
L_0000022efb561a30 .part L_0000022efb561030, 0, 1;
L_0000022efb561350 .concat [ 1 1 0 0], v0000022efb561530_0, L_0000022efb561ca8;
L_0000022efb560db0 .concat [ 1 1 0 0], v0000022efb561710_0, L_0000022efb561cf0;
L_0000022efb560e50 .arith/sum 2, L_0000022efb561350, L_0000022efb560db0;
L_0000022efb560ef0 .concat [ 1 1 0 0], v0000022efb561990_0, L_0000022efb561d38;
L_0000022efb561030 .arith/sum 2, L_0000022efb560e50, L_0000022efb560ef0;
    .scope S_0000022efb55e8a0;
T_0 ;
    %wait E_0000022efb4bb110;
    %load/vec4 v0000022efb560f90_0;
    %flag_set/vec4 8;
    %jmp/0xz  T_0.0, 8;
    %pushi/vec4 0, 0, 1;
    %assign/vec4 v0000022efb561990_0, 0;
    %jmp T_0.1;
T_0.0 ;
    %load/vec4 v0000022efb5618f0_0;
    %flag_set/vec4 8;
    %jmp/0xz  T_0.2, 8;
    %load/vec4 v0000022efb5612b0_0;
    %flag_set/vec4 8;
    %jmp/0xz  T_0.4, 8;
    %pushi/vec4 0, 0, 1;
    %assign/vec4 v0000022efb561990_0, 0;
    %jmp T_0.5;
T_0.4 ;
    %load/vec4 v0000022efb560bd0_0;
    %assign/vec4 v0000022efb561990_0, 0;
T_0.5 ;
T_0.2 ;
T_0.1 ;
    %jmp T_0;
    .thread T_0;
    .scope S_0000022efb4bce20;
T_1 ;
    %pushi/vec4 0, 0, 1;
    %store/vec4 v0000022efb561850_0, 0, 1;
T_1.0 ;
    %delay 500, 0;
    %load/vec4 v0000022efb561850_0;
    %inv;
    %store/vec4 v0000022efb561850_0, 0, 1;
    %jmp T_1.0;
    %end;
    .thread T_1;
    .scope S_0000022efb4bce20;
T_2 ;
    %pushi/vec4 1, 1, 1;
    %assign/vec4 v0000022efb560d10_0, 0;
    %pushi/vec4 2, 0, 32;
T_2.0 %dup/vec4;
    %pushi/vec4 0, 0, 32;
    %cmp/s;
    %jmp/1xz T_2.1, 5;
    %jmp/1 T_2.1, 4;
    %pushi/vec4 1, 0, 32;
    %sub;
    %wait E_0000022efb4bb110;
    %jmp T_2.0;
T_2.1 ;
    %pop/vec4 1;
    %pushi/vec4 1, 0, 1;
    %assign/vec4 v0000022efb560d10_0, 0;
    %pushi/vec4 2, 0, 32;
T_2.2 %dup/vec4;
    %pushi/vec4 0, 0, 32;
    %cmp/s;
    %jmp/1xz T_2.3, 5;
    %jmp/1 T_2.3, 4;
    %pushi/vec4 1, 0, 32;
    %sub;
    %wait E_0000022efb4bb110;
    %jmp T_2.2;
T_2.3 ;
    %pop/vec4 1;
    %pushi/vec4 0, 0, 1;
    %assign/vec4 v0000022efb560d10_0, 0;
    %end;
    .thread T_2;
    .scope S_0000022efb4bce20;
T_3 ;
    %vpi_call/w 3 90 "$dumpfile", "dump.vcd" {0 0 0};
    %vpi_call/w 3 91 "$dumpvars" {0 0 0};
    %wait E_0000022efb4bb450;
    %fork t_1, S_0000022efb4bd110;
    %jmp t_0;
    .scope S_0000022efb4bd110;
t_1 ;
    %pushi/vec4 0, 0, 32;
    %store/vec4 v0000022efb4f8550_0, 0, 32;
T_3.0 ;
    %load/vec4 v0000022efb4f8550_0;
    %cmpi/s 128, 0, 32;
    %jmp/0xz T_3.1, 5;
    %pushi/vec4 3477748723, 0, 33;
    %concati/vec4 3574578492, 0, 32;
    %concati/vec4 4090983065, 0, 32;
    %concati/vec4 497187380, 0, 31;
    %load/vec4 v0000022efb4f8550_0;
    %part/s 1;
    %assign/vec4 v0000022efb5617b0_0, 0;
    %pushi/vec4 3126668869, 0, 32;
    %concati/vec4 3651263590, 0, 33;
    %concati/vec4 4027699905, 0, 34;
    %concati/vec4 514702961, 0, 29;
    %load/vec4 v0000022efb4f8550_0;
    %part/s 1;
    %assign/vec4 v0000022efb561530_0, 0;
    %pushi/vec4 2480921420, 0, 34;
    %concati/vec4 3578115193, 0, 32;
    %concati/vec4 3157767891, 0, 32;
    %concati/vec4 16417928, 0, 30;
    %load/vec4 v0000022efb4f8550_0;
    %part/s 1;
    %assign/vec4 v0000022efb561710_0, 0;
    %pushi/vec4 4134502639, 0, 33;
    %concati/vec4 2557401551, 0, 32;
    %concati/vec4 2199971792, 0, 32;
    %concati/vec4 2049792894, 0, 31;
    %load/vec4 v0000022efb4f8550_0;
    %part/s 1;
    %assign/vec4 v0000022efb561670_0, 0;
    %wait E_0000022efb4bb110;
    %load/vec4 v0000022efb5617b0_0;
    %flag_set/vec4 8;
    %jmp/0xz  T_3.2, 8;
    %load/vec4 v0000022efb560c70_0;
    %pushi/vec4 2662015126, 0, 32;
    %concati/vec4 3423346280, 0, 35;
    %concati/vec4 2279863935, 0, 36;
    %concati/vec4 22493945, 0, 25;
    %load/vec4 v0000022efb4f8550_0;
    %part/s 1;
    %cmp/ne;
    %jmp/0xz  T_3.4, 6;
    %vpi_call/w 3 108 "$display", "FAIL %s", "testbench.sv" {0 0 0};
    %vpi_func/s 3 110 "$sformatf", "i:%0d", v0000022efb4f8550_0 {0 0 0};
    %vpi_func/s 3 110 "$sformatf", "vld:%b", v0000022efb5617b0_0 {0 0 0};
    %vpi_func/s 3 110 "$sformatf", "last:%b", v0000022efb561670_0 {0 0 0};
    %vpi_func/s 3 110 "$sformatf", "a:%b", v0000022efb561530_0 {0 0 0};
    %vpi_func/s 3 110 "$sformatf", "b:%b", v0000022efb561710_0 {0 0 0};
    %vpi_call/w 3 109 "$display", "++ INPUT    => {%s, %s, %s, %s, %s}", S<4,str>, S<3,str>, S<2,str>, S<1,str>, S<0,str> {0 0 5};
    %pushi/vec4 2662015126, 0, 32;
    %concati/vec4 3423346280, 0, 35;
    %concati/vec4 2279863935, 0, 36;
    %concati/vec4 22493945, 0, 25;
    %load/vec4 v0000022efb4f8550_0;
    %part/s 1;
    %vpi_func/s 3 112 "$sformatf", "expected[i]:%b", S<0,vec4,u1> {1 0 0};
    %vpi_func/s 3 112 "$sformatf", "actual:%b", v0000022efb560c70_0 {0 0 0};
    %vpi_call/w 3 111 "$display", "++ TEST     => {%s, %s}", S<1,str>, S<0,str> {0 0 2};
    %vpi_call/w 3 113 "$finish", 32'sb00000000000000000000000000000001 {0 0 0};
T_3.4 ;
T_3.2 ;
    ; show_stmt_assign_vector: Get l-value for compressed += operand
    %load/vec4 v0000022efb4f8550_0;
    %pushi/vec4 1, 0, 32;
    %add;
    %cast2;
    %store/vec4 v0000022efb4f8550_0, 0, 32;
    %jmp T_3.0;
T_3.1 ;
    %end;
    .scope S_0000022efb4bce20;
t_0 %join;
    %vpi_call/w 3 118 "$display", "PASS %s", "testbench.sv" {0 0 0};
    %vpi_call/w 3 119 "$finish" {0 0 0};
    %end;
    .thread T_3;
# The file index is used to find the file name in the following table.
:file_names 5;
    "N/A";
    "<interactive>";
    "-";
    "testbench.sv";
    "02_04_serial_adder_with_vld.sv";
