#! /c/Source/iverilog-install/bin/vvp
:ivl_version "12.0 (devel)" "(s20150603-1539-g2693dd32b)";
:ivl_delay_selection "TYPICAL";
:vpi_time_precision + 0;
:vpi_module "C:\iverilog\lib\ivl\system.vpi";
:vpi_module "C:\iverilog\lib\ivl\vhdl_sys.vpi";
:vpi_module "C:\iverilog\lib\ivl\vhdl_textio.vpi";
:vpi_module "C:\iverilog\lib\ivl\v2005_math.vpi";
:vpi_module "C:\iverilog\lib\ivl\va_math.vpi";
:vpi_module "C:\iverilog\lib\ivl\v2009.vpi";
S_000001ede9421d70 .scope package, "$unit" "$unit" 2 1;
 .timescale 0 0;
S_000001ede955e380 .scope module, "testbench" "testbench" 3 3;
 .timescale 0 0;
P_000001ede941f740 .param/l "n" 1 3 30, +C4<00000000000000000000000000010000>;
P_000001ede941f778 .param/l "seq_a" 1 3 33, C4<1000000110010010>;
P_000001ede941f7b0 .param/l "seq_b" 1 3 34, C4<0010000101010100>;
P_000001ede941f7e8 .param/l "seq_expected" 1 3 37, C4<1010001011100110>;
v000001ede94837c0_0 .var "a", 0 0;
v000001ede9483fe0_0 .net "actual", 0 0, L_000001ede941b060;  1 drivers
v000001ede9484120_0 .var "b", 0 0;
v000001ede9483ea0_0 .var "clk", 0 0;
v000001ede9482c80_0 .var "rst", 0 0;
v000001ede9483c20_0 .net "sa_sum", 0 0, L_000001ede9483ae0;  1 drivers
E_000001ede941c0e0 .event negedge, v000001ede941ddb0_0;
S_000001ede955e510 .scope begin, "$ivl_for_loop0" "$ivl_for_loop0" 3 52, 3 52 0, S_000001ede955e380;
 .timescale 0 0;
v000001ede941de50_0 .var/2s "i", 31 0;
E_000001ede941c2e0 .event posedge, v000001ede941dd10_0;
S_000001ede93f24d0 .scope module, "sa" "serial_adder" 3 27, 4 5 0, S_000001ede955e380;
 .timescale 0 0;
    .port_info 0 /INPUT 1 "clk";
    .port_info 1 /INPUT 1 "rst";
    .port_info 2 /INPUT 1 "a";
    .port_info 3 /INPUT 1 "b";
    .port_info 4 /OUTPUT 1 "sum";
L_000001ede94848d0 .functor BUFT 1, C4<0>, C4<0>, C4<0>, C4<0>;
v000001ede941e670_0 .net *"_ivl_10", 0 0, L_000001ede94848d0;  1 drivers
v000001ede941d8b0_0 .net *"_ivl_11", 1 0, L_000001ede9483cc0;  1 drivers
v000001ede941e170_0 .net *"_ivl_13", 1 0, L_000001ede9484300;  1 drivers
L_000001ede9484918 .functor BUFT 1, C4<0>, C4<0>, C4<0>, C4<0>;
v000001ede941d770_0 .net *"_ivl_16", 0 0, L_000001ede9484918;  1 drivers
v000001ede941dc70_0 .net *"_ivl_17", 1 0, L_000001ede9483a40;  1 drivers
v000001ede941da90_0 .net *"_ivl_3", 1 0, L_000001ede94830e0;  1 drivers
L_000001ede9484888 .functor BUFT 1, C4<0>, C4<0>, C4<0>, C4<0>;
v000001ede941d9f0_0 .net *"_ivl_6", 0 0, L_000001ede9484888;  1 drivers
v000001ede941db30_0 .net *"_ivl_7", 1 0, L_000001ede9484080;  1 drivers
v000001ede941e0d0_0 .net "a", 0 0, v000001ede94837c0_0;  1 drivers
v000001ede941dbd0_0 .net "b", 0 0, v000001ede9484120_0;  1 drivers
v000001ede941def0_0 .var "carry", 0 0;
v000001ede941e030_0 .net "carry_d", 0 0, L_000001ede9483360;  1 drivers
v000001ede941dd10_0 .net "clk", 0 0, v000001ede9483ea0_0;  1 drivers
v000001ede941ddb0_0 .net "rst", 0 0, v000001ede9482c80_0;  1 drivers
v000001ede941df90_0 .net "sum", 0 0, L_000001ede9483ae0;  alias, 1 drivers
L_000001ede9483360 .part L_000001ede9483a40, 1, 1;
L_000001ede9483ae0 .part L_000001ede9483a40, 0, 1;
L_000001ede94830e0 .concat [ 1 1 0 0], v000001ede94837c0_0, L_000001ede9484888;
L_000001ede9484080 .concat [ 1 1 0 0], v000001ede9484120_0, L_000001ede94848d0;
L_000001ede9483cc0 .arith/sum 2, L_000001ede94830e0, L_000001ede9484080;
L_000001ede9484300 .concat [ 1 1 0 0], v000001ede941def0_0, L_000001ede9484918;
L_000001ede9483a40 .arith/sum 2, L_000001ede9483cc0, L_000001ede9484300;
S_000001ede93f2660 .scope module, "salo" "serial_adder_using_logic_operations_only" 3 28, 4 34 0, S_000001ede955e380;
 .timescale 0 0;
    .port_info 0 /INPUT 1 "clk";
    .port_info 1 /INPUT 1 "rst";
    .port_info 2 /INPUT 1 "a";
    .port_info 3 /INPUT 1 "b";
    .port_info 4 /OUTPUT 1 "sum";
L_000001ede941b140 .functor AND 1, v000001ede94837c0_0, v000001ede9484120_0, C4<1>, C4<1>;
L_000001ede941b300 .functor AND 1, v000001ede94837c0_0, v000001ede941e490_0, C4<1>, C4<1>;
L_000001ede941af10 .functor OR 1, L_000001ede941b140, L_000001ede941b300, C4<0>, C4<0>;
L_000001ede941ac00 .functor AND 1, v000001ede9484120_0, v000001ede941e490_0, C4<1>, C4<1>;
L_000001ede941ab90 .functor OR 1, L_000001ede941af10, L_000001ede941ac00, C4<0>, C4<0>;
L_000001ede941af80 .functor XOR 1, v000001ede94837c0_0, v000001ede9484120_0, C4<0>, C4<0>;
L_000001ede941b060 .functor XOR 1, L_000001ede941af80, v000001ede941e490_0, C4<0>, C4<0>;
v000001ede941e210_0 .net *"_ivl_0", 0 0, L_000001ede941b140;  1 drivers
v000001ede941e2b0_0 .net *"_ivl_10", 0 0, L_000001ede941af80;  1 drivers
v000001ede941d950_0 .net *"_ivl_2", 0 0, L_000001ede941b300;  1 drivers
v000001ede941e5d0_0 .net *"_ivl_4", 0 0, L_000001ede941af10;  1 drivers
v000001ede941e350_0 .net *"_ivl_6", 0 0, L_000001ede941ac00;  1 drivers
v000001ede941e530_0 .net "a", 0 0, v000001ede94837c0_0;  alias, 1 drivers
v000001ede941e3f0_0 .net "b", 0 0, v000001ede9484120_0;  alias, 1 drivers
v000001ede941e490_0 .var "carry", 0 0;
v000001ede9484440_0 .net "carry_d", 0 0, L_000001ede941ab90;  1 drivers
v000001ede94832c0_0 .net "clk", 0 0, v000001ede9483ea0_0;  alias, 1 drivers
v000001ede9484260_0 .net "rst", 0 0, v000001ede9482c80_0;  alias, 1 drivers
v000001ede94841c0_0 .net "sum", 0 0, L_000001ede941b060;  alias, 1 drivers
    .scope S_000001ede93f24d0;
T_0 ;
    %wait E_000001ede941c2e0;
    %load/vec4 v000001ede941ddb0_0;
    %flag_set/vec4 8;
    %jmp/0xz  T_0.0, 8;
    %pushi/vec4 0, 0, 1;
    %assign/vec4 v000001ede941def0_0, 0;
    %jmp T_0.1;
T_0.0 ;
    %load/vec4 v000001ede941e030_0;
    %assign/vec4 v000001ede941def0_0, 0;
T_0.1 ;
    %jmp T_0;
    .thread T_0;
    .scope S_000001ede93f2660;
T_1 ;
    %wait E_000001ede941c2e0;
    %load/vec4 v000001ede9484260_0;
    %flag_set/vec4 8;
    %jmp/0xz  T_1.0, 8;
    %pushi/vec4 0, 0, 1;
    %assign/vec4 v000001ede941e490_0, 0;
    %jmp T_1.1;
T_1.0 ;
    %load/vec4 v000001ede9484440_0;
    %assign/vec4 v000001ede941e490_0, 0;
T_1.1 ;
    %jmp T_1;
    .thread T_1;
    .scope S_000001ede955e380;
T_2 ;
    %pushi/vec4 0, 0, 1;
    %store/vec4 v000001ede9483ea0_0, 0, 1;
T_2.0 ;
    %delay 500, 0;
    %load/vec4 v000001ede9483ea0_0;
    %inv;
    %store/vec4 v000001ede9483ea0_0, 0, 1;
    %jmp T_2.0;
    %end;
    .thread T_2;
    .scope S_000001ede955e380;
T_3 ;
    %pushi/vec4 1, 1, 1;
    %assign/vec4 v000001ede9482c80_0, 0;
    %pushi/vec4 2, 0, 32;
T_3.0 %dup/vec4;
    %pushi/vec4 0, 0, 32;
    %cmp/s;
    %jmp/1xz T_3.1, 5;
    %jmp/1 T_3.1, 4;
    %pushi/vec4 1, 0, 32;
    %sub;
    %wait E_000001ede941c2e0;
    %jmp T_3.0;
T_3.1 ;
    %pop/vec4 1;
    %pushi/vec4 1, 0, 1;
    %assign/vec4 v000001ede9482c80_0, 0;
    %pushi/vec4 2, 0, 32;
T_3.2 %dup/vec4;
    %pushi/vec4 0, 0, 32;
    %cmp/s;
    %jmp/1xz T_3.3, 5;
    %jmp/1 T_3.3, 4;
    %pushi/vec4 1, 0, 32;
    %sub;
    %wait E_000001ede941c2e0;
    %jmp T_3.2;
T_3.3 ;
    %pop/vec4 1;
    %pushi/vec4 0, 0, 1;
    %assign/vec4 v000001ede9482c80_0, 0;
    %end;
    .thread T_3;
    .scope S_000001ede955e380;
T_4 ;
    %vpi_call/w 3 46 "$dumpfile", "dump.vcd" {0 0 0};
    %vpi_call/w 3 47 "$dumpvars" {0 0 0};
    %wait E_000001ede941c0e0;
    %fork t_1, S_000001ede955e510;
    %jmp t_0;
    .scope S_000001ede955e510;
t_1 ;
    %pushi/vec4 0, 0, 32;
    %store/vec4 v000001ede941de50_0, 0, 32;
T_4.0 ;
    %load/vec4 v000001ede941de50_0;
    %cmpi/s 16, 0, 32;
    %jmp/0xz T_4.1, 5;
    %pushi/vec4 33170, 0, 16;
    %load/vec4 v000001ede941de50_0;
    %part/s 1;
    %assign/vec4 v000001ede94837c0_0, 0;
    %pushi/vec4 8532, 0, 16;
    %load/vec4 v000001ede941de50_0;
    %part/s 1;
    %assign/vec4 v000001ede9484120_0, 0;
    %wait E_000001ede941c2e0;
    %load/vec4 v000001ede9483c20_0;
    %pushi/vec4 41702, 0, 16;
    %load/vec4 v000001ede941de50_0;
    %part/s 1;
    %cmp/ne;
    %jmp/0xz  T_4.2, 6;
    %vpi_call/w 3 60 "$fatal", 32'sb00000000000000000000000000000001, "Error: serial_adder example failed!" {0 0 0};
T_4.2 ;
    %load/vec4 v000001ede9483fe0_0;
    %pushi/vec4 41702, 0, 16;
    %load/vec4 v000001ede941de50_0;
    %part/s 1;
    %cmp/ne;
    %jmp/0xz  T_4.4, 6;
    %vpi_call/w 3 64 "$display", "FAIL %s", "testbench.sv" {0 0 0};
    %vpi_func/s 3 66 "$sformatf", "seq_a:%b", P_000001ede941f778 {0 0 0};
    %vpi_func/s 3 66 "$sformatf", "seq_b:%b", P_000001ede941f7b0 {0 0 0};
    %vpi_func/s 3 66 "$sformatf", "seq_expected:%b", P_000001ede941f7e8 {0 0 0};
    %vpi_call/w 3 65 "$display", "++ INPUT    => {%s, %s, %s}", S<2,str>, S<1,str>, S<0,str> {0 0 3};
    %vpi_func/s 3 68 "$sformatf", "i:%0d", v000001ede941de50_0 {0 0 0};
    %pushi/vec4 33170, 0, 16;
    %load/vec4 v000001ede941de50_0;
    %part/s 1;
    %vpi_func/s 3 68 "$sformatf", "seq_a[i]:%b", S<0,vec4,u1> {1 0 0};
    %pushi/vec4 8532, 0, 16;
    %load/vec4 v000001ede941de50_0;
    %part/s 1;
    %vpi_func/s 3 68 "$sformatf", "seq_b[i]:%b", S<0,vec4,u1> {1 0 0};
    %vpi_func/s 3 69 "$sformatf", "actual:%b", v000001ede9483fe0_0 {0 0 0};
    %pushi/vec4 41702, 0, 16;
    %load/vec4 v000001ede941de50_0;
    %part/s 1;
    %vpi_func/s 3 69 "$sformatf", "seq_expected[i]:%b", S<0,vec4,u1> {1 0 0};
    %vpi_call/w 3 67 "$display", "++ TEST     => {%s, %s, %s, %s, %s}", S<4,str>, S<3,str>, S<2,str>, S<1,str>, S<0,str> {0 0 5};
    %vpi_call/w 3 70 "$finish", 32'sb00000000000000000000000000000001 {0 0 0};
T_4.4 ;
    ; show_stmt_assign_vector: Get l-value for compressed += operand
    %load/vec4 v000001ede941de50_0;
    %pushi/vec4 1, 0, 32;
    %add;
    %cast2;
    %store/vec4 v000001ede941de50_0, 0, 32;
    %jmp T_4.0;
T_4.1 ;
    %end;
    .scope S_000001ede955e380;
t_0 %join;
    %vpi_call/w 3 74 "$display", "PASS %s", "testbench.sv" {0 0 0};
    %vpi_call/w 3 75 "$finish" {0 0 0};
    %end;
    .thread T_4;
# The file index is used to find the file name in the following table.
:file_names 5;
    "N/A";
    "<interactive>";
    "-";
    "testbench.sv";
    "02_03_serial_adder_using_logic_operations_only.sv";
