#! /c/Source/iverilog-install/bin/vvp
:ivl_version "12.0 (devel)" "(s20150603-1539-g2693dd32b)";
:ivl_delay_selection "TYPICAL";
:vpi_time_precision + 0;
:vpi_module "C:\iverilog\lib\ivl\system.vpi";
:vpi_module "C:\iverilog\lib\ivl\vhdl_sys.vpi";
:vpi_module "C:\iverilog\lib\ivl\vhdl_textio.vpi";
:vpi_module "C:\iverilog\lib\ivl\v2005_math.vpi";
:vpi_module "C:\iverilog\lib\ivl\va_math.vpi";
:vpi_module "C:\iverilog\lib\ivl\v2009.vpi";
S_000002a06cdb3f90 .scope package, "$unit" "$unit" 2 1;
 .timescale 0 0;
S_000002a06cd6e250 .scope module, "add" "add" 3 5;
 .timescale 0 0;
    .port_info 0 /INPUT 4 "a";
    .port_info 1 /INPUT 4 "b";
    .port_info 2 /OUTPUT 4 "sum";
o000002a06cdc6fa8 .functor BUFZ 4, C4<zzzz>; HiZ drive
v000002a06cd82ce0_0 .net "a", 3 0, o000002a06cdc6fa8;  0 drivers
o000002a06cdc6fd8 .functor BUFZ 4, C4<zzzz>; HiZ drive
v000002a06cd82f20_0 .net "b", 3 0, o000002a06cdc6fd8;  0 drivers
v000002a06ce1f0e0_0 .net "sum", 3 0, L_000002a06ce21a90;  1 drivers
L_000002a06ce21a90 .arith/sum 4, o000002a06cdc6fa8, o000002a06cdc6fd8;
S_000002a06cd6e3e0 .scope module, "testbench" "testbench" 4 1;
 .timescale 0 0;
v000002a06ce1f220_0 .var/s "a", 3 0;
v000002a06ce1f360_0 .var/s "b", 3 0;
v000002a06ce21310_0 .net/s "sum", 3 0, L_000002a06ce219f0;  1 drivers
S_000002a06cdb5480 .scope module, "inst" "signed_add_with_saturation" 4 5, 3 19 0, S_000002a06cd6e3e0;
 .timescale 0 0;
    .port_info 0 /INPUT 4 "a";
    .port_info 1 /INPUT 4 "b";
    .port_info 2 /OUTPUT 4 "sum";
L_000002a06cda5ed0 .functor XNOR 1, L_000002a06ce20af0, L_000002a06ce20230, C4<0>, C4<0>;
L_000002a06cda5b50 .functor XOR 1, L_000002a06ce21b30, L_000002a06ce20a50, C4<0>, C4<0>;
L_000002a06cda5990 .functor AND 1, L_000002a06cda5ed0, L_000002a06cda5b50, C4<1>, C4<1>;
L_000002a06cda5ae0 .functor NOT 1, L_000002a06cda5990, C4<0>, C4<0>, C4<0>;
L_000002a06ce22148 .functor BUFT 1, C4<1>, C4<0>, C4<0>, C4<0>;
L_000002a06cda5920 .functor XNOR 1, L_000002a06ce20f50, L_000002a06ce22148, C4<0>, C4<0>;
v000002a06ce1f860_0 .net *"_ivl_10", 0 0, L_000002a06cda5ed0;  1 drivers
v000002a06ce1f680_0 .net *"_ivl_13", 0 0, L_000002a06ce21b30;  1 drivers
v000002a06ce1f7c0_0 .net *"_ivl_15", 0 0, L_000002a06ce20a50;  1 drivers
v000002a06ce1ffe0_0 .net *"_ivl_16", 0 0, L_000002a06cda5b50;  1 drivers
v000002a06ce1f180_0 .net *"_ivl_20", 0 0, L_000002a06cda5ae0;  1 drivers
v000002a06ce1f540_0 .net *"_ivl_22", 3 0, L_000002a06ce20b90;  1 drivers
v000002a06ce1f720_0 .net *"_ivl_25", 0 0, L_000002a06ce20f50;  1 drivers
v000002a06ce1ff40_0 .net/2u *"_ivl_26", 0 0, L_000002a06ce22148;  1 drivers
v000002a06ce1f4a0_0 .net *"_ivl_28", 0 0, L_000002a06cda5920;  1 drivers
v000002a06ce1f400_0 .net *"_ivl_30", 3 0, L_000002a06ce21db0;  1 drivers
v000002a06ce1f9a0_0 .net *"_ivl_7", 0 0, L_000002a06ce20af0;  1 drivers
v000002a06ce1fa40_0 .net *"_ivl_9", 0 0, L_000002a06ce20230;  1 drivers
v000002a06ce1fae0_0 .net "a", 3 0, v000002a06ce1f220_0;  1 drivers
v000002a06ce1fc20_0 .net "b", 3 0, v000002a06ce1f360_0;  1 drivers
L_000002a06ce220b8 .functor BUFT 1, C4<0111>, C4<0>, C4<0>, C4<0>;
v000002a06ce1f5e0_0 .net "max", 3 0, L_000002a06ce220b8;  1 drivers
L_000002a06ce22100 .functor BUFT 1, C4<1000>, C4<0>, C4<0>, C4<0>;
v000002a06ce1fea0_0 .net "min", 3 0, L_000002a06ce22100;  1 drivers
v000002a06ce1f900_0 .net "out", 3 0, L_000002a06ce21450;  1 drivers
v000002a06ce1fb80_0 .net "overflow", 0 0, L_000002a06cda5990;  1 drivers
v000002a06ce1fcc0_0 .net "sum", 3 0, L_000002a06ce219f0;  alias, 1 drivers
L_000002a06ce21450 .arith/sum 4, v000002a06ce1f220_0, v000002a06ce1f360_0;
L_000002a06ce20af0 .part v000002a06ce1f220_0, 3, 1;
L_000002a06ce20230 .part v000002a06ce1f360_0, 3, 1;
L_000002a06ce21b30 .part L_000002a06ce21450, 3, 1;
L_000002a06ce20a50 .part v000002a06ce1f220_0, 3, 1;
L_000002a06ce20b90 .arith/sum 4, v000002a06ce1f220_0, v000002a06ce1f360_0;
L_000002a06ce20f50 .part v000002a06ce1f220_0, 3, 1;
L_000002a06ce21db0 .functor MUXZ 4, L_000002a06ce220b8, L_000002a06ce22100, L_000002a06cda5920, C4<>;
L_000002a06ce219f0 .functor MUXZ 4, L_000002a06ce21db0, L_000002a06ce20b90, L_000002a06cda5ae0, C4<>;
S_000002a06cdb5610 .scope task, "test" "test" 4 8, 4 8 0, S_000002a06cd6e3e0;
 .timescale 0 0;
v000002a06ce1fd60_0 .var "t_a", 3 0;
v000002a06ce1f2c0_0 .var "t_b", 3 0;
v000002a06ce1fe00_0 .var "t_sum", 3 0;
TD_testbench.test ;
    %load/vec4 v000002a06ce1fd60_0;
    %load/vec4 v000002a06ce1f2c0_0;
    %concat/vec4; draw_concat_vec4
    %split/vec4 4;
    %store/vec4 v000002a06ce1f360_0, 0, 4;
    %store/vec4 v000002a06ce1f220_0, 0, 4;
    %delay 1, 0;
    %vpi_call/w 4 17 "$display", "TEST %d + %d = %d", v000002a06ce1f220_0, v000002a06ce1f360_0, v000002a06ce21310_0 {0 0 0};
    %load/vec4 v000002a06ce21310_0;
    %load/vec4 v000002a06ce1fe00_0;
    %cmp/ne;
    %jmp/0xz  T_0.0, 6;
    %vpi_call/w 4 21 "$display", "FAIL %s: %d EXPECTED", "testbench.sv", v000002a06ce1fe00_0 {0 0 0};
    %vpi_call/w 4 22 "$finish" {0 0 0};
T_0.0 ;
    %end;
    .scope S_000002a06cd6e3e0;
T_1 ;
    %pushi/vec4 0, 0, 4;
    %store/vec4 v000002a06ce1fd60_0, 0, 4;
    %pushi/vec4 0, 0, 4;
    %store/vec4 v000002a06ce1f2c0_0, 0, 4;
    %pushi/vec4 0, 0, 4;
    %store/vec4 v000002a06ce1fe00_0, 0, 4;
    %fork TD_testbench.test, S_000002a06cdb5610;
    %join;
    %pushi/vec4 1, 0, 4;
    %store/vec4 v000002a06ce1fd60_0, 0, 4;
    %pushi/vec4 2, 0, 4;
    %store/vec4 v000002a06ce1f2c0_0, 0, 4;
    %pushi/vec4 3, 0, 4;
    %store/vec4 v000002a06ce1fe00_0, 0, 4;
    %fork TD_testbench.test, S_000002a06cdb5610;
    %join;
    %pushi/vec4 1, 0, 4;
    %store/vec4 v000002a06ce1fd60_0, 0, 4;
    %pushi/vec4 14, 0, 4;
    %store/vec4 v000002a06ce1f2c0_0, 0, 4;
    %pushi/vec4 15, 0, 4;
    %store/vec4 v000002a06ce1fe00_0, 0, 4;
    %fork TD_testbench.test, S_000002a06cdb5610;
    %join;
    %pushi/vec4 15, 0, 4;
    %store/vec4 v000002a06ce1fd60_0, 0, 4;
    %pushi/vec4 2, 0, 4;
    %store/vec4 v000002a06ce1f2c0_0, 0, 4;
    %pushi/vec4 1, 0, 4;
    %store/vec4 v000002a06ce1fe00_0, 0, 4;
    %fork TD_testbench.test, S_000002a06cdb5610;
    %join;
    %pushi/vec4 15, 0, 4;
    %store/vec4 v000002a06ce1fd60_0, 0, 4;
    %pushi/vec4 14, 0, 4;
    %store/vec4 v000002a06ce1f2c0_0, 0, 4;
    %pushi/vec4 13, 0, 4;
    %store/vec4 v000002a06ce1fe00_0, 0, 4;
    %fork TD_testbench.test, S_000002a06cdb5610;
    %join;
    %pushi/vec4 4, 0, 4;
    %store/vec4 v000002a06ce1fd60_0, 0, 4;
    %pushi/vec4 7, 0, 4;
    %store/vec4 v000002a06ce1f2c0_0, 0, 4;
    %pushi/vec4 7, 0, 4;
    %store/vec4 v000002a06ce1fe00_0, 0, 4;
    %fork TD_testbench.test, S_000002a06cdb5610;
    %join;
    %pushi/vec4 4, 0, 4;
    %store/vec4 v000002a06ce1fd60_0, 0, 4;
    %pushi/vec4 9, 0, 4;
    %store/vec4 v000002a06ce1f2c0_0, 0, 4;
    %pushi/vec4 13, 0, 4;
    %store/vec4 v000002a06ce1fe00_0, 0, 4;
    %fork TD_testbench.test, S_000002a06cdb5610;
    %join;
    %pushi/vec4 12, 0, 4;
    %store/vec4 v000002a06ce1fd60_0, 0, 4;
    %pushi/vec4 7, 0, 4;
    %store/vec4 v000002a06ce1f2c0_0, 0, 4;
    %pushi/vec4 3, 0, 4;
    %store/vec4 v000002a06ce1fe00_0, 0, 4;
    %fork TD_testbench.test, S_000002a06cdb5610;
    %join;
    %pushi/vec4 12, 0, 4;
    %store/vec4 v000002a06ce1fd60_0, 0, 4;
    %pushi/vec4 9, 0, 4;
    %store/vec4 v000002a06ce1f2c0_0, 0, 4;
    %pushi/vec4 8, 0, 4;
    %store/vec4 v000002a06ce1fe00_0, 0, 4;
    %fork TD_testbench.test, S_000002a06cdb5610;
    %join;
    %pushi/vec4 3, 0, 4;
    %store/vec4 v000002a06ce1fd60_0, 0, 4;
    %pushi/vec4 5, 0, 4;
    %store/vec4 v000002a06ce1f2c0_0, 0, 4;
    %pushi/vec4 7, 0, 4;
    %store/vec4 v000002a06ce1fe00_0, 0, 4;
    %fork TD_testbench.test, S_000002a06cdb5610;
    %join;
    %pushi/vec4 3, 0, 4;
    %store/vec4 v000002a06ce1fd60_0, 0, 4;
    %pushi/vec4 11, 0, 4;
    %store/vec4 v000002a06ce1f2c0_0, 0, 4;
    %pushi/vec4 14, 0, 4;
    %store/vec4 v000002a06ce1fe00_0, 0, 4;
    %fork TD_testbench.test, S_000002a06cdb5610;
    %join;
    %pushi/vec4 13, 0, 4;
    %store/vec4 v000002a06ce1fd60_0, 0, 4;
    %pushi/vec4 5, 0, 4;
    %store/vec4 v000002a06ce1f2c0_0, 0, 4;
    %pushi/vec4 2, 0, 4;
    %store/vec4 v000002a06ce1fe00_0, 0, 4;
    %fork TD_testbench.test, S_000002a06cdb5610;
    %join;
    %pushi/vec4 13, 0, 4;
    %store/vec4 v000002a06ce1fd60_0, 0, 4;
    %pushi/vec4 11, 0, 4;
    %store/vec4 v000002a06ce1f2c0_0, 0, 4;
    %pushi/vec4 8, 0, 4;
    %store/vec4 v000002a06ce1fe00_0, 0, 4;
    %fork TD_testbench.test, S_000002a06cdb5610;
    %join;
    %pushi/vec4 3, 0, 4;
    %store/vec4 v000002a06ce1fd60_0, 0, 4;
    %pushi/vec4 6, 0, 4;
    %store/vec4 v000002a06ce1f2c0_0, 0, 4;
    %pushi/vec4 7, 0, 4;
    %store/vec4 v000002a06ce1fe00_0, 0, 4;
    %fork TD_testbench.test, S_000002a06cdb5610;
    %join;
    %pushi/vec4 3, 0, 4;
    %store/vec4 v000002a06ce1fd60_0, 0, 4;
    %pushi/vec4 10, 0, 4;
    %store/vec4 v000002a06ce1f2c0_0, 0, 4;
    %pushi/vec4 13, 0, 4;
    %store/vec4 v000002a06ce1fe00_0, 0, 4;
    %fork TD_testbench.test, S_000002a06cdb5610;
    %join;
    %pushi/vec4 13, 0, 4;
    %store/vec4 v000002a06ce1fd60_0, 0, 4;
    %pushi/vec4 6, 0, 4;
    %store/vec4 v000002a06ce1f2c0_0, 0, 4;
    %pushi/vec4 3, 0, 4;
    %store/vec4 v000002a06ce1fe00_0, 0, 4;
    %fork TD_testbench.test, S_000002a06cdb5610;
    %join;
    %pushi/vec4 13, 0, 4;
    %store/vec4 v000002a06ce1fd60_0, 0, 4;
    %pushi/vec4 10, 0, 4;
    %store/vec4 v000002a06ce1f2c0_0, 0, 4;
    %pushi/vec4 8, 0, 4;
    %store/vec4 v000002a06ce1fe00_0, 0, 4;
    %fork TD_testbench.test, S_000002a06cdb5610;
    %join;
    %pushi/vec4 2, 0, 4;
    %store/vec4 v000002a06ce1fd60_0, 0, 4;
    %pushi/vec4 1, 0, 4;
    %store/vec4 v000002a06ce1f2c0_0, 0, 4;
    %pushi/vec4 3, 0, 4;
    %store/vec4 v000002a06ce1fe00_0, 0, 4;
    %fork TD_testbench.test, S_000002a06cdb5610;
    %join;
    %pushi/vec4 14, 0, 4;
    %store/vec4 v000002a06ce1fd60_0, 0, 4;
    %pushi/vec4 1, 0, 4;
    %store/vec4 v000002a06ce1f2c0_0, 0, 4;
    %pushi/vec4 15, 0, 4;
    %store/vec4 v000002a06ce1fe00_0, 0, 4;
    %fork TD_testbench.test, S_000002a06cdb5610;
    %join;
    %pushi/vec4 2, 0, 4;
    %store/vec4 v000002a06ce1fd60_0, 0, 4;
    %pushi/vec4 15, 0, 4;
    %store/vec4 v000002a06ce1f2c0_0, 0, 4;
    %pushi/vec4 1, 0, 4;
    %store/vec4 v000002a06ce1fe00_0, 0, 4;
    %fork TD_testbench.test, S_000002a06cdb5610;
    %join;
    %pushi/vec4 14, 0, 4;
    %store/vec4 v000002a06ce1fd60_0, 0, 4;
    %pushi/vec4 15, 0, 4;
    %store/vec4 v000002a06ce1f2c0_0, 0, 4;
    %pushi/vec4 13, 0, 4;
    %store/vec4 v000002a06ce1fe00_0, 0, 4;
    %fork TD_testbench.test, S_000002a06cdb5610;
    %join;
    %pushi/vec4 7, 0, 4;
    %store/vec4 v000002a06ce1fd60_0, 0, 4;
    %pushi/vec4 4, 0, 4;
    %store/vec4 v000002a06ce1f2c0_0, 0, 4;
    %pushi/vec4 7, 0, 4;
    %store/vec4 v000002a06ce1fe00_0, 0, 4;
    %fork TD_testbench.test, S_000002a06cdb5610;
    %join;
    %pushi/vec4 9, 0, 4;
    %store/vec4 v000002a06ce1fd60_0, 0, 4;
    %pushi/vec4 4, 0, 4;
    %store/vec4 v000002a06ce1f2c0_0, 0, 4;
    %pushi/vec4 13, 0, 4;
    %store/vec4 v000002a06ce1fe00_0, 0, 4;
    %fork TD_testbench.test, S_000002a06cdb5610;
    %join;
    %pushi/vec4 7, 0, 4;
    %store/vec4 v000002a06ce1fd60_0, 0, 4;
    %pushi/vec4 12, 0, 4;
    %store/vec4 v000002a06ce1f2c0_0, 0, 4;
    %pushi/vec4 3, 0, 4;
    %store/vec4 v000002a06ce1fe00_0, 0, 4;
    %fork TD_testbench.test, S_000002a06cdb5610;
    %join;
    %pushi/vec4 9, 0, 4;
    %store/vec4 v000002a06ce1fd60_0, 0, 4;
    %pushi/vec4 12, 0, 4;
    %store/vec4 v000002a06ce1f2c0_0, 0, 4;
    %pushi/vec4 8, 0, 4;
    %store/vec4 v000002a06ce1fe00_0, 0, 4;
    %fork TD_testbench.test, S_000002a06cdb5610;
    %join;
    %pushi/vec4 5, 0, 4;
    %store/vec4 v000002a06ce1fd60_0, 0, 4;
    %pushi/vec4 3, 0, 4;
    %store/vec4 v000002a06ce1f2c0_0, 0, 4;
    %pushi/vec4 7, 0, 4;
    %store/vec4 v000002a06ce1fe00_0, 0, 4;
    %fork TD_testbench.test, S_000002a06cdb5610;
    %join;
    %pushi/vec4 11, 0, 4;
    %store/vec4 v000002a06ce1fd60_0, 0, 4;
    %pushi/vec4 3, 0, 4;
    %store/vec4 v000002a06ce1f2c0_0, 0, 4;
    %pushi/vec4 14, 0, 4;
    %store/vec4 v000002a06ce1fe00_0, 0, 4;
    %fork TD_testbench.test, S_000002a06cdb5610;
    %join;
    %pushi/vec4 5, 0, 4;
    %store/vec4 v000002a06ce1fd60_0, 0, 4;
    %pushi/vec4 13, 0, 4;
    %store/vec4 v000002a06ce1f2c0_0, 0, 4;
    %pushi/vec4 2, 0, 4;
    %store/vec4 v000002a06ce1fe00_0, 0, 4;
    %fork TD_testbench.test, S_000002a06cdb5610;
    %join;
    %pushi/vec4 11, 0, 4;
    %store/vec4 v000002a06ce1fd60_0, 0, 4;
    %pushi/vec4 13, 0, 4;
    %store/vec4 v000002a06ce1f2c0_0, 0, 4;
    %pushi/vec4 8, 0, 4;
    %store/vec4 v000002a06ce1fe00_0, 0, 4;
    %fork TD_testbench.test, S_000002a06cdb5610;
    %join;
    %pushi/vec4 6, 0, 4;
    %store/vec4 v000002a06ce1fd60_0, 0, 4;
    %pushi/vec4 3, 0, 4;
    %store/vec4 v000002a06ce1f2c0_0, 0, 4;
    %pushi/vec4 7, 0, 4;
    %store/vec4 v000002a06ce1fe00_0, 0, 4;
    %fork TD_testbench.test, S_000002a06cdb5610;
    %join;
    %pushi/vec4 10, 0, 4;
    %store/vec4 v000002a06ce1fd60_0, 0, 4;
    %pushi/vec4 3, 0, 4;
    %store/vec4 v000002a06ce1f2c0_0, 0, 4;
    %pushi/vec4 13, 0, 4;
    %store/vec4 v000002a06ce1fe00_0, 0, 4;
    %fork TD_testbench.test, S_000002a06cdb5610;
    %join;
    %pushi/vec4 6, 0, 4;
    %store/vec4 v000002a06ce1fd60_0, 0, 4;
    %pushi/vec4 13, 0, 4;
    %store/vec4 v000002a06ce1f2c0_0, 0, 4;
    %pushi/vec4 3, 0, 4;
    %store/vec4 v000002a06ce1fe00_0, 0, 4;
    %fork TD_testbench.test, S_000002a06cdb5610;
    %join;
    %pushi/vec4 10, 0, 4;
    %store/vec4 v000002a06ce1fd60_0, 0, 4;
    %pushi/vec4 13, 0, 4;
    %store/vec4 v000002a06ce1f2c0_0, 0, 4;
    %pushi/vec4 8, 0, 4;
    %store/vec4 v000002a06ce1fe00_0, 0, 4;
    %fork TD_testbench.test, S_000002a06cdb5610;
    %join;
    %pushi/vec4 1, 0, 4;
    %store/vec4 v000002a06ce1fd60_0, 0, 4;
    %pushi/vec4 1, 0, 4;
    %store/vec4 v000002a06ce1f2c0_0, 0, 4;
    %pushi/vec4 2, 0, 4;
    %store/vec4 v000002a06ce1fe00_0, 0, 4;
    %fork TD_testbench.test, S_000002a06cdb5610;
    %join;
    %pushi/vec4 1, 0, 4;
    %store/vec4 v000002a06ce1fd60_0, 0, 4;
    %pushi/vec4 15, 0, 4;
    %store/vec4 v000002a06ce1f2c0_0, 0, 4;
    %pushi/vec4 0, 0, 4;
    %store/vec4 v000002a06ce1fe00_0, 0, 4;
    %fork TD_testbench.test, S_000002a06cdb5610;
    %join;
    %pushi/vec4 15, 0, 4;
    %store/vec4 v000002a06ce1fd60_0, 0, 4;
    %pushi/vec4 1, 0, 4;
    %store/vec4 v000002a06ce1f2c0_0, 0, 4;
    %pushi/vec4 0, 0, 4;
    %store/vec4 v000002a06ce1fe00_0, 0, 4;
    %fork TD_testbench.test, S_000002a06cdb5610;
    %join;
    %pushi/vec4 15, 0, 4;
    %store/vec4 v000002a06ce1fd60_0, 0, 4;
    %pushi/vec4 15, 0, 4;
    %store/vec4 v000002a06ce1f2c0_0, 0, 4;
    %pushi/vec4 14, 0, 4;
    %store/vec4 v000002a06ce1fe00_0, 0, 4;
    %fork TD_testbench.test, S_000002a06cdb5610;
    %join;
    %pushi/vec4 4, 0, 4;
    %store/vec4 v000002a06ce1fd60_0, 0, 4;
    %pushi/vec4 4, 0, 4;
    %store/vec4 v000002a06ce1f2c0_0, 0, 4;
    %pushi/vec4 7, 0, 4;
    %store/vec4 v000002a06ce1fe00_0, 0, 4;
    %fork TD_testbench.test, S_000002a06cdb5610;
    %join;
    %pushi/vec4 4, 0, 4;
    %store/vec4 v000002a06ce1fd60_0, 0, 4;
    %pushi/vec4 12, 0, 4;
    %store/vec4 v000002a06ce1f2c0_0, 0, 4;
    %pushi/vec4 0, 0, 4;
    %store/vec4 v000002a06ce1fe00_0, 0, 4;
    %fork TD_testbench.test, S_000002a06cdb5610;
    %join;
    %pushi/vec4 12, 0, 4;
    %store/vec4 v000002a06ce1fd60_0, 0, 4;
    %pushi/vec4 4, 0, 4;
    %store/vec4 v000002a06ce1f2c0_0, 0, 4;
    %pushi/vec4 0, 0, 4;
    %store/vec4 v000002a06ce1fe00_0, 0, 4;
    %fork TD_testbench.test, S_000002a06cdb5610;
    %join;
    %pushi/vec4 12, 0, 4;
    %store/vec4 v000002a06ce1fd60_0, 0, 4;
    %pushi/vec4 12, 0, 4;
    %store/vec4 v000002a06ce1f2c0_0, 0, 4;
    %pushi/vec4 8, 0, 4;
    %store/vec4 v000002a06ce1fe00_0, 0, 4;
    %fork TD_testbench.test, S_000002a06cdb5610;
    %join;
    %vpi_call/w 4 88 "$display", "PASS %s", "testbench.sv" {0 0 0};
    %vpi_call/w 4 89 "$finish" {0 0 0};
    %end;
    .thread T_1;
# The file index is used to find the file name in the following table.
:file_names 5;
    "N/A";
    "<interactive>";
    "-";
    "03_02_signed_add_with_saturation.sv";
    "testbench.sv";
