#! /c/Source/iverilog-install/bin/vvp
:ivl_version "12.0 (devel)" "(s20150603-1539-g2693dd32b)";
:ivl_delay_selection "TYPICAL";
:vpi_time_precision + 0;
:vpi_module "C:\iverilog\lib\ivl\system.vpi";
:vpi_module "C:\iverilog\lib\ivl\vhdl_sys.vpi";
:vpi_module "C:\iverilog\lib\ivl\vhdl_textio.vpi";
:vpi_module "C:\iverilog\lib\ivl\v2005_math.vpi";
:vpi_module "C:\iverilog\lib\ivl\va_math.vpi";
:vpi_module "C:\iverilog\lib\ivl\v2009.vpi";
S_000002215ffc0030 .scope package, "$unit" "$unit" 2 1;
 .timescale 0 0;
S_000002215ffa2040 .scope module, "tb" "tb" 3 13;
 .timescale 0 0;
P_000002215ffae3f0 .param/l "ADDR_W" 1 3 25, +C4<00000000000000000000000000001010>;
P_000002215ffae428 .param/l "ROM_SIZE" 1 3 24, +C4<00000000000000000000010000000000>;
v000002216001f700_0 .var "clk", 0 0;
v000002216001f840_0 .var/2u "cycle", 31 0;
v000002216001ea80_0 .net "imAddr", 31 0, L_000002216001e4e0;  1 drivers
v000002216001e260_0 .net "imData", 31 0, L_000002215ffa8140;  1 drivers
v000002216001f8e0_0 .var "prevImAddr", 31 0;
v000002216001e8a0_0 .var "prevRegData", 31 0;
v000002216001f5c0_0 .var "regAddr", 4 0;
v000002216001fa20_0 .net "regData", 31 0, L_00000221600213f0;  1 drivers
v000002216001e3a0_0 .var "rst", 0 0;
v000002216001f480_0 .var/2u "wasRst", 0 0;
E_000002215ffba160 .event negedge, v000002216001d3d0_0;
L_0000022160020130 .part L_000002216001e4e0, 0, 10;
S_000002215ffa21d0 .scope module, "cpu" "sr_cpu" 3 27, 4 15 0, S_000002215ffa2040;
 .timescale 0 0;
    .port_info 0 /INPUT 1 "clk";
    .port_info 1 /INPUT 1 "rst";
    .port_info 2 /OUTPUT 32 "imAddr";
    .port_info 3 /INPUT 32 "imData";
    .port_info 4 /INPUT 5 "regAddr";
    .port_info 5 /OUTPUT 32 "regData";
L_000002215ffa7f80 .functor BUFZ 32, L_000002215ffa8140, C4<00000000000000000000000000000000>, C4<00000000000000000000000000000000>, C4<00000000000000000000000000000000>;
v000002216001d830_0 .net *"_ivl_10", 29 0, L_000002216001e440;  1 drivers
L_00000221600300d0 .functor BUFT 1, C4<00>, C4<0>, C4<0>, C4<0>;
v000002216001c610_0 .net *"_ivl_12", 1 0, L_00000221600300d0;  1 drivers
L_0000022160030088 .functor BUFT 1, C4<00000000000000000000000000000100>, C4<0>, C4<0>, C4<0>;
v000002216001c890_0 .net/2u *"_ivl_2", 31 0, L_0000022160030088;  1 drivers
L_00000221600304c0 .functor BUFT 1, C4<00000>, C4<0>, C4<0>, C4<0>;
v000002216001c930_0 .net/2u *"_ivl_20", 4 0, L_00000221600304c0;  1 drivers
v000002216001cd90_0 .net *"_ivl_22", 0 0, L_0000022160021990;  1 drivers
v000002216001dab0_0 .net "aluControl", 2 0, v000002216001c4d0_0;  1 drivers
v000002216001db50_0 .net "aluResult", 31 0, v000002215ffbc3c0_0;  1 drivers
v000002216001c110_0 .net "aluSrc", 0 0, v000002216001c7f0_0;  1 drivers
v000002216001dd30_0 .net "aluZero", 0 0, L_0000022160021530;  1 drivers
v000002216001c1b0_0 .net "clk", 0 0, v000002216001f700_0;  1 drivers
v000002216001d0b0_0 .net "cmdF3", 2 0, L_000002216001ec60;  1 drivers
v000002216001c9d0_0 .net "cmdF7", 6 0, L_000002216001e6c0;  1 drivers
v000002216001d330_0 .net "cmdOp", 6 0, L_000002216001e800;  1 drivers
v000002216001ca70_0 .net "imAddr", 31 0, L_000002216001e4e0;  alias, 1 drivers
v000002216001d010_0 .net "imData", 31 0, L_000002215ffa8140;  alias, 1 drivers
v000002216001ccf0_0 .net "immB", 31 0, v000002216001cf70_0;  1 drivers
v000002216001d150_0 .net "immI", 31 0, v000002216001c430_0;  1 drivers
v000002216001d1f0_0 .net "immU", 31 0, v000002216001dfb0_0;  1 drivers
v000002216001d290_0 .net "instr", 31 0, L_000002215ffa7f80;  1 drivers
v000002216001d510_0 .net "pc", 31 0, v000002216001c750_0;  1 drivers
v000002216001d650_0 .net "pcBranch", 31 0, L_000002216001f2a0;  1 drivers
v000002216001d6f0_0 .net "pcNext", 31 0, L_000002216001fac0;  1 drivers
v000002216001dbf0_0 .net "pcPlus4", 31 0, L_000002216001f980;  1 drivers
v000002216001de70_0 .net "pcSrc", 0 0, L_000002215ffa8370;  1 drivers
v000002216001ddd0_0 .net "rd", 4 0, L_000002216001f660;  1 drivers
v000002216001df10_0 .net "rd0", 31 0, L_000002216001fca0;  1 drivers
v000002216001e300_0 .net "rd1", 31 0, L_000002216001f0c0;  1 drivers
v000002216001e620_0 .net "rd2", 31 0, L_00000221600215d0;  1 drivers
v000002216001f340_0 .net "regAddr", 4 0, v000002216001f5c0_0;  1 drivers
v000002216001f7a0_0 .net "regData", 31 0, L_00000221600213f0;  alias, 1 drivers
v000002216001fe80_0 .net "regWrite", 0 0, v000002216001d470_0;  1 drivers
v000002216001ff20_0 .net "rs1", 4 0, L_000002216001fc00;  1 drivers
v000002216001ef80_0 .net "rs2", 4 0, L_000002216001e580;  1 drivers
v000002216001f3e0_0 .net "rst", 0 0, v000002216001e3a0_0;  1 drivers
v000002216001fd40_0 .net "srcB", 31 0, L_0000022160021f30;  1 drivers
v000002216001eee0_0 .net "wd3", 31 0, L_0000022160021850;  1 drivers
v000002216001ffc0_0 .net "wdSrc", 0 0, v000002216001d5b0_0;  1 drivers
L_000002216001f2a0 .arith/sum 32, v000002216001c750_0, v000002216001cf70_0;
L_000002216001f980 .arith/sum 32, v000002216001c750_0, L_0000022160030088;
L_000002216001fac0 .functor MUXZ 32, L_000002216001f980, L_000002216001f2a0, L_000002215ffa8370, C4<>;
L_000002216001e440 .part v000002216001c750_0, 2, 30;
L_000002216001e4e0 .concat [ 30 2 0 0], L_000002216001e440, L_00000221600300d0;
L_0000022160021f30 .functor MUXZ 32, L_00000221600215d0, v000002216001c430_0, v000002216001c7f0_0, C4<>;
L_0000022160021850 .functor MUXZ 32, v000002215ffbc3c0_0, v000002216001dfb0_0, v000002216001d5b0_0, C4<>;
L_0000022160021990 .cmp/ne 5, v000002216001f5c0_0, L_00000221600304c0;
L_00000221600213f0 .functor MUXZ 32, v000002216001c750_0, L_000002216001fca0, L_0000022160021990, C4<>;
S_000002215ff9b6f0 .scope module, "alu" "sr_alu" 4 103, 5 15 0, S_000002215ffa21d0;
 .timescale 0 0;
    .port_info 0 /INPUT 32 "srcA";
    .port_info 1 /INPUT 32 "srcB";
    .port_info 2 /INPUT 3 "oper";
    .port_info 3 /OUTPUT 1 "zero";
    .port_info 4 /OUTPUT 32 "result";
L_0000022160030478 .functor BUFT 1, C4<00000000000000000000000000000000>, C4<0>, C4<0>, C4<0>;
v000002215ffbc640_0 .net/2u *"_ivl_0", 31 0, L_0000022160030478;  1 drivers
v000002215ffbbce0_0 .net "oper", 2 0, v000002216001c4d0_0;  alias, 1 drivers
v000002215ffbc3c0_0 .var "result", 31 0;
v000002215ffbcd20_0 .net "srcA", 31 0, L_000002216001f0c0;  alias, 1 drivers
v000002215ffbd0e0_0 .net "srcB", 31 0, L_0000022160021f30;  alias, 1 drivers
v000002215ffbd4a0_0 .net "zero", 0 0, L_0000022160021530;  alias, 1 drivers
E_000002215ffb9a60 .event anyedge, v000002215ffbbce0_0, v000002215ffbcd20_0, v000002215ffbd0e0_0, v000002215ffbd0e0_0;
L_0000022160021530 .cmp/eq 32, v000002215ffbc3c0_0, L_0000022160030478;
S_000002215ff9b880 .scope module, "i_rf" "sr_register_file" 4 84, 6 15 0, S_000002215ffa21d0;
 .timescale 0 0;
    .port_info 0 /INPUT 1 "clk";
    .port_info 1 /INPUT 5 "a0";
    .port_info 2 /INPUT 5 "a1";
    .port_info 3 /INPUT 5 "a2";
    .port_info 4 /INPUT 5 "a3";
    .port_info 5 /OUTPUT 32 "rd0";
    .port_info 6 /OUTPUT 32 "rd1";
    .port_info 7 /OUTPUT 32 "rd2";
    .port_info 8 /INPUT 32 "wd3";
    .port_info 9 /INPUT 1 "we3";
v000002215ffbcb40_0 .net *"_ivl_0", 31 0, L_000002216001e940;  1 drivers
v000002215ffbc460_0 .net *"_ivl_10", 6 0, L_000002216001ebc0;  1 drivers
L_00000221600301a8 .functor BUFT 1, C4<00>, C4<0>, C4<0>, C4<0>;
v000002215ffbcdc0_0 .net *"_ivl_13", 1 0, L_00000221600301a8;  1 drivers
L_00000221600301f0 .functor BUFT 1, C4<00000000000000000000000000000000>, C4<0>, C4<0>, C4<0>;
v000002215ffbd400_0 .net/2u *"_ivl_14", 31 0, L_00000221600301f0;  1 drivers
v000002215ffbd180_0 .net *"_ivl_18", 31 0, L_000002216001ee40;  1 drivers
L_0000022160030238 .functor BUFT 1, C4<000000000000000000000000000>, C4<0>, C4<0>, C4<0>;
v000002215ffbc140_0 .net *"_ivl_21", 26 0, L_0000022160030238;  1 drivers
L_0000022160030280 .functor BUFT 1, C4<00000000000000000000000000000000>, C4<0>, C4<0>, C4<0>;
v000002215ffbbba0_0 .net/2u *"_ivl_22", 31 0, L_0000022160030280;  1 drivers
v000002215ffbd680_0 .net *"_ivl_24", 0 0, L_000002216001ed00;  1 drivers
v000002215ffbbe20_0 .net *"_ivl_26", 31 0, L_000002216001fde0;  1 drivers
v000002215ffbc500_0 .net *"_ivl_28", 6 0, L_000002216001eda0;  1 drivers
L_0000022160030118 .functor BUFT 1, C4<000000000000000000000000000>, C4<0>, C4<0>, C4<0>;
v000002215ffbc280_0 .net *"_ivl_3", 26 0, L_0000022160030118;  1 drivers
L_00000221600302c8 .functor BUFT 1, C4<00>, C4<0>, C4<0>, C4<0>;
v000002215ffbc5a0_0 .net *"_ivl_31", 1 0, L_00000221600302c8;  1 drivers
L_0000022160030310 .functor BUFT 1, C4<00000000000000000000000000000000>, C4<0>, C4<0>, C4<0>;
v000002215ffbd5e0_0 .net/2u *"_ivl_32", 31 0, L_0000022160030310;  1 drivers
v000002215ffbc6e0_0 .net *"_ivl_36", 31 0, L_000002216001f160;  1 drivers
L_0000022160030358 .functor BUFT 1, C4<000000000000000000000000000>, C4<0>, C4<0>, C4<0>;
v000002215ffbc8c0_0 .net *"_ivl_39", 26 0, L_0000022160030358;  1 drivers
L_0000022160030160 .functor BUFT 1, C4<00000000000000000000000000000000>, C4<0>, C4<0>, C4<0>;
v000002215ffbbec0_0 .net/2u *"_ivl_4", 31 0, L_0000022160030160;  1 drivers
L_00000221600303a0 .functor BUFT 1, C4<00000000000000000000000000000000>, C4<0>, C4<0>, C4<0>;
v000002215ffbce60_0 .net/2u *"_ivl_40", 31 0, L_00000221600303a0;  1 drivers
v000002215ffbd220_0 .net *"_ivl_42", 0 0, L_000002216001f200;  1 drivers
v000002215ffbc780_0 .net *"_ivl_44", 31 0, L_0000022160020b30;  1 drivers
v000002215ffbc820_0 .net *"_ivl_46", 6 0, L_00000221600218f0;  1 drivers
L_00000221600303e8 .functor BUFT 1, C4<00>, C4<0>, C4<0>, C4<0>;
v000002215ffbd360_0 .net *"_ivl_49", 1 0, L_00000221600303e8;  1 drivers
L_0000022160030430 .functor BUFT 1, C4<00000000000000000000000000000000>, C4<0>, C4<0>, C4<0>;
v000002215ffbc000_0 .net/2u *"_ivl_50", 31 0, L_0000022160030430;  1 drivers
v000002215ffbc960_0 .net *"_ivl_6", 0 0, L_000002216001e9e0;  1 drivers
v000002215ffbb7e0_0 .net *"_ivl_8", 31 0, L_000002216001eb20;  1 drivers
v000002215ffbcf00_0 .net "a0", 4 0, v000002216001f5c0_0;  alias, 1 drivers
v000002215ffbca00_0 .net "a1", 4 0, L_000002216001fc00;  alias, 1 drivers
v000002215ffbb880_0 .net "a2", 4 0, L_000002216001e580;  alias, 1 drivers
v000002215ffbc1e0_0 .net "a3", 4 0, L_000002216001f660;  alias, 1 drivers
v000002215ffbc0a0_0 .net "clk", 0 0, v000002216001f700_0;  alias, 1 drivers
v000002215ffbcfa0_0 .net "rd0", 31 0, L_000002216001fca0;  alias, 1 drivers
v000002215ffbb920_0 .net "rd1", 31 0, L_000002216001f0c0;  alias, 1 drivers
v000002215ffbbb00_0 .net "rd2", 31 0, L_00000221600215d0;  alias, 1 drivers
v000002215ffbd2c0 .array "rf", 31 0, 31 0;
v000002215ffbcaa0_0 .net "wd3", 31 0, L_0000022160021850;  alias, 1 drivers
v000002215ffbb9c0_0 .net "we3", 0 0, v000002216001d470_0;  alias, 1 drivers
E_000002215ffb6820 .event posedge, v000002215ffbc0a0_0;
L_000002216001e940 .concat [ 5 27 0 0], v000002216001f5c0_0, L_0000022160030118;
L_000002216001e9e0 .cmp/ne 32, L_000002216001e940, L_0000022160030160;
L_000002216001eb20 .array/port v000002215ffbd2c0, L_000002216001ebc0;
L_000002216001ebc0 .concat [ 5 2 0 0], v000002216001f5c0_0, L_00000221600301a8;
L_000002216001fca0 .functor MUXZ 32, L_00000221600301f0, L_000002216001eb20, L_000002216001e9e0, C4<>;
L_000002216001ee40 .concat [ 5 27 0 0], L_000002216001fc00, L_0000022160030238;
L_000002216001ed00 .cmp/ne 32, L_000002216001ee40, L_0000022160030280;
L_000002216001fde0 .array/port v000002215ffbd2c0, L_000002216001eda0;
L_000002216001eda0 .concat [ 5 2 0 0], L_000002216001fc00, L_00000221600302c8;
L_000002216001f0c0 .functor MUXZ 32, L_0000022160030310, L_000002216001fde0, L_000002216001ed00, C4<>;
L_000002216001f160 .concat [ 5 27 0 0], L_000002216001e580, L_0000022160030358;
L_000002216001f200 .cmp/ne 32, L_000002216001f160, L_00000221600303a0;
L_0000022160020b30 .array/port v000002215ffbd2c0, L_00000221600218f0;
L_00000221600218f0 .concat [ 5 2 0 0], L_000002216001e580, L_00000221600303e8;
L_00000221600215d0 .functor MUXZ 32, L_0000022160030430, L_0000022160020b30, L_000002216001f200, C4<>;
S_000002215ff84a80 .scope module, "id" "sr_decode" 4 63, 7 15 0, S_000002215ffa21d0;
 .timescale 0 0;
    .port_info 0 /INPUT 32 "instr";
    .port_info 1 /OUTPUT 7 "cmdOp";
    .port_info 2 /OUTPUT 5 "rd";
    .port_info 3 /OUTPUT 3 "cmdF3";
    .port_info 4 /OUTPUT 5 "rs1";
    .port_info 5 /OUTPUT 5 "rs2";
    .port_info 6 /OUTPUT 7 "cmdF7";
    .port_info 7 /OUTPUT 32 "immI";
    .port_info 8 /OUTPUT 32 "immB";
    .port_info 9 /OUTPUT 32 "immU";
v000002215ffbba60_0 .net "cmdF3", 2 0, L_000002216001ec60;  alias, 1 drivers
v000002215ffbcbe0_0 .net "cmdF7", 6 0, L_000002216001e6c0;  alias, 1 drivers
v000002215ffbd040_0 .net "cmdOp", 6 0, L_000002216001e800;  alias, 1 drivers
v000002216001cf70_0 .var "immB", 31 0;
v000002216001c430_0 .var "immI", 31 0;
v000002216001dfb0_0 .var "immU", 31 0;
v000002216001d790_0 .net "instr", 31 0, L_000002215ffa7f80;  alias, 1 drivers
v000002216001ce30_0 .net "rd", 4 0, L_000002216001f660;  alias, 1 drivers
v000002216001cbb0_0 .net "rs1", 4 0, L_000002216001fc00;  alias, 1 drivers
v000002216001c250_0 .net "rs2", 4 0, L_000002216001e580;  alias, 1 drivers
E_000002215ffb6b60 .event anyedge, v000002216001d790_0;
E_000002215ffb6ca0 .event anyedge, v000002216001d790_0, v000002216001d790_0, v000002216001d790_0, v000002216001d790_0;
E_000002215ffb6f60 .event anyedge, v000002216001d790_0, v000002216001d790_0;
L_000002216001e800 .part L_000002215ffa7f80, 0, 7;
L_000002216001f660 .part L_000002215ffa7f80, 7, 5;
L_000002216001ec60 .part L_000002215ffa7f80, 12, 3;
L_000002216001fc00 .part L_000002215ffa7f80, 15, 5;
L_000002216001e580 .part L_000002215ffa7f80, 20, 5;
L_000002216001e6c0 .part L_000002215ffa7f80, 25, 7;
S_000002215ff796e0 .scope module, "r_pc" "register_with_rst" 4 54, 8 13 0, S_000002215ffa21d0;
 .timescale 0 0;
    .port_info 0 /INPUT 1 "clk";
    .port_info 1 /INPUT 1 "rst";
    .port_info 2 /INPUT 32 "d";
    .port_info 3 /OUTPUT 32 "q";
v000002216001ced0_0 .net "clk", 0 0, v000002216001f700_0;  alias, 1 drivers
v000002216001cc50_0 .net "d", 31 0, L_000002216001fac0;  alias, 1 drivers
v000002216001c750_0 .var "q", 31 0;
v000002216001d3d0_0 .net "rst", 0 0, v000002216001e3a0_0;  alias, 1 drivers
S_000002215ff79870 .scope module, "sm_control" "sr_control" 4 116, 9 15 0, S_000002215ffa21d0;
 .timescale 0 0;
    .port_info 0 /INPUT 7 "cmdOp";
    .port_info 1 /INPUT 3 "cmdF3";
    .port_info 2 /INPUT 7 "cmdF7";
    .port_info 3 /INPUT 1 "aluZero";
    .port_info 4 /OUTPUT 1 "pcSrc";
    .port_info 5 /OUTPUT 1 "regWrite";
    .port_info 6 /OUTPUT 1 "aluSrc";
    .port_info 7 /OUTPUT 1 "wdSrc";
    .port_info 8 /OUTPUT 3 "aluControl";
L_000002215ffa8b50 .functor XNOR 1, L_0000022160021530, v000002216001cb10_0, C4<0>, C4<0>;
L_000002215ffa8370 .functor AND 1, v000002216001dc90_0, L_000002215ffa8b50, C4<1>, C4<1>;
v000002216001d970_0 .net *"_ivl_0", 0 0, L_000002215ffa8b50;  1 drivers
v000002216001c4d0_0 .var "aluControl", 2 0;
v000002216001c7f0_0 .var "aluSrc", 0 0;
v000002216001c570_0 .net "aluZero", 0 0, L_0000022160021530;  alias, 1 drivers
v000002216001dc90_0 .var "branch", 0 0;
v000002216001c2f0_0 .net "cmdF3", 2 0, L_000002216001ec60;  alias, 1 drivers
v000002216001d8d0_0 .net "cmdF7", 6 0, L_000002216001e6c0;  alias, 1 drivers
v000002216001c6b0_0 .net "cmdOp", 6 0, L_000002216001e800;  alias, 1 drivers
v000002216001cb10_0 .var "condZero", 0 0;
v000002216001c390_0 .net "pcSrc", 0 0, L_000002215ffa8370;  alias, 1 drivers
v000002216001d470_0 .var "regWrite", 0 0;
v000002216001d5b0_0 .var "wdSrc", 0 0;
E_000002215ffb6ee0 .event anyedge, v000002215ffbcbe0_0, v000002215ffbba60_0, v000002215ffbd040_0;
S_000002215ff2e280 .scope module, "i_rom" "instruction_rom" 3 39, 10 13 0, S_000002215ffa2040;
 .timescale 0 0;
    .port_info 0 /INPUT 10 "a";
    .port_info 1 /OUTPUT 32 "rd";
P_000002215ffada70 .param/l "ADDR_W" 0 10 16, +C4<00000000000000000000000000001010>;
P_000002215ffadaa8 .param/l "SIZE" 0 10 15, +C4<00000000000000000000010000000000>;
L_000002215ffa8140 .functor BUFZ 32, L_0000022160020770, C4<00000000000000000000000000000000>, C4<00000000000000000000000000000000>, C4<00000000000000000000000000000000>;
v000002216001f020_0 .net *"_ivl_0", 31 0, L_0000022160020770;  1 drivers
v000002216001f520_0 .net *"_ivl_2", 11 0, L_0000022160020810;  1 drivers
L_0000022160030508 .functor BUFT 1, C4<00>, C4<0>, C4<0>, C4<0>;
v000002216001e120_0 .net *"_ivl_5", 1 0, L_0000022160030508;  1 drivers
v000002216001e760_0 .net "a", 9 0, L_0000022160020130;  1 drivers
v000002216001e1c0_0 .net "rd", 31 0, L_000002215ffa8140;  alias, 1 drivers
v000002216001fb60 .array "rom", 1023 0, 31 0;
L_0000022160020770 .array/port v000002216001fb60, L_0000022160020810;
L_0000022160020810 .concat [ 10 2 0 0], L_0000022160020130, L_0000022160030508;
    .scope S_000002215ff796e0;
T_0 ;
    %wait E_000002215ffb6820;
    %load/vec4 v000002216001d3d0_0;
    %flag_set/vec4 8;
    %jmp/0xz  T_0.0, 8;
    %pushi/vec4 0, 0, 32;
    %assign/vec4 v000002216001c750_0, 0;
    %jmp T_0.1;
T_0.0 ;
    %load/vec4 v000002216001cc50_0;
    %assign/vec4 v000002216001c750_0, 0;
T_0.1 ;
    %jmp T_0;
    .thread T_0;
    .scope S_000002215ff84a80;
T_1 ;
Ewait_0 .event/or E_000002215ffb6f60, E_0x0;
    %wait Ewait_0;
    %load/vec4 v000002216001d790_0;
    %parti/s 11, 20, 6;
    %ix/load 4, 0, 0;
    %flag_set/imm 4, 0;
    %store/vec4 v000002216001c430_0, 4, 11;
    %load/vec4 v000002216001d790_0;
    %parti/s 1, 31, 6;
    %replicate 21;
    %ix/load 4, 11, 0;
    %flag_set/imm 4, 0;
    %store/vec4 v000002216001c430_0, 4, 21;
    %jmp T_1;
    .thread T_1, $push;
    .scope S_000002215ff84a80;
T_2 ;
Ewait_1 .event/or E_000002215ffb6ca0, E_0x0;
    %wait Ewait_1;
    %pushi/vec4 0, 0, 1;
    %ix/load 4, 0, 0;
    %flag_set/imm 4, 0;
    %store/vec4 v000002216001cf70_0, 4, 1;
    %load/vec4 v000002216001d790_0;
    %parti/s 4, 8, 5;
    %ix/load 4, 1, 0;
    %flag_set/imm 4, 0;
    %store/vec4 v000002216001cf70_0, 4, 4;
    %load/vec4 v000002216001d790_0;
    %parti/s 6, 25, 6;
    %ix/load 4, 5, 0;
    %flag_set/imm 4, 0;
    %store/vec4 v000002216001cf70_0, 4, 6;
    %load/vec4 v000002216001d790_0;
    %parti/s 1, 7, 4;
    %ix/load 4, 11, 0;
    %flag_set/imm 4, 0;
    %store/vec4 v000002216001cf70_0, 4, 1;
    %load/vec4 v000002216001d790_0;
    %parti/s 1, 31, 6;
    %replicate 20;
    %ix/load 4, 12, 0;
    %flag_set/imm 4, 0;
    %store/vec4 v000002216001cf70_0, 4, 20;
    %jmp T_2;
    .thread T_2, $push;
    .scope S_000002215ff84a80;
T_3 ;
Ewait_2 .event/or E_000002215ffb6b60, E_0x0;
    %wait Ewait_2;
    %pushi/vec4 0, 0, 12;
    %ix/load 4, 0, 0;
    %flag_set/imm 4, 0;
    %store/vec4 v000002216001dfb0_0, 4, 12;
    %load/vec4 v000002216001d790_0;
    %parti/s 20, 12, 5;
    %ix/load 4, 12, 0;
    %flag_set/imm 4, 0;
    %store/vec4 v000002216001dfb0_0, 4, 20;
    %jmp T_3;
    .thread T_3, $push;
    .scope S_000002215ff9b880;
T_4 ;
    %wait E_000002215ffb6820;
    %load/vec4 v000002215ffbb9c0_0;
    %flag_set/vec4 8;
    %jmp/0xz  T_4.0, 8;
    %load/vec4 v000002215ffbcaa0_0;
    %load/vec4 v000002215ffbc1e0_0;
    %pad/u 7;
    %ix/vec4 3;
    %ix/load 4, 0, 0; Constant delay
    %assign/vec4/a/d v000002215ffbd2c0, 0, 4;
T_4.0 ;
    %jmp T_4;
    .thread T_4;
    .scope S_000002215ff9b6f0;
T_5 ;
Ewait_3 .event/or E_000002215ffb9a60, E_0x0;
    %wait Ewait_3;
    %load/vec4 v000002215ffbbce0_0;
    %dup/vec4;
    %pushi/vec4 0, 0, 3;
    %cmp/u;
    %jmp/1 T_5.1, 6;
    %dup/vec4;
    %pushi/vec4 1, 0, 3;
    %cmp/u;
    %jmp/1 T_5.2, 6;
    %dup/vec4;
    %pushi/vec4 2, 0, 3;
    %cmp/u;
    %jmp/1 T_5.3, 6;
    %dup/vec4;
    %pushi/vec4 3, 0, 3;
    %cmp/u;
    %jmp/1 T_5.4, 6;
    %dup/vec4;
    %pushi/vec4 4, 0, 3;
    %cmp/u;
    %jmp/1 T_5.5, 6;
    %dup/vec4;
    %pushi/vec4 5, 0, 3;
    %cmp/u;
    %jmp/1 T_5.6, 6;
    %load/vec4 v000002215ffbcd20_0;
    %load/vec4 v000002215ffbd0e0_0;
    %add;
    %store/vec4 v000002215ffbc3c0_0, 0, 32;
    %jmp T_5.7;
T_5.1 ;
    %load/vec4 v000002215ffbcd20_0;
    %load/vec4 v000002215ffbd0e0_0;
    %add;
    %store/vec4 v000002215ffbc3c0_0, 0, 32;
    %jmp T_5.7;
T_5.2 ;
    %load/vec4 v000002215ffbcd20_0;
    %load/vec4 v000002215ffbd0e0_0;
    %or;
    %store/vec4 v000002215ffbc3c0_0, 0, 32;
    %jmp T_5.7;
T_5.3 ;
    %load/vec4 v000002215ffbcd20_0;
    %load/vec4 v000002215ffbd0e0_0;
    %parti/s 5, 0, 2;
    %ix/vec4 4;
    %shiftr 4;
    %store/vec4 v000002215ffbc3c0_0, 0, 32;
    %jmp T_5.7;
T_5.4 ;
    %load/vec4 v000002215ffbcd20_0;
    %load/vec4 v000002215ffbd0e0_0;
    %cmp/u;
    %flag_mov 8, 5;
    %jmp/0 T_5.8, 8;
    %pushi/vec4 1, 0, 32;
    %jmp/1 T_5.9, 8;
T_5.8 ; End of true expr.
    %pushi/vec4 0, 0, 32;
    %jmp/0 T_5.9, 8;
 ; End of false expr.
    %blend;
T_5.9;
    %store/vec4 v000002215ffbc3c0_0, 0, 32;
    %jmp T_5.7;
T_5.5 ;
    %load/vec4 v000002215ffbcd20_0;
    %load/vec4 v000002215ffbd0e0_0;
    %sub;
    %store/vec4 v000002215ffbc3c0_0, 0, 32;
    %jmp T_5.7;
T_5.6 ;
    %load/vec4 v000002215ffbcd20_0;
    %load/vec4 v000002215ffbd0e0_0;
    %mul;
    %store/vec4 v000002215ffbc3c0_0, 0, 32;
    %jmp T_5.7;
T_5.7 ;
    %pop/vec4 1;
    %jmp T_5;
    .thread T_5, $push;
    .scope S_000002215ff79870;
T_6 ;
Ewait_4 .event/or E_000002215ffb6ee0, E_0x0;
    %wait Ewait_4;
    %pushi/vec4 0, 0, 1;
    %store/vec4 v000002216001dc90_0, 0, 1;
    %pushi/vec4 0, 0, 1;
    %store/vec4 v000002216001cb10_0, 0, 1;
    %pushi/vec4 0, 0, 1;
    %store/vec4 v000002216001d470_0, 0, 1;
    %pushi/vec4 0, 0, 1;
    %store/vec4 v000002216001c7f0_0, 0, 1;
    %pushi/vec4 0, 0, 1;
    %store/vec4 v000002216001d5b0_0, 0, 1;
    %pushi/vec4 0, 0, 3;
    %store/vec4 v000002216001c4d0_0, 0, 3;
    %load/vec4 v000002216001d8d0_0;
    %load/vec4 v000002216001c2f0_0;
    %concat/vec4; draw_concat_vec4
    %load/vec4 v000002216001c6b0_0;
    %concat/vec4; draw_concat_vec4
    %dup/vec4;
    %pushi/vec4 51, 0, 17;
    %cmp/z;
    %jmp/1 T_6.0, 4;
    %dup/vec4;
    %pushi/vec4 819, 0, 17;
    %cmp/z;
    %jmp/1 T_6.1, 4;
    %dup/vec4;
    %pushi/vec4 691, 0, 17;
    %cmp/z;
    %jmp/1 T_6.2, 4;
    %dup/vec4;
    %pushi/vec4 435, 0, 17;
    %cmp/z;
    %jmp/1 T_6.3, 4;
    %dup/vec4;
    %pushi/vec4 32819, 0, 17;
    %cmp/z;
    %jmp/1 T_6.4, 4;
    %dup/vec4;
    %pushi/vec4 1075, 0, 17;
    %cmp/z;
    %jmp/1 T_6.5, 4;
    %dup/vec4;
    %pushi/vec4 19, 130048, 17;
    %cmp/z;
    %jmp/1 T_6.6, 4;
    %dup/vec4;
    %pushi/vec4 55, 130944, 17;
    %cmp/z;
    %jmp/1 T_6.7, 4;
    %dup/vec4;
    %pushi/vec4 99, 130048, 17;
    %cmp/z;
    %jmp/1 T_6.8, 4;
    %dup/vec4;
    %pushi/vec4 227, 130048, 17;
    %cmp/z;
    %jmp/1 T_6.9, 4;
    %jmp T_6.10;
T_6.0 ;
    %pushi/vec4 1, 0, 1;
    %store/vec4 v000002216001d470_0, 0, 1;
    %pushi/vec4 0, 0, 3;
    %store/vec4 v000002216001c4d0_0, 0, 3;
    %jmp T_6.10;
T_6.1 ;
    %pushi/vec4 1, 0, 1;
    %store/vec4 v000002216001d470_0, 0, 1;
    %pushi/vec4 1, 0, 3;
    %store/vec4 v000002216001c4d0_0, 0, 3;
    %jmp T_6.10;
T_6.2 ;
    %pushi/vec4 1, 0, 1;
    %store/vec4 v000002216001d470_0, 0, 1;
    %pushi/vec4 2, 0, 3;
    %store/vec4 v000002216001c4d0_0, 0, 3;
    %jmp T_6.10;
T_6.3 ;
    %pushi/vec4 1, 0, 1;
    %store/vec4 v000002216001d470_0, 0, 1;
    %pushi/vec4 3, 0, 3;
    %store/vec4 v000002216001c4d0_0, 0, 3;
    %jmp T_6.10;
T_6.4 ;
    %pushi/vec4 1, 0, 1;
    %store/vec4 v000002216001d470_0, 0, 1;
    %pushi/vec4 4, 0, 3;
    %store/vec4 v000002216001c4d0_0, 0, 3;
    %jmp T_6.10;
T_6.5 ;
    %pushi/vec4 1, 0, 1;
    %store/vec4 v000002216001d470_0, 0, 1;
    %pushi/vec4 5, 0, 3;
    %store/vec4 v000002216001c4d0_0, 0, 3;
    %jmp T_6.10;
T_6.6 ;
    %pushi/vec4 1, 0, 1;
    %store/vec4 v000002216001d470_0, 0, 1;
    %pushi/vec4 1, 0, 1;
    %store/vec4 v000002216001c7f0_0, 0, 1;
    %pushi/vec4 0, 0, 3;
    %store/vec4 v000002216001c4d0_0, 0, 3;
    %jmp T_6.10;
T_6.7 ;
    %pushi/vec4 1, 0, 1;
    %store/vec4 v000002216001d470_0, 0, 1;
    %pushi/vec4 1, 0, 1;
    %store/vec4 v000002216001d5b0_0, 0, 1;
    %jmp T_6.10;
T_6.8 ;
    %pushi/vec4 1, 0, 1;
    %store/vec4 v000002216001dc90_0, 0, 1;
    %pushi/vec4 1, 0, 1;
    %store/vec4 v000002216001cb10_0, 0, 1;
    %pushi/vec4 4, 0, 3;
    %store/vec4 v000002216001c4d0_0, 0, 3;
    %jmp T_6.10;
T_6.9 ;
    %pushi/vec4 1, 0, 1;
    %store/vec4 v000002216001dc90_0, 0, 1;
    %pushi/vec4 4, 0, 3;
    %store/vec4 v000002216001c4d0_0, 0, 3;
    %jmp T_6.10;
T_6.10 ;
    %pop/vec4 1;
    %jmp T_6;
    .thread T_6, $push;
    .scope S_000002215ff2e280;
T_7 ;
    %vpi_call/w 10 25 "$readmemh", "program.hex", v000002216001fb60 {0 0 0};
    %end;
    .thread T_7;
    .scope S_000002215ffa2040;
T_8 ;
    %pushi/vec4 0, 0, 32;
    %store/vec4 v000002216001f840_0, 0, 32;
    %pushi/vec4 0, 0, 1;
    %store/vec4 v000002216001f480_0, 0, 1;
    %end;
    .thread T_8, $init;
    .scope S_000002215ffa2040;
T_9 ;
    %pushi/vec4 0, 0, 1;
    %store/vec4 v000002216001f700_0, 0, 1;
T_9.0 ;
    %delay 5, 0;
    %load/vec4 v000002216001f700_0;
    %inv;
    %store/vec4 v000002216001f700_0, 0, 1;
    %jmp T_9.0;
    %end;
    .thread T_9;
    .scope S_000002215ffa2040;
T_10 ;
    %pushi/vec4 1, 1, 1;
    %assign/vec4 v000002216001e3a0_0, 0;
    %pushi/vec4 2, 0, 32;
T_10.0 %dup/vec4;
    %pushi/vec4 0, 0, 32;
    %cmp/s;
    %jmp/1xz T_10.1, 5;
    %jmp/1 T_10.1, 4;
    %pushi/vec4 1, 0, 32;
    %sub;
    %wait E_000002215ffb6820;
    %jmp T_10.0;
T_10.1 ;
    %pop/vec4 1;
    %pushi/vec4 1, 0, 1;
    %assign/vec4 v000002216001e3a0_0, 0;
    %pushi/vec4 2, 0, 32;
T_10.2 %dup/vec4;
    %pushi/vec4 0, 0, 32;
    %cmp/s;
    %jmp/1xz T_10.3, 5;
    %jmp/1 T_10.3, 4;
    %pushi/vec4 1, 0, 32;
    %sub;
    %wait E_000002215ffb6820;
    %jmp T_10.2;
T_10.3 ;
    %pop/vec4 1;
    %pushi/vec4 0, 0, 1;
    %assign/vec4 v000002216001e3a0_0, 0;
    %end;
    .thread T_10;
    .scope S_000002215ffa2040;
T_11 ;
    %pushi/vec4 10, 0, 5;
    %assign/vec4 v000002216001f5c0_0, 0;
    %wait E_000002215ffba160;
    %pushi/vec4 1000, 0, 32;
T_11.0 %dup/vec4;
    %pushi/vec4 0, 0, 32;
    %cmp/s;
    %jmp/1xz T_11.1, 5;
    %jmp/1 T_11.1, 4;
    %pushi/vec4 1, 0, 32;
    %sub;
    %wait E_000002215ffb6820;
    %load/vec4 v000002216001fa20_0;
    %pushi/vec4 2178309, 0, 32;
    %cmp/e;
    %flag_get/vec4 4;
    %load/vec4 v000002216001fa20_0;
    %pushi/vec4 479001600, 0, 32;
    %cmp/e;
    %flag_get/vec4 4;
    %or;
    %flag_set/vec4 8;
    %jmp/0xz  T_11.2, 8;
    %vpi_call/w 3 88 "$display", "%s PASS", "tb.sv" {0 0 0};
    %vpi_call/w 3 89 "$finish" {0 0 0};
T_11.2 ;
    %jmp T_11.0;
T_11.1 ;
    %pop/vec4 1;
    %vpi_call/w 3 93 "$display", "%s FAIL: none of expected register values occured", "tb.sv" {0 0 0};
    %vpi_call/w 3 96 "$finish" {0 0 0};
    %end;
    .thread T_11;
    .scope S_000002215ffa2040;
T_12 ;
    %wait E_000002215ffb6820;
    %vpi_call/w 3 109 "$write", "cycle %5d", v000002216001f840_0 {0 0 0};
    %load/vec4 v000002216001f840_0;
    %addi 1, 0, 32;
    %cast2;
    %assign/vec4 v000002216001f840_0, 0;
    %load/vec4 v000002216001e3a0_0;
    %flag_set/vec4 8;
    %jmp/0xz  T_12.0, 8;
    %vpi_call/w 3 114 "$write", " rst" {0 0 0};
    %pushi/vec4 1, 0, 1;
    %assign/vec4 v000002216001f480_0, 0;
    %jmp T_12.1;
T_12.0 ;
    %vpi_call/w 3 119 "$write", "    " {0 0 0};
T_12.1 ;
    %load/vec4 v000002216001ea80_0;
    %load/vec4 v000002216001f8e0_0;
    %cmp/ne;
    %jmp/0xz  T_12.2, 6;
    %vpi_call/w 3 123 "$write", " %h", v000002216001ea80_0 {0 0 0};
    %jmp T_12.3;
T_12.2 ;
    %vpi_call/w 3 125 "$write", "         " {0 0 0};
T_12.3 ;
    %load/vec4 v000002216001f480_0;
    %load/vec4 v000002216001e3a0_0;
    %inv;
    %and;
    %vpi_func 3 127 "$isunknown" 1, v000002216001e260_0 {0 0 0};
    %and;
    %flag_set/vec4 8;
    %jmp/0xz  T_12.4, 8;
    %vpi_call/w 3 129 "$display", "%s FAIL: fetched instruction at address %x contains Xs: %x", "tb.sv", v000002216001ea80_0, v000002216001e260_0 {0 0 0};
    %vpi_call/w 3 132 "$finish" {0 0 0};
T_12.4 ;
    %load/vec4 v000002216001fa20_0;
    %load/vec4 v000002216001e8a0_0;
    %cmp/ne;
    %jmp/0xz  T_12.6, 6;
    %vpi_call/w 3 136 "$write", " %h", v000002216001fa20_0 {0 0 0};
    %jmp T_12.7;
T_12.6 ;
    %vpi_call/w 3 138 "$write", "         " {0 0 0};
T_12.7 ;
    %load/vec4 v000002216001ea80_0;
    %assign/vec4 v000002216001f8e0_0, 0;
    %load/vec4 v000002216001fa20_0;
    %assign/vec4 v000002216001e8a0_0, 0;
    %vpi_call/w 3 143 "$display" {0 0 0};
    %jmp T_12;
    .thread T_12;
# The file index is used to find the file name in the following table.
:file_names 11;
    "N/A";
    "<interactive>";
    "-";
    "tb.sv";
    "sr_cpu.sv";
    "sr_alu.sv";
    "sr_register_file.sv";
    "sr_decode.sv";
    "register_with_rst.sv";
    "sr_control.sv";
    "instruction_rom.sv";
