#! /c/Source/iverilog-install/bin/vvp
:ivl_version "12.0 (devel)" "(s20150603-1539-g2693dd32b)";
:ivl_delay_selection "TYPICAL";
:vpi_time_precision + 0;
:vpi_module "C:\iverilog\lib\ivl\system.vpi";
:vpi_module "C:\iverilog\lib\ivl\vhdl_sys.vpi";
:vpi_module "C:\iverilog\lib\ivl\vhdl_textio.vpi";
:vpi_module "C:\iverilog\lib\ivl\v2005_math.vpi";
:vpi_module "C:\iverilog\lib\ivl\va_math.vpi";
:vpi_module "C:\iverilog\lib\ivl\v2009.vpi";
S_0000022a544a6ec0 .scope package, "$unit" "$unit" 2 1;
 .timescale 0 0;
S_0000022a5447a390 .scope module, "tb" "tb" 3 13;
 .timescale 0 0;
P_0000022a54485f20 .param/l "ADDR_W" 1 3 25, +C4<00000000000000000000000000001010>;
P_0000022a54485f58 .param/l "ROM_SIZE" 1 3 24, +C4<00000000000000000000010000000000>;
v0000022a544fce80_0 .var "clk", 0 0;
v0000022a544fd100_0 .var/2u "cycle", 31 0;
v0000022a544fc2a0_0 .net "imAddr", 31 0, L_0000022a544fd060;  1 drivers
v0000022a544fcca0_0 .net "imData", 31 0, L_0000022a54492f70;  1 drivers
v0000022a544fcf20_0 .var "prevImAddr", 31 0;
v0000022a544fc340_0 .var "prevRegData", 31 0;
v0000022a544fc3e0_0 .var "regAddr", 4 0;
v0000022a544fc520_0 .net "regData", 31 0, L_0000022a544fd2e0;  1 drivers
v0000022a544fcc00_0 .var "rst", 0 0;
v0000022a544fbf80_0 .var/2u "wasRst", 0 0;
E_0000022a5449f0e0 .event negedge, v0000022a544f8b40_0;
L_0000022a544fc7a0 .part L_0000022a544fd060, 0, 10;
S_0000022a5447a520 .scope module, "cpu" "sr_cpu" 3 27, 4 15 0, S_0000022a5447a390;
 .timescale 0 0;
    .port_info 0 /INPUT 1 "clk";
    .port_info 1 /INPUT 1 "rst";
    .port_info 2 /OUTPUT 32 "imAddr";
    .port_info 3 /INPUT 32 "imData";
    .port_info 4 /INPUT 5 "regAddr";
    .port_info 5 /OUTPUT 32 "regData";
L_0000022a54492b10 .functor BUFZ 1, L_0000022a544fc660, C4<0>, C4<0>, C4<0>;
L_0000022a544934b0 .functor NOT 1, L_0000022a54492b10, C4<0>, C4<0>, C4<0>;
L_0000022a54492d40 .functor BUFZ 32, L_0000022a54492f70, C4<00000000000000000000000000000000>, C4<00000000000000000000000000000000>, C4<00000000000000000000000000000000>;
L_0000022a54493600 .functor NOT 1, L_0000022a54492b10, C4<0>, C4<0>, C4<0>;
L_0000022a54493280 .functor AND 1, v0000022a544f7e20_0, L_0000022a54493600, C4<1>, C4<1>;
L_0000022a54492cd0 .functor NOT 1, L_0000022a544fc660, C4<0>, C4<0>, C4<0>;
L_0000022a54493130 .functor AND 1, v0000022a544f9220_0, L_0000022a54492cd0, C4<1>, C4<1>;
v0000022a544f7ec0_0 .net *"_ivl_14", 29 0, L_0000022a544fc980;  1 drivers
L_0000022a545580e0 .functor BUFT 1, C4<00>, C4<0>, C4<0>, C4<0>;
v0000022a544f7f60_0 .net *"_ivl_16", 1 0, L_0000022a545580e0;  1 drivers
L_0000022a54558098 .functor BUFT 1, C4<00000000000000000000000000000100>, C4<0>, C4<0>, C4<0>;
v0000022a544f8000_0 .net/2u *"_ivl_2", 31 0, L_0000022a54558098;  1 drivers
v0000022a544faa10_0 .net *"_ivl_20", 0 0, L_0000022a54493600;  1 drivers
v0000022a544fa1f0_0 .net *"_ivl_26", 31 0, L_0000022a544fcac0;  1 drivers
v0000022a544fb410_0 .net *"_ivl_30", 0 0, L_0000022a54492cd0;  1 drivers
L_0000022a545584d0 .functor BUFT 1, C4<00000>, C4<0>, C4<0>, C4<0>;
v0000022a544f9750_0 .net/2u *"_ivl_34", 4 0, L_0000022a545584d0;  1 drivers
v0000022a544fac90_0 .net *"_ivl_36", 0 0, L_0000022a544fc700;  1 drivers
v0000022a544f9b10_0 .net "aluControl", 2 0, v0000022a544f80a0_0;  1 drivers
v0000022a544f9c50_0 .net "aluResult", 31 0, v0000022a54497060_0;  1 drivers
v0000022a544fad30_0 .net "aluSrc", 0 0, v0000022a544f7740_0;  1 drivers
v0000022a544fb4b0_0 .net "aluZero", 0 0, L_0000022a544fd240;  1 drivers
v0000022a544fadd0_0 .net "clk", 0 0, v0000022a544fce80_0;  1 drivers
v0000022a544fa0b0_0 .net "cmdF3", 2 0, L_0000022a544fbd00;  1 drivers
v0000022a544f99d0_0 .net "cmdF7", 6 0, L_0000022a544fd560;  1 drivers
v0000022a544fae70_0 .net "cmdOp", 6 0, L_0000022a544fcd40;  1 drivers
v0000022a544fa830_0 .net "imAddr", 31 0, L_0000022a544fd060;  alias, 1 drivers
v0000022a544fa970_0 .net "imData", 31 0, L_0000022a54492f70;  alias, 1 drivers
v0000022a544f9bb0_0 .net "immB", 31 0, v0000022a544f7920_0;  1 drivers
v0000022a544faf10_0 .net "immI", 31 0, v0000022a544f86e0_0;  1 drivers
v0000022a544f9a70_0 .net "immU", 31 0, v0000022a544f8fa0_0;  1 drivers
v0000022a544fab50_0 .net "instr", 31 0, L_0000022a54492d40;  1 drivers
v0000022a544f9cf0_0 .net "mduBusy", 0 0, L_0000022a544fc660;  1 drivers
v0000022a544f9930_0 .net "mduRes", 0 0, v0000022a544f7880_0;  1 drivers
v0000022a544f9400_1 .array/port v0000022a544f9400, 1;
v0000022a544fafb0_0 .net "mduResult", 31 0, v0000022a544f9400_1;  1 drivers
v0000022a544fb050_0 .net "mduSrc", 0 0, L_0000022a54493130;  1 drivers
v0000022a544f9d90_0 .net "mduStart", 0 0, v0000022a544f9220_0;  1 drivers
v0000022a544fa290_0 .net "mduValid", 0 0, L_0000022a544fd4c0;  1 drivers
v0000022a544fa330_0 .net "pc", 31 0, v0000022a544f85a0_0;  1 drivers
v0000022a544fa3d0_0 .net "pcBranch", 31 0, L_0000022a544fc0c0;  1 drivers
v0000022a544fa150_0 .net "pcNext", 31 0, L_0000022a544fbee0;  1 drivers
v0000022a544fb2d0_0 .net "pcPlus4", 31 0, L_0000022a544fcde0;  1 drivers
v0000022a544fb190_0 .net "pcSrc", 0 0, L_0000022a544936e0;  1 drivers
v0000022a544f9f70_0 .net "rd", 4 0, L_0000022a544fcb60;  1 drivers
v0000022a544f9e30_0 .net "rd0", 31 0, L_0000022a544fd380;  1 drivers
v0000022a544faab0_0 .net "rd1", 31 0, L_0000022a544fbc60;  1 drivers
v0000022a544fb550_0 .net "rd2", 31 0, L_0000022a544fc8e0;  1 drivers
v0000022a544fb370_0 .net "regAddr", 4 0, v0000022a544fc3e0_0;  1 drivers
v0000022a544fa650_0 .net "regData", 31 0, L_0000022a544fd2e0;  alias, 1 drivers
v0000022a544fb5f0_0 .net "regWrite", 0 0, v0000022a544f7e20_0;  1 drivers
v0000022a544fa6f0_0 .net "rs1", 4 0, L_0000022a544fc480;  1 drivers
v0000022a544f9ed0_0 .net "rs2", 4 0, L_0000022a544fb8a0;  1 drivers
v0000022a544fa010_0 .net "rst", 0 0, v0000022a544fcc00_0;  1 drivers
v0000022a544fabf0_0 .net "srcB", 31 0, L_0000022a544fb760;  1 drivers
v0000022a544fa470_0 .net "stall", 0 0, L_0000022a54492b10;  1 drivers
v0000022a544fa510_0 .net "wd3", 31 0, L_0000022a544fbe40;  1 drivers
v0000022a544fb0f0_0 .net "wdSrc", 0 0, v0000022a544f81e0_0;  1 drivers
L_0000022a544fc0c0 .arith/sum 32, v0000022a544f85a0_0, v0000022a544f7920_0;
L_0000022a544fcde0 .arith/sum 32, v0000022a544f85a0_0, L_0000022a54558098;
L_0000022a544fbee0 .functor MUXZ 32, L_0000022a544fcde0, L_0000022a544fc0c0, L_0000022a544936e0, C4<>;
L_0000022a544fc980 .part v0000022a544f85a0_0, 2, 30;
L_0000022a544fd060 .concat [ 30 2 0 0], L_0000022a544fc980, L_0000022a545580e0;
L_0000022a544fb760 .functor MUXZ 32, L_0000022a544fc8e0, v0000022a544f86e0_0, v0000022a544f7740_0, C4<>;
L_0000022a544fcac0 .functor MUXZ 32, v0000022a54497060_0, v0000022a544f8fa0_0, v0000022a544f81e0_0, C4<>;
L_0000022a544fbe40 .functor MUXZ 32, L_0000022a544fcac0, v0000022a544f9400_1, v0000022a544f7880_0, C4<>;
L_0000022a544fc700 .cmp/ne 5, v0000022a544fc3e0_0, L_0000022a545584d0;
L_0000022a544fd2e0 .functor MUXZ 32, v0000022a544f85a0_0, L_0000022a544fd380, L_0000022a544fc700, C4<>;
S_0000022a54476e70 .scope module, "alu" "sr_alu" 4 112, 5 15 0, S_0000022a5447a520;
 .timescale 0 0;
    .port_info 0 /INPUT 32 "srcA";
    .port_info 1 /INPUT 32 "srcB";
    .port_info 2 /INPUT 3 "oper";
    .port_info 3 /OUTPUT 1 "zero";
    .port_info 4 /OUTPUT 32 "result";
L_0000022a54558488 .functor BUFT 1, C4<00000000000000000000000000000000>, C4<0>, C4<0>, C4<0>;
v0000022a54498320_0 .net/2u *"_ivl_0", 31 0, L_0000022a54558488;  1 drivers
v0000022a54497560_0 .net "oper", 2 0, v0000022a544f80a0_0;  alias, 1 drivers
v0000022a54497060_0 .var "result", 31 0;
v0000022a54497380_0 .net "srcA", 31 0, L_0000022a544fbc60;  alias, 1 drivers
v0000022a54497600_0 .net "srcB", 31 0, L_0000022a544fb760;  alias, 1 drivers
v0000022a544977e0_0 .net "zero", 0 0, L_0000022a544fd240;  alias, 1 drivers
E_0000022a5449f020 .event anyedge, v0000022a54497560_0, v0000022a54497380_0, v0000022a54497600_0, v0000022a54497600_0;
L_0000022a544fd240 .cmp/eq 32, v0000022a54497060_0, L_0000022a54558488;
S_0000022a54477000 .scope module, "i_rf" "sr_register_file" 4 92, 6 15 0, S_0000022a5447a520;
 .timescale 0 0;
    .port_info 0 /INPUT 1 "clk";
    .port_info 1 /INPUT 5 "a0";
    .port_info 2 /INPUT 5 "a1";
    .port_info 3 /INPUT 5 "a2";
    .port_info 4 /INPUT 5 "a3";
    .port_info 5 /OUTPUT 32 "rd0";
    .port_info 6 /OUTPUT 32 "rd1";
    .port_info 7 /OUTPUT 32 "rd2";
    .port_info 8 /INPUT 32 "wd3";
    .port_info 9 /INPUT 1 "we3";
v0000022a54497e20_0 .net *"_ivl_0", 31 0, L_0000022a544fc840;  1 drivers
v0000022a54497880_0 .net *"_ivl_10", 6 0, L_0000022a544fba80;  1 drivers
L_0000022a545581b8 .functor BUFT 1, C4<00>, C4<0>, C4<0>, C4<0>;
v0000022a54498820_0 .net *"_ivl_13", 1 0, L_0000022a545581b8;  1 drivers
L_0000022a54558200 .functor BUFT 1, C4<00000000000000000000000000000000>, C4<0>, C4<0>, C4<0>;
v0000022a54498780_0 .net/2u *"_ivl_14", 31 0, L_0000022a54558200;  1 drivers
v0000022a544976a0_0 .net *"_ivl_18", 31 0, L_0000022a544fb940;  1 drivers
L_0000022a54558248 .functor BUFT 1, C4<000000000000000000000000000>, C4<0>, C4<0>, C4<0>;
v0000022a54497f60_0 .net *"_ivl_21", 26 0, L_0000022a54558248;  1 drivers
L_0000022a54558290 .functor BUFT 1, C4<00000000000000000000000000000000>, C4<0>, C4<0>, C4<0>;
v0000022a54498a00_0 .net/2u *"_ivl_22", 31 0, L_0000022a54558290;  1 drivers
v0000022a54497420_0 .net *"_ivl_24", 0 0, L_0000022a544fb9e0;  1 drivers
v0000022a54497ba0_0 .net *"_ivl_26", 31 0, L_0000022a544fbb20;  1 drivers
v0000022a54497100_0 .net *"_ivl_28", 6 0, L_0000022a544fbda0;  1 drivers
L_0000022a54558128 .functor BUFT 1, C4<000000000000000000000000000>, C4<0>, C4<0>, C4<0>;
v0000022a54496d40_0 .net *"_ivl_3", 26 0, L_0000022a54558128;  1 drivers
L_0000022a545582d8 .functor BUFT 1, C4<00>, C4<0>, C4<0>, C4<0>;
v0000022a54498140_0 .net *"_ivl_31", 1 0, L_0000022a545582d8;  1 drivers
L_0000022a54558320 .functor BUFT 1, C4<00000000000000000000000000000000>, C4<0>, C4<0>, C4<0>;
v0000022a544983c0_0 .net/2u *"_ivl_32", 31 0, L_0000022a54558320;  1 drivers
v0000022a54497a60_0 .net *"_ivl_36", 31 0, L_0000022a544fcfc0;  1 drivers
L_0000022a54558368 .functor BUFT 1, C4<000000000000000000000000000>, C4<0>, C4<0>, C4<0>;
v0000022a54498280_0 .net *"_ivl_39", 26 0, L_0000022a54558368;  1 drivers
L_0000022a54558170 .functor BUFT 1, C4<00000000000000000000000000000000>, C4<0>, C4<0>, C4<0>;
v0000022a54497920_0 .net/2u *"_ivl_4", 31 0, L_0000022a54558170;  1 drivers
L_0000022a545583b0 .functor BUFT 1, C4<00000000000000000000000000000000>, C4<0>, C4<0>, C4<0>;
v0000022a54497240_0 .net/2u *"_ivl_40", 31 0, L_0000022a545583b0;  1 drivers
v0000022a54498460_0 .net *"_ivl_42", 0 0, L_0000022a544fd1a0;  1 drivers
v0000022a54498000_0 .net *"_ivl_44", 31 0, L_0000022a544fc5c0;  1 drivers
v0000022a54497b00_0 .net *"_ivl_46", 6 0, L_0000022a544fb800;  1 drivers
L_0000022a545583f8 .functor BUFT 1, C4<00>, C4<0>, C4<0>, C4<0>;
v0000022a544980a0_0 .net *"_ivl_49", 1 0, L_0000022a545583f8;  1 drivers
L_0000022a54558440 .functor BUFT 1, C4<00000000000000000000000000000000>, C4<0>, C4<0>, C4<0>;
v0000022a54498aa0_0 .net/2u *"_ivl_50", 31 0, L_0000022a54558440;  1 drivers
v0000022a544979c0_0 .net *"_ivl_6", 0 0, L_0000022a544fbbc0;  1 drivers
v0000022a54498500_0 .net *"_ivl_8", 31 0, L_0000022a544fc160;  1 drivers
v0000022a54497c40_0 .net "a0", 4 0, v0000022a544fc3e0_0;  alias, 1 drivers
v0000022a54498640_0 .net "a1", 4 0, L_0000022a544fc480;  alias, 1 drivers
v0000022a54497ce0_0 .net "a2", 4 0, L_0000022a544fb8a0;  alias, 1 drivers
v0000022a544985a0_0 .net "a3", 4 0, L_0000022a544fcb60;  alias, 1 drivers
v0000022a54498b40_0 .net "clk", 0 0, v0000022a544fce80_0;  alias, 1 drivers
v0000022a54498be0_0 .net "rd0", 31 0, L_0000022a544fd380;  alias, 1 drivers
v0000022a54496f20_0 .net "rd1", 31 0, L_0000022a544fbc60;  alias, 1 drivers
v0000022a54496fc0_0 .net "rd2", 31 0, L_0000022a544fc8e0;  alias, 1 drivers
v0000022a544f8280 .array "rf", 31 0, 31 0;
v0000022a544f9360_0 .net "wd3", 31 0, L_0000022a544fbe40;  alias, 1 drivers
v0000022a544f92c0_0 .net "we3", 0 0, L_0000022a54493280;  1 drivers
E_0000022a544a0320 .event posedge, v0000022a54498b40_0;
L_0000022a544fc840 .concat [ 5 27 0 0], v0000022a544fc3e0_0, L_0000022a54558128;
L_0000022a544fbbc0 .cmp/ne 32, L_0000022a544fc840, L_0000022a54558170;
L_0000022a544fc160 .array/port v0000022a544f8280, L_0000022a544fba80;
L_0000022a544fba80 .concat [ 5 2 0 0], v0000022a544fc3e0_0, L_0000022a545581b8;
L_0000022a544fd380 .functor MUXZ 32, L_0000022a54558200, L_0000022a544fc160, L_0000022a544fbbc0, C4<>;
L_0000022a544fb940 .concat [ 5 27 0 0], L_0000022a544fc480, L_0000022a54558248;
L_0000022a544fb9e0 .cmp/ne 32, L_0000022a544fb940, L_0000022a54558290;
L_0000022a544fbb20 .array/port v0000022a544f8280, L_0000022a544fbda0;
L_0000022a544fbda0 .concat [ 5 2 0 0], L_0000022a544fc480, L_0000022a545582d8;
L_0000022a544fbc60 .functor MUXZ 32, L_0000022a54558320, L_0000022a544fbb20, L_0000022a544fb9e0, C4<>;
L_0000022a544fcfc0 .concat [ 5 27 0 0], L_0000022a544fb8a0, L_0000022a54558368;
L_0000022a544fd1a0 .cmp/ne 32, L_0000022a544fcfc0, L_0000022a545583b0;
L_0000022a544fc5c0 .array/port v0000022a544f8280, L_0000022a544fb800;
L_0000022a544fb800 .concat [ 5 2 0 0], L_0000022a544fb8a0, L_0000022a545583f8;
L_0000022a544fc8e0 .functor MUXZ 32, L_0000022a54558440, L_0000022a544fc5c0, L_0000022a544fd1a0, C4<>;
S_0000022a54464f80 .scope module, "id" "sr_decode" 4 71, 7 15 0, S_0000022a5447a520;
 .timescale 0 0;
    .port_info 0 /INPUT 32 "instr";
    .port_info 1 /OUTPUT 7 "cmdOp";
    .port_info 2 /OUTPUT 5 "rd";
    .port_info 3 /OUTPUT 3 "cmdF3";
    .port_info 4 /OUTPUT 5 "rs1";
    .port_info 5 /OUTPUT 5 "rs2";
    .port_info 6 /OUTPUT 7 "cmdF7";
    .port_info 7 /OUTPUT 32 "immI";
    .port_info 8 /OUTPUT 32 "immB";
    .port_info 9 /OUTPUT 32 "immU";
v0000022a544f8c80_0 .net "cmdF3", 2 0, L_0000022a544fbd00;  alias, 1 drivers
v0000022a544f8640_0 .net "cmdF7", 6 0, L_0000022a544fd560;  alias, 1 drivers
v0000022a544f9180_0 .net "cmdOp", 6 0, L_0000022a544fcd40;  alias, 1 drivers
v0000022a544f7920_0 .var "immB", 31 0;
v0000022a544f86e0_0 .var "immI", 31 0;
v0000022a544f8fa0_0 .var "immU", 31 0;
v0000022a544f8780_0 .net "instr", 31 0, L_0000022a54492d40;  alias, 1 drivers
v0000022a544f8e60_0 .net "rd", 4 0, L_0000022a544fcb60;  alias, 1 drivers
v0000022a544f8f00_0 .net "rs1", 4 0, L_0000022a544fc480;  alias, 1 drivers
v0000022a544f79c0_0 .net "rs2", 4 0, L_0000022a544fb8a0;  alias, 1 drivers
E_0000022a544a0220 .event anyedge, v0000022a544f8780_0;
E_0000022a544a0720 .event anyedge, v0000022a544f8780_0, v0000022a544f8780_0, v0000022a544f8780_0, v0000022a544f8780_0;
E_0000022a544a0260 .event anyedge, v0000022a544f8780_0, v0000022a544f8780_0;
L_0000022a544fcd40 .part L_0000022a54492d40, 0, 7;
L_0000022a544fcb60 .part L_0000022a54492d40, 7, 5;
L_0000022a544fbd00 .part L_0000022a54492d40, 12, 3;
L_0000022a544fc480 .part L_0000022a54492d40, 15, 5;
L_0000022a544fb8a0 .part L_0000022a54492d40, 20, 5;
L_0000022a544fd560 .part L_0000022a54492d40, 25, 7;
S_0000022a544578b0 .scope module, "mdu" "sr_mdu" 4 137, 8 15 0, S_0000022a5447a520;
 .timescale 0 0;
    .port_info 0 /INPUT 1 "clk";
    .port_info 1 /INPUT 1 "rst";
    .port_info 2 /INPUT 1 "i_vld";
    .port_info 3 /INPUT 32 "srcA";
    .port_info 4 /INPUT 32 "srcB";
    .port_info 5 /OUTPUT 1 "o_vld";
    .port_info 6 /OUTPUT 32 "result";
    .port_info 7 /OUTPUT 1 "busy";
P_0000022a544a03a0 .param/l "n_delay" 0 8 17, +C4<00000000000000000000000000000010>;
v0000022a544f8960_0 .net "busy", 0 0, L_0000022a544fc660;  alias, 1 drivers
v0000022a544f83c0_0 .net "clk", 0 0, v0000022a544fce80_0;  alias, 1 drivers
v0000022a544f8a00_0 .net "i_vld", 0 0, L_0000022a54493130;  alias, 1 drivers
v0000022a544f9040_0 .var "i_vld_shift_reg", 1 0;
v0000022a544f7ba0_0 .net "o_vld", 0 0, L_0000022a544fd4c0;  alias, 1 drivers
v0000022a544f94a0_0 .net "result", 31 0, v0000022a544f9400_1;  alias, 1 drivers
v0000022a544f8b40_0 .net "rst", 0 0, v0000022a544fcc00_0;  alias, 1 drivers
v0000022a544f90e0_0 .net "srcA", 31 0, L_0000022a544fbc60;  alias, 1 drivers
v0000022a544f8140_0 .net "srcB", 31 0, L_0000022a544fb760;  alias, 1 drivers
L_0000022a544fc020 .arith/mult 32, L_0000022a544fbc60, L_0000022a544fb760;
L_0000022a544fd4c0 .part v0000022a544f9040_0, 1, 1;
L_0000022a544fc660 .reduce/or v0000022a544f9040_0;
S_0000022a54457a40 .scope begin, "$ivl_for_loop0" "$ivl_for_loop0" 8 47, 8 47 0, S_0000022a544578b0;
 .timescale 0 0;
v0000022a544f8320_0 .var/2s "i", 31 0;
S_0000022a544497c0 .scope module, "res_shift_reg" "shift_register" 8 31, 8 58 0, S_0000022a544578b0;
 .timescale 0 0;
    .port_info 0 /INPUT 1 "clk";
    .port_info 1 /INPUT 32 "in_data";
    .port_info 2 /OUTPUT 32 "out_data";
P_0000022a54486020 .param/l "depth" 0 8 60, +C4<00000000000000000000000000000010>;
P_0000022a54486058 .param/l "width" 0 8 60, +C4<00000000000000000000000000100000>;
v0000022a544f8820_0 .net "clk", 0 0, v0000022a544fce80_0;  alias, 1 drivers
v0000022a544f9400 .array "data", 1 0, 31 0;
v0000022a544f88c0_0 .net "in_data", 31 0, L_0000022a544fc020;  1 drivers
v0000022a544f9540_0 .net "out_data", 31 0, v0000022a544f9400_1;  alias, 1 drivers
S_0000022a54449950 .scope begin, "$ivl_for_loop1" "$ivl_for_loop1" 8 73, 8 73 0, S_0000022a544497c0;
 .timescale 0 0;
v0000022a544f7a60_0 .var/2s "i", 31 0;
S_0000022a5454d9b0 .scope module, "r_pc" "register_with_rst_and_en" 4 55, 9 13 0, S_0000022a5447a520;
 .timescale 0 0;
    .port_info 0 /INPUT 1 "clk";
    .port_info 1 /INPUT 1 "rst";
    .port_info 2 /INPUT 1 "en";
    .port_info 3 /INPUT 32 "d";
    .port_info 4 /OUTPUT 32 "q";
v0000022a544f8460_0 .net "clk", 0 0, v0000022a544fce80_0;  alias, 1 drivers
v0000022a544f7b00_0 .net "d", 31 0, L_0000022a544fbee0;  alias, 1 drivers
v0000022a544f95e0_0 .net "en", 0 0, L_0000022a544934b0;  1 drivers
v0000022a544f85a0_0 .var "q", 31 0;
v0000022a544f8500_0 .net "rst", 0 0, v0000022a544fcc00_0;  alias, 1 drivers
S_0000022a5454db40 .scope module, "sm_control" "sr_control" 4 152, 10 15 0, S_0000022a5447a520;
 .timescale 0 0;
    .port_info 0 /INPUT 7 "cmdOp";
    .port_info 1 /INPUT 3 "cmdF3";
    .port_info 2 /INPUT 7 "cmdF7";
    .port_info 3 /INPUT 1 "aluZero";
    .port_info 4 /OUTPUT 1 "pcSrc";
    .port_info 5 /OUTPUT 1 "regWrite";
    .port_info 6 /OUTPUT 1 "aluSrc";
    .port_info 7 /OUTPUT 1 "wdSrc";
    .port_info 8 /OUTPUT 3 "aluControl";
    .port_info 9 /OUTPUT 1 "mduStart";
    .port_info 10 /OUTPUT 1 "mduRes";
L_0000022a544932f0 .functor XNOR 1, L_0000022a544fd240, v0000022a544f8dc0_0, C4<0>, C4<0>;
L_0000022a544936e0 .functor AND 1, v0000022a544f77e0_0, L_0000022a544932f0, C4<1>, C4<1>;
v0000022a544f8aa0_0 .net *"_ivl_0", 0 0, L_0000022a544932f0;  1 drivers
v0000022a544f80a0_0 .var "aluControl", 2 0;
v0000022a544f7740_0 .var "aluSrc", 0 0;
v0000022a544f8be0_0 .net "aluZero", 0 0, L_0000022a544fd240;  alias, 1 drivers
v0000022a544f77e0_0 .var "branch", 0 0;
v0000022a544f7ce0_0 .net "cmdF3", 2 0, L_0000022a544fbd00;  alias, 1 drivers
v0000022a544f7c40_0 .net "cmdF7", 6 0, L_0000022a544fd560;  alias, 1 drivers
v0000022a544f8d20_0 .net "cmdOp", 6 0, L_0000022a544fcd40;  alias, 1 drivers
v0000022a544f8dc0_0 .var "condZero", 0 0;
v0000022a544f7880_0 .var "mduRes", 0 0;
v0000022a544f9220_0 .var "mduStart", 0 0;
v0000022a544f7d80_0 .net "pcSrc", 0 0, L_0000022a544936e0;  alias, 1 drivers
v0000022a544f7e20_0 .var "regWrite", 0 0;
v0000022a544f81e0_0 .var "wdSrc", 0 0;
E_0000022a544a02a0 .event anyedge, v0000022a544f8640_0, v0000022a544f8c80_0, v0000022a544f9180_0;
S_0000022a54473ae0 .scope module, "i_rom" "instruction_rom" 3 39, 11 13 0, S_0000022a5447a390;
 .timescale 0 0;
    .port_info 0 /INPUT 10 "a";
    .port_info 1 /OUTPUT 32 "rd";
P_0000022a544864a0 .param/l "ADDR_W" 0 11 16, +C4<00000000000000000000000000001010>;
P_0000022a544864d8 .param/l "SIZE" 0 11 15, +C4<00000000000000000000010000000000>;
L_0000022a54492f70 .functor BUFZ 32, L_0000022a544fca20, C4<00000000000000000000000000000000>, C4<00000000000000000000000000000000>, C4<00000000000000000000000000000000>;
v0000022a544f97f0_0 .net *"_ivl_0", 31 0, L_0000022a544fca20;  1 drivers
v0000022a544fb230_0 .net *"_ivl_2", 11 0, L_0000022a544fc200;  1 drivers
L_0000022a54558518 .functor BUFT 1, C4<00>, C4<0>, C4<0>, C4<0>;
v0000022a544f9890_0 .net *"_ivl_5", 1 0, L_0000022a54558518;  1 drivers
v0000022a544fa5b0_0 .net "a", 9 0, L_0000022a544fc7a0;  1 drivers
v0000022a544fa790_0 .net "rd", 31 0, L_0000022a54492f70;  alias, 1 drivers
v0000022a544fa8d0 .array "rom", 1023 0, 31 0;
L_0000022a544fca20 .array/port v0000022a544fa8d0, L_0000022a544fc200;
L_0000022a544fc200 .concat [ 10 2 0 0], L_0000022a544fc7a0, L_0000022a54558518;
    .scope S_0000022a5454d9b0;
T_0 ;
    %wait E_0000022a544a0320;
    %load/vec4 v0000022a544f8500_0;
    %flag_set/vec4 8;
    %jmp/0xz  T_0.0, 8;
    %pushi/vec4 0, 0, 32;
    %assign/vec4 v0000022a544f85a0_0, 0;
    %jmp T_0.1;
T_0.0 ;
    %load/vec4 v0000022a544f95e0_0;
    %flag_set/vec4 8;
    %jmp/0xz  T_0.2, 8;
    %load/vec4 v0000022a544f7b00_0;
    %assign/vec4 v0000022a544f85a0_0, 0;
T_0.2 ;
T_0.1 ;
    %jmp T_0;
    .thread T_0;
    .scope S_0000022a54464f80;
T_1 ;
Ewait_0 .event/or E_0000022a544a0260, E_0x0;
    %wait Ewait_0;
    %load/vec4 v0000022a544f8780_0;
    %parti/s 11, 20, 6;
    %ix/load 4, 0, 0;
    %flag_set/imm 4, 0;
    %store/vec4 v0000022a544f86e0_0, 4, 11;
    %load/vec4 v0000022a544f8780_0;
    %parti/s 1, 31, 6;
    %replicate 21;
    %ix/load 4, 11, 0;
    %flag_set/imm 4, 0;
    %store/vec4 v0000022a544f86e0_0, 4, 21;
    %jmp T_1;
    .thread T_1, $push;
    .scope S_0000022a54464f80;
T_2 ;
Ewait_1 .event/or E_0000022a544a0720, E_0x0;
    %wait Ewait_1;
    %pushi/vec4 0, 0, 1;
    %ix/load 4, 0, 0;
    %flag_set/imm 4, 0;
    %store/vec4 v0000022a544f7920_0, 4, 1;
    %load/vec4 v0000022a544f8780_0;
    %parti/s 4, 8, 5;
    %ix/load 4, 1, 0;
    %flag_set/imm 4, 0;
    %store/vec4 v0000022a544f7920_0, 4, 4;
    %load/vec4 v0000022a544f8780_0;
    %parti/s 6, 25, 6;
    %ix/load 4, 5, 0;
    %flag_set/imm 4, 0;
    %store/vec4 v0000022a544f7920_0, 4, 6;
    %load/vec4 v0000022a544f8780_0;
    %parti/s 1, 7, 4;
    %ix/load 4, 11, 0;
    %flag_set/imm 4, 0;
    %store/vec4 v0000022a544f7920_0, 4, 1;
    %load/vec4 v0000022a544f8780_0;
    %parti/s 1, 31, 6;
    %replicate 20;
    %ix/load 4, 12, 0;
    %flag_set/imm 4, 0;
    %store/vec4 v0000022a544f7920_0, 4, 20;
    %jmp T_2;
    .thread T_2, $push;
    .scope S_0000022a54464f80;
T_3 ;
Ewait_2 .event/or E_0000022a544a0220, E_0x0;
    %wait Ewait_2;
    %pushi/vec4 0, 0, 12;
    %ix/load 4, 0, 0;
    %flag_set/imm 4, 0;
    %store/vec4 v0000022a544f8fa0_0, 4, 12;
    %load/vec4 v0000022a544f8780_0;
    %parti/s 20, 12, 5;
    %ix/load 4, 12, 0;
    %flag_set/imm 4, 0;
    %store/vec4 v0000022a544f8fa0_0, 4, 20;
    %jmp T_3;
    .thread T_3, $push;
    .scope S_0000022a54477000;
T_4 ;
    %wait E_0000022a544a0320;
    %load/vec4 v0000022a544f92c0_0;
    %flag_set/vec4 8;
    %jmp/0xz  T_4.0, 8;
    %load/vec4 v0000022a544f9360_0;
    %load/vec4 v0000022a544985a0_0;
    %pad/u 7;
    %ix/vec4 3;
    %ix/load 4, 0, 0; Constant delay
    %assign/vec4/a/d v0000022a544f8280, 0, 4;
T_4.0 ;
    %jmp T_4;
    .thread T_4;
    .scope S_0000022a54476e70;
T_5 ;
Ewait_3 .event/or E_0000022a5449f020, E_0x0;
    %wait Ewait_3;
    %load/vec4 v0000022a54497560_0;
    %dup/vec4;
    %pushi/vec4 0, 0, 3;
    %cmp/u;
    %jmp/1 T_5.1, 6;
    %dup/vec4;
    %pushi/vec4 1, 0, 3;
    %cmp/u;
    %jmp/1 T_5.2, 6;
    %dup/vec4;
    %pushi/vec4 2, 0, 3;
    %cmp/u;
    %jmp/1 T_5.3, 6;
    %dup/vec4;
    %pushi/vec4 3, 0, 3;
    %cmp/u;
    %jmp/1 T_5.4, 6;
    %dup/vec4;
    %pushi/vec4 4, 0, 3;
    %cmp/u;
    %jmp/1 T_5.5, 6;
    %load/vec4 v0000022a54497380_0;
    %load/vec4 v0000022a54497600_0;
    %add;
    %store/vec4 v0000022a54497060_0, 0, 32;
    %jmp T_5.6;
T_5.1 ;
    %load/vec4 v0000022a54497380_0;
    %load/vec4 v0000022a54497600_0;
    %add;
    %store/vec4 v0000022a54497060_0, 0, 32;
    %jmp T_5.6;
T_5.2 ;
    %load/vec4 v0000022a54497380_0;
    %load/vec4 v0000022a54497600_0;
    %or;
    %store/vec4 v0000022a54497060_0, 0, 32;
    %jmp T_5.6;
T_5.3 ;
    %load/vec4 v0000022a54497380_0;
    %load/vec4 v0000022a54497600_0;
    %parti/s 5, 0, 2;
    %ix/vec4 4;
    %shiftr 4;
    %store/vec4 v0000022a54497060_0, 0, 32;
    %jmp T_5.6;
T_5.4 ;
    %load/vec4 v0000022a54497380_0;
    %load/vec4 v0000022a54497600_0;
    %cmp/u;
    %flag_mov 8, 5;
    %jmp/0 T_5.7, 8;
    %pushi/vec4 1, 0, 32;
    %jmp/1 T_5.8, 8;
T_5.7 ; End of true expr.
    %pushi/vec4 0, 0, 32;
    %jmp/0 T_5.8, 8;
 ; End of false expr.
    %blend;
T_5.8;
    %store/vec4 v0000022a54497060_0, 0, 32;
    %jmp T_5.6;
T_5.5 ;
    %load/vec4 v0000022a54497380_0;
    %load/vec4 v0000022a54497600_0;
    %sub;
    %store/vec4 v0000022a54497060_0, 0, 32;
    %jmp T_5.6;
T_5.6 ;
    %pop/vec4 1;
    %jmp T_5;
    .thread T_5, $push;
    .scope S_0000022a544497c0;
T_6 ;
    %wait E_0000022a544a0320;
    %load/vec4 v0000022a544f88c0_0;
    %ix/load 3, 0, 0;
    %flag_set/imm 4, 0;
    %ix/load 4, 0, 0; Constant delay
    %assign/vec4/a/d v0000022a544f9400, 0, 4;
    %fork t_1, S_0000022a54449950;
    %jmp t_0;
    .scope S_0000022a54449950;
t_1 ;
    %pushi/vec4 1, 0, 32;
    %store/vec4 v0000022a544f7a60_0, 0, 32;
T_6.0 ;
    %load/vec4 v0000022a544f7a60_0;
    %cmpi/s 2, 0, 32;
    %jmp/0xz T_6.1, 5;
    %load/vec4 v0000022a544f7a60_0;
    %subi 1, 0, 32;
    %ix/vec4/s 4;
    %load/vec4a v0000022a544f9400, 4;
    %ix/getv/s 3, v0000022a544f7a60_0;
    %ix/load 4, 0, 0; Constant delay
    %assign/vec4/a/d v0000022a544f9400, 0, 4;
    ; show_stmt_assign_vector: Get l-value for compressed += operand
    %load/vec4 v0000022a544f7a60_0;
    %pushi/vec4 1, 0, 32;
    %add;
    %cast2;
    %store/vec4 v0000022a544f7a60_0, 0, 32;
    %jmp T_6.0;
T_6.1 ;
    %end;
    .scope S_0000022a544497c0;
t_0 %join;
    %jmp T_6;
    .thread T_6;
    .scope S_0000022a544578b0;
T_7 ;
    %wait E_0000022a544a0320;
    %load/vec4 v0000022a544f8b40_0;
    %flag_set/vec4 8;
    %jmp/0xz  T_7.0, 8;
    %pushi/vec4 0, 0, 2;
    %assign/vec4 v0000022a544f9040_0, 0;
    %jmp T_7.1;
T_7.0 ;
    %load/vec4 v0000022a544f8a00_0;
    %ix/load 4, 0, 0;
    %ix/load 5, 0, 0;
    %flag_set/imm 4, 0;
    %assign/vec4/off/d v0000022a544f9040_0, 4, 5;
    %fork t_3, S_0000022a54457a40;
    %jmp t_2;
    .scope S_0000022a54457a40;
t_3 ;
    %pushi/vec4 1, 0, 32;
    %store/vec4 v0000022a544f8320_0, 0, 32;
T_7.2 ;
    %load/vec4 v0000022a544f8320_0;
    %cmpi/s 2, 0, 32;
    %jmp/0xz T_7.3, 5;
    %load/vec4 v0000022a544f9040_0;
    %load/vec4 v0000022a544f8320_0;
    %subi 1, 0, 32;
    %part/s 1;
    %ix/load 5, 0, 0;
    %ix/getv/s 4, v0000022a544f8320_0;
    %assign/vec4/off/d v0000022a544f9040_0, 4, 5;
    ; show_stmt_assign_vector: Get l-value for compressed += operand
    %load/vec4 v0000022a544f8320_0;
    %pushi/vec4 1, 0, 32;
    %add;
    %cast2;
    %store/vec4 v0000022a544f8320_0, 0, 32;
    %jmp T_7.2;
T_7.3 ;
    %end;
    .scope S_0000022a544578b0;
t_2 %join;
T_7.1 ;
    %jmp T_7;
    .thread T_7;
    .scope S_0000022a5454db40;
T_8 ;
Ewait_4 .event/or E_0000022a544a02a0, E_0x0;
    %wait Ewait_4;
    %pushi/vec4 0, 0, 1;
    %store/vec4 v0000022a544f77e0_0, 0, 1;
    %pushi/vec4 0, 0, 1;
    %store/vec4 v0000022a544f8dc0_0, 0, 1;
    %pushi/vec4 0, 0, 1;
    %store/vec4 v0000022a544f7e20_0, 0, 1;
    %pushi/vec4 0, 0, 1;
    %store/vec4 v0000022a544f7740_0, 0, 1;
    %pushi/vec4 0, 0, 1;
    %store/vec4 v0000022a544f81e0_0, 0, 1;
    %pushi/vec4 0, 0, 1;
    %store/vec4 v0000022a544f9220_0, 0, 1;
    %pushi/vec4 0, 0, 1;
    %store/vec4 v0000022a544f7880_0, 0, 1;
    %pushi/vec4 0, 0, 3;
    %store/vec4 v0000022a544f80a0_0, 0, 3;
    %load/vec4 v0000022a544f7c40_0;
    %load/vec4 v0000022a544f7ce0_0;
    %concat/vec4; draw_concat_vec4
    %load/vec4 v0000022a544f8d20_0;
    %concat/vec4; draw_concat_vec4
    %dup/vec4;
    %pushi/vec4 51, 0, 17;
    %cmp/z;
    %jmp/1 T_8.0, 4;
    %dup/vec4;
    %pushi/vec4 819, 0, 17;
    %cmp/z;
    %jmp/1 T_8.1, 4;
    %dup/vec4;
    %pushi/vec4 691, 0, 17;
    %cmp/z;
    %jmp/1 T_8.2, 4;
    %dup/vec4;
    %pushi/vec4 435, 0, 17;
    %cmp/z;
    %jmp/1 T_8.3, 4;
    %dup/vec4;
    %pushi/vec4 32819, 0, 17;
    %cmp/z;
    %jmp/1 T_8.4, 4;
    %dup/vec4;
    %pushi/vec4 1075, 0, 17;
    %cmp/z;
    %jmp/1 T_8.5, 4;
    %dup/vec4;
    %pushi/vec4 19, 130048, 17;
    %cmp/z;
    %jmp/1 T_8.6, 4;
    %dup/vec4;
    %pushi/vec4 55, 130944, 17;
    %cmp/z;
    %jmp/1 T_8.7, 4;
    %dup/vec4;
    %pushi/vec4 99, 130048, 17;
    %cmp/z;
    %jmp/1 T_8.8, 4;
    %dup/vec4;
    %pushi/vec4 227, 130048, 17;
    %cmp/z;
    %jmp/1 T_8.9, 4;
    %jmp T_8.10;
T_8.0 ;
    %pushi/vec4 1, 0, 1;
    %store/vec4 v0000022a544f7e20_0, 0, 1;
    %pushi/vec4 0, 0, 3;
    %store/vec4 v0000022a544f80a0_0, 0, 3;
    %jmp T_8.10;
T_8.1 ;
    %pushi/vec4 1, 0, 1;
    %store/vec4 v0000022a544f7e20_0, 0, 1;
    %pushi/vec4 1, 0, 3;
    %store/vec4 v0000022a544f80a0_0, 0, 3;
    %jmp T_8.10;
T_8.2 ;
    %pushi/vec4 1, 0, 1;
    %store/vec4 v0000022a544f7e20_0, 0, 1;
    %pushi/vec4 2, 0, 3;
    %store/vec4 v0000022a544f80a0_0, 0, 3;
    %jmp T_8.10;
T_8.3 ;
    %pushi/vec4 1, 0, 1;
    %store/vec4 v0000022a544f7e20_0, 0, 1;
    %pushi/vec4 3, 0, 3;
    %store/vec4 v0000022a544f80a0_0, 0, 3;
    %jmp T_8.10;
T_8.4 ;
    %pushi/vec4 1, 0, 1;
    %store/vec4 v0000022a544f7e20_0, 0, 1;
    %pushi/vec4 4, 0, 3;
    %store/vec4 v0000022a544f80a0_0, 0, 3;
    %jmp T_8.10;
T_8.5 ;
    %pushi/vec4 1, 0, 1;
    %store/vec4 v0000022a544f7e20_0, 0, 1;
    %pushi/vec4 1, 0, 1;
    %store/vec4 v0000022a544f9220_0, 0, 1;
    %pushi/vec4 1, 0, 1;
    %store/vec4 v0000022a544f7880_0, 0, 1;
    %jmp T_8.10;
T_8.6 ;
    %pushi/vec4 1, 0, 1;
    %store/vec4 v0000022a544f7e20_0, 0, 1;
    %pushi/vec4 1, 0, 1;
    %store/vec4 v0000022a544f7740_0, 0, 1;
    %pushi/vec4 0, 0, 3;
    %store/vec4 v0000022a544f80a0_0, 0, 3;
    %jmp T_8.10;
T_8.7 ;
    %pushi/vec4 1, 0, 1;
    %store/vec4 v0000022a544f7e20_0, 0, 1;
    %pushi/vec4 1, 0, 1;
    %store/vec4 v0000022a544f81e0_0, 0, 1;
    %jmp T_8.10;
T_8.8 ;
    %pushi/vec4 1, 0, 1;
    %store/vec4 v0000022a544f77e0_0, 0, 1;
    %pushi/vec4 1, 0, 1;
    %store/vec4 v0000022a544f8dc0_0, 0, 1;
    %pushi/vec4 4, 0, 3;
    %store/vec4 v0000022a544f80a0_0, 0, 3;
    %jmp T_8.10;
T_8.9 ;
    %pushi/vec4 1, 0, 1;
    %store/vec4 v0000022a544f77e0_0, 0, 1;
    %pushi/vec4 4, 0, 3;
    %store/vec4 v0000022a544f80a0_0, 0, 3;
    %jmp T_8.10;
T_8.10 ;
    %pop/vec4 1;
    %jmp T_8;
    .thread T_8, $push;
    .scope S_0000022a54473ae0;
T_9 ;
    %vpi_call/w 11 25 "$readmemh", "program.hex", v0000022a544fa8d0 {0 0 0};
    %end;
    .thread T_9;
    .scope S_0000022a5447a390;
T_10 ;
    %pushi/vec4 0, 0, 32;
    %store/vec4 v0000022a544fd100_0, 0, 32;
    %pushi/vec4 0, 0, 1;
    %store/vec4 v0000022a544fbf80_0, 0, 1;
    %end;
    .thread T_10, $init;
    .scope S_0000022a5447a390;
T_11 ;
    %pushi/vec4 0, 0, 1;
    %store/vec4 v0000022a544fce80_0, 0, 1;
T_11.0 ;
    %delay 5, 0;
    %load/vec4 v0000022a544fce80_0;
    %inv;
    %store/vec4 v0000022a544fce80_0, 0, 1;
    %jmp T_11.0;
    %end;
    .thread T_11;
    .scope S_0000022a5447a390;
T_12 ;
    %pushi/vec4 1, 1, 1;
    %assign/vec4 v0000022a544fcc00_0, 0;
    %pushi/vec4 2, 0, 32;
T_12.0 %dup/vec4;
    %pushi/vec4 0, 0, 32;
    %cmp/s;
    %jmp/1xz T_12.1, 5;
    %jmp/1 T_12.1, 4;
    %pushi/vec4 1, 0, 32;
    %sub;
    %wait E_0000022a544a0320;
    %jmp T_12.0;
T_12.1 ;
    %pop/vec4 1;
    %pushi/vec4 1, 0, 1;
    %assign/vec4 v0000022a544fcc00_0, 0;
    %pushi/vec4 2, 0, 32;
T_12.2 %dup/vec4;
    %pushi/vec4 0, 0, 32;
    %cmp/s;
    %jmp/1xz T_12.3, 5;
    %jmp/1 T_12.3, 4;
    %pushi/vec4 1, 0, 32;
    %sub;
    %wait E_0000022a544a0320;
    %jmp T_12.2;
T_12.3 ;
    %pop/vec4 1;
    %pushi/vec4 0, 0, 1;
    %assign/vec4 v0000022a544fcc00_0, 0;
    %end;
    .thread T_12;
    .scope S_0000022a5447a390;
T_13 ;
    %pushi/vec4 10, 0, 5;
    %assign/vec4 v0000022a544fc3e0_0, 0;
    %wait E_0000022a5449f0e0;
    %pushi/vec4 1000, 0, 32;
T_13.0 %dup/vec4;
    %pushi/vec4 0, 0, 32;
    %cmp/s;
    %jmp/1xz T_13.1, 5;
    %jmp/1 T_13.1, 4;
    %pushi/vec4 1, 0, 32;
    %sub;
    %wait E_0000022a544a0320;
    %load/vec4 v0000022a544fc520_0;
    %pushi/vec4 2178309, 0, 32;
    %cmp/e;
    %flag_get/vec4 4;
    %load/vec4 v0000022a544fc520_0;
    %pushi/vec4 479001600, 0, 32;
    %cmp/e;
    %flag_get/vec4 4;
    %or;
    %flag_set/vec4 8;
    %jmp/0xz  T_13.2, 8;
    %vpi_call/w 3 88 "$display", "%s PASS", "tb.sv" {0 0 0};
    %vpi_call/w 3 89 "$finish" {0 0 0};
T_13.2 ;
    %jmp T_13.0;
T_13.1 ;
    %pop/vec4 1;
    %vpi_call/w 3 93 "$display", "%s FAIL: none of expected register values occured", "tb.sv" {0 0 0};
    %vpi_call/w 3 96 "$finish" {0 0 0};
    %end;
    .thread T_13;
    .scope S_0000022a5447a390;
T_14 ;
    %wait E_0000022a544a0320;
    %vpi_call/w 3 109 "$write", "cycle %5d", v0000022a544fd100_0 {0 0 0};
    %load/vec4 v0000022a544fd100_0;
    %addi 1, 0, 32;
    %cast2;
    %assign/vec4 v0000022a544fd100_0, 0;
    %load/vec4 v0000022a544fcc00_0;
    %flag_set/vec4 8;
    %jmp/0xz  T_14.0, 8;
    %vpi_call/w 3 114 "$write", " rst" {0 0 0};
    %pushi/vec4 1, 0, 1;
    %assign/vec4 v0000022a544fbf80_0, 0;
    %jmp T_14.1;
T_14.0 ;
    %vpi_call/w 3 119 "$write", "    " {0 0 0};
T_14.1 ;
    %load/vec4 v0000022a544fc2a0_0;
    %load/vec4 v0000022a544fcf20_0;
    %cmp/ne;
    %jmp/0xz  T_14.2, 6;
    %vpi_call/w 3 123 "$write", " %h", v0000022a544fc2a0_0 {0 0 0};
    %jmp T_14.3;
T_14.2 ;
    %vpi_call/w 3 125 "$write", "         " {0 0 0};
T_14.3 ;
    %load/vec4 v0000022a544fbf80_0;
    %load/vec4 v0000022a544fcc00_0;
    %inv;
    %and;
    %vpi_func 3 127 "$isunknown" 1, v0000022a544fcca0_0 {0 0 0};
    %and;
    %flag_set/vec4 8;
    %jmp/0xz  T_14.4, 8;
    %vpi_call/w 3 129 "$display", "%s FAIL: fetched instruction at address %x contains Xs: %x", "tb.sv", v0000022a544fc2a0_0, v0000022a544fcca0_0 {0 0 0};
    %vpi_call/w 3 132 "$finish" {0 0 0};
T_14.4 ;
    %load/vec4 v0000022a544fc520_0;
    %load/vec4 v0000022a544fc340_0;
    %cmp/ne;
    %jmp/0xz  T_14.6, 6;
    %vpi_call/w 3 136 "$write", " %h", v0000022a544fc520_0 {0 0 0};
    %jmp T_14.7;
T_14.6 ;
    %vpi_call/w 3 138 "$write", "         " {0 0 0};
T_14.7 ;
    %load/vec4 v0000022a544fc2a0_0;
    %assign/vec4 v0000022a544fcf20_0, 0;
    %load/vec4 v0000022a544fc520_0;
    %assign/vec4 v0000022a544fc340_0, 0;
    %vpi_call/w 3 143 "$display" {0 0 0};
    %jmp T_14;
    .thread T_14;
# The file index is used to find the file name in the following table.
:file_names 12;
    "N/A";
    "<interactive>";
    "-";
    "tb.sv";
    "sr_cpu.sv";
    "sr_alu.sv";
    "sr_register_file.sv";
    "sr_decode.sv";
    "sr_mdu.sv";
    "register_with_rst_and_en.sv";
    "sr_control.sv";
    "instruction_rom.sv";
