#! /c/Source/iverilog-install/bin/vvp
:ivl_version "12.0 (devel)" "(s20150603-1539-g2693dd32b)";
:ivl_delay_selection "TYPICAL";
:vpi_time_precision + 0;
:vpi_module "C:\iverilog\lib\ivl\system.vpi";
:vpi_module "C:\iverilog\lib\ivl\vhdl_sys.vpi";
:vpi_module "C:\iverilog\lib\ivl\vhdl_textio.vpi";
:vpi_module "C:\iverilog\lib\ivl\v2005_math.vpi";
:vpi_module "C:\iverilog\lib\ivl\va_math.vpi";
:vpi_module "C:\iverilog\lib\ivl\v2009.vpi";
S_000001f9325ede70 .scope package, "$unit" "$unit" 2 1;
 .timescale 0 0;
S_000001f9325c3460 .scope module, "tb" "tb" 3 13;
 .timescale 0 0;
P_000001f9325d4910 .param/l "ADDR_W" 1 3 25, +C4<00000000000000000000000000001010>;
P_000001f9325d4948 .param/l "ROM_SIZE" 1 3 24, +C4<00000000000000000000010000000000>;
v000001f932649290_0 .var "clk", 0 0;
v000001f932649970_0 .var/2u "cycle", 31 0;
v000001f932648070_0 .net "imAddr", 31 0, L_000001f93264bd40;  1 drivers
v000001f932648110_0 .net "imData", 31 0, L_000001f9325e8550;  1 drivers
v000001f932648250_0 .var "prevImAddr", 31 0;
v000001f9326482f0_0 .var "prevRegData", 31 0;
v000001f932649a10_0 .var "regAddr", 4 0;
v000001f9326481b0_0 .net "regData", 31 0, L_000001f93264a120;  1 drivers
v000001f9326484d0_0 .var "rst", 0 0;
v000001f932648610_0 .var/2u "wasRst", 0 0;
E_000001f9325cf740 .event negedge, v000001f932641f10_0;
L_000001f93264ba20 .part L_000001f93264bd40, 0, 10;
S_000001f9325c35f0 .scope module, "cpu" "sr_cpu" 3 27, 4 15 0, S_000001f9325c3460;
 .timescale 0 0;
    .port_info 0 /INPUT 1 "clk";
    .port_info 1 /INPUT 1 "rst";
    .port_info 2 /OUTPUT 32 "imAddr";
    .port_info 3 /INPUT 32 "imData";
    .port_info 4 /INPUT 5 "regAddr";
    .port_info 5 /OUTPUT 32 "regData";
L_000001f9325e8a20 .functor BUFZ 32, L_000001f9325e8550, C4<00000000000000000000000000000000>, C4<00000000000000000000000000000000>, C4<00000000000000000000000000000000>;
v000001f932642550_0 .net *"_ivl_11", 0 0, L_000001f93264a6c0;  1 drivers
v000001f932642af0_0 .net *"_ivl_12", 31 0, L_000001f93264bc00;  1 drivers
v000001f932643310_0 .net *"_ivl_18", 29 0, L_000001f932649f40;  1 drivers
L_000001f9326e00d0 .functor BUFT 1, C4<00>, C4<0>, C4<0>, C4<0>;
v000001f932641790_0 .net *"_ivl_20", 1 0, L_000001f9326e00d0;  1 drivers
v000001f9326425f0_0 .net *"_ivl_27", 0 0, L_000001f93264a760;  1 drivers
v000001f9326427d0_0 .net *"_ivl_29", 0 0, L_000001f93264a9e0;  1 drivers
v000001f932642910_0 .net *"_ivl_30", 31 0, L_000001f93264a8a0;  1 drivers
L_000001f9326e04c0 .functor BUFT 1, C4<00000>, C4<0>, C4<0>, C4<0>;
v000001f932641830_0 .net/2u *"_ivl_34", 4 0, L_000001f9326e04c0;  1 drivers
v000001f9326418d0_0 .net *"_ivl_36", 0 0, L_000001f93264a080;  1 drivers
L_000001f9326e0088 .functor BUFT 1, C4<00000000000000000000000000000100>, C4<0>, C4<0>, C4<0>;
v000001f932641a10_0 .net/2u *"_ivl_4", 31 0, L_000001f9326e0088;  1 drivers
v000001f932642a50_0 .net *"_ivl_9", 0 0, L_000001f93264a580;  1 drivers
v000001f932649bf0_0 .net "aluControl", 2 0, v000001f932642ff0_0;  1 drivers
v000001f9326493d0_0 .net "aluResult", 31 0, v000001f9325e2c70_0;  1 drivers
v000001f932649790_0 .net "aluSrc", 0 0, v000001f932642c30_0;  1 drivers
v000001f932648e30_0 .net "aluZero", 0 0, L_000001f93264b660;  1 drivers
v000001f932649830_0 .net "clk", 0 0, v000001f932649290_0;  1 drivers
v000001f932648bb0_0 .net "cmdF3", 2 0, L_000001f93264b520;  1 drivers
v000001f932648ed0_0 .net "cmdF7", 6 0, L_000001f93264b2a0;  1 drivers
v000001f9326486b0_0 .net "cmdOp", 6 0, L_000001f93264a440;  1 drivers
v000001f932648930_0 .net "imAddr", 31 0, L_000001f93264bd40;  alias, 1 drivers
v000001f932649470_0 .net "imData", 31 0, L_000001f9325e8550;  alias, 1 drivers
v000001f932648390_0 .net "immB", 31 0, v000001f9326433b0_0;  1 drivers
v000001f932649650_0 .net "immI", 31 0, v000001f932642190_0;  1 drivers
v000001f932648cf0_0 .net "immJ", 31 0, v000001f932642730_0;  1 drivers
v000001f932648f70_0 .net "immU", 31 0, v000001f932641bf0_0;  1 drivers
v000001f932648750_0 .net "instr", 31 0, L_000001f9325e8a20;  1 drivers
v000001f932649c90_0 .net "pc", 31 0, v000001f932641e70_0;  1 drivers
v000001f9326487f0_0 .net "pcBranch", 31 0, L_000001f93264b020;  1 drivers
v000001f932649dd0_0 .net "pcJump", 31 0, L_000001f93264b200;  1 drivers
v000001f932648570_0 .net "pcNext", 31 0, L_000001f93264bca0;  1 drivers
v000001f932649010_0 .net "pcPlus4", 31 0, L_000001f93264aa80;  1 drivers
v000001f932649ab0_0 .net "pcSrc", 1 0, L_000001f93264ae40;  1 drivers
v000001f9326495b0_0 .net "rd", 4 0, L_000001f93264b7a0;  1 drivers
v000001f932648c50_0 .net "rd0", 31 0, L_000001f93264a800;  1 drivers
v000001f932649510_0 .net "rd1", 31 0, L_000001f93264bb60;  1 drivers
v000001f9326496f0_0 .net "rd2", 31 0, L_000001f932649fe0;  1 drivers
v000001f9326490b0_0 .net "regAddr", 4 0, v000001f932649a10_0;  1 drivers
v000001f932649b50_0 .net "regData", 31 0, L_000001f93264a120;  alias, 1 drivers
v000001f932648430_0 .net "regWrite", 0 0, v000001f932643590_0;  1 drivers
v000001f9326489d0_0 .net "rs1", 4 0, L_000001f93264a4e0;  1 drivers
v000001f932648d90_0 .net "rs2", 4 0, L_000001f93264a1c0;  1 drivers
v000001f932649d30_0 .net "rst", 0 0, v000001f9326484d0_0;  1 drivers
v000001f932648890_0 .net "srcB", 31 0, L_000001f93264ada0;  1 drivers
v000001f932648a70_0 .net "wd3", 31 0, L_000001f93264aee0;  1 drivers
v000001f932647f30_0 .net "wdSrc", 1 0, v000001f9326424b0_0;  1 drivers
L_000001f93264b020 .arith/sum 32, v000001f932641e70_0, v000001f9326433b0_0;
L_000001f93264b200 .arith/sum 32, v000001f932641e70_0, v000001f932642730_0;
L_000001f93264aa80 .arith/sum 32, v000001f932641e70_0, L_000001f9326e0088;
L_000001f93264a580 .part L_000001f93264ae40, 0, 1;
L_000001f93264a6c0 .part L_000001f93264ae40, 1, 1;
L_000001f93264bc00 .functor MUXZ 32, L_000001f93264aa80, L_000001f93264b200, L_000001f93264a6c0, C4<>;
L_000001f93264bca0 .functor MUXZ 32, L_000001f93264bc00, L_000001f93264b020, L_000001f93264a580, C4<>;
L_000001f932649f40 .part v000001f932641e70_0, 2, 30;
L_000001f93264bd40 .concat [ 30 2 0 0], L_000001f932649f40, L_000001f9326e00d0;
L_000001f93264ada0 .functor MUXZ 32, L_000001f932649fe0, v000001f932642190_0, v000001f932642c30_0, C4<>;
L_000001f93264a760 .part v000001f9326424b0_0, 0, 1;
L_000001f93264a9e0 .part v000001f9326424b0_0, 1, 1;
L_000001f93264a8a0 .functor MUXZ 32, v000001f9325e2c70_0, L_000001f93264aa80, L_000001f93264a9e0, C4<>;
L_000001f93264aee0 .functor MUXZ 32, L_000001f93264a8a0, v000001f932641bf0_0, L_000001f93264a760, C4<>;
L_000001f93264a080 .cmp/ne 5, v000001f932649a10_0, L_000001f9326e04c0;
L_000001f93264a120 .functor MUXZ 32, v000001f932641e70_0, L_000001f93264a800, L_000001f93264a080, C4<>;
S_000001f9325bdf30 .scope module, "alu" "sr_alu" 4 110, 5 15 0, S_000001f9325c35f0;
 .timescale 0 0;
    .port_info 0 /INPUT 32 "srcA";
    .port_info 1 /INPUT 32 "srcB";
    .port_info 2 /INPUT 3 "oper";
    .port_info 3 /OUTPUT 1 "zero";
    .port_info 4 /OUTPUT 32 "result";
L_000001f9326e0478 .functor BUFT 1, C4<00000000000000000000000000000000>, C4<0>, C4<0>, C4<0>;
v000001f9325e28b0_0 .net/2u *"_ivl_0", 31 0, L_000001f9326e0478;  1 drivers
v000001f9325e2ef0_0 .net "oper", 2 0, v000001f932642ff0_0;  alias, 1 drivers
v000001f9325e2c70_0 .var "result", 31 0;
v000001f9325e30d0_0 .net "srcA", 31 0, L_000001f93264bb60;  alias, 1 drivers
v000001f9325e2630_0 .net "srcB", 31 0, L_000001f93264ada0;  alias, 1 drivers
v000001f9325e2d10_0 .net "zero", 0 0, L_000001f93264b660;  alias, 1 drivers
E_000001f9325d01c0 .event anyedge, v000001f9325e2ef0_0, v000001f9325e30d0_0, v000001f9325e2630_0, v000001f9325e2630_0;
L_000001f93264b660 .cmp/eq 32, v000001f9325e2c70_0, L_000001f9326e0478;
S_000001f9325be0c0 .scope module, "i_rf" "sr_register_file" 4 91, 6 15 0, S_000001f9325c35f0;
 .timescale 0 0;
    .port_info 0 /INPUT 1 "clk";
    .port_info 1 /INPUT 5 "a0";
    .port_info 2 /INPUT 5 "a1";
    .port_info 3 /INPUT 5 "a2";
    .port_info 4 /INPUT 5 "a3";
    .port_info 5 /OUTPUT 32 "rd0";
    .port_info 6 /OUTPUT 32 "rd1";
    .port_info 7 /OUTPUT 32 "rd2";
    .port_info 8 /INPUT 32 "wd3";
    .port_info 9 /INPUT 1 "we3";
v000001f9325e2a90_0 .net *"_ivl_0", 31 0, L_000001f93264b840;  1 drivers
v000001f9325e3850_0 .net *"_ivl_10", 6 0, L_000001f93264abc0;  1 drivers
L_000001f9326e01a8 .functor BUFT 1, C4<00>, C4<0>, C4<0>, C4<0>;
v000001f9325e3e90_0 .net *"_ivl_13", 1 0, L_000001f9326e01a8;  1 drivers
L_000001f9326e01f0 .functor BUFT 1, C4<00000000000000000000000000000000>, C4<0>, C4<0>, C4<0>;
v000001f9325e3710_0 .net/2u *"_ivl_14", 31 0, L_000001f9326e01f0;  1 drivers
v000001f9325e2590_0 .net *"_ivl_18", 31 0, L_000001f93264ab20;  1 drivers
L_000001f9326e0238 .functor BUFT 1, C4<000000000000000000000000000>, C4<0>, C4<0>, C4<0>;
v000001f9325e2db0_0 .net *"_ivl_21", 26 0, L_000001f9326e0238;  1 drivers
L_000001f9326e0280 .functor BUFT 1, C4<00000000000000000000000000000000>, C4<0>, C4<0>, C4<0>;
v000001f9325e2f90_0 .net/2u *"_ivl_22", 31 0, L_000001f9326e0280;  1 drivers
v000001f9325e23b0_0 .net *"_ivl_24", 0 0, L_000001f93264b700;  1 drivers
v000001f9325e3490_0 .net *"_ivl_26", 31 0, L_000001f93264a300;  1 drivers
v000001f9325e35d0_0 .net *"_ivl_28", 6 0, L_000001f93264b340;  1 drivers
L_000001f9326e0118 .functor BUFT 1, C4<000000000000000000000000000>, C4<0>, C4<0>, C4<0>;
v000001f9325e3670_0 .net *"_ivl_3", 26 0, L_000001f9326e0118;  1 drivers
L_000001f9326e02c8 .functor BUFT 1, C4<00>, C4<0>, C4<0>, C4<0>;
v000001f9325e2950_0 .net *"_ivl_31", 1 0, L_000001f9326e02c8;  1 drivers
L_000001f9326e0310 .functor BUFT 1, C4<00000000000000000000000000000000>, C4<0>, C4<0>, C4<0>;
v000001f9325e3f30_0 .net/2u *"_ivl_32", 31 0, L_000001f9326e0310;  1 drivers
v000001f9325e3170_0 .net *"_ivl_36", 31 0, L_000001f93264bac0;  1 drivers
L_000001f9326e0358 .functor BUFT 1, C4<000000000000000000000000000>, C4<0>, C4<0>, C4<0>;
v000001f9325e3210_0 .net *"_ivl_39", 26 0, L_000001f9326e0358;  1 drivers
L_000001f9326e0160 .functor BUFT 1, C4<00000000000000000000000000000000>, C4<0>, C4<0>, C4<0>;
v000001f9325e32b0_0 .net/2u *"_ivl_4", 31 0, L_000001f9326e0160;  1 drivers
L_000001f9326e03a0 .functor BUFT 1, C4<00000000000000000000000000000000>, C4<0>, C4<0>, C4<0>;
v000001f9325e3350_0 .net/2u *"_ivl_40", 31 0, L_000001f9326e03a0;  1 drivers
v000001f9325e3fd0_0 .net *"_ivl_42", 0 0, L_000001f93264ac60;  1 drivers
v000001f9325e4070_0 .net *"_ivl_44", 31 0, L_000001f93264b5c0;  1 drivers
v000001f9325e37b0_0 .net *"_ivl_46", 6 0, L_000001f93264ad00;  1 drivers
L_000001f9326e03e8 .functor BUFT 1, C4<00>, C4<0>, C4<0>, C4<0>;
v000001f9325e3530_0 .net *"_ivl_49", 1 0, L_000001f9326e03e8;  1 drivers
L_000001f9326e0430 .functor BUFT 1, C4<00000000000000000000000000000000>, C4<0>, C4<0>, C4<0>;
v000001f9325e38f0_0 .net/2u *"_ivl_50", 31 0, L_000001f9326e0430;  1 drivers
v000001f9325e3990_0 .net *"_ivl_6", 0 0, L_000001f93264bde0;  1 drivers
v000001f9325e3a30_0 .net *"_ivl_8", 31 0, L_000001f93264a620;  1 drivers
v000001f9325e3ad0_0 .net "a0", 4 0, v000001f932649a10_0;  alias, 1 drivers
v000001f9325e3b70_0 .net "a1", 4 0, L_000001f93264a4e0;  alias, 1 drivers
v000001f9325e3c10_0 .net "a2", 4 0, L_000001f93264a1c0;  alias, 1 drivers
v000001f9325e2270_0 .net "a3", 4 0, L_000001f93264b7a0;  alias, 1 drivers
v000001f9325e2310_0 .net "clk", 0 0, v000001f932649290_0;  alias, 1 drivers
v000001f9326420f0_0 .net "rd0", 31 0, L_000001f93264a800;  alias, 1 drivers
v000001f932642b90_0 .net "rd1", 31 0, L_000001f93264bb60;  alias, 1 drivers
v000001f932641b50_0 .net "rd2", 31 0, L_000001f932649fe0;  alias, 1 drivers
v000001f932642e10 .array "rf", 31 0, 31 0;
v000001f9326416f0_0 .net "wd3", 31 0, L_000001f93264aee0;  alias, 1 drivers
v000001f932641dd0_0 .net "we3", 0 0, v000001f932643590_0;  alias, 1 drivers
E_000001f9325cf440 .event posedge, v000001f9325e2310_0;
L_000001f93264b840 .concat [ 5 27 0 0], v000001f932649a10_0, L_000001f9326e0118;
L_000001f93264bde0 .cmp/ne 32, L_000001f93264b840, L_000001f9326e0160;
L_000001f93264a620 .array/port v000001f932642e10, L_000001f93264abc0;
L_000001f93264abc0 .concat [ 5 2 0 0], v000001f932649a10_0, L_000001f9326e01a8;
L_000001f93264a800 .functor MUXZ 32, L_000001f9326e01f0, L_000001f93264a620, L_000001f93264bde0, C4<>;
L_000001f93264ab20 .concat [ 5 27 0 0], L_000001f93264a4e0, L_000001f9326e0238;
L_000001f93264b700 .cmp/ne 32, L_000001f93264ab20, L_000001f9326e0280;
L_000001f93264a300 .array/port v000001f932642e10, L_000001f93264b340;
L_000001f93264b340 .concat [ 5 2 0 0], L_000001f93264a4e0, L_000001f9326e02c8;
L_000001f93264bb60 .functor MUXZ 32, L_000001f9326e0310, L_000001f93264a300, L_000001f93264b700, C4<>;
L_000001f93264bac0 .concat [ 5 27 0 0], L_000001f93264a1c0, L_000001f9326e0358;
L_000001f93264ac60 .cmp/ne 32, L_000001f93264bac0, L_000001f9326e03a0;
L_000001f93264b5c0 .array/port v000001f932642e10, L_000001f93264ad00;
L_000001f93264ad00 .concat [ 5 2 0 0], L_000001f93264a1c0, L_000001f9326e03e8;
L_000001f932649fe0 .functor MUXZ 32, L_000001f9326e0430, L_000001f93264b5c0, L_000001f93264ac60, C4<>;
S_000001f9325a62a0 .scope module, "id" "sr_decode" 4 69, 7 15 0, S_000001f9325c35f0;
 .timescale 0 0;
    .port_info 0 /INPUT 32 "instr";
    .port_info 1 /OUTPUT 7 "cmdOp";
    .port_info 2 /OUTPUT 5 "rd";
    .port_info 3 /OUTPUT 3 "cmdF3";
    .port_info 4 /OUTPUT 5 "rs1";
    .port_info 5 /OUTPUT 5 "rs2";
    .port_info 6 /OUTPUT 7 "cmdF7";
    .port_info 7 /OUTPUT 32 "immI";
    .port_info 8 /OUTPUT 32 "immB";
    .port_info 9 /OUTPUT 32 "immU";
    .port_info 10 /OUTPUT 32 "immJ";
v000001f932642eb0_0 .net "cmdF3", 2 0, L_000001f93264b520;  alias, 1 drivers
v000001f932641970_0 .net "cmdF7", 6 0, L_000001f93264b2a0;  alias, 1 drivers
v000001f932641ab0_0 .net "cmdOp", 6 0, L_000001f93264a440;  alias, 1 drivers
v000001f9326433b0_0 .var "immB", 31 0;
v000001f932642190_0 .var "immI", 31 0;
v000001f932642730_0 .var "immJ", 31 0;
v000001f932641bf0_0 .var "immU", 31 0;
v000001f932642230_0 .net "instr", 31 0, L_000001f9325e8a20;  alias, 1 drivers
v000001f932642870_0 .net "rd", 4 0, L_000001f93264b7a0;  alias, 1 drivers
v000001f932641d30_0 .net "rs1", 4 0, L_000001f93264a4e0;  alias, 1 drivers
v000001f932642f50_0 .net "rs2", 4 0, L_000001f93264a1c0;  alias, 1 drivers
E_000001f9325cf7c0 .event anyedge, v000001f932642230_0, v000001f932642230_0, v000001f932642230_0, v000001f932642230_0;
E_000001f9325cf500 .event anyedge, v000001f932642230_0;
E_000001f9325cf540 .event anyedge, v000001f932642230_0, v000001f932642230_0;
L_000001f93264a440 .part L_000001f9325e8a20, 0, 7;
L_000001f93264b7a0 .part L_000001f9325e8a20, 7, 5;
L_000001f93264b520 .part L_000001f9325e8a20, 12, 3;
L_000001f93264a4e0 .part L_000001f9325e8a20, 15, 5;
L_000001f93264a1c0 .part L_000001f9325e8a20, 20, 5;
L_000001f93264b2a0 .part L_000001f9325e8a20, 25, 7;
S_000001f932599650 .scope module, "r_pc" "register_with_rst" 4 60, 8 13 0, S_000001f9325c35f0;
 .timescale 0 0;
    .port_info 0 /INPUT 1 "clk";
    .port_info 1 /INPUT 1 "rst";
    .port_info 2 /INPUT 32 "d";
    .port_info 3 /OUTPUT 32 "q";
v000001f932641c90_0 .net "clk", 0 0, v000001f932649290_0;  alias, 1 drivers
v000001f9326431d0_0 .net "d", 31 0, L_000001f93264bca0;  alias, 1 drivers
v000001f932641e70_0 .var "q", 31 0;
v000001f932641f10_0 .net "rst", 0 0, v000001f9326484d0_0;  alias, 1 drivers
S_000001f9325997e0 .scope module, "sm_control" "sr_control" 4 126, 9 15 0, S_000001f9325c35f0;
 .timescale 0 0;
    .port_info 0 /INPUT 7 "cmdOp";
    .port_info 1 /INPUT 3 "cmdF3";
    .port_info 2 /INPUT 7 "cmdF7";
    .port_info 3 /INPUT 1 "aluZero";
    .port_info 4 /OUTPUT 2 "pcSrc";
    .port_info 5 /OUTPUT 1 "regWrite";
    .port_info 6 /OUTPUT 1 "aluSrc";
    .port_info 7 /OUTPUT 2 "wdSrc";
    .port_info 8 /OUTPUT 3 "aluControl";
L_000001f9325e86a0 .functor XNOR 1, L_000001f93264b660, v000001f932643450_0, C4<0>, C4<0>;
L_000001f9325e8710 .functor AND 1, v000001f932642d70_0, L_000001f9325e86a0, C4<1>, C4<1>;
v000001f932641fb0_0 .net *"_ivl_0", 0 0, L_000001f93264af80;  1 drivers
v000001f9326429b0_0 .net *"_ivl_10", 0 0, L_000001f9325e8710;  1 drivers
v000001f9326434f0_0 .net *"_ivl_12", 1 0, L_000001f93264b0c0;  1 drivers
v000001f932642050_0 .net *"_ivl_2", 0 0, L_000001f93264a940;  1 drivers
v000001f932642cd0_0 .net *"_ivl_8", 0 0, L_000001f9325e86a0;  1 drivers
v000001f932642ff0_0 .var "aluControl", 2 0;
v000001f932642c30_0 .var "aluSrc", 0 0;
v000001f932642690_0 .net "aluZero", 0 0, L_000001f93264b660;  alias, 1 drivers
v000001f932642d70_0 .var "branch", 0 0;
v000001f932643270_0 .net "cmdF3", 2 0, L_000001f93264b520;  alias, 1 drivers
v000001f932642370_0 .net "cmdF7", 6 0, L_000001f93264b2a0;  alias, 1 drivers
v000001f932642410_0 .net "cmdOp", 6 0, L_000001f93264a440;  alias, 1 drivers
v000001f932643450_0 .var "condZero", 0 0;
v000001f932643090_0 .var "jump", 0 0;
v000001f932643130_0 .net "pcSrc", 1 0, L_000001f93264ae40;  alias, 1 drivers
v000001f932643590_0 .var "regWrite", 0 0;
v000001f9326424b0_0 .var "wdSrc", 1 0;
E_000001f9325cf600 .event anyedge, v000001f932641970_0, v000001f932642eb0_0, v000001f932641ab0_0;
L_000001f93264ae40 .concat8 [ 1 1 0 0], L_000001f93264af80, L_000001f93264a940;
L_000001f93264af80 .part L_000001f93264b0c0, 1, 1;
L_000001f93264a940 .part L_000001f93264b0c0, 0, 1;
L_000001f93264b0c0 .concat [ 1 1 0 0], v000001f932643090_0, L_000001f9325e8710;
S_000001f9326de280 .scope module, "i_rom" "instruction_rom" 3 39, 10 13 0, S_000001f9325c3460;
 .timescale 0 0;
    .port_info 0 /INPUT 10 "a";
    .port_info 1 /OUTPUT 32 "rd";
P_000001f9325d4990 .param/l "ADDR_W" 0 10 16, +C4<00000000000000000000000000001010>;
P_000001f9325d49c8 .param/l "SIZE" 0 10 15, +C4<00000000000000000000010000000000>;
L_000001f9325e8550 .functor BUFZ 32, L_000001f93264b8e0, C4<00000000000000000000000000000000>, C4<00000000000000000000000000000000>, C4<00000000000000000000000000000000>;
v000001f932648b10_0 .net *"_ivl_0", 31 0, L_000001f93264b8e0;  1 drivers
v000001f932649330_0 .net *"_ivl_2", 11 0, L_000001f93264b160;  1 drivers
L_000001f9326e0508 .functor BUFT 1, C4<00>, C4<0>, C4<0>, C4<0>;
v000001f932649150_0 .net *"_ivl_5", 1 0, L_000001f9326e0508;  1 drivers
v000001f932647fd0_0 .net "a", 9 0, L_000001f93264ba20;  1 drivers
v000001f9326491f0_0 .net "rd", 31 0, L_000001f9325e8550;  alias, 1 drivers
v000001f9326498d0 .array "rom", 1023 0, 31 0;
L_000001f93264b8e0 .array/port v000001f9326498d0, L_000001f93264b160;
L_000001f93264b160 .concat [ 10 2 0 0], L_000001f93264ba20, L_000001f9326e0508;
    .scope S_000001f932599650;
T_0 ;
    %wait E_000001f9325cf440;
    %load/vec4 v000001f932641f10_0;
    %flag_set/vec4 8;
    %jmp/0xz  T_0.0, 8;
    %pushi/vec4 0, 0, 32;
    %assign/vec4 v000001f932641e70_0, 0;
    %jmp T_0.1;
T_0.0 ;
    %load/vec4 v000001f9326431d0_0;
    %assign/vec4 v000001f932641e70_0, 0;
T_0.1 ;
    %jmp T_0;
    .thread T_0;
    .scope S_000001f9325a62a0;
T_1 ;
Ewait_0 .event/or E_000001f9325cf540, E_0x0;
    %wait Ewait_0;
    %load/vec4 v000001f932642230_0;
    %parti/s 11, 20, 6;
    %ix/load 4, 0, 0;
    %flag_set/imm 4, 0;
    %store/vec4 v000001f932642190_0, 4, 11;
    %load/vec4 v000001f932642230_0;
    %parti/s 1, 31, 6;
    %replicate 21;
    %ix/load 4, 11, 0;
    %flag_set/imm 4, 0;
    %store/vec4 v000001f932642190_0, 4, 21;
    %jmp T_1;
    .thread T_1, $push;
    .scope S_000001f9325a62a0;
T_2 ;
Ewait_1 .event/or E_000001f9325cf7c0, E_0x0;
    %wait Ewait_1;
    %pushi/vec4 0, 0, 1;
    %ix/load 4, 0, 0;
    %flag_set/imm 4, 0;
    %store/vec4 v000001f9326433b0_0, 4, 1;
    %load/vec4 v000001f932642230_0;
    %parti/s 4, 8, 5;
    %ix/load 4, 1, 0;
    %flag_set/imm 4, 0;
    %store/vec4 v000001f9326433b0_0, 4, 4;
    %load/vec4 v000001f932642230_0;
    %parti/s 6, 25, 6;
    %ix/load 4, 5, 0;
    %flag_set/imm 4, 0;
    %store/vec4 v000001f9326433b0_0, 4, 6;
    %load/vec4 v000001f932642230_0;
    %parti/s 1, 7, 4;
    %ix/load 4, 11, 0;
    %flag_set/imm 4, 0;
    %store/vec4 v000001f9326433b0_0, 4, 1;
    %load/vec4 v000001f932642230_0;
    %parti/s 1, 31, 6;
    %replicate 20;
    %ix/load 4, 12, 0;
    %flag_set/imm 4, 0;
    %store/vec4 v000001f9326433b0_0, 4, 20;
    %jmp T_2;
    .thread T_2, $push;
    .scope S_000001f9325a62a0;
T_3 ;
Ewait_2 .event/or E_000001f9325cf500, E_0x0;
    %wait Ewait_2;
    %pushi/vec4 0, 0, 12;
    %ix/load 4, 0, 0;
    %flag_set/imm 4, 0;
    %store/vec4 v000001f932641bf0_0, 4, 12;
    %load/vec4 v000001f932642230_0;
    %parti/s 20, 12, 5;
    %ix/load 4, 12, 0;
    %flag_set/imm 4, 0;
    %store/vec4 v000001f932641bf0_0, 4, 20;
    %jmp T_3;
    .thread T_3, $push;
    .scope S_000001f9325a62a0;
T_4 ;
Ewait_3 .event/or E_000001f9325cf7c0, E_0x0;
    %wait Ewait_3;
    %pushi/vec4 0, 0, 1;
    %ix/load 4, 0, 0;
    %flag_set/imm 4, 0;
    %store/vec4 v000001f932642730_0, 4, 1;
    %load/vec4 v000001f932642230_0;
    %parti/s 10, 21, 6;
    %ix/load 4, 1, 0;
    %flag_set/imm 4, 0;
    %store/vec4 v000001f932642730_0, 4, 10;
    %load/vec4 v000001f932642230_0;
    %parti/s 1, 20, 6;
    %ix/load 4, 11, 0;
    %flag_set/imm 4, 0;
    %store/vec4 v000001f932642730_0, 4, 1;
    %load/vec4 v000001f932642230_0;
    %parti/s 8, 12, 5;
    %ix/load 4, 12, 0;
    %flag_set/imm 4, 0;
    %store/vec4 v000001f932642730_0, 4, 8;
    %load/vec4 v000001f932642230_0;
    %parti/s 1, 31, 6;
    %replicate 12;
    %ix/load 4, 20, 0;
    %flag_set/imm 4, 0;
    %store/vec4 v000001f932642730_0, 4, 12;
    %jmp T_4;
    .thread T_4, $push;
    .scope S_000001f9325be0c0;
T_5 ;
    %wait E_000001f9325cf440;
    %load/vec4 v000001f932641dd0_0;
    %flag_set/vec4 8;
    %jmp/0xz  T_5.0, 8;
    %load/vec4 v000001f9326416f0_0;
    %load/vec4 v000001f9325e2270_0;
    %pad/u 7;
    %ix/vec4 3;
    %ix/load 4, 0, 0; Constant delay
    %assign/vec4/a/d v000001f932642e10, 0, 4;
T_5.0 ;
    %jmp T_5;
    .thread T_5;
    .scope S_000001f9325bdf30;
T_6 ;
Ewait_4 .event/or E_000001f9325d01c0, E_0x0;
    %wait Ewait_4;
    %load/vec4 v000001f9325e2ef0_0;
    %dup/vec4;
    %pushi/vec4 0, 0, 3;
    %cmp/u;
    %jmp/1 T_6.1, 6;
    %dup/vec4;
    %pushi/vec4 1, 0, 3;
    %cmp/u;
    %jmp/1 T_6.2, 6;
    %dup/vec4;
    %pushi/vec4 2, 0, 3;
    %cmp/u;
    %jmp/1 T_6.3, 6;
    %dup/vec4;
    %pushi/vec4 3, 0, 3;
    %cmp/u;
    %jmp/1 T_6.4, 6;
    %dup/vec4;
    %pushi/vec4 4, 0, 3;
    %cmp/u;
    %jmp/1 T_6.5, 6;
    %load/vec4 v000001f9325e30d0_0;
    %load/vec4 v000001f9325e2630_0;
    %add;
    %store/vec4 v000001f9325e2c70_0, 0, 32;
    %jmp T_6.6;
T_6.1 ;
    %load/vec4 v000001f9325e30d0_0;
    %load/vec4 v000001f9325e2630_0;
    %add;
    %store/vec4 v000001f9325e2c70_0, 0, 32;
    %jmp T_6.6;
T_6.2 ;
    %load/vec4 v000001f9325e30d0_0;
    %load/vec4 v000001f9325e2630_0;
    %or;
    %store/vec4 v000001f9325e2c70_0, 0, 32;
    %jmp T_6.6;
T_6.3 ;
    %load/vec4 v000001f9325e30d0_0;
    %load/vec4 v000001f9325e2630_0;
    %parti/s 5, 0, 2;
    %ix/vec4 4;
    %shiftr 4;
    %store/vec4 v000001f9325e2c70_0, 0, 32;
    %jmp T_6.6;
T_6.4 ;
    %load/vec4 v000001f9325e30d0_0;
    %load/vec4 v000001f9325e2630_0;
    %cmp/u;
    %flag_mov 8, 5;
    %jmp/0 T_6.7, 8;
    %pushi/vec4 1, 0, 32;
    %jmp/1 T_6.8, 8;
T_6.7 ; End of true expr.
    %pushi/vec4 0, 0, 32;
    %jmp/0 T_6.8, 8;
 ; End of false expr.
    %blend;
T_6.8;
    %store/vec4 v000001f9325e2c70_0, 0, 32;
    %jmp T_6.6;
T_6.5 ;
    %load/vec4 v000001f9325e30d0_0;
    %load/vec4 v000001f9325e2630_0;
    %sub;
    %store/vec4 v000001f9325e2c70_0, 0, 32;
    %jmp T_6.6;
T_6.6 ;
    %pop/vec4 1;
    %jmp T_6;
    .thread T_6, $push;
    .scope S_000001f9325997e0;
T_7 ;
Ewait_5 .event/or E_000001f9325cf600, E_0x0;
    %wait Ewait_5;
    %pushi/vec4 0, 0, 1;
    %store/vec4 v000001f932642d70_0, 0, 1;
    %pushi/vec4 0, 0, 1;
    %store/vec4 v000001f932643090_0, 0, 1;
    %pushi/vec4 0, 0, 1;
    %store/vec4 v000001f932643450_0, 0, 1;
    %pushi/vec4 0, 0, 1;
    %store/vec4 v000001f932643590_0, 0, 1;
    %pushi/vec4 0, 0, 1;
    %store/vec4 v000001f932642c30_0, 0, 1;
    %pushi/vec4 0, 0, 2;
    %store/vec4 v000001f9326424b0_0, 0, 2;
    %pushi/vec4 0, 0, 3;
    %store/vec4 v000001f932642ff0_0, 0, 3;
    %load/vec4 v000001f932642370_0;
    %load/vec4 v000001f932643270_0;
    %concat/vec4; draw_concat_vec4
    %load/vec4 v000001f932642410_0;
    %concat/vec4; draw_concat_vec4
    %dup/vec4;
    %pushi/vec4 51, 0, 17;
    %cmp/z;
    %jmp/1 T_7.0, 4;
    %dup/vec4;
    %pushi/vec4 819, 0, 17;
    %cmp/z;
    %jmp/1 T_7.1, 4;
    %dup/vec4;
    %pushi/vec4 691, 0, 17;
    %cmp/z;
    %jmp/1 T_7.2, 4;
    %dup/vec4;
    %pushi/vec4 435, 0, 17;
    %cmp/z;
    %jmp/1 T_7.3, 4;
    %dup/vec4;
    %pushi/vec4 32819, 0, 17;
    %cmp/z;
    %jmp/1 T_7.4, 4;
    %dup/vec4;
    %pushi/vec4 19, 130048, 17;
    %cmp/z;
    %jmp/1 T_7.5, 4;
    %dup/vec4;
    %pushi/vec4 55, 130944, 17;
    %cmp/z;
    %jmp/1 T_7.6, 4;
    %dup/vec4;
    %pushi/vec4 111, 130944, 17;
    %cmp/z;
    %jmp/1 T_7.7, 4;
    %dup/vec4;
    %pushi/vec4 99, 130048, 17;
    %cmp/z;
    %jmp/1 T_7.8, 4;
    %dup/vec4;
    %pushi/vec4 227, 130048, 17;
    %cmp/z;
    %jmp/1 T_7.9, 4;
    %jmp T_7.10;
T_7.0 ;
    %pushi/vec4 1, 0, 1;
    %store/vec4 v000001f932643590_0, 0, 1;
    %pushi/vec4 0, 0, 3;
    %store/vec4 v000001f932642ff0_0, 0, 3;
    %jmp T_7.10;
T_7.1 ;
    %pushi/vec4 1, 0, 1;
    %store/vec4 v000001f932643590_0, 0, 1;
    %pushi/vec4 1, 0, 3;
    %store/vec4 v000001f932642ff0_0, 0, 3;
    %jmp T_7.10;
T_7.2 ;
    %pushi/vec4 1, 0, 1;
    %store/vec4 v000001f932643590_0, 0, 1;
    %pushi/vec4 2, 0, 3;
    %store/vec4 v000001f932642ff0_0, 0, 3;
    %jmp T_7.10;
T_7.3 ;
    %pushi/vec4 1, 0, 1;
    %store/vec4 v000001f932643590_0, 0, 1;
    %pushi/vec4 3, 0, 3;
    %store/vec4 v000001f932642ff0_0, 0, 3;
    %jmp T_7.10;
T_7.4 ;
    %pushi/vec4 1, 0, 1;
    %store/vec4 v000001f932643590_0, 0, 1;
    %pushi/vec4 4, 0, 3;
    %store/vec4 v000001f932642ff0_0, 0, 3;
    %jmp T_7.10;
T_7.5 ;
    %pushi/vec4 1, 0, 1;
    %store/vec4 v000001f932643590_0, 0, 1;
    %pushi/vec4 1, 0, 1;
    %store/vec4 v000001f932642c30_0, 0, 1;
    %pushi/vec4 0, 0, 3;
    %store/vec4 v000001f932642ff0_0, 0, 3;
    %jmp T_7.10;
T_7.6 ;
    %pushi/vec4 1, 0, 1;
    %store/vec4 v000001f932643590_0, 0, 1;
    %pushi/vec4 1, 0, 1;
    %ix/load 4, 0, 0;
    %flag_set/imm 4, 0;
    %store/vec4 v000001f9326424b0_0, 4, 1;
    %jmp T_7.10;
T_7.7 ;
    %pushi/vec4 1, 0, 1;
    %store/vec4 v000001f932643590_0, 0, 1;
    %pushi/vec4 1, 0, 1;
    %store/vec4 v000001f932643090_0, 0, 1;
    %pushi/vec4 1, 0, 1;
    %ix/load 4, 1, 0;
    %flag_set/imm 4, 0;
    %store/vec4 v000001f9326424b0_0, 4, 1;
    %jmp T_7.10;
T_7.8 ;
    %pushi/vec4 1, 0, 1;
    %store/vec4 v000001f932642d70_0, 0, 1;
    %pushi/vec4 1, 0, 1;
    %store/vec4 v000001f932643450_0, 0, 1;
    %pushi/vec4 4, 0, 3;
    %store/vec4 v000001f932642ff0_0, 0, 3;
    %jmp T_7.10;
T_7.9 ;
    %pushi/vec4 1, 0, 1;
    %store/vec4 v000001f932642d70_0, 0, 1;
    %pushi/vec4 4, 0, 3;
    %store/vec4 v000001f932642ff0_0, 0, 3;
    %jmp T_7.10;
T_7.10 ;
    %pop/vec4 1;
    %jmp T_7;
    .thread T_7, $push;
    .scope S_000001f9326de280;
T_8 ;
    %vpi_call/w 10 25 "$readmemh", "program.hex", v000001f9326498d0 {0 0 0};
    %end;
    .thread T_8;
    .scope S_000001f9325c3460;
T_9 ;
    %pushi/vec4 0, 0, 32;
    %store/vec4 v000001f932649970_0, 0, 32;
    %pushi/vec4 0, 0, 1;
    %store/vec4 v000001f932648610_0, 0, 1;
    %end;
    .thread T_9, $init;
    .scope S_000001f9325c3460;
T_10 ;
    %pushi/vec4 0, 0, 1;
    %store/vec4 v000001f932649290_0, 0, 1;
T_10.0 ;
    %delay 5, 0;
    %load/vec4 v000001f932649290_0;
    %inv;
    %store/vec4 v000001f932649290_0, 0, 1;
    %jmp T_10.0;
    %end;
    .thread T_10;
    .scope S_000001f9325c3460;
T_11 ;
    %pushi/vec4 1, 1, 1;
    %assign/vec4 v000001f9326484d0_0, 0;
    %pushi/vec4 2, 0, 32;
T_11.0 %dup/vec4;
    %pushi/vec4 0, 0, 32;
    %cmp/s;
    %jmp/1xz T_11.1, 5;
    %jmp/1 T_11.1, 4;
    %pushi/vec4 1, 0, 32;
    %sub;
    %wait E_000001f9325cf440;
    %jmp T_11.0;
T_11.1 ;
    %pop/vec4 1;
    %pushi/vec4 1, 0, 1;
    %assign/vec4 v000001f9326484d0_0, 0;
    %pushi/vec4 2, 0, 32;
T_11.2 %dup/vec4;
    %pushi/vec4 0, 0, 32;
    %cmp/s;
    %jmp/1xz T_11.3, 5;
    %jmp/1 T_11.3, 4;
    %pushi/vec4 1, 0, 32;
    %sub;
    %wait E_000001f9325cf440;
    %jmp T_11.2;
T_11.3 ;
    %pop/vec4 1;
    %pushi/vec4 0, 0, 1;
    %assign/vec4 v000001f9326484d0_0, 0;
    %end;
    .thread T_11;
    .scope S_000001f9325c3460;
T_12 ;
    %pushi/vec4 10, 0, 5;
    %assign/vec4 v000001f932649a10_0, 0;
    %wait E_000001f9325cf740;
    %pushi/vec4 1000, 0, 32;
T_12.0 %dup/vec4;
    %pushi/vec4 0, 0, 32;
    %cmp/s;
    %jmp/1xz T_12.1, 5;
    %jmp/1 T_12.1, 4;
    %pushi/vec4 1, 0, 32;
    %sub;
    %wait E_000001f9325cf440;
    %load/vec4 v000001f9326481b0_0;
    %pushi/vec4 2178309, 0, 32;
    %cmp/e;
    %flag_get/vec4 4;
    %load/vec4 v000001f9326481b0_0;
    %pushi/vec4 479001600, 0, 32;
    %cmp/e;
    %flag_get/vec4 4;
    %or;
    %flag_set/vec4 8;
    %jmp/0xz  T_12.2, 8;
    %vpi_call/w 3 88 "$display", "%s PASS", "tb.sv" {0 0 0};
    %vpi_call/w 3 89 "$finish" {0 0 0};
T_12.2 ;
    %jmp T_12.0;
T_12.1 ;
    %pop/vec4 1;
    %vpi_call/w 3 93 "$display", "%s FAIL: none of expected register values occured", "tb.sv" {0 0 0};
    %vpi_call/w 3 96 "$finish" {0 0 0};
    %end;
    .thread T_12;
    .scope S_000001f9325c3460;
T_13 ;
    %wait E_000001f9325cf440;
    %vpi_call/w 3 109 "$write", "cycle %5d", v000001f932649970_0 {0 0 0};
    %load/vec4 v000001f932649970_0;
    %addi 1, 0, 32;
    %cast2;
    %assign/vec4 v000001f932649970_0, 0;
    %load/vec4 v000001f9326484d0_0;
    %flag_set/vec4 8;
    %jmp/0xz  T_13.0, 8;
    %vpi_call/w 3 114 "$write", " rst" {0 0 0};
    %pushi/vec4 1, 0, 1;
    %assign/vec4 v000001f932648610_0, 0;
    %jmp T_13.1;
T_13.0 ;
    %vpi_call/w 3 119 "$write", "    " {0 0 0};
T_13.1 ;
    %load/vec4 v000001f932648070_0;
    %load/vec4 v000001f932648250_0;
    %cmp/ne;
    %jmp/0xz  T_13.2, 6;
    %vpi_call/w 3 123 "$write", " %h", v000001f932648070_0 {0 0 0};
    %jmp T_13.3;
T_13.2 ;
    %vpi_call/w 3 125 "$write", "         " {0 0 0};
T_13.3 ;
    %load/vec4 v000001f932648610_0;
    %load/vec4 v000001f9326484d0_0;
    %inv;
    %and;
    %vpi_func 3 127 "$isunknown" 1, v000001f932648110_0 {0 0 0};
    %and;
    %flag_set/vec4 8;
    %jmp/0xz  T_13.4, 8;
    %vpi_call/w 3 129 "$display", "%s FAIL: fetched instruction at address %x contains Xs: %x", "tb.sv", v000001f932648070_0, v000001f932648110_0 {0 0 0};
    %vpi_call/w 3 132 "$finish" {0 0 0};
T_13.4 ;
    %load/vec4 v000001f9326481b0_0;
    %load/vec4 v000001f9326482f0_0;
    %cmp/ne;
    %jmp/0xz  T_13.6, 6;
    %vpi_call/w 3 136 "$write", " %h", v000001f9326481b0_0 {0 0 0};
    %jmp T_13.7;
T_13.6 ;
    %vpi_call/w 3 138 "$write", "         " {0 0 0};
T_13.7 ;
    %load/vec4 v000001f932648070_0;
    %assign/vec4 v000001f932648250_0, 0;
    %load/vec4 v000001f9326481b0_0;
    %assign/vec4 v000001f9326482f0_0, 0;
    %vpi_call/w 3 143 "$display" {0 0 0};
    %jmp T_13;
    .thread T_13;
# The file index is used to find the file name in the following table.
:file_names 11;
    "N/A";
    "<interactive>";
    "-";
    "tb.sv";
    "sr_cpu.sv";
    "sr_alu.sv";
    "sr_register_file.sv";
    "sr_decode.sv";
    "register_with_rst.sv";
    "sr_control.sv";
    "instruction_rom.sv";
