#! /c/Source/iverilog-install/bin/vvp
:ivl_version "12.0 (devel)" "(s20150603-1539-g2693dd32b)";
:ivl_delay_selection "TYPICAL";
:vpi_time_precision + 0;
:vpi_module "C:\iverilog\lib\ivl\system.vpi";
:vpi_module "C:\iverilog\lib\ivl\vhdl_sys.vpi";
:vpi_module "C:\iverilog\lib\ivl\vhdl_textio.vpi";
:vpi_module "C:\iverilog\lib\ivl\v2005_math.vpi";
:vpi_module "C:\iverilog\lib\ivl\va_math.vpi";
:vpi_module "C:\iverilog\lib\ivl\v2009.vpi";
S_0000023fd0c38760 .scope package, "$unit" "$unit" 2 1;
 .timescale 0 0;
S_0000023fd0c3a220 .scope module, "testbench" "testbench" 3 3;
 .timescale 0 0;
P_0000023fd0c39c10 .param/l "n" 1 3 31, +C4<00000000000000000000000000010000>;
P_0000023fd0c39c48 .param/l "seq_a" 1 3 34, C4<1000111001000100>;
P_0000023fd0c39c80 .param/l "seq_one_cycle_pulse" 1 3 38, C4<0000000010001000>;
P_0000023fd0c39cb8 .param/l "seq_posedge" 1 3 37, C4<1000001001000100>;
v0000023fd0c9f200_0 .var "a", 0 0;
v0000023fd0c9f2a0_0 .var "clk", 0 0;
v0000023fd0c9f660_0 .net "ocpd_detected", 0 0, L_0000023fd0c37b20;  1 drivers
v0000023fd0c9ff20_0 .net "pd_detected", 0 0, L_0000023fd0c37960;  1 drivers
v0000023fd0c9f700_0 .var "rst", 0 0;
E_0000023fd0c3ebc0 .event negedge, v0000023fd0c9f3e0_0;
S_0000023fd0c3d790 .scope begin, "$ivl_for_loop0" "$ivl_for_loop0" 3 51, 3 51 0, S_0000023fd0c3a220;
 .timescale 0 0;
v0000023fd098bc00_0 .var/2s "i", 31 0;
E_0000023fd0c3e740 .event posedge, v0000023fd0c456b0_0;
S_0000023fd0c3d920 .scope module, "ocpd" "one_cycle_pulse_detector" 3 29, 4 27 0, S_0000023fd0c3a220;
 .timescale 0 0;
    .port_info 0 /INPUT 1 "clk";
    .port_info 1 /INPUT 1 "rst";
    .port_info 2 /INPUT 1 "a";
    .port_info 3 /OUTPUT 1 "detected";
L_0000023fd0c37d50 .functor NOT 1, v0000023fd0c45570_0, C4<0>, C4<0>, C4<0>;
L_0000023fd0c38300 .functor AND 1, L_0000023fd0c37d50, v0000023fd0c9f200_0, C4<1>, C4<1>;
L_0000023fd0c38450 .functor NOT 1, v0000023fd0c9f200_0, C4<0>, C4<0>, C4<0>;
L_0000023fd0c38610 .functor AND 1, v0000023fd0c45610_0, L_0000023fd0c38450, C4<1>, C4<1>;
L_0000023fd0c37b20 .functor AND 1, v0000023fd0c9f7a0_0, L_0000023fd0c38610, C4<1>, C4<1>;
v0000023fd0c39ea0_0 .net *"_ivl_0", 0 0, L_0000023fd0c37d50;  1 drivers
v0000023fd0c3bc90_0 .net *"_ivl_6", 0 0, L_0000023fd0c38450;  1 drivers
v0000023fd0c3bd30_0 .net "a", 0 0, v0000023fd0c9f200_0;  1 drivers
v0000023fd0c45570_0 .var "a_r_1", 0 0;
v0000023fd0c45610_0 .var "a_r_2", 0 0;
v0000023fd0c456b0_0 .net "clk", 0 0, v0000023fd0c9f2a0_0;  1 drivers
v0000023fd0c45750_0 .net "detected", 0 0, L_0000023fd0c37b20;  alias, 1 drivers
v0000023fd0c9fa20_0 .net "detected_1", 0 0, L_0000023fd0c38300;  1 drivers
v0000023fd0c9f340_0 .net "detected_2", 0 0, L_0000023fd0c38610;  1 drivers
v0000023fd0c9f160_0 .net "detected_sv", 0 0, v0000023fd0c9f7a0_0;  1 drivers
v0000023fd0c9f3e0_0 .net "rst", 0 0, v0000023fd0c9f700_0;  1 drivers
v0000023fd0c9f7a0_0 .var "save", 0 0;
S_0000023fd0c457f0 .scope module, "pd" "posedge_detector" 3 28, 4 5 0, S_0000023fd0c3a220;
 .timescale 0 0;
    .port_info 0 /INPUT 1 "clk";
    .port_info 1 /INPUT 1 "rst";
    .port_info 2 /INPUT 1 "a";
    .port_info 3 /OUTPUT 1 "detected";
L_0000023fd0c38290 .functor NOT 1, v0000023fd0c9f840_0, C4<0>, C4<0>, C4<0>;
L_0000023fd0c37960 .functor AND 1, L_0000023fd0c38290, v0000023fd0c9f200_0, C4<1>, C4<1>;
v0000023fd0c9f980_0 .net *"_ivl_0", 0 0, L_0000023fd0c38290;  1 drivers
v0000023fd0c9f480_0 .net "a", 0 0, v0000023fd0c9f200_0;  alias, 1 drivers
v0000023fd0c9f840_0 .var "a_r", 0 0;
v0000023fd0c9f520_0 .net "clk", 0 0, v0000023fd0c9f2a0_0;  alias, 1 drivers
v0000023fd0c9f5c0_0 .net "detected", 0 0, L_0000023fd0c37960;  alias, 1 drivers
v0000023fd0c9f0c0_0 .net "rst", 0 0, v0000023fd0c9f700_0;  alias, 1 drivers
    .scope S_0000023fd0c457f0;
T_0 ;
    %wait E_0000023fd0c3e740;
    %load/vec4 v0000023fd0c9f0c0_0;
    %flag_set/vec4 8;
    %jmp/0xz  T_0.0, 8;
    %pushi/vec4 0, 0, 1;
    %assign/vec4 v0000023fd0c9f840_0, 0;
    %jmp T_0.1;
T_0.0 ;
    %load/vec4 v0000023fd0c9f480_0;
    %assign/vec4 v0000023fd0c9f840_0, 0;
T_0.1 ;
    %jmp T_0;
    .thread T_0;
    .scope S_0000023fd0c3d920;
T_1 ;
    %wait E_0000023fd0c3e740;
    %load/vec4 v0000023fd0c9f3e0_0;
    %flag_set/vec4 8;
    %jmp/0xz  T_1.0, 8;
    %pushi/vec4 0, 0, 1;
    %assign/vec4 v0000023fd0c45570_0, 0;
    %jmp T_1.1;
T_1.0 ;
    %load/vec4 v0000023fd0c3bd30_0;
    %assign/vec4 v0000023fd0c45570_0, 0;
T_1.1 ;
    %jmp T_1;
    .thread T_1;
    .scope S_0000023fd0c3d920;
T_2 ;
    %wait E_0000023fd0c3e740;
    %load/vec4 v0000023fd0c9f3e0_0;
    %flag_set/vec4 8;
    %jmp/0xz  T_2.0, 8;
    %pushi/vec4 0, 0, 1;
    %assign/vec4 v0000023fd0c9f7a0_0, 0;
    %jmp T_2.1;
T_2.0 ;
    %load/vec4 v0000023fd0c9fa20_0;
    %assign/vec4 v0000023fd0c9f7a0_0, 0;
T_2.1 ;
    %jmp T_2;
    .thread T_2;
    .scope S_0000023fd0c3d920;
T_3 ;
    %wait E_0000023fd0c3e740;
    %load/vec4 v0000023fd0c9f3e0_0;
    %flag_set/vec4 8;
    %jmp/0xz  T_3.0, 8;
    %pushi/vec4 0, 0, 1;
    %assign/vec4 v0000023fd0c45610_0, 0;
    %jmp T_3.1;
T_3.0 ;
    %load/vec4 v0000023fd0c3bd30_0;
    %assign/vec4 v0000023fd0c45610_0, 0;
T_3.1 ;
    %jmp T_3;
    .thread T_3;
    .scope S_0000023fd0c3a220;
T_4 ;
    %pushi/vec4 0, 0, 1;
    %store/vec4 v0000023fd0c9f2a0_0, 0, 1;
T_4.0 ;
    %delay 500, 0;
    %load/vec4 v0000023fd0c9f2a0_0;
    %inv;
    %store/vec4 v0000023fd0c9f2a0_0, 0, 1;
    %jmp T_4.0;
    %end;
    .thread T_4;
    .scope S_0000023fd0c3a220;
T_5 ;
    %pushi/vec4 1, 1, 1;
    %assign/vec4 v0000023fd0c9f700_0, 0;
    %pushi/vec4 2, 0, 32;
T_5.0 %dup/vec4;
    %pushi/vec4 0, 0, 32;
    %cmp/s;
    %jmp/1xz T_5.1, 5;
    %jmp/1 T_5.1, 4;
    %pushi/vec4 1, 0, 32;
    %sub;
    %wait E_0000023fd0c3e740;
    %jmp T_5.0;
T_5.1 ;
    %pop/vec4 1;
    %pushi/vec4 1, 0, 1;
    %assign/vec4 v0000023fd0c9f700_0, 0;
    %pushi/vec4 2, 0, 32;
T_5.2 %dup/vec4;
    %pushi/vec4 0, 0, 32;
    %cmp/s;
    %jmp/1xz T_5.3, 5;
    %jmp/1 T_5.3, 4;
    %pushi/vec4 1, 0, 32;
    %sub;
    %wait E_0000023fd0c3e740;
    %jmp T_5.2;
T_5.3 ;
    %pop/vec4 1;
    %pushi/vec4 0, 0, 1;
    %assign/vec4 v0000023fd0c9f700_0, 0;
    %end;
    .thread T_5;
    .scope S_0000023fd0c3a220;
T_6 ;
    %vpi_call/w 3 45 "$dumpfile", "dump.vcd" {0 0 0};
    %vpi_call/w 3 46 "$dumpvars" {0 0 0};
    %wait E_0000023fd0c3ebc0;
    %fork t_1, S_0000023fd0c3d790;
    %jmp t_0;
    .scope S_0000023fd0c3d790;
t_1 ;
    %pushi/vec4 0, 0, 32;
    %store/vec4 v0000023fd098bc00_0, 0, 32;
T_6.0 ;
    %load/vec4 v0000023fd098bc00_0;
    %cmpi/s 16, 0, 32;
    %jmp/0xz T_6.1, 5;
    %pushi/vec4 36420, 0, 16;
    %load/vec4 v0000023fd098bc00_0;
    %part/s 1;
    %assign/vec4 v0000023fd0c9f200_0, 0;
    %wait E_0000023fd0c3e740;
    %load/vec4 v0000023fd0c9ff20_0;
    %pushi/vec4 33348, 0, 16;
    %load/vec4 v0000023fd098bc00_0;
    %part/s 1;
    %cmp/ne;
    %jmp/1 T_6.4, 6;
    %flag_mov 8, 6;
    %load/vec4 v0000023fd0c9f660_0;
    %pushi/vec4 136, 0, 16;
    %load/vec4 v0000023fd098bc00_0;
    %part/s 1;
    %cmp/ne;
    %flag_or 6, 8;
T_6.4;
    %jmp/0xz  T_6.2, 6;
    %vpi_call/w 3 63 "$display", "FAIL %s", "testbench.sv" {0 0 0};
    %vpi_func/s 3 65 "$sformatf", "seq_a:%b", P_0000023fd0c39c48 {0 0 0};
    %vpi_func/s 3 65 "$sformatf", "seq_one_cycle_pulse:%b", P_0000023fd0c39c80 {0 0 0};
    %vpi_call/w 3 64 "$display", "++ INPUT    => {%s, %s}", S<1,str>, S<0,str> {0 0 2};
    %vpi_func/s 3 71 "$sformatf", "i:%0d", v0000023fd098bc00_0 {0 0 0};
    %vpi_func/s 3 71 "$sformatf", "ocpd_detected:%b", v0000023fd0c9f660_0 {0 0 0};
    %pushi/vec4 136, 0, 16;
    %load/vec4 v0000023fd098bc00_0;
    %part/s 1;
    %vpi_func/s 3 71 "$sformatf", "seq_one_cycle_pulse[i]:%b", S<0,vec4,u1> {1 0 0};
    %vpi_call/w 3 70 "$display", "++ TEST     => {%s, %s, %s}", S<2,str>, S<1,str>, S<0,str> {0 0 3};
    %vpi_call/w 3 72 "$finish", 32'sb00000000000000000000000000000001 {0 0 0};
T_6.2 ;
    ; show_stmt_assign_vector: Get l-value for compressed += operand
    %load/vec4 v0000023fd098bc00_0;
    %pushi/vec4 1, 0, 32;
    %add;
    %cast2;
    %store/vec4 v0000023fd098bc00_0, 0, 32;
    %jmp T_6.0;
T_6.1 ;
    %end;
    .scope S_0000023fd0c3a220;
t_0 %join;
    %vpi_call/w 3 76 "$display", "PASS %s", "testbench.sv" {0 0 0};
    %vpi_call/w 3 77 "$finish" {0 0 0};
    %end;
    .thread T_6;
# The file index is used to find the file name in the following table.
:file_names 5;
    "N/A";
    "<interactive>";
    "-";
    "testbench.sv";
    "02_01_edge_and_pulse_detection.sv";
