#! /c/Source/iverilog-install/bin/vvp
:ivl_version "12.0 (devel)" "(s20150603-1539-g2693dd32b)";
:ivl_delay_selection "TYPICAL";
:vpi_time_precision + 0;
:vpi_module "C:\iverilog\lib\ivl\system.vpi";
:vpi_module "C:\iverilog\lib\ivl\vhdl_sys.vpi";
:vpi_module "C:\iverilog\lib\ivl\vhdl_textio.vpi";
:vpi_module "C:\iverilog\lib\ivl\v2005_math.vpi";
:vpi_module "C:\iverilog\lib\ivl\va_math.vpi";
:vpi_module "C:\iverilog\lib\ivl\v2009.vpi";
S_000002b0af112e80 .scope package, "$unit" "$unit" 2 1;
 .timescale 0 0;
S_000002b0af113010 .scope module, "tb" "tb" 3 13;
 .timescale 0 0;
P_000002b0af02ab00 .param/l "ADDR_W" 1 3 25, +C4<00000000000000000000000000001010>;
P_000002b0af02ab38 .param/l "ROM_SIZE" 1 3 24, +C4<00000000000000000000010000000000>;
v000002b0af1942f0_0 .var "clk", 0 0;
v000002b0af193990_0 .var/2u "cycle", 31 0;
v000002b0af193cb0_0 .net "imAddr", 31 0, L_000002b0af192a90;  1 drivers
v000002b0af192770_0 .net "imData", 31 0, v000002b0af1938f0_0;  1 drivers
v000002b0af194070_0 .var "imDataVld", 0 0;
v000002b0af1929f0_0 .var "prevImAddr", 31 0;
v000002b0af192bd0_0 .var "prevRegData", 31 0;
v000002b0af194390_0 .var "regAddr", 4 0;
v000002b0af192b30_0 .net "regData", 31 0, L_000002b0af195a40;  1 drivers
v000002b0af193d50_0 .var "rst", 0 0;
v000002b0af193490_0 .var/2u "wasRst", 0 0;
E_000002b0af12a4e0 .event negedge, v000002b0af1909e0_0;
L_000002b0af194780 .part L_000002b0af192a90, 0, 10;
S_000002b0af10b520 .scope module, "cpu" "sr_cpu" 3 27, 4 15 0, S_000002b0af113010;
 .timescale 0 0;
    .port_info 0 /INPUT 1 "clk";
    .port_info 1 /INPUT 1 "rst";
    .port_info 2 /OUTPUT 32 "imAddr";
    .port_info 3 /INPUT 32 "imData";
    .port_info 4 /INPUT 5 "regAddr";
    .port_info 5 /OUTPUT 32 "regData";
L_000002b0af131210 .functor BUFZ 32, v000002b0af1938f0_0, C4<00000000000000000000000000000000>, C4<00000000000000000000000000000000>, C4<00000000000000000000000000000000>;
L_000002b0af131360 .functor AND 1, v000002b0af190ee0_0, v000002b0af192630_0, C4<1>, C4<1>;
v000002b0af190760_0 .net *"_ivl_10", 29 0, L_000002b0af1944d0;  1 drivers
L_000002b0af1a00d0 .functor BUFT 1, C4<00>, C4<0>, C4<0>, C4<0>;
v000002b0af1908a0_0 .net *"_ivl_12", 1 0, L_000002b0af1a00d0;  1 drivers
L_000002b0af1a0088 .functor BUFT 1, C4<00000000000000000000000000000100>, C4<0>, C4<0>, C4<0>;
v000002b0af190a80_0 .net/2u *"_ivl_2", 31 0, L_000002b0af1a0088;  1 drivers
L_000002b0af1a04c0 .functor BUFT 1, C4<00000>, C4<0>, C4<0>, C4<0>;
v000002b0af190f80_0 .net/2u *"_ivl_22", 4 0, L_000002b0af1a04c0;  1 drivers
v000002b0af191340_0 .net *"_ivl_24", 0 0, L_000002b0af1952c0;  1 drivers
v000002b0af191d40_0 .net "aluControl", 2 0, v000002b0af191480_0;  1 drivers
v000002b0af191020_0 .net "aluResult", 31 0, v000002b0af12ef20_0;  1 drivers
v000002b0af191de0_0 .net "aluSrc", 0 0, v000002b0af191b60_0;  1 drivers
v000002b0af1921a0_0 .net "aluZero", 0 0, L_000002b0af194be0;  1 drivers
v000002b0af191fc0_0 .net "clk", 0 0, v000002b0af1942f0_0;  1 drivers
v000002b0af192060_0 .net "cmdF3", 2 0, L_000002b0af192810;  1 drivers
v000002b0af192100_0 .net "cmdF7", 6 0, L_000002b0af193df0;  1 drivers
v000002b0af192240_0 .net "cmdOp", 6 0, L_000002b0af192c70;  1 drivers
v000002b0af190da0_0 .net "imAddr", 31 0, L_000002b0af192a90;  alias, 1 drivers
v000002b0af190b20_0 .net "imData", 31 0, v000002b0af1938f0_0;  alias, 1 drivers
v000002b0af191520_0 .net "immB", 31 0, v000002b0af191a20_0;  1 drivers
v000002b0af191700_0 .net "immI", 31 0, v000002b0af191f20_0;  1 drivers
v000002b0af1917a0_0 .net "immU", 31 0, v000002b0af191c00_0;  1 drivers
v000002b0af1922e0_0 .net "instr", 31 0, L_000002b0af131210;  1 drivers
v000002b0af192420_0 .net "pc", 31 0, v000002b0af1910c0_0;  1 drivers
v000002b0af191840_0 .net "pcBranch", 31 0, L_000002b0af193210;  1 drivers
v000002b0af190bc0_0 .net "pcNext", 31 0, L_000002b0af194250;  1 drivers
v000002b0af191200_0 .net "pcPlus4", 31 0, L_000002b0af193f30;  1 drivers
v000002b0af1924c0_0 .net "pcSrc", 0 0, L_000002b0af131b40;  1 drivers
v000002b0af1912a0_0 .net "rd", 4 0, L_000002b0af194110;  1 drivers
v000002b0af193850_0 .net "rd0", 31 0, L_000002b0af192d10;  1 drivers
v000002b0af192f90_0 .net "rd1", 31 0, L_000002b0af1930d0;  1 drivers
v000002b0af192ef0_0 .net "rd2", 31 0, L_000002b0af194fa0;  1 drivers
v000002b0af193b70_0 .net "regAddr", 4 0, v000002b0af194390_0;  1 drivers
v000002b0af192db0_0 .net "regData", 31 0, L_000002b0af195a40;  alias, 1 drivers
v000002b0af192950_0 .net "regWrite", 0 0, v000002b0af190ee0_0;  1 drivers
v000002b0af1941b0_0 .net "rs1", 4 0, L_000002b0af1937b0;  1 drivers
v000002b0af193670_0 .net "rs2", 4 0, L_000002b0af1932b0;  1 drivers
v000002b0af193ad0_0 .net "rst", 0 0, v000002b0af193d50_0;  1 drivers
v000002b0af193350_0 .net "srcB", 31 0, L_000002b0af194dc0;  1 drivers
v000002b0af192630_0 .var "valid", 0 0;
v000002b0af1933f0_0 .net "wd3", 31 0, L_000002b0af195860;  1 drivers
v000002b0af1926d0_0 .net "wdSrc", 0 0, v000002b0af190c60_0;  1 drivers
L_000002b0af193210 .arith/sum 32, v000002b0af1910c0_0, v000002b0af191a20_0;
L_000002b0af193f30 .arith/sum 32, v000002b0af1910c0_0, L_000002b0af1a0088;
L_000002b0af194250 .functor MUXZ 32, L_000002b0af193f30, L_000002b0af193210, L_000002b0af131b40, C4<>;
L_000002b0af1944d0 .part v000002b0af1910c0_0, 2, 30;
L_000002b0af192a90 .concat [ 30 2 0 0], L_000002b0af1944d0, L_000002b0af1a00d0;
L_000002b0af194dc0 .functor MUXZ 32, L_000002b0af194fa0, v000002b0af191f20_0, v000002b0af191b60_0, C4<>;
L_000002b0af195860 .functor MUXZ 32, v000002b0af12ef20_0, v000002b0af191c00_0, v000002b0af190c60_0, C4<>;
L_000002b0af1952c0 .cmp/ne 5, v000002b0af194390_0, L_000002b0af1a04c0;
L_000002b0af195a40 .functor MUXZ 32, v000002b0af1910c0_0, L_000002b0af192d10, L_000002b0af1952c0, C4<>;
S_000002b0af10b6b0 .scope module, "alu" "sr_alu" 4 122, 5 15 0, S_000002b0af10b520;
 .timescale 0 0;
    .port_info 0 /INPUT 32 "srcA";
    .port_info 1 /INPUT 32 "srcB";
    .port_info 2 /INPUT 3 "oper";
    .port_info 3 /OUTPUT 1 "zero";
    .port_info 4 /OUTPUT 32 "result";
L_000002b0af1a0478 .functor BUFT 1, C4<00000000000000000000000000000000>, C4<0>, C4<0>, C4<0>;
v000002b0af12f9c0_0 .net/2u *"_ivl_0", 31 0, L_000002b0af1a0478;  1 drivers
v000002b0af12f920_0 .net "oper", 2 0, v000002b0af191480_0;  alias, 1 drivers
v000002b0af12ef20_0 .var "result", 31 0;
v000002b0af12fa60_0 .net "srcA", 31 0, L_000002b0af1930d0;  alias, 1 drivers
v000002b0af12e200_0 .net "srcB", 31 0, L_000002b0af194dc0;  alias, 1 drivers
v000002b0af12dbc0_0 .net "zero", 0 0, L_000002b0af194be0;  alias, 1 drivers
E_000002b0af12a720 .event anyedge, v000002b0af12f920_0, v000002b0af12fa60_0, v000002b0af12e200_0, v000002b0af12e200_0;
L_000002b0af194be0 .cmp/eq 32, v000002b0af12ef20_0, L_000002b0af1a0478;
S_000002b0af100810 .scope module, "i_rf" "sr_register_file" 4 102, 6 15 0, S_000002b0af10b520;
 .timescale 0 0;
    .port_info 0 /INPUT 1 "clk";
    .port_info 1 /INPUT 5 "a0";
    .port_info 2 /INPUT 5 "a1";
    .port_info 3 /INPUT 5 "a2";
    .port_info 4 /INPUT 5 "a3";
    .port_info 5 /OUTPUT 32 "rd0";
    .port_info 6 /OUTPUT 32 "rd1";
    .port_info 7 /OUTPUT 32 "rd2";
    .port_info 8 /INPUT 32 "wd3";
    .port_info 9 /INPUT 1 "we3";
v000002b0af12dc60_0 .net *"_ivl_0", 31 0, L_000002b0af193e90;  1 drivers
v000002b0af12e3e0_0 .net *"_ivl_10", 6 0, L_000002b0af193530;  1 drivers
L_000002b0af1a01a8 .functor BUFT 1, C4<00>, C4<0>, C4<0>, C4<0>;
v000002b0af12efc0_0 .net *"_ivl_13", 1 0, L_000002b0af1a01a8;  1 drivers
L_000002b0af1a01f0 .functor BUFT 1, C4<00000000000000000000000000000000>, C4<0>, C4<0>, C4<0>;
v000002b0af12ede0_0 .net/2u *"_ivl_14", 31 0, L_000002b0af1a01f0;  1 drivers
v000002b0af12ee80_0 .net *"_ivl_18", 31 0, L_000002b0af193fd0;  1 drivers
L_000002b0af1a0238 .functor BUFT 1, C4<000000000000000000000000000>, C4<0>, C4<0>, C4<0>;
v000002b0af12f560_0 .net *"_ivl_21", 26 0, L_000002b0af1a0238;  1 drivers
L_000002b0af1a0280 .functor BUFT 1, C4<00000000000000000000000000000000>, C4<0>, C4<0>, C4<0>;
v000002b0af12de40_0 .net/2u *"_ivl_22", 31 0, L_000002b0af1a0280;  1 drivers
v000002b0af12e0c0_0 .net *"_ivl_24", 0 0, L_000002b0af1928b0;  1 drivers
v000002b0af12ec00_0 .net *"_ivl_26", 31 0, L_000002b0af192e50;  1 drivers
v000002b0af12e160_0 .net *"_ivl_28", 6 0, L_000002b0af193030;  1 drivers
L_000002b0af1a0118 .functor BUFT 1, C4<000000000000000000000000000>, C4<0>, C4<0>, C4<0>;
v000002b0af12e2a0_0 .net *"_ivl_3", 26 0, L_000002b0af1a0118;  1 drivers
L_000002b0af1a02c8 .functor BUFT 1, C4<00>, C4<0>, C4<0>, C4<0>;
v000002b0af12e980_0 .net *"_ivl_31", 1 0, L_000002b0af1a02c8;  1 drivers
L_000002b0af1a0310 .functor BUFT 1, C4<00000000000000000000000000000000>, C4<0>, C4<0>, C4<0>;
v000002b0af12ea20_0 .net/2u *"_ivl_32", 31 0, L_000002b0af1a0310;  1 drivers
v000002b0af12f7e0_0 .net *"_ivl_36", 31 0, L_000002b0af193170;  1 drivers
L_000002b0af1a0358 .functor BUFT 1, C4<000000000000000000000000000>, C4<0>, C4<0>, C4<0>;
v000002b0af12e700_0 .net *"_ivl_39", 26 0, L_000002b0af1a0358;  1 drivers
L_000002b0af1a0160 .functor BUFT 1, C4<00000000000000000000000000000000>, C4<0>, C4<0>, C4<0>;
v000002b0af12df80_0 .net/2u *"_ivl_4", 31 0, L_000002b0af1a0160;  1 drivers
L_000002b0af1a03a0 .functor BUFT 1, C4<00000000000000000000000000000000>, C4<0>, C4<0>, C4<0>;
v000002b0af12e340_0 .net/2u *"_ivl_40", 31 0, L_000002b0af1a03a0;  1 drivers
v000002b0af12eac0_0 .net *"_ivl_42", 0 0, L_000002b0af195e00;  1 drivers
v000002b0af12f6a0_0 .net *"_ivl_44", 31 0, L_000002b0af1964e0;  1 drivers
v000002b0af12ed40_0 .net *"_ivl_46", 6 0, L_000002b0af194820;  1 drivers
L_000002b0af1a03e8 .functor BUFT 1, C4<00>, C4<0>, C4<0>, C4<0>;
v000002b0af12f420_0 .net *"_ivl_49", 1 0, L_000002b0af1a03e8;  1 drivers
L_000002b0af1a0430 .functor BUFT 1, C4<00000000000000000000000000000000>, C4<0>, C4<0>, C4<0>;
v000002b0af12dee0_0 .net/2u *"_ivl_50", 31 0, L_000002b0af1a0430;  1 drivers
v000002b0af12f4c0_0 .net *"_ivl_6", 0 0, L_000002b0af1935d0;  1 drivers
v000002b0af12e480_0 .net *"_ivl_8", 31 0, L_000002b0af194430;  1 drivers
v000002b0af12dd00_0 .net "a0", 4 0, v000002b0af194390_0;  alias, 1 drivers
v000002b0af12dda0_0 .net "a1", 4 0, L_000002b0af1937b0;  alias, 1 drivers
v000002b0af12e520_0 .net "a2", 4 0, L_000002b0af1932b0;  alias, 1 drivers
v000002b0af12e5c0_0 .net "a3", 4 0, L_000002b0af194110;  alias, 1 drivers
v000002b0af12e660_0 .net "clk", 0 0, v000002b0af1942f0_0;  alias, 1 drivers
v000002b0af12eb60_0 .net "rd0", 31 0, L_000002b0af192d10;  alias, 1 drivers
v000002b0af12f060_0 .net "rd1", 31 0, L_000002b0af1930d0;  alias, 1 drivers
v000002b0af12eca0_0 .net "rd2", 31 0, L_000002b0af194fa0;  alias, 1 drivers
v000002b0af12e7a0 .array "rf", 31 0, 31 0;
v000002b0af12e840_0 .net "wd3", 31 0, L_000002b0af195860;  alias, 1 drivers
v000002b0af12f100_0 .net "we3", 0 0, L_000002b0af131360;  1 drivers
E_000002b0af12a920 .event posedge, v000002b0af12e660_0;
L_000002b0af193e90 .concat [ 5 27 0 0], v000002b0af194390_0, L_000002b0af1a0118;
L_000002b0af1935d0 .cmp/ne 32, L_000002b0af193e90, L_000002b0af1a0160;
L_000002b0af194430 .array/port v000002b0af12e7a0, L_000002b0af193530;
L_000002b0af193530 .concat [ 5 2 0 0], v000002b0af194390_0, L_000002b0af1a01a8;
L_000002b0af192d10 .functor MUXZ 32, L_000002b0af1a01f0, L_000002b0af194430, L_000002b0af1935d0, C4<>;
L_000002b0af193fd0 .concat [ 5 27 0 0], L_000002b0af1937b0, L_000002b0af1a0238;
L_000002b0af1928b0 .cmp/ne 32, L_000002b0af193fd0, L_000002b0af1a0280;
L_000002b0af192e50 .array/port v000002b0af12e7a0, L_000002b0af193030;
L_000002b0af193030 .concat [ 5 2 0 0], L_000002b0af1937b0, L_000002b0af1a02c8;
L_000002b0af1930d0 .functor MUXZ 32, L_000002b0af1a0310, L_000002b0af192e50, L_000002b0af1928b0, C4<>;
L_000002b0af193170 .concat [ 5 27 0 0], L_000002b0af1932b0, L_000002b0af1a0358;
L_000002b0af195e00 .cmp/ne 32, L_000002b0af193170, L_000002b0af1a03a0;
L_000002b0af1964e0 .array/port v000002b0af12e7a0, L_000002b0af194820;
L_000002b0af194820 .concat [ 5 2 0 0], L_000002b0af1932b0, L_000002b0af1a03e8;
L_000002b0af194fa0 .functor MUXZ 32, L_000002b0af1a0430, L_000002b0af1964e0, L_000002b0af195e00, C4<>;
S_000002b0af0f3d60 .scope module, "id" "sr_decode" 4 81, 7 15 0, S_000002b0af10b520;
 .timescale 0 0;
    .port_info 0 /INPUT 32 "instr";
    .port_info 1 /OUTPUT 7 "cmdOp";
    .port_info 2 /OUTPUT 5 "rd";
    .port_info 3 /OUTPUT 3 "cmdF3";
    .port_info 4 /OUTPUT 5 "rs1";
    .port_info 5 /OUTPUT 5 "rs2";
    .port_info 6 /OUTPUT 7 "cmdF7";
    .port_info 7 /OUTPUT 32 "immI";
    .port_info 8 /OUTPUT 32 "immB";
    .port_info 9 /OUTPUT 32 "immU";
v000002b0af12f1a0_0 .net "cmdF3", 2 0, L_000002b0af192810;  alias, 1 drivers
v000002b0af12f240_0 .net "cmdF7", 6 0, L_000002b0af193df0;  alias, 1 drivers
v000002b0af12f2e0_0 .net "cmdOp", 6 0, L_000002b0af192c70;  alias, 1 drivers
v000002b0af191a20_0 .var "immB", 31 0;
v000002b0af191f20_0 .var "immI", 31 0;
v000002b0af191c00_0 .var "immU", 31 0;
v000002b0af1918e0_0 .net "instr", 31 0, L_000002b0af131210;  alias, 1 drivers
v000002b0af190800_0 .net "rd", 4 0, L_000002b0af194110;  alias, 1 drivers
v000002b0af192380_0 .net "rs1", 4 0, L_000002b0af1937b0;  alias, 1 drivers
v000002b0af1915c0_0 .net "rs2", 4 0, L_000002b0af1932b0;  alias, 1 drivers
E_000002b0af1278a0 .event anyedge, v000002b0af1918e0_0;
E_000002b0af127b20 .event anyedge, v000002b0af1918e0_0, v000002b0af1918e0_0, v000002b0af1918e0_0, v000002b0af1918e0_0;
E_000002b0af126d60 .event anyedge, v000002b0af1918e0_0, v000002b0af1918e0_0;
L_000002b0af192c70 .part L_000002b0af131210, 0, 7;
L_000002b0af194110 .part L_000002b0af131210, 7, 5;
L_000002b0af192810 .part L_000002b0af131210, 12, 3;
L_000002b0af1937b0 .part L_000002b0af131210, 15, 5;
L_000002b0af1932b0 .part L_000002b0af131210, 20, 5;
L_000002b0af193df0 .part L_000002b0af131210, 25, 7;
S_000002b0af0f3ef0 .scope module, "r_pc" "register_with_rst_and_en" 4 55, 8 13 0, S_000002b0af10b520;
 .timescale 0 0;
    .port_info 0 /INPUT 1 "clk";
    .port_info 1 /INPUT 1 "rst";
    .port_info 2 /INPUT 1 "en";
    .port_info 3 /INPUT 32 "d";
    .port_info 4 /OUTPUT 32 "q";
v000002b0af190620_0 .net "clk", 0 0, v000002b0af1942f0_0;  alias, 1 drivers
v000002b0af190d00_0 .net "d", 31 0, L_000002b0af194250;  alias, 1 drivers
v000002b0af1913e0_0 .net "en", 0 0, v000002b0af192630_0;  1 drivers
v000002b0af1910c0_0 .var "q", 31 0;
v000002b0af1909e0_0 .net "rst", 0 0, v000002b0af193d50_0;  alias, 1 drivers
S_000002b0af02dac0 .scope module, "sm_control" "sr_control" 4 135, 9 15 0, S_000002b0af10b520;
 .timescale 0 0;
    .port_info 0 /INPUT 7 "cmdOp";
    .port_info 1 /INPUT 3 "cmdF3";
    .port_info 2 /INPUT 7 "cmdF7";
    .port_info 3 /INPUT 1 "aluZero";
    .port_info 4 /OUTPUT 1 "pcSrc";
    .port_info 5 /OUTPUT 1 "regWrite";
    .port_info 6 /OUTPUT 1 "aluSrc";
    .port_info 7 /OUTPUT 1 "wdSrc";
    .port_info 8 /OUTPUT 3 "aluControl";
L_000002b0af131280 .functor XNOR 1, L_000002b0af194be0, v000002b0af191160_0, C4<0>, C4<0>;
L_000002b0af131b40 .functor AND 1, v000002b0af1906c0_0, L_000002b0af131280, C4<1>, C4<1>;
v000002b0af191ac0_0 .net *"_ivl_0", 0 0, L_000002b0af131280;  1 drivers
v000002b0af191480_0 .var "aluControl", 2 0;
v000002b0af191b60_0 .var "aluSrc", 0 0;
v000002b0af191ca0_0 .net "aluZero", 0 0, L_000002b0af194be0;  alias, 1 drivers
v000002b0af1906c0_0 .var "branch", 0 0;
v000002b0af191e80_0 .net "cmdF3", 2 0, L_000002b0af192810;  alias, 1 drivers
v000002b0af191980_0 .net "cmdF7", 6 0, L_000002b0af193df0;  alias, 1 drivers
v000002b0af191660_0 .net "cmdOp", 6 0, L_000002b0af192c70;  alias, 1 drivers
v000002b0af191160_0 .var "condZero", 0 0;
v000002b0af190940_0 .net "pcSrc", 0 0, L_000002b0af131b40;  alias, 1 drivers
v000002b0af190ee0_0 .var "regWrite", 0 0;
v000002b0af190c60_0 .var "wdSrc", 0 0;
E_000002b0af127b60 .event anyedge, v000002b0af12f240_0, v000002b0af12f1a0_0, v000002b0af12f2e0_0;
S_000002b0af0e6110 .scope module, "i_rom" "instruction_rom" 3 39, 10 13 0, S_000002b0af113010;
 .timescale 0 0;
    .port_info 0 /INPUT 1 "clk";
    .port_info 1 /INPUT 10 "a";
    .port_info 2 /OUTPUT 32 "rd";
P_000002b0af029e80 .param/l "ADDR_W" 0 10 16, +C4<00000000000000000000000000001010>;
P_000002b0af029eb8 .param/l "SIZE" 0 10 15, +C4<00000000000000000000010000000000>;
v000002b0af193a30_0 .net "a", 9 0, L_000002b0af194780;  1 drivers
v000002b0af193c10_0 .net "clk", 0 0, v000002b0af1942f0_0;  alias, 1 drivers
v000002b0af1938f0_0 .var "rd", 31 0;
v000002b0af193710 .array "rom", 1023 0, 31 0;
    .scope S_000002b0af0f3ef0;
T_0 ;
    %wait E_000002b0af12a920;
    %load/vec4 v000002b0af1909e0_0;
    %flag_set/vec4 8;
    %jmp/0xz  T_0.0, 8;
    %pushi/vec4 0, 0, 32;
    %assign/vec4 v000002b0af1910c0_0, 0;
    %jmp T_0.1;
T_0.0 ;
    %load/vec4 v000002b0af1913e0_0;
    %flag_set/vec4 8;
    %jmp/0xz  T_0.2, 8;
    %load/vec4 v000002b0af190d00_0;
    %assign/vec4 v000002b0af1910c0_0, 0;
T_0.2 ;
T_0.1 ;
    %jmp T_0;
    .thread T_0;
    .scope S_000002b0af0f3d60;
T_1 ;
Ewait_0 .event/or E_000002b0af126d60, E_0x0;
    %wait Ewait_0;
    %load/vec4 v000002b0af1918e0_0;
    %parti/s 11, 20, 6;
    %ix/load 4, 0, 0;
    %flag_set/imm 4, 0;
    %store/vec4 v000002b0af191f20_0, 4, 11;
    %load/vec4 v000002b0af1918e0_0;
    %parti/s 1, 31, 6;
    %replicate 21;
    %ix/load 4, 11, 0;
    %flag_set/imm 4, 0;
    %store/vec4 v000002b0af191f20_0, 4, 21;
    %jmp T_1;
    .thread T_1, $push;
    .scope S_000002b0af0f3d60;
T_2 ;
Ewait_1 .event/or E_000002b0af127b20, E_0x0;
    %wait Ewait_1;
    %pushi/vec4 0, 0, 1;
    %ix/load 4, 0, 0;
    %flag_set/imm 4, 0;
    %store/vec4 v000002b0af191a20_0, 4, 1;
    %load/vec4 v000002b0af1918e0_0;
    %parti/s 4, 8, 5;
    %ix/load 4, 1, 0;
    %flag_set/imm 4, 0;
    %store/vec4 v000002b0af191a20_0, 4, 4;
    %load/vec4 v000002b0af1918e0_0;
    %parti/s 6, 25, 6;
    %ix/load 4, 5, 0;
    %flag_set/imm 4, 0;
    %store/vec4 v000002b0af191a20_0, 4, 6;
    %load/vec4 v000002b0af1918e0_0;
    %parti/s 1, 7, 4;
    %ix/load 4, 11, 0;
    %flag_set/imm 4, 0;
    %store/vec4 v000002b0af191a20_0, 4, 1;
    %load/vec4 v000002b0af1918e0_0;
    %parti/s 1, 31, 6;
    %replicate 20;
    %ix/load 4, 12, 0;
    %flag_set/imm 4, 0;
    %store/vec4 v000002b0af191a20_0, 4, 20;
    %jmp T_2;
    .thread T_2, $push;
    .scope S_000002b0af0f3d60;
T_3 ;
Ewait_2 .event/or E_000002b0af1278a0, E_0x0;
    %wait Ewait_2;
    %pushi/vec4 0, 0, 12;
    %ix/load 4, 0, 0;
    %flag_set/imm 4, 0;
    %store/vec4 v000002b0af191c00_0, 4, 12;
    %load/vec4 v000002b0af1918e0_0;
    %parti/s 20, 12, 5;
    %ix/load 4, 12, 0;
    %flag_set/imm 4, 0;
    %store/vec4 v000002b0af191c00_0, 4, 20;
    %jmp T_3;
    .thread T_3, $push;
    .scope S_000002b0af100810;
T_4 ;
    %wait E_000002b0af12a920;
    %load/vec4 v000002b0af12f100_0;
    %flag_set/vec4 8;
    %jmp/0xz  T_4.0, 8;
    %load/vec4 v000002b0af12e840_0;
    %load/vec4 v000002b0af12e5c0_0;
    %pad/u 7;
    %ix/vec4 3;
    %ix/load 4, 0, 0; Constant delay
    %assign/vec4/a/d v000002b0af12e7a0, 0, 4;
T_4.0 ;
    %jmp T_4;
    .thread T_4;
    .scope S_000002b0af10b6b0;
T_5 ;
Ewait_3 .event/or E_000002b0af12a720, E_0x0;
    %wait Ewait_3;
    %load/vec4 v000002b0af12f920_0;
    %dup/vec4;
    %pushi/vec4 0, 0, 3;
    %cmp/u;
    %jmp/1 T_5.1, 6;
    %dup/vec4;
    %pushi/vec4 1, 0, 3;
    %cmp/u;
    %jmp/1 T_5.2, 6;
    %dup/vec4;
    %pushi/vec4 2, 0, 3;
    %cmp/u;
    %jmp/1 T_5.3, 6;
    %dup/vec4;
    %pushi/vec4 3, 0, 3;
    %cmp/u;
    %jmp/1 T_5.4, 6;
    %dup/vec4;
    %pushi/vec4 4, 0, 3;
    %cmp/u;
    %jmp/1 T_5.5, 6;
    %load/vec4 v000002b0af12fa60_0;
    %load/vec4 v000002b0af12e200_0;
    %add;
    %store/vec4 v000002b0af12ef20_0, 0, 32;
    %jmp T_5.6;
T_5.1 ;
    %load/vec4 v000002b0af12fa60_0;
    %load/vec4 v000002b0af12e200_0;
    %add;
    %store/vec4 v000002b0af12ef20_0, 0, 32;
    %jmp T_5.6;
T_5.2 ;
    %load/vec4 v000002b0af12fa60_0;
    %load/vec4 v000002b0af12e200_0;
    %or;
    %store/vec4 v000002b0af12ef20_0, 0, 32;
    %jmp T_5.6;
T_5.3 ;
    %load/vec4 v000002b0af12fa60_0;
    %load/vec4 v000002b0af12e200_0;
    %parti/s 5, 0, 2;
    %ix/vec4 4;
    %shiftr 4;
    %store/vec4 v000002b0af12ef20_0, 0, 32;
    %jmp T_5.6;
T_5.4 ;
    %load/vec4 v000002b0af12fa60_0;
    %load/vec4 v000002b0af12e200_0;
    %cmp/u;
    %flag_mov 8, 5;
    %jmp/0 T_5.7, 8;
    %pushi/vec4 1, 0, 32;
    %jmp/1 T_5.8, 8;
T_5.7 ; End of true expr.
    %pushi/vec4 0, 0, 32;
    %jmp/0 T_5.8, 8;
 ; End of false expr.
    %blend;
T_5.8;
    %store/vec4 v000002b0af12ef20_0, 0, 32;
    %jmp T_5.6;
T_5.5 ;
    %load/vec4 v000002b0af12fa60_0;
    %load/vec4 v000002b0af12e200_0;
    %sub;
    %store/vec4 v000002b0af12ef20_0, 0, 32;
    %jmp T_5.6;
T_5.6 ;
    %pop/vec4 1;
    %jmp T_5;
    .thread T_5, $push;
    .scope S_000002b0af02dac0;
T_6 ;
Ewait_4 .event/or E_000002b0af127b60, E_0x0;
    %wait Ewait_4;
    %pushi/vec4 0, 0, 1;
    %store/vec4 v000002b0af1906c0_0, 0, 1;
    %pushi/vec4 0, 0, 1;
    %store/vec4 v000002b0af191160_0, 0, 1;
    %pushi/vec4 0, 0, 1;
    %store/vec4 v000002b0af190ee0_0, 0, 1;
    %pushi/vec4 0, 0, 1;
    %store/vec4 v000002b0af191b60_0, 0, 1;
    %pushi/vec4 0, 0, 1;
    %store/vec4 v000002b0af190c60_0, 0, 1;
    %pushi/vec4 0, 0, 3;
    %store/vec4 v000002b0af191480_0, 0, 3;
    %load/vec4 v000002b0af191980_0;
    %load/vec4 v000002b0af191e80_0;
    %concat/vec4; draw_concat_vec4
    %load/vec4 v000002b0af191660_0;
    %concat/vec4; draw_concat_vec4
    %dup/vec4;
    %pushi/vec4 51, 0, 17;
    %cmp/z;
    %jmp/1 T_6.0, 4;
    %dup/vec4;
    %pushi/vec4 819, 0, 17;
    %cmp/z;
    %jmp/1 T_6.1, 4;
    %dup/vec4;
    %pushi/vec4 691, 0, 17;
    %cmp/z;
    %jmp/1 T_6.2, 4;
    %dup/vec4;
    %pushi/vec4 435, 0, 17;
    %cmp/z;
    %jmp/1 T_6.3, 4;
    %dup/vec4;
    %pushi/vec4 32819, 0, 17;
    %cmp/z;
    %jmp/1 T_6.4, 4;
    %dup/vec4;
    %pushi/vec4 19, 130048, 17;
    %cmp/z;
    %jmp/1 T_6.5, 4;
    %dup/vec4;
    %pushi/vec4 55, 130944, 17;
    %cmp/z;
    %jmp/1 T_6.6, 4;
    %dup/vec4;
    %pushi/vec4 99, 130048, 17;
    %cmp/z;
    %jmp/1 T_6.7, 4;
    %dup/vec4;
    %pushi/vec4 227, 130048, 17;
    %cmp/z;
    %jmp/1 T_6.8, 4;
    %jmp T_6.9;
T_6.0 ;
    %pushi/vec4 1, 0, 1;
    %store/vec4 v000002b0af190ee0_0, 0, 1;
    %pushi/vec4 0, 0, 3;
    %store/vec4 v000002b0af191480_0, 0, 3;
    %jmp T_6.9;
T_6.1 ;
    %pushi/vec4 1, 0, 1;
    %store/vec4 v000002b0af190ee0_0, 0, 1;
    %pushi/vec4 1, 0, 3;
    %store/vec4 v000002b0af191480_0, 0, 3;
    %jmp T_6.9;
T_6.2 ;
    %pushi/vec4 1, 0, 1;
    %store/vec4 v000002b0af190ee0_0, 0, 1;
    %pushi/vec4 2, 0, 3;
    %store/vec4 v000002b0af191480_0, 0, 3;
    %jmp T_6.9;
T_6.3 ;
    %pushi/vec4 1, 0, 1;
    %store/vec4 v000002b0af190ee0_0, 0, 1;
    %pushi/vec4 3, 0, 3;
    %store/vec4 v000002b0af191480_0, 0, 3;
    %jmp T_6.9;
T_6.4 ;
    %pushi/vec4 1, 0, 1;
    %store/vec4 v000002b0af190ee0_0, 0, 1;
    %pushi/vec4 4, 0, 3;
    %store/vec4 v000002b0af191480_0, 0, 3;
    %jmp T_6.9;
T_6.5 ;
    %pushi/vec4 1, 0, 1;
    %store/vec4 v000002b0af190ee0_0, 0, 1;
    %pushi/vec4 1, 0, 1;
    %store/vec4 v000002b0af191b60_0, 0, 1;
    %pushi/vec4 0, 0, 3;
    %store/vec4 v000002b0af191480_0, 0, 3;
    %jmp T_6.9;
T_6.6 ;
    %pushi/vec4 1, 0, 1;
    %store/vec4 v000002b0af190ee0_0, 0, 1;
    %pushi/vec4 1, 0, 1;
    %store/vec4 v000002b0af190c60_0, 0, 1;
    %jmp T_6.9;
T_6.7 ;
    %pushi/vec4 1, 0, 1;
    %store/vec4 v000002b0af1906c0_0, 0, 1;
    %pushi/vec4 1, 0, 1;
    %store/vec4 v000002b0af191160_0, 0, 1;
    %pushi/vec4 4, 0, 3;
    %store/vec4 v000002b0af191480_0, 0, 3;
    %jmp T_6.9;
T_6.8 ;
    %pushi/vec4 1, 0, 1;
    %store/vec4 v000002b0af1906c0_0, 0, 1;
    %pushi/vec4 4, 0, 3;
    %store/vec4 v000002b0af191480_0, 0, 3;
    %jmp T_6.9;
T_6.9 ;
    %pop/vec4 1;
    %jmp T_6;
    .thread T_6, $push;
    .scope S_000002b0af10b520;
T_7 ;
    %wait E_000002b0af12a920;
    %load/vec4 v000002b0af193ad0_0;
    %flag_set/vec4 8;
    %jmp/0xz  T_7.0, 8;
    %pushi/vec4 0, 0, 1;
    %assign/vec4 v000002b0af192630_0, 0;
    %jmp T_7.1;
T_7.0 ;
    %load/vec4 v000002b0af192630_0;
    %inv;
    %assign/vec4 v000002b0af192630_0, 0;
T_7.1 ;
    %jmp T_7;
    .thread T_7;
    .scope S_000002b0af0e6110;
T_8 ;
    %wait E_000002b0af12a920;
    %load/vec4 v000002b0af193a30_0;
    %pad/u 12;
    %ix/vec4 4;
    %load/vec4a v000002b0af193710, 4;
    %assign/vec4 v000002b0af1938f0_0, 0;
    %jmp T_8;
    .thread T_8;
    .scope S_000002b0af0e6110;
T_9 ;
    %vpi_call/w 10 30 "$readmemh", "program.hex", v000002b0af193710 {0 0 0};
    %end;
    .thread T_9;
    .scope S_000002b0af113010;
T_10 ;
    %pushi/vec4 0, 0, 32;
    %store/vec4 v000002b0af193990_0, 0, 32;
    %pushi/vec4 0, 0, 1;
    %store/vec4 v000002b0af193490_0, 0, 1;
    %end;
    .thread T_10, $init;
    .scope S_000002b0af113010;
T_11 ;
    %pushi/vec4 0, 0, 1;
    %store/vec4 v000002b0af1942f0_0, 0, 1;
T_11.0 ;
    %delay 5, 0;
    %load/vec4 v000002b0af1942f0_0;
    %inv;
    %store/vec4 v000002b0af1942f0_0, 0, 1;
    %jmp T_11.0;
    %end;
    .thread T_11;
    .scope S_000002b0af113010;
T_12 ;
    %pushi/vec4 1, 1, 1;
    %assign/vec4 v000002b0af193d50_0, 0;
    %pushi/vec4 2, 0, 32;
T_12.0 %dup/vec4;
    %pushi/vec4 0, 0, 32;
    %cmp/s;
    %jmp/1xz T_12.1, 5;
    %jmp/1 T_12.1, 4;
    %pushi/vec4 1, 0, 32;
    %sub;
    %wait E_000002b0af12a920;
    %jmp T_12.0;
T_12.1 ;
    %pop/vec4 1;
    %pushi/vec4 1, 0, 1;
    %assign/vec4 v000002b0af193d50_0, 0;
    %pushi/vec4 2, 0, 32;
T_12.2 %dup/vec4;
    %pushi/vec4 0, 0, 32;
    %cmp/s;
    %jmp/1xz T_12.3, 5;
    %jmp/1 T_12.3, 4;
    %pushi/vec4 1, 0, 32;
    %sub;
    %wait E_000002b0af12a920;
    %jmp T_12.2;
T_12.3 ;
    %pop/vec4 1;
    %pushi/vec4 0, 0, 1;
    %assign/vec4 v000002b0af193d50_0, 0;
    %end;
    .thread T_12;
    .scope S_000002b0af113010;
T_13 ;
    %pushi/vec4 10, 0, 5;
    %assign/vec4 v000002b0af194390_0, 0;
    %wait E_000002b0af12a4e0;
    %pushi/vec4 1000, 0, 32;
T_13.0 %dup/vec4;
    %pushi/vec4 0, 0, 32;
    %cmp/s;
    %jmp/1xz T_13.1, 5;
    %jmp/1 T_13.1, 4;
    %pushi/vec4 1, 0, 32;
    %sub;
    %wait E_000002b0af12a920;
    %load/vec4 v000002b0af192b30_0;
    %pushi/vec4 2178309, 0, 32;
    %cmp/e;
    %flag_get/vec4 4;
    %load/vec4 v000002b0af192b30_0;
    %pushi/vec4 479001600, 0, 32;
    %cmp/e;
    %flag_get/vec4 4;
    %or;
    %flag_set/vec4 8;
    %jmp/0xz  T_13.2, 8;
    %vpi_call/w 3 89 "$display", "%s PASS", "tb.sv" {0 0 0};
    %vpi_call/w 3 90 "$finish" {0 0 0};
T_13.2 ;
    %jmp T_13.0;
T_13.1 ;
    %pop/vec4 1;
    %vpi_call/w 3 94 "$display", "%s FAIL: none of expected register values occured", "tb.sv" {0 0 0};
    %vpi_call/w 3 97 "$finish" {0 0 0};
    %end;
    .thread T_13;
    .scope S_000002b0af113010;
T_14 ;
    %wait E_000002b0af12a920;
    %load/vec4 v000002b0af193d50_0;
    %flag_set/vec4 8;
    %jmp/0xz  T_14.0, 8;
    %pushi/vec4 0, 0, 1;
    %assign/vec4 v000002b0af194070_0, 0;
    %jmp T_14.1;
T_14.0 ;
    %load/vec4 v000002b0af194070_0;
    %inv;
    %assign/vec4 v000002b0af194070_0, 0;
T_14.1 ;
    %jmp T_14;
    .thread T_14;
    .scope S_000002b0af113010;
T_15 ;
    %wait E_000002b0af12a920;
    %vpi_call/w 3 124 "$write", "cycle %5d", v000002b0af193990_0 {0 0 0};
    %load/vec4 v000002b0af193990_0;
    %addi 1, 0, 32;
    %cast2;
    %assign/vec4 v000002b0af193990_0, 0;
    %load/vec4 v000002b0af193d50_0;
    %flag_set/vec4 8;
    %jmp/0xz  T_15.0, 8;
    %vpi_call/w 3 129 "$write", " rst" {0 0 0};
    %pushi/vec4 1, 0, 1;
    %assign/vec4 v000002b0af193490_0, 0;
    %jmp T_15.1;
T_15.0 ;
    %vpi_call/w 3 134 "$write", "    " {0 0 0};
T_15.1 ;
    %load/vec4 v000002b0af193cb0_0;
    %load/vec4 v000002b0af1929f0_0;
    %cmp/ne;
    %jmp/0xz  T_15.2, 6;
    %vpi_call/w 3 138 "$write", " %h", v000002b0af193cb0_0 {0 0 0};
    %jmp T_15.3;
T_15.2 ;
    %vpi_call/w 3 140 "$write", "         " {0 0 0};
T_15.3 ;
    %load/vec4 v000002b0af193490_0;
    %load/vec4 v000002b0af193d50_0;
    %inv;
    %and;
    %load/vec4 v000002b0af194070_0;
    %and;
    %vpi_func 3 142 "$isunknown" 1, v000002b0af192770_0 {0 0 0};
    %and;
    %flag_set/vec4 8;
    %jmp/0xz  T_15.4, 8;
    %vpi_call/w 3 144 "$display", "%s FAIL: fetched instruction at address %x contains Xs: %x", "tb.sv", v000002b0af193cb0_0, v000002b0af192770_0 {0 0 0};
    %vpi_call/w 3 147 "$finish" {0 0 0};
T_15.4 ;
    %load/vec4 v000002b0af192b30_0;
    %load/vec4 v000002b0af192bd0_0;
    %cmp/ne;
    %jmp/0xz  T_15.6, 6;
    %vpi_call/w 3 151 "$write", " %h", v000002b0af192b30_0 {0 0 0};
    %jmp T_15.7;
T_15.6 ;
    %vpi_call/w 3 153 "$write", "         " {0 0 0};
T_15.7 ;
    %load/vec4 v000002b0af193cb0_0;
    %assign/vec4 v000002b0af1929f0_0, 0;
    %load/vec4 v000002b0af192b30_0;
    %assign/vec4 v000002b0af192bd0_0, 0;
    %vpi_call/w 3 158 "$display" {0 0 0};
    %jmp T_15;
    .thread T_15;
# The file index is used to find the file name in the following table.
:file_names 11;
    "N/A";
    "<interactive>";
    "-";
    "tb.sv";
    "sr_cpu.sv";
    "sr_alu.sv";
    "sr_register_file.sv";
    "sr_decode.sv";
    "register_with_rst_and_en.sv";
    "sr_control.sv";
    "instruction_rom.sv";
