#! /c/Source/iverilog-install/bin/vvp
:ivl_version "12.0 (devel)" "(s20150603-1539-g2693dd32b)";
:ivl_delay_selection "TYPICAL";
:vpi_time_precision + 0;
:vpi_module "C:\iverilog\lib\ivl\system.vpi";
:vpi_module "C:\iverilog\lib\ivl\vhdl_sys.vpi";
:vpi_module "C:\iverilog\lib\ivl\vhdl_textio.vpi";
:vpi_module "C:\iverilog\lib\ivl\v2005_math.vpi";
:vpi_module "C:\iverilog\lib\ivl\va_math.vpi";
:vpi_module "C:\iverilog\lib\ivl\v2009.vpi";
S_0000022081573d20 .scope package, "$unit" "$unit" 2 1;
 .timescale 0 0;
S_000002208157b670 .scope module, "testbench" "testbench" 3 5;
 .timescale 0 0;
P_00000220815676d0 .param/l "N" 1 3 41, +C4<00000000000000000000000001100100>;
P_0000022081567708 .param/l "N_hand" 1 3 45, +C4<00000000000000000000000000010000>;
P_0000022081567740 .param/l "pos_ready" 1 3 44, +C4<00000000000000000000000000110010>;
P_0000022081567778 .param/l "pos_token" 1 3 42, +C4<00000000000000000000000000110010>;
P_00000220815677b0 .param/l "pos_valid" 1 3 43, +C4<00000000000000000000000000110010>;
L_0000022081571c40 .functor AND 1, v00000220815ece40_0, L_0000022081572490, C4<1>, C4<1>;
L_0000022081571e70 .functor AND 1, L_00000220815715b0, v00000220815ebb80_0, C4<1>, C4<1>;
L_0000022081571620 .functor AND 1, v00000220815ece40_0, v000002208156efd0_0, C4<1>, C4<1>;
v000002208156efd0_0 .var "a", 0 0;
v00000220815ec080_0 .var "a_down_data", 0 15;
v00000220815ebf40_0 .var "a_down_ready", 0 15;
v00000220815eb5e0_0 .var "a_down_valid", 0 15;
v00000220815eb4a0_0 .var "a_up_ready", 0 15;
v00000220815ebae0_0 .var "a_up_token", 0 15;
v00000220815ecd00_0 .var "a_up_valid", 0 15;
v00000220815ec120_0 .var "clk", 0 0;
v00000220815eca80_0 .net "double_a", 0 0, L_00000220815eb680;  1 drivers
v00000220815eb7c0_0 .net "down_handshake", 0 0, L_0000022081571e70;  1 drivers
v00000220815ebb80_0 .var "down_ready", 0 0;
v00000220815ecbc0_0 .net "down_valid", 0 0, L_00000220815715b0;  1 drivers
v00000220815ecb20_0 .var/2s "i", 31 0;
v00000220815ec1c0_0 .net "in_token", 0 0, L_0000022081571620;  1 drivers
v00000220815eb0e0_0 .var/2s "n_double_tokens", 31 0;
v00000220815ec8a0_0 .var/2s "n_orig_tokens", 31 0;
v00000220815ec760_0 .var/2s "probability", 31 0;
v00000220815ec9e0_0 .var "rst", 0 0;
v00000220815eb720_0 .net "up_handshake", 0 0, L_0000022081571c40;  1 drivers
v00000220815ec260_0 .net "up_ready", 0 0, L_0000022081572490;  1 drivers
v00000220815ece40_0 .var "up_valid", 0 0;
v00000220815ec6c0_0 .var/2u "was_reset", 0 0;
E_000002208156d9d0 .event negedge, v000002208156ed50_0;
S_000002208157b800 .scope module, "i_double_tokens_with_flow_control" "double_tokens_with_flow_control" 3 67, 4 5 0, S_000002208157b670;
 .timescale 0 0;
    .port_info 0 /INPUT 1 "clk";
    .port_info 1 /INPUT 1 "rst";
    .port_info 2 /INPUT 1 "up_valid";
    .port_info 3 /OUTPUT 1 "up_ready";
    .port_info 4 /INPUT 1 "up_token";
    .port_info 5 /OUTPUT 1 "down_valid";
    .port_info 6 /INPUT 1 "down_ready";
    .port_info 7 /OUTPUT 1 "down_data";
L_0000022081571690 .functor AND 1, v00000220815ece40_0, L_0000022081572490, C4<1>, C4<1>;
L_00000220815718c0 .functor AND 1, L_00000220815715b0, v00000220815ebb80_0, C4<1>, C4<1>;
L_0000022081572420 .functor AND 1, L_0000022081571690, v000002208156efd0_0, C4<1>, C4<1>;
L_0000022081571f50 .functor AND 1, L_00000220815718c0, L_00000220815eb680, C4<1>, C4<1>;
L_00000220815715b0 .functor OR 1, L_00000220815ecc60, v00000220815ece40_0, C4<0>, C4<0>;
L_0000022081571770 .functor AND 1, v00000220815ebb80_0, v00000220815ece40_0, C4<1>, C4<1>;
L_00000220815719a0 .functor NOT 1, v000002208156e210_0, C4<0>, C4<0>, C4<0>;
L_0000022081572490 .functor AND 1, L_0000022081571770, L_00000220815719a0, C4<1>, C4<1>;
v000002208156e2b0_0 .net *"_ivl_10", 0 0, L_00000220815ecc60;  1 drivers
L_00000220816300d0 .functor BUFT 1, C4<0000000000000000>, C4<0>, C4<0>, C4<0>;
v000002208156e7b0_0 .net/2u *"_ivl_14", 15 0, L_00000220816300d0;  1 drivers
v000002208156e3f0_0 .net *"_ivl_16", 0 0, L_00000220815ec580;  1 drivers
L_0000022081630118 .functor BUFT 1, C4<1>, C4<0>, C4<0>, C4<0>;
v000002208156ead0_0 .net/2u *"_ivl_18", 0 0, L_0000022081630118;  1 drivers
v000002208156e530_0 .net *"_ivl_22", 0 0, L_0000022081571770;  1 drivers
v000002208156e5d0_0 .net *"_ivl_24", 0 0, L_00000220815719a0;  1 drivers
L_0000022081630088 .functor BUFT 1, C4<0000000000000000>, C4<0>, C4<0>, C4<0>;
v000002208156e170_0 .net/2u *"_ivl_8", 15 0, L_0000022081630088;  1 drivers
v000002208156e210_0 .var "blocked", 0 0;
v000002208156e490_0 .net "clk", 0 0, v00000220815ec120_0;  1 drivers
v000002208156e670_0 .var "cnt", 15 0;
v000002208156e710_0 .net "down_data", 0 0, L_00000220815eb680;  alias, 1 drivers
v000002208156ecb0_0 .net "down_hs", 0 0, L_00000220815718c0;  1 drivers
v000002208156ee90_0 .net "down_hs_token1", 0 0, L_0000022081571f50;  1 drivers
v000002208156e850_0 .net "down_ready", 0 0, v00000220815ebb80_0;  1 drivers
v000002208156edf0_0 .net "down_valid", 0 0, L_00000220815715b0;  alias, 1 drivers
v000002208156ed50_0 .net "rst", 0 0, v00000220815ec9e0_0;  1 drivers
v000002208156ef30_0 .var "seq_cnt", 7 0;
v000002208156e990_0 .net "up_hs", 0 0, L_0000022081571690;  1 drivers
v000002208156ea30_0 .net "up_hs_token1", 0 0, L_0000022081572420;  1 drivers
v000002208156f070_0 .net "up_ready", 0 0, L_0000022081572490;  alias, 1 drivers
v000002208156eb70_0 .net "up_token", 0 0, v000002208156efd0_0;  1 drivers
v000002208156ec10_0 .net "up_valid", 0 0, v00000220815ece40_0;  1 drivers
E_000002208156ca90 .event posedge, v000002208156e490_0;
L_00000220815ecc60 .cmp/ne 16, v000002208156e670_0, L_0000022081630088;
L_00000220815ec580 .cmp/ne 16, v000002208156e670_0, L_00000220816300d0;
L_00000220815eb680 .functor MUXZ 1, v000002208156efd0_0, L_0000022081630118, L_00000220815ec580, C4<>;
    .scope S_000002208157b800;
T_0 ;
    %wait E_000002208156ca90;
    %load/vec4 v000002208156ed50_0;
    %flag_set/vec4 8;
    %jmp/0xz  T_0.0, 8;
    %pushi/vec4 0, 0, 16;
    %assign/vec4 v000002208156e670_0, 0;
    %jmp T_0.1;
T_0.0 ;
    %load/vec4 v000002208156e670_0;
    %load/vec4 v000002208156ea30_0;
    %flag_set/vec4 8;
    %jmp/0 T_0.2, 8;
    %pushi/vec4 2, 0, 16;
    %jmp/1 T_0.3, 8;
T_0.2 ; End of true expr.
    %pushi/vec4 0, 0, 16;
    %jmp/0 T_0.3, 8;
 ; End of false expr.
    %blend;
T_0.3;
    %add;
    %load/vec4 v000002208156ee90_0;
    %flag_set/vec4 8;
    %jmp/0 T_0.4, 8;
    %pushi/vec4 1, 0, 16;
    %jmp/1 T_0.5, 8;
T_0.4 ; End of true expr.
    %pushi/vec4 0, 0, 16;
    %jmp/0 T_0.5, 8;
 ; End of false expr.
    %blend;
T_0.5;
    %sub;
    %assign/vec4 v000002208156e670_0, 0;
T_0.1 ;
    %jmp T_0;
    .thread T_0;
    .scope S_000002208157b800;
T_1 ;
    %wait E_000002208156ca90;
    %load/vec4 v000002208156ed50_0;
    %flag_set/vec4 8;
    %jmp/0xz  T_1.0, 8;
    %pushi/vec4 0, 0, 8;
    %assign/vec4 v000002208156ef30_0, 0;
    %pushi/vec4 0, 0, 1;
    %assign/vec4 v000002208156e210_0, 0;
    %jmp T_1.1;
T_1.0 ;
    %load/vec4 v000002208156e850_0;
    %flag_set/vec4 8;
    %jmp/0xz  T_1.2, 8;
    %pushi/vec4 0, 0, 1;
    %assign/vec4 v000002208156e210_0, 0;
    %jmp T_1.3;
T_1.2 ;
    %load/vec4 v000002208156e990_0;
    %flag_set/vec4 9;
    %flag_get/vec4 9;
    %jmp/0 T_1.6, 9;
    %pushi/vec4 99, 0, 8;
    %load/vec4 v000002208156ef30_0;
    %cmp/u;
    %flag_get/vec4 4;
    %flag_get/vec4 5;
    %or;
    %and;
T_1.6;
    %flag_set/vec4 8;
    %jmp/0xz  T_1.4, 8;
    %pushi/vec4 1, 0, 1;
    %assign/vec4 v000002208156e210_0, 0;
T_1.4 ;
T_1.3 ;
    %load/vec4 v000002208156e990_0;
    %flag_set/vec4 8;
    %jmp/0xz  T_1.7, 8;
    %load/vec4 v000002208156ef30_0;
    %addi 1, 0, 8;
    %assign/vec4 v000002208156ef30_0, 0;
    %jmp T_1.8;
T_1.7 ;
    %load/vec4 v000002208156ec10_0;
    %nor/r;
    %flag_set/vec4 9;
    %flag_get/vec4 9;
    %jmp/0 T_1.11, 9;
    %load/vec4 v000002208156e210_0;
    %nor/r;
    %and;
T_1.11;
    %flag_set/vec4 8;
    %jmp/0xz  T_1.9, 8;
    %pushi/vec4 0, 0, 8;
    %assign/vec4 v000002208156ef30_0, 0;
T_1.9 ;
T_1.8 ;
T_1.1 ;
    %jmp T_1;
    .thread T_1;
    .scope S_000002208157b670;
T_2 ;
    %pushi/vec4 65295, 0, 16;
    %store/vec4 v00000220815ebf40_0, 0, 16;
    %pushi/vec4 52384, 0, 16;
    %store/vec4 v00000220815ebae0_0, 0, 16;
    %pushi/vec4 63487, 0, 16;
    %store/vec4 v00000220815ecd00_0, 0, 16;
    %pushi/vec4 63231, 0, 16;
    %store/vec4 v00000220815ec080_0, 0, 16;
    %pushi/vec4 65535, 0, 16;
    %store/vec4 v00000220815eb5e0_0, 0, 16;
    %pushi/vec4 65535, 0, 16;
    %store/vec4 v00000220815eb4a0_0, 0, 16;
    %pushi/vec4 0, 0, 1;
    %store/vec4 v00000220815ec6c0_0, 0, 1;
    %pushi/vec4 0, 0, 32;
    %store/vec4 v00000220815ec8a0_0, 0, 32;
    %pushi/vec4 0, 0, 32;
    %store/vec4 v00000220815eb0e0_0, 0, 32;
    %end;
    .thread T_2, $init;
    .scope S_000002208157b670;
T_3 ;
    %pushi/vec4 0, 0, 1;
    %store/vec4 v00000220815ec120_0, 0, 1;
T_3.0 ;
    %delay 500, 0;
    %load/vec4 v00000220815ec120_0;
    %inv;
    %store/vec4 v00000220815ec120_0, 0, 1;
    %jmp T_3.0;
    %end;
    .thread T_3;
    .scope S_000002208157b670;
T_4 ;
    %pushi/vec4 1, 1, 1;
    %assign/vec4 v00000220815ec9e0_0, 0;
    %pushi/vec4 2, 0, 32;
T_4.0 %dup/vec4;
    %pushi/vec4 0, 0, 32;
    %cmp/s;
    %jmp/1xz T_4.1, 5;
    %jmp/1 T_4.1, 4;
    %pushi/vec4 1, 0, 32;
    %sub;
    %wait E_000002208156ca90;
    %jmp T_4.0;
T_4.1 ;
    %pop/vec4 1;
    %pushi/vec4 1, 0, 1;
    %assign/vec4 v00000220815ec9e0_0, 0;
    %pushi/vec4 2, 0, 32;
T_4.2 %dup/vec4;
    %pushi/vec4 0, 0, 32;
    %cmp/s;
    %jmp/1xz T_4.3, 5;
    %jmp/1 T_4.3, 4;
    %pushi/vec4 1, 0, 32;
    %sub;
    %wait E_000002208156ca90;
    %jmp T_4.2;
T_4.3 ;
    %pop/vec4 1;
    %pushi/vec4 0, 0, 1;
    %assign/vec4 v00000220815ec9e0_0, 0;
    %end;
    .thread T_4;
    .scope S_000002208157b670;
T_5 ;
    %wait E_000002208156ca90;
    %load/vec4 v00000220815ec9e0_0;
    %flag_set/vec4 8;
    %jmp/0xz  T_5.0, 8;
    %pushi/vec4 1, 0, 1;
    %assign/vec4 v00000220815ec6c0_0, 0;
T_5.0 ;
    %jmp T_5;
    .thread T_5;
    .scope S_000002208157b670;
T_6 ;
    %wait E_000002208156ca90;
    %load/vec4 v00000220815ec9e0_0;
    %inv;
    %load/vec4 v00000220815ec6c0_0;
    %and;
    %load/vec4 v00000220815eb720_0;
    %and;
    %flag_set/vec4 8;
    %jmp/0xz  T_6.0, 8;
    %load/vec4 v00000220815ec8a0_0;
    %load/vec4 v000002208156efd0_0;
    %pad/u 32;
    %add;
    %cast2;
    %assign/vec4 v00000220815ec8a0_0, 0;
T_6.0 ;
    %load/vec4 v00000220815ec9e0_0;
    %inv;
    %load/vec4 v00000220815ec6c0_0;
    %and;
    %load/vec4 v00000220815eb7c0_0;
    %and;
    %flag_set/vec4 8;
    %jmp/0xz  T_6.2, 8;
    %load/vec4 v00000220815eb0e0_0;
    %load/vec4 v00000220815eca80_0;
    %pad/u 32;
    %add;
    %cast2;
    %assign/vec4 v00000220815eb0e0_0, 0;
T_6.2 ;
    %jmp T_6;
    .thread T_6;
    .scope S_000002208157b670;
T_7 ;
    %vpi_call/w 3 108 "$dumpfile", "dump.vcd" {0 0 0};
    %vpi_call/w 3 109 "$dumpvars" {0 0 0};
    %wait E_000002208156d9d0;
    %pushi/vec4 0, 0, 32;
    %store/vec4 v00000220815ecb20_0, 0, 32;
T_7.0 ;
    %load/vec4 v00000220815ecb20_0;
    %cmpi/s 16, 0, 32;
    %jmp/0xz T_7.1, 5;
    %load/vec4 v00000220815ebae0_0;
    %pushi/vec4 15, 0, 34;
    %load/vec4 v00000220815ecb20_0;
    %pad/s 34;
    %sub;
    %part/s 1;
    %assign/vec4 v000002208156efd0_0, 0;
    %load/vec4 v00000220815ecd00_0;
    %pushi/vec4 15, 0, 34;
    %load/vec4 v00000220815ecb20_0;
    %pad/s 34;
    %sub;
    %part/s 1;
    %assign/vec4 v00000220815ece40_0, 0;
    %load/vec4 v00000220815ebf40_0;
    %pushi/vec4 15, 0, 34;
    %load/vec4 v00000220815ecb20_0;
    %pad/s 34;
    %sub;
    %part/s 1;
    %assign/vec4 v00000220815ebb80_0, 0;
    %wait E_000002208156ca90;
    %load/vec4 v00000220815ec080_0;
    %pushi/vec4 15, 0, 34;
    %load/vec4 v00000220815ecb20_0;
    %pad/s 34;
    %sub;
    %part/s 1;
    %load/vec4 v00000220815eca80_0;
    %cmp/ne;
    %flag_get/vec4 4;
    %load/vec4 v00000220815eb5e0_0;
    %pushi/vec4 15, 0, 34;
    %load/vec4 v00000220815ecb20_0;
    %pad/s 34;
    %sub;
    %part/s 1;
    %load/vec4 v00000220815ecbc0_0;
    %cmp/ne;
    %flag_get/vec4 4;
    %or;
    %flag_set/vec4 8;
    %jmp/0xz  T_7.2, 8;
    %vpi_call/w 3 120 "$display", "FAIL %s \012", "testbench.sv" {0 0 0};
    %vpi_call/w 3 121 "$display", "Unexpected data. Step = %d\012", v00000220815ecb20_0 {0 0 0};
    %load/vec4 v00000220815ec080_0;
    %pushi/vec4 15, 0, 34;
    %load/vec4 v00000220815ecb20_0;
    %pad/s 34;
    %sub;
    %part/s 1;
    %load/vec4 v00000220815eb5e0_0;
    %pushi/vec4 15, 0, 34;
    %load/vec4 v00000220815ecb20_0;
    %pad/s 34;
    %sub;
    %part/s 1;
    %vpi_call/w 3 122 "$display", "expected double_a = %b,  down_valid = %b  \012", S<1,vec4,u1>, S<0,vec4,u1> {2 0 0};
    %vpi_call/w 3 123 "$display", " recived double_a = %b,  down_valid = %b  \012", v00000220815eca80_0, v00000220815ecbc0_0 {0 0 0};
T_7.2 ;
    %load/vec4 v00000220815ecb20_0;
    %addi 1, 0, 32;
    %cast2;
    %store/vec4 v00000220815ecb20_0, 0, 32;
    %jmp T_7.0;
T_7.1 ;
    %pushi/vec4 16, 0, 32;
T_7.4 %dup/vec4;
    %pushi/vec4 0, 0, 32;
    %cmp/s;
    %jmp/1xz T_7.5, 5;
    %jmp/1 T_7.5, 4;
    %pushi/vec4 1, 0, 32;
    %sub;
    %wait E_000002208156ca90;
    %jmp T_7.4;
T_7.5 ;
    %pop/vec4 1;
    %pushi/vec4 1, 0, 1;
    %assign/vec4 v000002208156efd0_0, 0;
    %pushi/vec4 1, 0, 1;
    %assign/vec4 v00000220815ece40_0, 0;
    %pushi/vec4 0, 0, 1;
    %assign/vec4 v00000220815ebb80_0, 0;
    %pushi/vec4 0, 0, 32;
    %assign/vec4 v00000220815ecb20_0, 0;
T_7.6 ;
    %load/vec4 v00000220815ec260_0;
    %flag_set/vec4 8;
    %jmp/0xz T_7.7, 8;
    %wait E_000002208156ca90;
    %load/vec4 v00000220815ecb20_0;
    %addi 1, 0, 32;
    %cast2;
    %assign/vec4 v00000220815ecb20_0, 0;
    %jmp T_7.6;
T_7.7 ;
    %load/vec4 v00000220815ecb20_0;
    %cmpi/ne 100, 0, 32;
    %jmp/0xz  T_7.8, 4;
    %vpi_call/w 3 142 "$display", "FAIL %s \012", "testbench.sv" {0 0 0};
    %vpi_call/w 3 143 "$display", "Unexpected i = %d", v00000220815ecb20_0 {0 0 0};
    %vpi_call/w 3 144 "$display", "expected   i = %d", 32'sb00000000000000000000000001100100 {0 0 0};
T_7.8 ;
    %pushi/vec4 100, 0, 32;
T_7.10 %dup/vec4;
    %pushi/vec4 0, 0, 32;
    %cmp/s;
    %jmp/1xz T_7.11, 5;
    %jmp/1 T_7.11, 4;
    %pushi/vec4 1, 0, 32;
    %sub;
    %vpi_func 3 150 "$urandom_range" 32, 32'sb00000000000000000000000001100100, 32'sb00000000000000000000000000000000 {0 0 0};
    %cast2;
    %store/vec4 v00000220815ec760_0, 0, 32;
    %load/vec4 v00000220815ec760_0;
    %cmpi/s 50, 0, 32;
    %jmp/0xz  T_7.12, 5;
    %pushi/vec4 1, 0, 1;
    %assign/vec4 v00000220815ebb80_0, 0;
    %vpi_func 3 157 "$urandom_range" 32, 32'sb00000000000000000000000001100100, 32'sb00000000000000000000000000000000 {0 0 0};
    %cmpi/u 50, 0, 32;
    %flag_get/vec4 5;
    %assign/vec4 v000002208156efd0_0, 0;
    %vpi_func 3 158 "$urandom_range" 32, 32'sb00000000000000000000000001100100, 32'sb00000000000000000000000000000000 {0 0 0};
    %cmpi/u 50, 0, 32;
    %flag_get/vec4 5;
    %assign/vec4 v00000220815ece40_0, 0;
    %jmp T_7.13;
T_7.12 ;
    %pushi/vec4 0, 0, 1;
    %assign/vec4 v00000220815ebb80_0, 0;
    %load/vec4 v000002208156efd0_0;
    %load/vec4 v00000220815ece40_0;
    %and;
    %inv;
    %flag_set/vec4 8;
    %jmp/0xz  T_7.14, 8;
    %vpi_func 3 164 "$urandom_range" 32, 32'sb00000000000000000000000001100100, 32'sb00000000000000000000000000000000 {0 0 0};
    %cmpi/u 50, 0, 32;
    %flag_get/vec4 5;
    %assign/vec4 v000002208156efd0_0, 0;
T_7.14 ;
    %vpi_func 3 165 "$urandom_range" 32, 32'sb00000000000000000000000001100100, 32'sb00000000000000000000000000000000 {0 0 0};
    %cmpi/u 50, 0, 32;
    %flag_get/vec4 5;
    %assign/vec4 v00000220815ece40_0, 0;
T_7.13 ;
    %wait E_000002208156ca90;
    %jmp T_7.10;
T_7.11 ;
    %pop/vec4 1;
    %pushi/vec4 0, 0, 1;
    %assign/vec4 v000002208156efd0_0, 0;
    %pushi/vec4 1, 0, 1;
    %assign/vec4 v00000220815ebb80_0, 0;
    %pushi/vec4 203, 0, 32;
T_7.16 %dup/vec4;
    %pushi/vec4 0, 0, 32;
    %cmp/s;
    %jmp/1xz T_7.17, 5;
    %jmp/1 T_7.17, 4;
    %pushi/vec4 1, 0, 32;
    %sub;
    %wait E_000002208156ca90;
    %jmp T_7.16;
T_7.17 ;
    %pop/vec4 1;
    %load/vec4 v00000220815eb0e0_0;
    %load/vec4 v00000220815ec8a0_0;
    %muli 2, 0, 32;
    %cmp/ne;
    %flag_get/vec4 6;
    %load/vec4 v00000220815ec8a0_0;
    %pushi/vec4 0, 0, 32;
    %cmp/e;
    %flag_get/vec4 4;
    %or;
    %flag_set/vec4 8;
    %jmp/0xz  T_7.18, 8;
    %vpi_call/w 3 184 "$display", "FAIL %s", "testbench.sv" {0 0 0};
    %vpi_call/w 3 185 "$display", "++ INPUT    => {%s}", v00000220815ec8a0_0 {0 0 0};
    %vpi_call/w 3 188 "$display", "++ TEST     => {%s}", v00000220815eb0e0_0 {0 0 0};
    %vpi_call/w 3 190 "$finish", 32'sb00000000000000000000000000000001 {0 0 0};
T_7.18 ;
    %vpi_call/w 3 193 "$display", "PASS %s", "testbench.sv" {0 0 0};
    %vpi_call/w 3 194 "$finish" {0 0 0};
    %end;
    .thread T_7;
# The file index is used to find the file name in the following table.
:file_names 5;
    "N/A";
    "<interactive>";
    "-";
    "testbench.sv";
    "08_02_double_tokens_with_flow_control.sv";
