#! /c/Source/iverilog-install/bin/vvp
:ivl_version "12.0 (devel)" "(s20150603-1539-g2693dd32b)";
:ivl_delay_selection "TYPICAL";
:vpi_time_precision + 0;
:vpi_module "C:\iverilog\lib\ivl\system.vpi";
:vpi_module "C:\iverilog\lib\ivl\vhdl_sys.vpi";
:vpi_module "C:\iverilog\lib\ivl\vhdl_textio.vpi";
:vpi_module "C:\iverilog\lib\ivl\v2005_math.vpi";
:vpi_module "C:\iverilog\lib\ivl\va_math.vpi";
:vpi_module "C:\iverilog\lib\ivl\v2009.vpi";
S_0000027625df4530 .scope package, "$unit" "$unit" 2 1;
 .timescale 0 0;
S_0000027625dec9e0 .scope module, "testbench" "testbench" 3 1;
 .timescale 0 0;
P_0000027625de7010 .param/l "N" 1 3 3, +C4<00000000000000000000000000001000>;
P_0000027625de7048 .param/l "S" 1 3 3, +C4<00000000000000000000000000000011>;
v0000027625e5d250_0 .var/s "a", 7 0;
v0000027625e5c0d0 .array "res", 3 0;
v0000027625e5c0d0_0 .net/s v0000027625e5c0d0 0, 7 0, L_0000027625e5c850; 1 drivers
v0000027625e5c0d0_1 .net/s v0000027625e5c0d0 1, 7 0, L_0000027625e5d2f0; 1 drivers
v0000027625e5c0d0_2 .net/s v0000027625e5c0d0 2, 7 0, v0000027625df24f0_0; 1 drivers
v0000027625e5c0d0_3 .net/s v0000027625e5c0d0 3, 7 0, L_0000027625e5cb70; 1 drivers
S_0000027625dfb730 .scope begin, "$ivl_for_loop1" "$ivl_for_loop1" 3 35, 3 35 0, S_0000027625dec9e0;
 .timescale 0 0;
v0000027625df2270_0 .var/2s "i", 31 0;
S_0000027625dfb8c0 .scope begin, "$ivl_for_loop2" "$ivl_for_loop2" 3 40, 3 40 0, S_0000027625dec9e0;
 .timescale 0 0;
v0000027625df2e50_0 .var/2s "i", 31 0;
S_0000027625df57a0 .scope module, "i4" "arithmetic_right_shift_of_N_by_S_using_arithmetic_right_shift_operation" 3 8, 4 5 0, S_0000027625dec9e0;
 .timescale 0 0;
    .port_info 0 /INPUT 8 "a";
    .port_info 1 /OUTPUT 8 "res";
P_0000027625de6e10 .param/l "N" 0 4 6, +C4<00000000000000000000000000001000>;
P_0000027625de6e48 .param/l "S" 0 4 6, +C4<00000000000000000000000000000011>;
L_0000027625e00ce0 .functor BUFZ 8, v0000027625e5d250_0, C4<00000000>, C4<00000000>, C4<00000000>;
v0000027625df2ef0_0 .net *"_ivl_4", 4 0, L_0000027625e5c670;  1 drivers
v0000027625df2770_0 .net "a", 7 0, v0000027625e5d250_0;  1 drivers
v0000027625df2130_0 .net/s "as", 7 0, L_0000027625e00ce0;  1 drivers
v0000027625df2630_0 .net "res", 7 0, L_0000027625e5c850;  alias, 1 drivers
L_0000027625e5c670 .part L_0000027625e00ce0, 3, 5;
L_0000027625e5c850 .extend/s 8, L_0000027625e5c670;
S_0000027625df5930 .scope module, "i5" "arithmetic_right_shift_of_N_by_S_using_concatenation" 3 11, 4 18 0, S_0000027625dec9e0;
 .timescale 0 0;
    .port_info 0 /INPUT 8 "a";
    .port_info 1 /OUTPUT 8 "res";
P_0000027625de6f10 .param/l "N" 0 4 19, +C4<00000000000000000000000000001000>;
P_0000027625de6f48 .param/l "S" 0 4 19, +C4<00000000000000000000000000000011>;
v0000027625df21d0_0 .net *"_ivl_1", 0 0, L_0000027625e5d070;  1 drivers
v0000027625df29f0_0 .net *"_ivl_2", 2 0, L_0000027625e5ccb0;  1 drivers
v0000027625df2a90_0 .net *"_ivl_5", 4 0, L_0000027625e5c710;  1 drivers
v0000027625df23b0_0 .net "a", 7 0, v0000027625e5d250_0;  alias, 1 drivers
v0000027625df2310_0 .net "res", 7 0, L_0000027625e5d2f0;  alias, 1 drivers
L_0000027625e5d070 .part v0000027625e5d250_0, 7, 1;
L_0000027625e5ccb0 .concat [ 1 1 1 0], L_0000027625e5d070, L_0000027625e5d070, L_0000027625e5d070;
L_0000027625e5c710 .part v0000027625e5d250_0, 3, 5;
L_0000027625e5d2f0 .concat [ 5 3 0 0], L_0000027625e5c710, L_0000027625e5ccb0;
S_0000027625dc2560 .scope module, "i6" "arithmetic_right_shift_of_N_by_S_using_for_inside_always" 3 14, 4 34 0, S_0000027625dec9e0;
 .timescale 0 0;
    .port_info 0 /INPUT 8 "a";
    .port_info 1 /OUTPUT 8 "res";
P_0000027625de7110 .param/l "N" 0 4 35, +C4<00000000000000000000000000001000>;
P_0000027625de7148 .param/l "S" 0 4 35, +C4<00000000000000000000000000000011>;
v0000027625df2450_0 .net "a", 7 0, v0000027625e5d250_0;  alias, 1 drivers
v0000027625df24f0_0 .var "res", 7 0;
E_0000027625df3ac0 .event anyedge, v0000027625df2770_0, v0000027625df2770_0;
S_0000027625dc26f0 .scope begin, "$ivl_for_loop0" "$ivl_for_loop0" 4 39, 4 39 0, S_0000027625dc2560;
 .timescale 0 0;
v0000027625df26d0_0 .var/2s "i", 31 0;
S_0000027625d3d9d0 .scope module, "i7" "arithmetic_right_shift_of_N_by_S_using_for_inside_generate" 3 17, 4 53 0, S_0000027625dec9e0;
 .timescale 0 0;
    .port_info 0 /INPUT 8 "a";
    .port_info 1 /OUTPUT 8 "res";
P_0000027625de7510 .param/l "N" 0 4 54, +C4<00000000000000000000000000001000>;
P_0000027625de7548 .param/l "S" 0 4 54, +C4<00000000000000000000000000000011>;
v0000027625e5cad0_0 .net "a", 7 0, v0000027625e5d250_0;  alias, 1 drivers
v0000027625e5c530_0 .net "res", 7 0, L_0000027625e5cb70;  alias, 1 drivers
L_0000027625e5db10 .part v0000027625e5d250_0, 7, 1;
L_0000027625e5c7b0 .part v0000027625e5d250_0, 7, 1;
L_0000027625e5ce90 .part v0000027625e5d250_0, 7, 1;
L_0000027625e5ca30 .part v0000027625e5d250_0, 7, 1;
L_0000027625e5c990 .part v0000027625e5d250_0, 6, 1;
L_0000027625e5d750 .part v0000027625e5d250_0, 5, 1;
L_0000027625e5d390 .part v0000027625e5d250_0, 4, 1;
LS_0000027625e5cb70_0_0 .concat8 [ 1 1 1 1], L_0000027625e5c170, L_0000027625e5d390, L_0000027625e5d750, L_0000027625e5c990;
LS_0000027625e5cb70_0_4 .concat8 [ 1 1 1 1], L_0000027625e5ca30, L_0000027625e5ce90, L_0000027625e5c7b0, L_0000027625e5db10;
L_0000027625e5cb70 .concat8 [ 4 4 0 0], LS_0000027625e5cb70_0_0, LS_0000027625e5cb70_0_4;
L_0000027625e5c170 .part v0000027625e5d250_0, 3, 1;
S_0000027625d3db60 .scope generate, "genblk1[0]" "genblk1[0]" 4 60, 4 60 0, S_0000027625d3d9d0;
 .timescale 0 0;
P_0000027625df3840 .param/l "i" 0 4 60, +C4<00>;
S_0000027625d3dcf0 .scope generate, "figure_gen_0_or_1" "figure_gen_0_or_1" 4 61, 4 61 0, S_0000027625d3db60;
 .timescale 0 0;
v0000027625df28b0_0 .net *"_ivl_0", 0 0, L_0000027625e5db10;  1 drivers
S_0000027625e59840 .scope generate, "genblk1[1]" "genblk1[1]" 4 60, 4 60 0, S_0000027625d3d9d0;
 .timescale 0 0;
P_0000027625df3b00 .param/l "i" 0 4 60, +C4<01>;
S_0000027625e599d0 .scope generate, "figure_gen_0_or_1" "figure_gen_0_or_1" 4 61, 4 61 0, S_0000027625e59840;
 .timescale 0 0;
v0000027625df2810_0 .net *"_ivl_0", 0 0, L_0000027625e5c7b0;  1 drivers
S_0000027625e59b60 .scope generate, "genblk1[2]" "genblk1[2]" 4 60, 4 60 0, S_0000027625d3d9d0;
 .timescale 0 0;
P_0000027625df4000 .param/l "i" 0 4 60, +C4<010>;
S_0000027625e59cf0 .scope generate, "figure_gen_0_or_1" "figure_gen_0_or_1" 4 61, 4 61 0, S_0000027625e59b60;
 .timescale 0 0;
v0000027625df2bd0_0 .net *"_ivl_0", 0 0, L_0000027625e5ce90;  1 drivers
S_0000027625e5b840 .scope generate, "genblk1[3]" "genblk1[3]" 4 60, 4 60 0, S_0000027625d3d9d0;
 .timescale 0 0;
P_0000027625df35c0 .param/l "i" 0 4 60, +C4<011>;
S_0000027625e5b070 .scope generate, "shifted_bin_gen" "shifted_bin_gen" 4 61, 4 61 0, S_0000027625e5b840;
 .timescale 0 0;
v0000027625df2c70_0 .net *"_ivl_0", 0 0, L_0000027625e5ca30;  1 drivers
S_0000027625e5b200 .scope generate, "genblk1[4]" "genblk1[4]" 4 60, 4 60 0, S_0000027625d3d9d0;
 .timescale 0 0;
P_0000027625df3b40 .param/l "i" 0 4 60, +C4<0100>;
S_0000027625e5b9d0 .scope generate, "shifted_bin_gen" "shifted_bin_gen" 4 61, 4 61 0, S_0000027625e5b200;
 .timescale 0 0;
v0000027625df2590_0 .net *"_ivl_0", 0 0, L_0000027625e5c990;  1 drivers
S_0000027625e5bb60 .scope generate, "genblk1[5]" "genblk1[5]" 4 60, 4 60 0, S_0000027625d3d9d0;
 .timescale 0 0;
P_0000027625df3600 .param/l "i" 0 4 60, +C4<0101>;
S_0000027625e5bcf0 .scope generate, "shifted_bin_gen" "shifted_bin_gen" 4 61, 4 61 0, S_0000027625e5bb60;
 .timescale 0 0;
v0000027625df2d10_0 .net *"_ivl_0", 0 0, L_0000027625e5d750;  1 drivers
S_0000027625e5b520 .scope generate, "genblk1[6]" "genblk1[6]" 4 60, 4 60 0, S_0000027625d3d9d0;
 .timescale 0 0;
P_0000027625df4040 .param/l "i" 0 4 60, +C4<0110>;
S_0000027625e5b6b0 .scope generate, "shifted_bin_gen" "shifted_bin_gen" 4 61, 4 61 0, S_0000027625e5b520;
 .timescale 0 0;
v0000027625e5dc50_0 .net *"_ivl_0", 0 0, L_0000027625e5d390;  1 drivers
S_0000027625e5aee0 .scope generate, "genblk1[7]" "genblk1[7]" 4 60, 4 60 0, S_0000027625d3d9d0;
 .timescale 0 0;
P_0000027625df3640 .param/l "i" 0 4 60, +C4<0111>;
S_0000027625e5b390 .scope generate, "shifted_bin_gen" "shifted_bin_gen" 4 61, 4 61 0, S_0000027625e5aee0;
 .timescale 0 0;
v0000027625e5c8f0_0 .net *"_ivl_0", 0 0, L_0000027625e5c170;  1 drivers
    .scope S_0000027625dc2560;
T_0 ;
Ewait_0 .event/or E_0000027625df3ac0, E_0x0;
    %wait Ewait_0;
    %fork t_1, S_0000027625dc26f0;
    %jmp t_0;
    .scope S_0000027625dc26f0;
t_1 ;
    %pushi/vec4 0, 0, 32;
    %store/vec4 v0000027625df26d0_0, 0, 32;
T_0.0 ;
    %load/vec4 v0000027625df26d0_0;
    %cmpi/s 8, 0, 32;
    %jmp/0xz T_0.1, 5;
    %load/vec4 v0000027625df26d0_0;
    %cmpi/s 3, 0, 32;
    %flag_mov 8, 5;
    %jmp/0 T_0.2, 8;
    %load/vec4 v0000027625df2450_0;
    %parti/s 1, 7, 4;
    %jmp/1 T_0.3, 8;
T_0.2 ; End of true expr.
    %load/vec4 v0000027625df2450_0;
    %pushi/vec4 10, 0, 32;
    %load/vec4 v0000027625df26d0_0;
    %sub;
    %part/s 1;
    %jmp/0 T_0.3, 8;
 ; End of false expr.
    %blend;
T_0.3;
    %pushi/vec4 7, 0, 32;
    %load/vec4 v0000027625df26d0_0;
    %sub;
    %ix/vec4/s 4;
    %store/vec4 v0000027625df24f0_0, 4, 1;
    ; show_stmt_assign_vector: Get l-value for compressed += operand
    %load/vec4 v0000027625df26d0_0;
    %pushi/vec4 1, 0, 32;
    %add;
    %cast2;
    %store/vec4 v0000027625df26d0_0, 0, 32;
    %jmp T_0.0;
T_0.1 ;
    %end;
    .scope S_0000027625dc2560;
t_0 %join;
    %jmp T_0;
    .thread T_0, $push;
    .scope S_0000027625dec9e0;
T_1 ;
    %pushi/vec4 20, 0, 32;
T_1.0 %dup/vec4;
    %pushi/vec4 0, 0, 32;
    %cmp/s;
    %jmp/1xz T_1.1, 5;
    %jmp/1 T_1.1, 4;
    %pushi/vec4 1, 0, 32;
    %sub;
    %vpi_func 3 30 "$urandom" 32 {0 0 0};
    %pad/u 8;
    %store/vec4 v0000027625e5d250_0, 0, 8;
    %delay 1, 0;
    %vpi_call/w 3 33 "$write", "TEST %d %b", v0000027625e5d250_0, v0000027625e5d250_0 {0 0 0};
    %fork t_3, S_0000027625dfb730;
    %jmp t_2;
    .scope S_0000027625dfb730;
t_3 ;
    %pushi/vec4 0, 0, 32;
    %store/vec4 v0000027625df2270_0, 0, 32;
T_1.2 ;
    %load/vec4 v0000027625df2270_0;
    %cmpi/s 4, 0, 32;
    %jmp/0xz T_1.3, 5;
    %vpi_call/w 3 36 "$write", " %d %b", &A<v0000027625e5c0d0, v0000027625df2270_0 >, &A<v0000027625e5c0d0, v0000027625df2270_0 > {0 0 0};
    ; show_stmt_assign_vector: Get l-value for compressed += operand
    %load/vec4 v0000027625df2270_0;
    %pushi/vec4 1, 0, 32;
    %add;
    %cast2;
    %store/vec4 v0000027625df2270_0, 0, 32;
    %jmp T_1.2;
T_1.3 ;
    %end;
    .scope S_0000027625dec9e0;
t_2 %join;
    %vpi_call/w 3 38 "$display" {0 0 0};
    %fork t_5, S_0000027625dfb8c0;
    %jmp t_4;
    .scope S_0000027625dfb8c0;
t_5 ;
    %pushi/vec4 1, 0, 32;
    %store/vec4 v0000027625df2e50_0, 0, 32;
T_1.4 ;
    %load/vec4 v0000027625df2e50_0;
    %cmpi/s 4, 0, 32;
    %jmp/0xz T_1.5, 5;
    %ix/getv/s 4, v0000027625df2e50_0;
    %load/vec4a v0000027625e5c0d0, 4;
    %ix/load 4, 0, 0;
    %flag_set/imm 4, 0;
    %load/vec4a v0000027625e5c0d0, 4;
    %cmp/ne;
    %jmp/0xz  T_1.6, 6;
    %vpi_call/w 3 43 "$display", "FAIL %s. EXPECTED %d %b", "testbench.sv", v0000027625e5c0d0_0, v0000027625e5c0d0_0 {0 0 0};
    %vpi_call/w 3 46 "$finish" {0 0 0};
T_1.6 ;
    ; show_stmt_assign_vector: Get l-value for compressed += operand
    %load/vec4 v0000027625df2e50_0;
    %pushi/vec4 1, 0, 32;
    %add;
    %cast2;
    %store/vec4 v0000027625df2e50_0, 0, 32;
    %jmp T_1.4;
T_1.5 ;
    %end;
    .scope S_0000027625dec9e0;
t_4 %join;
    %jmp T_1.0;
T_1.1 ;
    %pop/vec4 1;
    %vpi_call/w 3 60 "$display", "PASS %s", "testbench.sv" {0 0 0};
    %vpi_call/w 3 61 "$finish" {0 0 0};
    %end;
    .thread T_1;
# The file index is used to find the file name in the following table.
:file_names 5;
    "N/A";
    "<interactive>";
    "-";
    "testbench.sv";
    "03_06_arithmetic_shift_or_signed_divide_by_power_of_2.sv";
