#! /c/Source/iverilog-install/bin/vvp
:ivl_version "12.0 (devel)" "(s20150603-1539-g2693dd32b)";
:ivl_delay_selection "TYPICAL";
:vpi_time_precision + 0;
:vpi_module "C:\iverilog\lib\ivl\system.vpi";
:vpi_module "C:\iverilog\lib\ivl\vhdl_sys.vpi";
:vpi_module "C:\iverilog\lib\ivl\vhdl_textio.vpi";
:vpi_module "C:\iverilog\lib\ivl\v2005_math.vpi";
:vpi_module "C:\iverilog\lib\ivl\va_math.vpi";
:vpi_module "C:\iverilog\lib\ivl\v2009.vpi";
S_000002433549b0e0 .scope package, "$unit" "$unit" 2 1;
 .timescale 0 0;
S_000002433549c900 .scope module, "testbench" "testbench" 3 3;
 .timescale 0 0;
P_000002433549ecc0 .param/l "n" 1 3 39, +C4<00000000000000000000000000010000>;
v0000024335495cd0_0 .var "a", 0 0;
v0000024335495410_0 .var "b", 0 0;
v0000024335495c30_0 .var "clk", 0 0;
v0000024335495eb0_0 .var "rst", 0 0;
v0000024335495d70_0 .net "scl_eq", 0 0, L_000002433546e0b0;  1 drivers
v00000243354963b0_0 .net "scl_greater", 0 0, L_000002433546e350;  1 drivers
v0000024335496130_0 .net "scl_less", 0 0, L_000002433546e200;  1 drivers
v0000024335495e10_0 .net "scm_eq", 0 0, L_000002433546eb30;  1 drivers
v0000024335495f50_0 .net "scm_greater", 0 0, L_00000243354f1c60;  1 drivers
v0000024335496090_0 .net "scm_less", 0 0, L_000002433548d370;  1 drivers
L_0000024335530088 .functor BUFT 1, C4<0100000100100110>, C4<0>, C4<0>, C4<0>;
v00000243354966d0 .array "seq_a", 0 2;
v00000243354966d0_0 .net v00000243354966d0 0, 15 0, L_0000024335530088; 1 drivers
L_00000243355302c8 .functor BUFT 1, C4<0100000100000110>, C4<0>, C4<0>, C4<0>;
v00000243354966d0_1 .net v00000243354966d0 1, 15 0, L_00000243355302c8; 1 drivers
L_0000024335530508 .functor BUFT 1, C4<0100011100100110>, C4<0>, C4<0>, C4<0>;
v00000243354966d0_2 .net v00000243354966d0 2, 15 0, L_0000024335530508; 1 drivers
L_00000243355300d0 .functor BUFT 1, C4<0100011001000110>, C4<0>, C4<0>, C4<0>;
v000002433546cc90 .array "seq_b", 0 2;
v000002433546cc90_0 .net v000002433546cc90 0, 15 0, L_00000243355300d0; 1 drivers
L_0000024335530310 .functor BUFT 1, C4<0101011001000110>, C4<0>, C4<0>, C4<0>;
v000002433546cc90_1 .net v000002433546cc90 1, 15 0, L_0000024335530310; 1 drivers
L_0000024335530550 .functor BUFT 1, C4<0100011100100110>, C4<0>, C4<0>, C4<0>;
v000002433546cc90_2 .net v000002433546cc90 2, 15 0, L_0000024335530550; 1 drivers
L_0000024335530160 .functor BUFT 1, C4<0000000000011111>, C4<0>, C4<0>, C4<0>;
v00000243354efe40 .array "seq_scl_eq", 0 2;
v00000243354efe40_0 .net v00000243354efe40 0, 15 0, L_0000024335530160; 1 drivers
L_00000243355303a0 .functor BUFT 1, C4<0000000000111111>, C4<0>, C4<0>, C4<0>;
v00000243354efe40_1 .net v00000243354efe40 1, 15 0, L_00000243355303a0; 1 drivers
L_00000243355305e0 .functor BUFT 1, C4<1111111111111111>, C4<0>, C4<0>, C4<0>;
v00000243354efe40_2 .net v00000243354efe40 2, 15 0, L_00000243355305e0; 1 drivers
L_00000243355301a8 .functor BUFT 1, C4<0000000100100000>, C4<0>, C4<0>, C4<0>;
v00000243354f0e80 .array "seq_scl_greater", 0 2;
v00000243354f0e80_0 .net v00000243354f0e80 0, 15 0, L_00000243355301a8; 1 drivers
L_00000243355303e8 .functor BUFT 1, C4<0000000100000000>, C4<0>, C4<0>, C4<0>;
v00000243354f0e80_1 .net v00000243354f0e80 1, 15 0, L_00000243355303e8; 1 drivers
L_0000024335530628 .functor BUFT 1, C4<0000000000000000>, C4<0>, C4<0>, C4<0>;
v00000243354f0e80_2 .net v00000243354f0e80 2, 15 0, L_0000024335530628; 1 drivers
L_0000024335530118 .functor BUFT 1, C4<1111111011000000>, C4<0>, C4<0>, C4<0>;
v00000243354f0de0 .array "seq_scl_less", 0 2;
v00000243354f0de0_0 .net v00000243354f0de0 0, 15 0, L_0000024335530118; 1 drivers
L_0000024335530358 .functor BUFT 1, C4<1111111011000000>, C4<0>, C4<0>, C4<0>;
v00000243354f0de0_1 .net v00000243354f0de0 1, 15 0, L_0000024335530358; 1 drivers
L_0000024335530598 .functor BUFT 1, C4<0000000000000000>, C4<0>, C4<0>, C4<0>;
v00000243354f0de0_2 .net v00000243354f0de0 2, 15 0, L_0000024335530598; 1 drivers
L_0000024335530238 .functor BUFT 1, C4<0000000000011111>, C4<0>, C4<0>, C4<0>;
v00000243354f0340 .array "seq_scm_eq", 0 2;
v00000243354f0340_0 .net v00000243354f0340 0, 15 0, L_0000024335530238; 1 drivers
L_0000024335530478 .functor BUFT 1, C4<0000000000111111>, C4<0>, C4<0>, C4<0>;
v00000243354f0340_1 .net v00000243354f0340 1, 15 0, L_0000024335530478; 1 drivers
L_00000243355306b8 .functor BUFT 1, C4<1111111111111111>, C4<0>, C4<0>, C4<0>;
v00000243354f0340_2 .net v00000243354f0340 2, 15 0, L_00000243355306b8; 1 drivers
L_0000024335530280 .functor BUFT 1, C4<1111111111100000>, C4<0>, C4<0>, C4<0>;
v00000243354f02a0 .array "seq_scm_greater", 0 2;
v00000243354f02a0_0 .net v00000243354f02a0 0, 15 0, L_0000024335530280; 1 drivers
L_00000243355304c0 .functor BUFT 1, C4<0000000000000000>, C4<0>, C4<0>, C4<0>;
v00000243354f02a0_1 .net v00000243354f02a0 1, 15 0, L_00000243355304c0; 1 drivers
L_0000024335530700 .functor BUFT 1, C4<0000000000000000>, C4<0>, C4<0>, C4<0>;
v00000243354f02a0_2 .net v00000243354f02a0 2, 15 0, L_0000024335530700; 1 drivers
L_00000243355301f0 .functor BUFT 1, C4<0000000000000000>, C4<0>, C4<0>, C4<0>;
v00000243354f0700 .array "seq_scm_less", 0 2;
v00000243354f0700_0 .net v00000243354f0700 0, 15 0, L_00000243355301f0; 1 drivers
L_0000024335530430 .functor BUFT 1, C4<1111111111000000>, C4<0>, C4<0>, C4<0>;
v00000243354f0700_1 .net v00000243354f0700 1, 15 0, L_0000024335530430; 1 drivers
L_0000024335530670 .functor BUFT 1, C4<0000000000000000>, C4<0>, C4<0>, C4<0>;
v00000243354f0700_2 .net v00000243354f0700 2, 15 0, L_0000024335530670; 1 drivers
S_00000243354792c0 .scope begin, "$ivl_for_loop0" "$ivl_for_loop0" 3 110, 3 110 0, S_000002433549c900;
 .timescale 0 0;
v0000024335496270_0 .var/2s "i", 31 0;
S_0000024335479450 .scope begin, "$ivl_for_loop1" "$ivl_for_loop1" 3 114, 3 114 0, S_00000243354792c0;
 .timescale 0 0;
v00000243354961d0_0 .var/2s "j", 31 0;
E_000002433549e600 .event posedge, v00000243354955f0_0;
S_0000024335442830 .scope task, "reset" "reset" 3 17, 3 17 0, S_000002433549c900;
 .timescale 0 0;
TD_testbench.reset ;
    %pushi/vec4 1, 1, 1;
    %assign/vec4 v0000024335495eb0_0, 0;
    %pushi/vec4 2, 0, 32;
T_0.0 %dup/vec4;
    %pushi/vec4 0, 0, 32;
    %cmp/s;
    %jmp/1xz T_0.1, 5;
    %jmp/1 T_0.1, 4;
    %pushi/vec4 1, 0, 32;
    %sub;
    %wait E_000002433549e600;
    %jmp T_0.0;
T_0.1 ;
    %pop/vec4 1;
    %pushi/vec4 1, 0, 1;
    %assign/vec4 v0000024335495eb0_0, 0;
    %pushi/vec4 2, 0, 32;
T_0.2 %dup/vec4;
    %pushi/vec4 0, 0, 32;
    %cmp/s;
    %jmp/1xz T_0.3, 5;
    %jmp/1 T_0.3, 4;
    %pushi/vec4 1, 0, 32;
    %sub;
    %wait E_000002433549e600;
    %jmp T_0.2;
T_0.3 ;
    %pop/vec4 1;
    %pushi/vec4 0, 0, 1;
    %assign/vec4 v0000024335495eb0_0, 0;
    %end;
S_00000243354429c0 .scope module, "scl" "serial_comparator_least_significant_first" 3 28, 4 5 0, S_000002433549c900;
 .timescale 0 0;
    .port_info 0 /INPUT 1 "clk";
    .port_info 1 /INPUT 1 "rst";
    .port_info 2 /INPUT 1 "a";
    .port_info 3 /INPUT 1 "b";
    .port_info 4 /OUTPUT 1 "a_less_b";
    .port_info 5 /OUTPUT 1 "a_eq_b";
    .port_info 6 /OUTPUT 1 "a_greater_b";
L_000002433546def0 .functor XNOR 1, v0000024335495cd0_0, v0000024335495410_0, C4<0>, C4<0>;
L_000002433546e0b0 .functor AND 1, v0000024335496ef0_0, L_000002433546def0, C4<1>, C4<1>;
L_000002433546e660 .functor NOT 1, v0000024335495cd0_0, C4<0>, C4<0>, C4<0>;
L_000002433546e6d0 .functor AND 1, L_000002433546e660, v0000024335495410_0, C4<1>, C4<1>;
L_000002433546e7b0 .functor XNOR 1, v0000024335495cd0_0, v0000024335495410_0, C4<0>, C4<0>;
L_000002433546e740 .functor AND 1, L_000002433546e7b0, v00000243354957d0_0, C4<1>, C4<1>;
L_000002433546e200 .functor OR 1, L_000002433546e6d0, L_000002433546e740, C4<0>, C4<0>;
L_000002433546e270 .functor NOT 1, L_000002433546e0b0, C4<0>, C4<0>, C4<0>;
L_000002433546dcc0 .functor NOT 1, L_000002433546e200, C4<0>, C4<0>, C4<0>;
L_000002433546e350 .functor AND 1, L_000002433546e270, L_000002433546dcc0, C4<1>, C4<1>;
v0000024335495ff0_0 .net *"_ivl_0", 0 0, L_000002433546def0;  1 drivers
v00000243354969f0_0 .net *"_ivl_10", 0 0, L_000002433546e740;  1 drivers
v0000024335496a90_0 .net *"_ivl_14", 0 0, L_000002433546e270;  1 drivers
v0000024335497210_0 .net *"_ivl_16", 0 0, L_000002433546dcc0;  1 drivers
v0000024335495910_0 .net *"_ivl_4", 0 0, L_000002433546e660;  1 drivers
v00000243354954b0_0 .net *"_ivl_6", 0 0, L_000002433546e6d0;  1 drivers
v0000024335495af0_0 .net *"_ivl_8", 0 0, L_000002433546e7b0;  1 drivers
v0000024335496b30_0 .net "a", 0 0, v0000024335495cd0_0;  1 drivers
v00000243354968b0_0 .net "a_eq_b", 0 0, L_000002433546e0b0;  alias, 1 drivers
v0000024335496bd0_0 .net "a_greater_b", 0 0, L_000002433546e350;  alias, 1 drivers
v00000243354964f0_0 .net "a_less_b", 0 0, L_000002433546e200;  alias, 1 drivers
v0000024335496db0_0 .net "b", 0 0, v0000024335495410_0;  1 drivers
v00000243354955f0_0 .net "clk", 0 0, v0000024335495c30_0;  1 drivers
v0000024335496ef0_0 .var "prev_a_eq_b", 0 0;
v00000243354957d0_0 .var "prev_a_less_b", 0 0;
v0000024335496d10_0 .net "rst", 0 0, v0000024335495eb0_0;  1 drivers
S_0000024335442b50 .scope module, "scm" "serial_comparator_most_significant_first" 3 33, 4 40 0, S_000002433549c900;
 .timescale 0 0;
    .port_info 0 /INPUT 1 "clk";
    .port_info 1 /INPUT 1 "rst";
    .port_info 2 /INPUT 1 "a";
    .port_info 3 /INPUT 1 "b";
    .port_info 4 /OUTPUT 1 "a_less_b";
    .port_info 5 /OUTPUT 1 "a_eq_b";
    .port_info 6 /OUTPUT 1 "a_greater_b";
L_000002433546e430 .functor XNOR 1, v0000024335495cd0_0, v0000024335495410_0, C4<0>, C4<0>;
L_000002433546eb30 .functor AND 1, v0000024335496590_0, L_000002433546e430, C4<1>, C4<1>;
L_000002433546e970 .functor NOT 1, v0000024335495cd0_0, C4<0>, C4<0>, C4<0>;
L_000002433546ea50 .functor AND 1, L_000002433546e970, v0000024335495410_0, C4<1>, C4<1>;
L_000002433546dd30 .functor AND 1, L_000002433546ea50, v0000024335496590_0, C4<1>, C4<1>;
L_000002433548d370 .functor OR 1, L_000002433546dd30, v0000024335495b90_0, C4<0>, C4<0>;
L_000002433548d450 .functor NOT 1, L_000002433546eb30, C4<0>, C4<0>, C4<0>;
L_000002433548d7d0 .functor NOT 1, L_000002433548d370, C4<0>, C4<0>, C4<0>;
L_00000243354f1c60 .functor AND 1, L_000002433548d450, L_000002433548d7d0, C4<1>, C4<1>;
v0000024335496e50_0 .net *"_ivl_0", 0 0, L_000002433546e430;  1 drivers
v0000024335496450_0 .net *"_ivl_12", 0 0, L_000002433548d450;  1 drivers
v0000024335496630_0 .net *"_ivl_14", 0 0, L_000002433548d7d0;  1 drivers
v0000024335495550_0 .net *"_ivl_4", 0 0, L_000002433546e970;  1 drivers
v00000243354970d0_0 .net *"_ivl_6", 0 0, L_000002433546ea50;  1 drivers
v0000024335497170_0 .net *"_ivl_8", 0 0, L_000002433546dd30;  1 drivers
v0000024335495870_0 .net "a", 0 0, v0000024335495cd0_0;  alias, 1 drivers
v0000024335496810_0 .net "a_eq_b", 0 0, L_000002433546eb30;  alias, 1 drivers
v00000243354959b0_0 .net "a_greater_b", 0 0, L_00000243354f1c60;  alias, 1 drivers
v0000024335496f90_0 .net "a_less_b", 0 0, L_000002433548d370;  alias, 1 drivers
v0000024335495a50_0 .net "b", 0 0, v0000024335495410_0;  alias, 1 drivers
v0000024335497030_0 .net "clk", 0 0, v0000024335495c30_0;  alias, 1 drivers
v0000024335496590_0 .var "prev_a_eq_b", 0 0;
v0000024335495b90_0 .var "prev_a_less_b", 0 0;
v00000243354972b0_0 .net "rst", 0 0, v0000024335495eb0_0;  alias, 1 drivers
    .scope S_00000243354429c0;
T_1 ;
    %wait E_000002433549e600;
    %load/vec4 v0000024335496d10_0;
    %flag_set/vec4 8;
    %jmp/0xz  T_1.0, 8;
    %pushi/vec4 1, 0, 1;
    %assign/vec4 v0000024335496ef0_0, 0;
    %pushi/vec4 0, 0, 1;
    %assign/vec4 v00000243354957d0_0, 0;
    %jmp T_1.1;
T_1.0 ;
    %load/vec4 v00000243354968b0_0;
    %assign/vec4 v0000024335496ef0_0, 0;
    %load/vec4 v00000243354964f0_0;
    %assign/vec4 v00000243354957d0_0, 0;
T_1.1 ;
    %jmp T_1;
    .thread T_1;
    .scope S_0000024335442b50;
T_2 ;
    %wait E_000002433549e600;
    %load/vec4 v00000243354972b0_0;
    %flag_set/vec4 8;
    %jmp/0xz  T_2.0, 8;
    %pushi/vec4 1, 0, 1;
    %assign/vec4 v0000024335496590_0, 0;
    %pushi/vec4 0, 0, 1;
    %assign/vec4 v0000024335495b90_0, 0;
    %jmp T_2.1;
T_2.0 ;
    %load/vec4 v0000024335496810_0;
    %assign/vec4 v0000024335496590_0, 0;
    %load/vec4 v0000024335496f90_0;
    %assign/vec4 v0000024335495b90_0, 0;
T_2.1 ;
    %jmp T_2;
    .thread T_2;
    .scope S_000002433549c900;
T_3 ;
    %pushi/vec4 0, 0, 1;
    %store/vec4 v0000024335495c30_0, 0, 1;
T_3.0 ;
    %delay 500, 0;
    %load/vec4 v0000024335495c30_0;
    %inv;
    %store/vec4 v0000024335495c30_0, 0, 1;
    %jmp T_3.0;
    %end;
    .thread T_3;
    .scope S_000002433549c900;
T_4 ;
    %fork t_1, S_00000243354792c0;
    %jmp t_0;
    .scope S_00000243354792c0;
t_1 ;
    %pushi/vec4 0, 0, 32;
    %store/vec4 v0000024335496270_0, 0, 32;
T_4.0 ;
    %load/vec4 v0000024335496270_0;
    %cmpi/s 3, 0, 32;
    %jmp/0xz T_4.1, 5;
    %fork TD_testbench.reset, S_0000024335442830;
    %join;
    %fork t_3, S_0000024335479450;
    %jmp t_2;
    .scope S_0000024335479450;
t_3 ;
    %pushi/vec4 0, 0, 32;
    %store/vec4 v00000243354961d0_0, 0, 32;
T_4.2 ;
    %load/vec4 v00000243354961d0_0;
    %cmpi/s 16, 0, 32;
    %jmp/0xz T_4.3, 5;
    %ix/getv/s 4, v0000024335496270_0;
    %load/vec4a v00000243354966d0, 4;
    %load/vec4 v00000243354961d0_0;
    %part/s 1;
    %assign/vec4 v0000024335495cd0_0, 0;
    %ix/getv/s 4, v0000024335496270_0;
    %load/vec4a v000002433546cc90, 4;
    %load/vec4 v00000243354961d0_0;
    %part/s 1;
    %assign/vec4 v0000024335495410_0, 0;
    %wait E_000002433549e600;
    %load/vec4 v0000024335496130_0;
    %load/vec4 v0000024335495d70_0;
    %concat/vec4; draw_concat_vec4
    %load/vec4 v00000243354963b0_0;
    %concat/vec4; draw_concat_vec4
    %ix/getv/s 4, v0000024335496270_0;
    %load/vec4a v00000243354f0de0, 4;
    %load/vec4 v00000243354961d0_0;
    %part/s 1;
    %ix/getv/s 4, v0000024335496270_0;
    %load/vec4a v00000243354efe40, 4;
    %load/vec4 v00000243354961d0_0;
    %part/s 1;
    %concat/vec4; draw_concat_vec4
    %ix/getv/s 4, v0000024335496270_0;
    %load/vec4a v00000243354f0e80, 4;
    %load/vec4 v00000243354961d0_0;
    %part/s 1;
    %concat/vec4; draw_concat_vec4
    %cmp/ne;
    %jmp/0xz  T_4.4, 6;
    %vpi_call/w 3 123 "$display", "FAIL %s", "testbench.sv" {0 0 0};
    %vpi_func/s 3 125 "$sformatf", "j:%0d", v00000243354961d0_0 {0 0 0};
    %vpi_func/s 3 125 "$sformatf", "a:%b", v0000024335495cd0_0 {0 0 0};
    %vpi_func/s 3 125 "$sformatf", "b:%b", v0000024335495410_0 {0 0 0};
    %vpi_call/w 3 124 "$display", "++ INPUT    => {%s, %s, %s}", S<2,str>, S<1,str>, S<0,str> {0 0 3};
    %vpi_func/s 3 127 "$sformatf", "scl_less:%b", v0000024335496130_0 {0 0 0};
    %vpi_func/s 3 127 "$sformatf", "scl_eq:%b", v0000024335495d70_0 {0 0 0};
    %vpi_func/s 3 127 "$sformatf", "scl_greater:%b", v00000243354963b0_0 {0 0 0};
    %ix/getv/s 4, v0000024335496270_0;
    %load/vec4a v00000243354f0de0, 4;
    %load/vec4 v00000243354961d0_0;
    %part/s 1;
    %vpi_func/s 3 128 "$sformatf", "seq_scl_less[i][j]:%b", S<0,vec4,u1> {1 0 0};
    %ix/getv/s 4, v0000024335496270_0;
    %load/vec4a v00000243354efe40, 4;
    %load/vec4 v00000243354961d0_0;
    %part/s 1;
    %vpi_func/s 3 128 "$sformatf", "seq_scl_eq[i][j]:%b", S<0,vec4,u1> {1 0 0};
    %ix/getv/s 4, v0000024335496270_0;
    %load/vec4a v00000243354f0e80, 4;
    %load/vec4 v00000243354961d0_0;
    %part/s 1;
    %vpi_func/s 3 128 "$sformatf", "seq_scl_greater[i][j]:%b", S<0,vec4,u1> {1 0 0};
    %vpi_call/w 3 126 "$display", "++ TEST     => {%s, %s, %s} != {%s, %s, %s}", S<5,str>, S<4,str>, S<3,str>, S<2,str>, S<1,str>, S<0,str> {0 0 6};
    %vpi_call/w 3 129 "$fatal", 32'sb00000000000000000000000000000001, "(ERROR: This shouldn't fail!) Test Failed" {0 0 0};
T_4.4 ;
    %load/vec4 v0000024335496090_0;
    %load/vec4 v0000024335495e10_0;
    %concat/vec4; draw_concat_vec4
    %load/vec4 v0000024335495f50_0;
    %concat/vec4; draw_concat_vec4
    %ix/getv/s 4, v0000024335496270_0;
    %load/vec4a v00000243354f0700, 4;
    %load/vec4 v00000243354961d0_0;
    %part/s 1;
    %ix/getv/s 4, v0000024335496270_0;
    %load/vec4a v00000243354f0340, 4;
    %load/vec4 v00000243354961d0_0;
    %part/s 1;
    %concat/vec4; draw_concat_vec4
    %ix/getv/s 4, v0000024335496270_0;
    %load/vec4a v00000243354f02a0, 4;
    %load/vec4 v00000243354961d0_0;
    %part/s 1;
    %concat/vec4; draw_concat_vec4
    %cmp/ne;
    %jmp/0xz  T_4.6, 6;
    %vpi_call/w 3 134 "$display", "FAIL %s", "testbench.sv" {0 0 0};
    %vpi_func/s 3 136 "$sformatf", "j:%0d", v00000243354961d0_0 {0 0 0};
    %vpi_func/s 3 136 "$sformatf", "a:%b", v0000024335495cd0_0 {0 0 0};
    %vpi_func/s 3 136 "$sformatf", "b:%b", v0000024335495410_0 {0 0 0};
    %vpi_call/w 3 135 "$display", "++ INPUT    => {%s, %s, %s}", S<2,str>, S<1,str>, S<0,str> {0 0 3};
    %vpi_func/s 3 138 "$sformatf", "scm_less:%b", v0000024335496090_0 {0 0 0};
    %vpi_func/s 3 138 "$sformatf", "scm_eq:%b", v0000024335495e10_0 {0 0 0};
    %vpi_func/s 3 138 "$sformatf", "scm_greater:%b", v0000024335495f50_0 {0 0 0};
    %ix/getv/s 4, v0000024335496270_0;
    %load/vec4a v00000243354f0700, 4;
    %load/vec4 v00000243354961d0_0;
    %part/s 1;
    %vpi_func/s 3 139 "$sformatf", "seq_scm_less[i][j]:%b", S<0,vec4,u1> {1 0 0};
    %ix/getv/s 4, v0000024335496270_0;
    %load/vec4a v00000243354f0340, 4;
    %load/vec4 v00000243354961d0_0;
    %part/s 1;
    %vpi_func/s 3 139 "$sformatf", "seq_scm_eq[i][j]:%b", S<0,vec4,u1> {1 0 0};
    %ix/getv/s 4, v0000024335496270_0;
    %load/vec4a v00000243354f02a0, 4;
    %load/vec4 v00000243354961d0_0;
    %part/s 1;
    %vpi_func/s 3 139 "$sformatf", "seq_scm_greater[i][j]:%b", S<0,vec4,u1> {1 0 0};
    %vpi_call/w 3 137 "$display", "++ TEST     => {%s, %s, %s} != {%s, %s, %s}", S<5,str>, S<4,str>, S<3,str>, S<2,str>, S<1,str>, S<0,str> {0 0 6};
    %vpi_call/w 3 140 "$finish", 32'sb00000000000000000000000000000001 {0 0 0};
T_4.6 ;
    ; show_stmt_assign_vector: Get l-value for compressed += operand
    %load/vec4 v00000243354961d0_0;
    %pushi/vec4 1, 0, 32;
    %add;
    %cast2;
    %store/vec4 v00000243354961d0_0, 0, 32;
    %jmp T_4.2;
T_4.3 ;
    %end;
    .scope S_00000243354792c0;
t_2 %join;
    ; show_stmt_assign_vector: Get l-value for compressed += operand
    %load/vec4 v0000024335496270_0;
    %pushi/vec4 1, 0, 32;
    %add;
    %cast2;
    %store/vec4 v0000024335496270_0, 0, 32;
    %jmp T_4.0;
T_4.1 ;
    %end;
    .scope S_000002433549c900;
t_0 %join;
    %vpi_call/w 3 145 "$display", "PASS %s", "testbench.sv" {0 0 0};
    %vpi_call/w 3 146 "$finish" {0 0 0};
    %end;
    .thread T_4;
# The file index is used to find the file name in the following table.
:file_names 5;
    "N/A";
    "<interactive>";
    "-";
    "testbench.sv";
    "02_05_serial_comparator_most_significant_first.sv";
