#! /c/Source/iverilog-install/bin/vvp
:ivl_version "12.0 (devel)" "(s20150603-1539-g2693dd32b)";
:ivl_delay_selection "TYPICAL";
:vpi_time_precision + 0;
:vpi_module "C:\iverilog\lib\ivl\system.vpi";
:vpi_module "C:\iverilog\lib\ivl\vhdl_sys.vpi";
:vpi_module "C:\iverilog\lib\ivl\vhdl_textio.vpi";
:vpi_module "C:\iverilog\lib\ivl\v2005_math.vpi";
:vpi_module "C:\iverilog\lib\ivl\va_math.vpi";
:vpi_module "C:\iverilog\lib\ivl\v2009.vpi";
S_00000171e59fb100 .scope package, "$unit" "$unit" 2 1;
 .timescale 0 0;
S_00000171e5a38f00 .scope module, "testbench" "testbench" 3 3;
 .timescale 0 0;
P_00000171e5a39090 .param/l "expected_grant_0" 1 3 82, C4<00111010001001010101101101110110>;
P_00000171e5a390c8 .param/l "expected_grant_1" 1 3 83, C4<11000000110110101000010010001000>;
P_00000171e5a39100 .param/l "n" 1 3 44, +C4<00000000000000000000000000100000>;
P_00000171e5a39138 .param/l "req_0" 1 3 79, C4<01111010001011010101101101111110>;
P_00000171e5a39170 .param/l "req_1" 1 3 80, C4<11000000111110101000010010001000>;
v00000171e5a9c0d0_0 .var "clk", 0 0;
v00000171e5a9c170_0 .var "expected_grants", 1 0;
v00000171e5a9c210_0 .net "grants", 1 0, L_00000171e5a37860;  1 drivers
v00000171e5a9c2b0_0 .var "requests", 1 0;
v00000171e5a9c350_0 .var "rst", 0 0;
E_00000171e5a35f30 .event negedge, v00000171e59fd9f0_0;
S_00000171e59fd630 .scope begin, "$ivl_for_loop0" "$ivl_for_loop0" 3 91, 3 91 0, S_00000171e5a38f00;
 .timescale 0 0;
v00000171e59fbd70_0 .var/2s "i", 31 0;
E_00000171e5a35c70 .event posedge, v00000171e5a12910_0;
S_00000171e59fd7c0 .scope module, "arbiter" "round_robin_arbiter_with_2_requests" 3 40, 4 5 0, S_00000171e5a38f00;
 .timescale 0 0;
    .port_info 0 /INPUT 1 "clk";
    .port_info 1 /INPUT 1 "rst";
    .port_info 2 /INPUT 2 "requests";
    .port_info 3 /OUTPUT 2 "grants";
L_00000171e5a37860 .functor BUFZ 2, v00000171e59fb420_0, C4<00>, C4<00>, C4<00>;
v00000171e5a12910_0 .net "clk", 0 0, v00000171e5a9c0d0_0;  1 drivers
v00000171e59fb6b0_0 .net "grants", 1 0, L_00000171e5a37860;  alias, 1 drivers
v00000171e59fb420_0 .var "out", 1 0;
v00000171e59fd950_0 .net "requests", 1 0, v00000171e5a9c2b0_0;  1 drivers
v00000171e59fd9f0_0 .net "rst", 0 0, v00000171e5a9c350_0;  1 drivers
v00000171e5a9c030_0 .var "save", 1 0;
E_00000171e5a35db0 .event anyedge, v00000171e59fd950_0, v00000171e5a9c030_0;
    .scope S_00000171e59fd7c0;
T_0 ;
Ewait_0 .event/or E_00000171e5a35db0, E_0x0;
    %wait Ewait_0;
    %load/vec4 v00000171e59fd950_0;
    %dup/vec4;
    %pushi/vec4 0, 0, 2;
    %cmp/u;
    %jmp/1 T_0.0, 6;
    %dup/vec4;
    %pushi/vec4 1, 0, 2;
    %cmp/u;
    %jmp/1 T_0.1, 6;
    %dup/vec4;
    %pushi/vec4 2, 0, 2;
    %cmp/u;
    %jmp/1 T_0.2, 6;
    %dup/vec4;
    %pushi/vec4 3, 0, 2;
    %cmp/u;
    %jmp/1 T_0.3, 6;
    %jmp T_0.4;
T_0.0 ;
    %pushi/vec4 0, 0, 2;
    %store/vec4 v00000171e59fb420_0, 0, 2;
    %jmp T_0.4;
T_0.1 ;
    %pushi/vec4 1, 0, 2;
    %store/vec4 v00000171e59fb420_0, 0, 2;
    %jmp T_0.4;
T_0.2 ;
    %pushi/vec4 2, 0, 2;
    %store/vec4 v00000171e59fb420_0, 0, 2;
    %jmp T_0.4;
T_0.3 ;
    %load/vec4 v00000171e5a9c030_0;
    %inv;
    %store/vec4 v00000171e59fb420_0, 0, 2;
    %jmp T_0.4;
T_0.4 ;
    %pop/vec4 1;
    %jmp T_0;
    .thread T_0, $push;
    .scope S_00000171e59fd7c0;
T_1 ;
    %wait E_00000171e5a35c70;
    %load/vec4 v00000171e59fd9f0_0;
    %flag_set/vec4 8;
    %jmp/0xz  T_1.0, 8;
    %pushi/vec4 0, 0, 2;
    %assign/vec4 v00000171e5a9c030_0, 0;
    %jmp T_1.1;
T_1.0 ;
    %load/vec4 v00000171e59fb420_0;
    %assign/vec4 v00000171e5a9c030_0, 0;
T_1.1 ;
    %jmp T_1;
    .thread T_1;
    .scope S_00000171e5a38f00;
T_2 ;
    %pushi/vec4 0, 0, 1;
    %store/vec4 v00000171e5a9c0d0_0, 0, 1;
T_2.0 ;
    %delay 500, 0;
    %load/vec4 v00000171e5a9c0d0_0;
    %inv;
    %store/vec4 v00000171e5a9c0d0_0, 0, 1;
    %jmp T_2.0;
    %end;
    .thread T_2;
    .scope S_00000171e5a38f00;
T_3 ;
    %pushi/vec4 1, 1, 1;
    %assign/vec4 v00000171e5a9c350_0, 0;
    %pushi/vec4 2, 0, 32;
T_3.0 %dup/vec4;
    %pushi/vec4 0, 0, 32;
    %cmp/s;
    %jmp/1xz T_3.1, 5;
    %jmp/1 T_3.1, 4;
    %pushi/vec4 1, 0, 32;
    %sub;
    %wait E_00000171e5a35c70;
    %jmp T_3.0;
T_3.1 ;
    %pop/vec4 1;
    %pushi/vec4 1, 0, 1;
    %assign/vec4 v00000171e5a9c350_0, 0;
    %pushi/vec4 2, 0, 32;
T_3.2 %dup/vec4;
    %pushi/vec4 0, 0, 32;
    %cmp/s;
    %jmp/1xz T_3.3, 5;
    %jmp/1 T_3.3, 4;
    %pushi/vec4 1, 0, 32;
    %sub;
    %wait E_00000171e5a35c70;
    %jmp T_3.2;
T_3.3 ;
    %pop/vec4 1;
    %pushi/vec4 0, 0, 1;
    %assign/vec4 v00000171e5a9c350_0, 0;
    %end;
    .thread T_3;
    .scope S_00000171e5a38f00;
T_4 ;
    %end;
    .thread T_4;
    .scope S_00000171e5a38f00;
T_5 ;
    %wait E_00000171e5a35f30;
    %fork t_1, S_00000171e59fd630;
    %jmp t_0;
    .scope S_00000171e59fd630;
t_1 ;
    %pushi/vec4 0, 0, 32;
    %store/vec4 v00000171e59fbd70_0, 0, 32;
T_5.0 ;
    %load/vec4 v00000171e59fbd70_0;
    %cmpi/s 32, 0, 32;
    %jmp/0xz T_5.1, 5;
    %pushi/vec4 3237643400, 0, 32;
    %load/vec4 v00000171e59fbd70_0;
    %part/s 1;
    %pushi/vec4 2049792894, 0, 32;
    %load/vec4 v00000171e59fbd70_0;
    %part/s 1;
    %concat/vec4; draw_concat_vec4
    %assign/vec4 v00000171e5a9c2b0_0, 0;
    %pushi/vec4 3235546248, 0, 32;
    %load/vec4 v00000171e59fbd70_0;
    %part/s 1;
    %pushi/vec4 975526774, 0, 32;
    %load/vec4 v00000171e59fbd70_0;
    %part/s 1;
    %concat/vec4; draw_concat_vec4
    %assign/vec4 v00000171e5a9c170_0, 0;
    %wait E_00000171e5a35c70;
    %load/vec4 v00000171e5a9c210_0;
    %load/vec4 v00000171e5a9c170_0;
    %cmp/ne;
    %jmp/0xz  T_5.2, 6;
    %vpi_call/w 3 104 "$display", "FAIL %s", "testbench.sv" {0 0 0};
    %vpi_func/s 3 106 "$sformatf", "requests:%b", v00000171e5a9c2b0_0 {0 0 0};
    %vpi_func/s 3 106 "$sformatf", "expected_grants:%b", v00000171e5a9c170_0 {0 0 0};
    %vpi_call/w 3 105 "$display", "++ INPUT    => {%s, %s}", S<1,str>, S<0,str> {0 0 2};
    %vpi_func/s 3 108 "$sformatf", "i:%0d", v00000171e59fbd70_0 {0 0 0};
    %vpi_func/s 3 108 "$sformatf", "requests:%b", v00000171e5a9c2b0_0 {0 0 0};
    %vpi_func/s 3 109 "$sformatf", "grants:%b", v00000171e5a9c210_0 {0 0 0};
    %vpi_func/s 3 109 "$sformatf", "expected_grants:%b", v00000171e5a9c170_0 {0 0 0};
    %vpi_call/w 3 107 "$display", "++ TEST     => {%s, %s, %s, %s}", S<3,str>, S<2,str>, S<1,str>, S<0,str> {0 0 4};
    %vpi_call/w 3 110 "$finish", 32'sb00000000000000000000000000000001 {0 0 0};
T_5.2 ;
    ; show_stmt_assign_vector: Get l-value for compressed += operand
    %load/vec4 v00000171e59fbd70_0;
    %pushi/vec4 1, 0, 32;
    %add;
    %cast2;
    %store/vec4 v00000171e59fbd70_0, 0, 32;
    %jmp T_5.0;
T_5.1 ;
    %end;
    .scope S_00000171e5a38f00;
t_0 %join;
    %vpi_call/w 3 114 "$display", "PASS %s", "testbench.sv" {0 0 0};
    %vpi_call/w 3 115 "$finish" {0 0 0};
    %end;
    .thread T_5;
# The file index is used to find the file name in the following table.
:file_names 5;
    "N/A";
    "<interactive>";
    "-";
    "testbench.sv";
    "02_06_round_robin_arbiter_with_2_requests.sv";
