#! /c/Source/iverilog-install/bin/vvp
:ivl_version "12.0 (devel)" "(s20150603-1539-g2693dd32b)";
:ivl_delay_selection "TYPICAL";
:vpi_time_precision + 0;
:vpi_module "C:\iverilog\lib\ivl\system.vpi";
:vpi_module "C:\iverilog\lib\ivl\vhdl_sys.vpi";
:vpi_module "C:\iverilog\lib\ivl\vhdl_textio.vpi";
:vpi_module "C:\iverilog\lib\ivl\v2005_math.vpi";
:vpi_module "C:\iverilog\lib\ivl\va_math.vpi";
:vpi_module "C:\iverilog\lib\ivl\v2009.vpi";
S_000001cd9ee93f20 .scope package, "$unit" "$unit" 2 1;
 .timescale 0 0;
S_000001cd9ee9a660 .scope module, "testbench" "testbench" 3 5;
 .timescale 0 0;
P_000001cd9ee9a7f0 .param/l "MAX_TOKEN" 1 3 28, +C4<000000000000000000000000000000011>;
P_000001cd9ee9a828 .param/l "N" 1 3 91, +C4<00000000000000000000000001100100>;
P_000001cd9ee9a860 .param/l "TIMEOUT" 1 3 96, +C4<00000000000000001100001101010000>;
P_000001cd9ee9a898 .param/l "WIDTH" 1 3 27, +C4<00000000000000000000000000000010>;
P_000001cd9ee9a8d0 .param/l "pro_ready" 1 3 94, +C4<00000000000000000000000000110010>;
P_000001cd9ee9a908 .param/l "pro_token" 1 3 92, +C4<00000000000000000000000000110010>;
P_000001cd9ee9a940 .param/l "pro_valid" 1 3 93, +C4<00000000000000000000000000110010>;
L_000001cd9ee90130 .functor AND 1, v000001cd9ef15010_0, L_000001cd9ee90590, C4<1>, C4<1>;
L_000001cd9ee901a0 .functor AND 1, L_000001cd9ee90440, v000001cd9ee8ec00_0, C4<1>, C4<1>;
v000001cd9ee8eac0_0 .var "clk", 0 0;
v000001cd9ee8e700_0 .var/2s "count_token", 31 0;
v000001cd9ee8e980_0 .net "down_handshake", 0 0, L_000001cd9ee901a0;  1 drivers
v000001cd9ee8ec00_0 .var "down_ready", 0 0;
v000001cd9ee8ee80_0 .net "down_valid", 0 0, L_000001cd9ee90440;  1 drivers
v000001cd9ee8f060_0 .var "expected_token", 3 0;
v000001cd9ee8ed40_0 .var "first_part", 1 0;
v000001cd9ee8ef20_0 .var "in_token", 3 0;
v000001cd9ee8efc0_0 .var "order", 0 0;
v000001cd9ee8f100_0 .net "out_token", 1 0, L_000001cd9ef16af0;  1 drivers
v000001cd9ef15650_0 .var/queue "queue_tokens", 4;
v000001cd9ef15470_0 .var "rst", 0 0;
v000001cd9ef153d0_0 .var "sample", 3 0;
v000001cd9ef165f0_0 .var/2s "stage", 31 0;
v000001cd9ef169b0_0 .var "tmp_token", 3 0;
v000001cd9ef15330_0 .net "up_handshake", 0 0, L_000001cd9ee90130;  1 drivers
v000001cd9ef15f10_0 .net "up_ready", 0 0, L_000001cd9ee90590;  1 drivers
v000001cd9ef15010_0 .var "up_valid", 0 0;
v000001cd9ef16a50_0 .var "valid_tmp", 0 0;
v000001cd9ef16190_0 .var/2u "was_reset", 0 0;
E_000001cd9ee8dda0 .event negedge, v000001cd9ee8f2e0_0;
S_000001cd9ee62830 .scope module, "dut" "gearbox_2_to_1_fc" 3 47, 4 5 0, S_000001cd9ee9a660;
 .timescale 0 0;
    .port_info 0 /INPUT 1 "clk";
    .port_info 1 /INPUT 1 "rst";
    .port_info 2 /INPUT 1 "up_valid";
    .port_info 3 /OUTPUT 1 "up_ready";
    .port_info 4 /INPUT 4 "up_data";
    .port_info 5 /OUTPUT 1 "down_valid";
    .port_info 6 /INPUT 1 "down_ready";
    .port_info 7 /OUTPUT 2 "down_data";
P_000001cd9ee8dba0 .param/l "width" 0 4 7, +C4<00000000000000000000000000000010>;
L_000001cd9ee90210 .functor AND 1, L_000001cd9ee90590, v000001cd9ef15010_0, C4<1>, C4<1>;
L_000001cd9ee8fbf0 .functor AND 1, v000001cd9ee8ec00_0, L_000001cd9ee90440, C4<1>, C4<1>;
L_000001cd9ee90440 .functor OR 1, v000001cd9ee8eb60_0, v000001cd9ef15010_0, C4<0>, C4<0>;
L_000001cd9ee90590 .functor AND 1, L_000001cd9ef15dd0, v000001cd9ee8ec00_0, C4<1>, C4<1>;
v000001cd9ee8e660_0 .net *"_ivl_11", 1 0, L_000001cd9ef15510;  1 drivers
v000001cd9ee8e7a0_0 .net *"_ivl_13", 1 0, L_000001cd9ef16870;  1 drivers
v000001cd9ee8f1a0_0 .net *"_ivl_7", 0 0, L_000001cd9ef15dd0;  1 drivers
v000001cd9ee8e480_0 .net "clk", 0 0, v000001cd9ee8eac0_0;  1 drivers
v000001cd9ee8f240_0 .net "down_data", 1 0, L_000001cd9ef16af0;  alias, 1 drivers
v000001cd9ee8eca0_0 .net "down_ready", 0 0, v000001cd9ee8ec00_0;  1 drivers
v000001cd9ee8ede0_0 .net "down_valid", 0 0, L_000001cd9ee90440;  alias, 1 drivers
v000001cd9ee8e520_0 .net "handshake_down", 0 0, L_000001cd9ee8fbf0;  1 drivers
v000001cd9ee8e5c0_0 .net "handshake_up", 0 0, L_000001cd9ee90210;  1 drivers
v000001cd9ee8f2e0_0 .net "rst", 0 0, v000001cd9ef15470_0;  1 drivers
v000001cd9ee8e840_0 .var "saved_data", 3 0;
v000001cd9ee8eb60_0 .var "second", 0 0;
v000001cd9ee8ea20_0 .net "up_data", 3 0, v000001cd9ee8ef20_0;  1 drivers
v000001cd9ee8e8e0_0 .net "up_ready", 0 0, L_000001cd9ee90590;  alias, 1 drivers
v000001cd9ee8e3e0_0 .net "up_valid", 0 0, v000001cd9ef15010_0;  1 drivers
E_000001cd9ee8dde0 .event posedge, v000001cd9ee8e480_0;
L_000001cd9ef15dd0 .reduce/nor v000001cd9ee8eb60_0;
L_000001cd9ef15510 .part v000001cd9ee8e840_0, 0, 2;
L_000001cd9ef16870 .part v000001cd9ee8ef20_0, 2, 2;
L_000001cd9ef16af0 .functor MUXZ 2, L_000001cd9ef16870, L_000001cd9ef15510, v000001cd9ee8eb60_0, C4<>;
    .scope S_000001cd9ee62830;
T_0 ;
    %wait E_000001cd9ee8dde0;
    %load/vec4 v000001cd9ee8f2e0_0;
    %flag_set/vec4 8;
    %jmp/0xz  T_0.0, 8;
    %pushi/vec4 0, 0, 4;
    %assign/vec4 v000001cd9ee8e840_0, 0;
    %pushi/vec4 0, 0, 1;
    %assign/vec4 v000001cd9ee8eb60_0, 0;
    %jmp T_0.1;
T_0.0 ;
    %load/vec4 v000001cd9ee8e5c0_0;
    %load/vec4 v000001cd9ee8e520_0;
    %and;
    %flag_set/vec4 8;
    %jmp/0xz  T_0.2, 8;
    %load/vec4 v000001cd9ee8eb60_0;
    %flag_set/vec4 8;
    %jmp/0xz  T_0.4, 8;
    %load/vec4 v000001cd9ee8ea20_0;
    %assign/vec4 v000001cd9ee8e840_0, 0;
    %pushi/vec4 0, 0, 1;
    %assign/vec4 v000001cd9ee8eb60_0, 0;
    %jmp T_0.5;
T_0.4 ;
    %load/vec4 v000001cd9ee8ea20_0;
    %assign/vec4 v000001cd9ee8e840_0, 0;
    %pushi/vec4 1, 0, 1;
    %assign/vec4 v000001cd9ee8eb60_0, 0;
T_0.5 ;
    %jmp T_0.3;
T_0.2 ;
    %load/vec4 v000001cd9ee8e5c0_0;
    %flag_set/vec4 8;
    %jmp/0xz  T_0.6, 8;
    %load/vec4 v000001cd9ee8ea20_0;
    %assign/vec4 v000001cd9ee8e840_0, 0;
    %pushi/vec4 0, 0, 1;
    %assign/vec4 v000001cd9ee8eb60_0, 0;
    %jmp T_0.7;
T_0.6 ;
    %load/vec4 v000001cd9ee8e520_0;
    %flag_set/vec4 8;
    %jmp/0xz  T_0.8, 8;
    %load/vec4 v000001cd9ee8eb60_0;
    %nor/r;
    %flag_set/vec4 8;
    %jmp/0xz  T_0.10, 8;
    %pushi/vec4 1, 0, 1;
    %assign/vec4 v000001cd9ee8eb60_0, 0;
    %jmp T_0.11;
T_0.10 ;
    %pushi/vec4 0, 0, 1;
    %assign/vec4 v000001cd9ee8eb60_0, 0;
T_0.11 ;
T_0.8 ;
T_0.7 ;
T_0.3 ;
T_0.1 ;
    %jmp T_0;
    .thread T_0;
    .scope S_000001cd9ee9a660;
T_1 ;
    %pushi/vec4 0, 0, 32;
    %store/vec4 v000001cd9ee8e700_0, 0, 32;
    %pushi/vec4 0, 0, 32;
    %store/vec4 v000001cd9ef165f0_0, 0, 32;
    %pushi/vec4 0, 0, 1;
    %store/vec4 v000001cd9ef16190_0, 0, 1;
    %end;
    .thread T_1, $init;
    .scope S_000001cd9ee9a660;
T_2 ;
    %pushi/vec4 0, 0, 1;
    %store/vec4 v000001cd9ee8eac0_0, 0, 1;
T_2.0 ;
    %delay 500, 0;
    %load/vec4 v000001cd9ee8eac0_0;
    %inv;
    %store/vec4 v000001cd9ee8eac0_0, 0, 1;
    %jmp T_2.0;
    %end;
    .thread T_2;
    .scope S_000001cd9ee9a660;
T_3 ;
    %pushi/vec4 1, 1, 1;
    %assign/vec4 v000001cd9ef15470_0, 0;
    %pushi/vec4 2, 0, 32;
T_3.0 %dup/vec4;
    %pushi/vec4 0, 0, 32;
    %cmp/s;
    %jmp/1xz T_3.1, 5;
    %jmp/1 T_3.1, 4;
    %pushi/vec4 1, 0, 32;
    %sub;
    %wait E_000001cd9ee8dde0;
    %jmp T_3.0;
T_3.1 ;
    %pop/vec4 1;
    %pushi/vec4 1, 0, 1;
    %assign/vec4 v000001cd9ef15470_0, 0;
    %pushi/vec4 2, 0, 32;
T_3.2 %dup/vec4;
    %pushi/vec4 0, 0, 32;
    %cmp/s;
    %jmp/1xz T_3.3, 5;
    %jmp/1 T_3.3, 4;
    %pushi/vec4 1, 0, 32;
    %sub;
    %wait E_000001cd9ee8dde0;
    %jmp T_3.2;
T_3.3 ;
    %pop/vec4 1;
    %pushi/vec4 0, 0, 1;
    %assign/vec4 v000001cd9ef15470_0, 0;
    %end;
    .thread T_3;
    .scope S_000001cd9ee9a660;
T_4 ;
    %wait E_000001cd9ee8dde0;
    %load/vec4 v000001cd9ef15470_0;
    %flag_set/vec4 8;
    %jmp/0xz  T_4.0, 8;
    %pushi/vec4 1, 0, 1;
    %assign/vec4 v000001cd9ef16190_0, 0;
T_4.0 ;
    %jmp T_4;
    .thread T_4;
    .scope S_000001cd9ee9a660;
T_5 ;
    %wait E_000001cd9ee8dde0;
    %load/vec4 v000001cd9ef15470_0;
    %flag_set/vec4 8;
    %jmp/0xz  T_5.0, 8;
    %pushi/vec4 1, 0, 1;
    %assign/vec4 v000001cd9ee8efc0_0, 0;
    %jmp T_5.1;
T_5.0 ;
    %load/vec4 v000001cd9ef16190_0;
    %load/vec4 v000001cd9ee8e980_0;
    %and;
    %flag_set/vec4 8;
    %jmp/0xz  T_5.2, 8;
    %load/vec4 v000001cd9ee8efc0_0;
    %cmpi/e 1, 0, 1;
    %jmp/0xz  T_5.4, 4;
    %load/vec4 v000001cd9ee8f100_0;
    %store/vec4 v000001cd9ee8ed40_0, 0, 2;
    %pushi/vec4 0, 0, 1;
    %assign/vec4 v000001cd9ee8efc0_0, 0;
    %jmp T_5.5;
T_5.4 ;
    %pushi/vec4 1, 0, 1;
    %assign/vec4 v000001cd9ee8efc0_0, 0;
    %load/vec4 v000001cd9ee8e700_0;
    %addi 1, 0, 32;
    %cast2;
    %store/vec4 v000001cd9ee8e700_0, 0, 32;
    %qpop/b/v v000001cd9ef15650_0, 4;
    %store/vec4 v000001cd9ee8f060_0, 0, 4;
    %load/vec4 v000001cd9ee8ed40_0;
    %load/vec4 v000001cd9ee8f100_0;
    %concat/vec4; draw_concat_vec4
    %load/vec4 v000001cd9ee8f060_0;
    %cmp/e;
    %flag_get/vec4 6;
    %inv;
    %flag_set/vec4 8;
    %jmp/0xz  T_5.6, 8;
    %vpi_call/w 3 79 "$display", "FAIL %s", "testbench.sv" {0 0 0};
    %vpi_call/w 3 80 "$display", "unexpected token  %b expected %b", v000001cd9ef169b0_0, v000001cd9ee8f060_0 {0 0 0};
    %vpi_call/w 3 81 "$display", "Number token  %d ", v000001cd9ee8e700_0 {0 0 0};
    %pushi/vec4 3, 0, 32;
T_5.8 %dup/vec4;
    %pushi/vec4 0, 0, 32;
    %cmp/s;
    %jmp/1xz T_5.9, 5;
    %jmp/1 T_5.9, 4;
    %pushi/vec4 1, 0, 32;
    %sub;
    %wait E_000001cd9ee8dde0;
    %jmp T_5.8;
T_5.9 ;
    %pop/vec4 1;
    %vpi_call/w 3 83 "$finish", 32'sb00000000000000000000000000000001 {0 0 0};
T_5.6 ;
T_5.5 ;
T_5.2 ;
T_5.1 ;
    %jmp T_5;
    .thread T_5;
    .scope S_000001cd9ee9a660;
T_6 ;
    %vpi_call/w 3 103 "$dumpfile", "dump.vcd" {0 0 0};
    %vpi_call/w 3 104 "$dumpvars" {0 0 0};
    %pushi/vec4 0, 0, 4;
    %store/vec4 v000001cd9ef153d0_0, 0, 4;
    %wait E_000001cd9ee8dda0;
    %pushi/vec4 1, 0, 32;
    %assign/vec4 v000001cd9ef165f0_0, 0;
    %pushi/vec4 1, 0, 1;
    %assign/vec4 v000001cd9ee8ec00_0, 0;
    %pushi/vec4 1, 0, 1;
    %assign/vec4 v000001cd9ef15010_0, 0;
    %pushi/vec4 10, 0, 32;
T_6.0 %dup/vec4;
    %pushi/vec4 0, 0, 32;
    %cmp/s;
    %jmp/1xz T_6.1, 5;
    %jmp/1 T_6.1, 4;
    %pushi/vec4 1, 0, 32;
    %sub;
    %vpi_func 3 118 "$urandom_range" 32, P_000001cd9ee9a7f0, 32'sb00000000000000000000000000000000 {0 0 0};
    %pad/u 4;
    %store/vec4 v000001cd9ef153d0_0, 0, 4;
    %load/vec4 v000001cd9ef153d0_0;
    %assign/vec4 v000001cd9ee8ef20_0, 0;
    %wait E_000001cd9ee8dde0;
T_6.2 ;
    %load/vec4 v000001cd9ef15330_0;
    %inv;
    %flag_set/vec4 8;
    %jmp/0xz T_6.3, 8;
    %wait E_000001cd9ee8dde0;
    %jmp T_6.2;
T_6.3 ;
    %ix/load 4, 0, 0;
    %load/vec4 v000001cd9ef153d0_0;
    %store/qf/v v000001cd9ef15650_0, 4, 4;
    %wait E_000001cd9ee8dde0;
    %jmp T_6.0;
T_6.1 ;
    %pop/vec4 1;
    %pushi/vec4 0, 0, 1;
    %store/vec4 v000001cd9ef15010_0, 0, 1;
    %pushi/vec4 2, 0, 32;
    %assign/vec4 v000001cd9ef165f0_0, 0;
    %pushi/vec4 1, 0, 1;
    %assign/vec4 v000001cd9ee8ec00_0, 0;
    %pushi/vec4 0, 0, 1;
    %assign/vec4 v000001cd9ef15010_0, 0;
    %vpi_func 3 137 "$urandom_range" 32, P_000001cd9ee9a7f0, 32'sb00000000000000000000000000000000 {0 0 0};
    %pad/u 4;
    %assign/vec4 v000001cd9ef153d0_0, 0;
    %vpi_func 3 139 "$urandom_range" 32, 32'sb00000000000000000000000001100100, 32'sb00000000000000000000000000000000 {0 0 0};
    %cmpi/u 50, 0, 32;
    %flag_get/vec4 5;
    %assign/vec4 v000001cd9ef16a50_0, 0;
    %wait E_000001cd9ee8dde0;
    %pushi/vec4 5, 0, 32;
T_6.4 %dup/vec4;
    %pushi/vec4 0, 0, 32;
    %cmp/s;
    %jmp/1xz T_6.5, 5;
    %jmp/1 T_6.5, 4;
    %pushi/vec4 1, 0, 32;
    %sub;
T_6.6 ;
    %load/vec4 v000001cd9ef16a50_0;
    %inv;
    %flag_set/vec4 8;
    %jmp/0xz T_6.7, 8;
    %pushi/vec4 0, 0, 1;
    %assign/vec4 v000001cd9ef15010_0, 0;
    %vpi_func 3 147 "$urandom_range" 32, 32'sb00000000000000000000000001100100, 32'sb00000000000000000000000000000000 {0 0 0};
    %cmpi/u 50, 0, 32;
    %flag_get/vec4 5;
    %assign/vec4 v000001cd9ef16a50_0, 0;
    %pushi/vec4 15, 15, 4;
    %assign/vec4 v000001cd9ee8ef20_0, 0;
    %wait E_000001cd9ee8dde0;
    %jmp T_6.6;
T_6.7 ;
    %load/vec4 v000001cd9ef15f10_0;
    %inv;
    %flag_set/vec4 8;
    %jmp/0xz  T_6.8, 8;
T_6.10 ;
    %load/vec4 v000001cd9ef15f10_0;
    %inv;
    %flag_set/vec4 8;
    %jmp/0xz T_6.11, 8;
    %wait E_000001cd9ee8dde0;
    %jmp T_6.10;
T_6.11 ;
T_6.8 ;
    %pushi/vec4 1, 0, 1;
    %assign/vec4 v000001cd9ef15010_0, 0;
    %load/vec4 v000001cd9ef153d0_0;
    %assign/vec4 v000001cd9ee8ef20_0, 0;
    %ix/load 4, 0, 0;
    %load/vec4 v000001cd9ef153d0_0;
    %store/qf/v v000001cd9ef15650_0, 4, 4;
    %vpi_func 3 159 "$urandom_range" 32, P_000001cd9ee9a7f0, 32'sb00000000000000000000000000000000 {0 0 0};
    %pad/u 4;
    %assign/vec4 v000001cd9ef153d0_0, 0;
    %load/vec4 v000001cd9ef15330_0;
    %inv;
    %flag_set/vec4 8;
    %jmp/0xz  T_6.12, 8;
T_6.14 ;
    %load/vec4 v000001cd9ef15330_0;
    %inv;
    %flag_set/vec4 8;
    %jmp/0xz T_6.15, 8;
    %wait E_000001cd9ee8dde0;
    %jmp T_6.14;
T_6.15 ;
    %jmp T_6.13;
T_6.12 ;
    %wait E_000001cd9ee8dde0;
T_6.13 ;
    %load/vec4 v000001cd9ef15330_0;
    %inv;
    %flag_set/vec4 8;
    %jmp/0xz  T_6.16, 8;
T_6.18 ;
    %load/vec4 v000001cd9ef15330_0;
    %inv;
    %flag_set/vec4 8;
    %jmp/0xz T_6.19, 8;
    %wait E_000001cd9ee8dde0;
    %jmp T_6.18;
T_6.19 ;
T_6.16 ;
    %jmp T_6.4;
T_6.5 ;
    %pop/vec4 1;
    %pushi/vec4 3, 0, 32;
    %assign/vec4 v000001cd9ef165f0_0, 0;
    %pushi/vec4 0, 0, 1;
    %assign/vec4 v000001cd9ef15010_0, 0;
    %pushi/vec4 0, 0, 1;
    %assign/vec4 v000001cd9ee8ec00_0, 0;
    %vpi_func 3 173 "$urandom_range" 32, P_000001cd9ee9a7f0, 32'sb00000000000000000000000000000000 {0 0 0};
    %pad/u 4;
    %assign/vec4 v000001cd9ef153d0_0, 0;
    %wait E_000001cd9ee8dde0;
    %pushi/vec4 10, 0, 32;
T_6.20 %dup/vec4;
    %pushi/vec4 0, 0, 32;
    %cmp/s;
    %jmp/1xz T_6.21, 5;
    %jmp/1 T_6.21, 4;
    %pushi/vec4 1, 0, 32;
    %sub;
    %pushi/vec4 1, 0, 1;
    %assign/vec4 v000001cd9ef15010_0, 0;
    %load/vec4 v000001cd9ef153d0_0;
    %assign/vec4 v000001cd9ee8ef20_0, 0;
    %vpi_func 3 181 "$urandom_range" 32, 32'sb00000000000000000000000001100100, 32'sb00000000000000000000000000000000 {0 0 0};
    %cmpi/u 50, 0, 32;
    %flag_get/vec4 5;
    %assign/vec4 v000001cd9ee8ec00_0, 0;
    %wait E_000001cd9ee8dde0;
    %vpi_func 3 184 "$urandom_range" 32, P_000001cd9ee9a7f0, 32'sb00000000000000000000000000000000 {0 0 0};
    %pad/u 4;
    %assign/vec4 v000001cd9ef153d0_0, 0;
    %load/vec4 v000001cd9ef15330_0;
    %inv;
    %flag_set/vec4 8;
    %jmp/0xz  T_6.22, 8;
T_6.24 ;
    %load/vec4 v000001cd9ef15330_0;
    %inv;
    %flag_set/vec4 8;
    %jmp/0xz T_6.25, 8;
    %wait E_000001cd9ee8dde0;
    %vpi_func 3 189 "$urandom_range" 32, 32'sb00000000000000000000000001100100, 32'sb00000000000000000000000000000000 {0 0 0};
    %cmpi/u 50, 0, 32;
    %flag_get/vec4 5;
    %assign/vec4 v000001cd9ee8ec00_0, 0;
    %jmp T_6.24;
T_6.25 ;
    %jmp T_6.23;
T_6.22 ;
    %wait E_000001cd9ee8dde0;
T_6.23 ;
    %ix/load 4, 0, 0;
    %load/vec4 v000001cd9ee8ef20_0;
    %store/qf/v v000001cd9ef15650_0, 4, 4;
    %jmp T_6.20;
T_6.21 ;
    %pop/vec4 1;
    %pushi/vec4 0, 0, 1;
    %assign/vec4 v000001cd9ef15010_0, 0;
    %pushi/vec4 4, 0, 32;
    %assign/vec4 v000001cd9ef165f0_0, 0;
    %vpi_func 3 203 "$urandom_range" 32, P_000001cd9ee9a7f0, 32'sb00000000000000000000000000000000 {0 0 0};
    %pad/u 4;
    %assign/vec4 v000001cd9ef153d0_0, 0;
    %vpi_func 3 204 "$urandom_range" 32, 32'sb00000000000000000000000001100100, 32'sb00000000000000000000000000000000 {0 0 0};
    %cmpi/u 50, 0, 32;
    %flag_get/vec4 5;
    %assign/vec4 v000001cd9ef16a50_0, 0;
    %vpi_func 3 205 "$urandom_range" 32, 32'sb00000000000000000000000001100100, 32'sb00000000000000000000000000000000 {0 0 0};
    %cmpi/u 50, 0, 32;
    %flag_get/vec4 5;
    %assign/vec4 v000001cd9ee8ec00_0, 0;
    %wait E_000001cd9ee8dde0;
    %pushi/vec4 100, 0, 32;
T_6.26 %dup/vec4;
    %pushi/vec4 0, 0, 32;
    %cmp/s;
    %jmp/1xz T_6.27, 5;
    %jmp/1 T_6.27, 4;
    %pushi/vec4 1, 0, 32;
    %sub;
T_6.28 ;
    %load/vec4 v000001cd9ef16a50_0;
    %inv;
    %flag_set/vec4 8;
    %jmp/0xz T_6.29, 8;
    %vpi_func 3 213 "$urandom_range" 32, 32'sb00000000000000000000000001100100, 32'sb00000000000000000000000000000000 {0 0 0};
    %cmpi/u 50, 0, 32;
    %flag_get/vec4 5;
    %assign/vec4 v000001cd9ef16a50_0, 0;
    %vpi_func 3 214 "$urandom_range" 32, 32'sb00000000000000000000000001100100, 32'sb00000000000000000000000000000000 {0 0 0};
    %cmpi/u 50, 0, 32;
    %flag_get/vec4 5;
    %assign/vec4 v000001cd9ee8ec00_0, 0;
    %pushi/vec4 15, 15, 4;
    %assign/vec4 v000001cd9ee8ef20_0, 0;
    %pushi/vec4 0, 0, 1;
    %assign/vec4 v000001cd9ef15010_0, 0;
    %wait E_000001cd9ee8dde0;
    %jmp T_6.28;
T_6.29 ;
    %load/vec4 v000001cd9ef153d0_0;
    %assign/vec4 v000001cd9ee8ef20_0, 0;
    %pushi/vec4 1, 0, 1;
    %assign/vec4 v000001cd9ef15010_0, 0;
    %vpi_func 3 224 "$urandom_range" 32, 32'sb00000000000000000000000001100100, 32'sb00000000000000000000000000000000 {0 0 0};
    %cmpi/u 50, 0, 32;
    %flag_get/vec4 5;
    %assign/vec4 v000001cd9ef16a50_0, 0;
    %vpi_func 3 225 "$urandom_range" 32, 32'sb00000000000000000000000001100100, 32'sb00000000000000000000000000000000 {0 0 0};
    %cmpi/u 50, 0, 32;
    %flag_get/vec4 5;
    %assign/vec4 v000001cd9ee8ec00_0, 0;
    %vpi_func 3 227 "$urandom_range" 32, P_000001cd9ee9a7f0, 32'sb00000000000000000000000000000000 {0 0 0};
    %pad/u 4;
    %assign/vec4 v000001cd9ef153d0_0, 0;
    %load/vec4 v000001cd9ef15f10_0;
    %inv;
    %flag_set/vec4 8;
    %jmp/0xz  T_6.30, 8;
T_6.32 ;
    %load/vec4 v000001cd9ef15f10_0;
    %inv;
    %flag_set/vec4 8;
    %jmp/0xz T_6.33, 8;
    %vpi_func 3 231 "$urandom_range" 32, 32'sb00000000000000000000000001100100, 32'sb00000000000000000000000000000000 {0 0 0};
    %cmpi/u 50, 0, 32;
    %flag_get/vec4 5;
    %assign/vec4 v000001cd9ee8ec00_0, 0;
    %wait E_000001cd9ee8dde0;
    %jmp T_6.32;
T_6.33 ;
    %jmp T_6.31;
T_6.30 ;
    %wait E_000001cd9ee8dde0;
T_6.31 ;
    %load/vec4 v000001cd9ef15f10_0;
    %inv;
    %flag_set/vec4 8;
    %jmp/0xz  T_6.34, 8;
T_6.36 ;
    %load/vec4 v000001cd9ef15f10_0;
    %inv;
    %flag_set/vec4 8;
    %jmp/0xz T_6.37, 8;
    %vpi_func 3 239 "$urandom_range" 32, 32'sb00000000000000000000000001100100, 32'sb00000000000000000000000000000000 {0 0 0};
    %cmpi/u 50, 0, 32;
    %flag_get/vec4 5;
    %assign/vec4 v000001cd9ee8ec00_0, 0;
    %wait E_000001cd9ee8dde0;
    %jmp T_6.36;
T_6.37 ;
T_6.34 ;
    %ix/load 4, 0, 0;
    %load/vec4 v000001cd9ee8ef20_0;
    %store/qf/v v000001cd9ef15650_0, 4, 4;
    %jmp T_6.26;
T_6.27 ;
    %pop/vec4 1;
    %pushi/vec4 0, 0, 1;
    %assign/vec4 v000001cd9ef15010_0, 0;
    %pushi/vec4 1, 0, 1;
    %assign/vec4 v000001cd9ee8ec00_0, 0;
    %pushi/vec4 3, 0, 32;
T_6.38 %dup/vec4;
    %pushi/vec4 0, 0, 32;
    %cmp/s;
    %jmp/1xz T_6.39, 5;
    %jmp/1 T_6.39, 4;
    %pushi/vec4 1, 0, 32;
    %sub;
    %wait E_000001cd9ee8dde0;
    %jmp T_6.38;
T_6.39 ;
    %pop/vec4 1;
    %load/vec4 v000001cd9ee8e700_0;
    %cmpi/e 0, 0, 32;
    %jmp/0xz  T_6.40, 4;
    %vpi_call/w 3 256 "$display", "FAIL %s", "testbench.sv" {0 0 0};
    %vpi_call/w 3 257 "$display", "NO input tokens" {0 0 0};
    %vpi_call/w 3 258 "$finish", 32'sb00000000000000000000000000000001 {0 0 0};
T_6.40 ;
    %vpi_func 3 261 "$size" 32, v000001cd9ef15650_0 {0 0 0};
    %cmpi/ne 0, 0, 32;
    %jmp/0xz  T_6.42, 4;
    %vpi_call/w 3 262 "$display", "FAIL %s", "testbench.sv" {0 0 0};
    %vpi_func 3 263 "$size" 32, v000001cd9ef15650_0 {0 0 0};
    %vpi_call/w 3 263 "$display", "Queue is not empty. Queue size = %d", S<0,vec4,s32> {1 0 0};
    %qpop/b/v v000001cd9ef15650_0, 4;
    %vpi_call/w 3 264 "$display", "token is : %b", S<0,vec4,u4> {1 0 0};
    %vpi_call/w 3 265 "$finish", 32'sb00000000000000000000000000000001 {0 0 0};
T_6.42 ;
    %vpi_call/w 3 268 "$display", "PASS %s", "testbench.sv" {0 0 0};
    %vpi_call/w 3 269 "$finish" {0 0 0};
    %end;
    .thread T_6;
    .scope S_000001cd9ee9a660;
T_7 ;
    %pushi/vec4 50000, 0, 32;
T_7.0 %dup/vec4;
    %pushi/vec4 0, 0, 32;
    %cmp/s;
    %jmp/1xz T_7.1, 5;
    %jmp/1 T_7.1, 4;
    %pushi/vec4 1, 0, 32;
    %sub;
    %wait E_000001cd9ee8dde0;
    %jmp T_7.0;
T_7.1 ;
    %pop/vec4 1;
    %vpi_call/w 3 275 "$display", "FAIL %s: timeout!", "testbench.sv" {0 0 0};
    %vpi_call/w 3 276 "$finish" {0 0 0};
    %end;
    .thread T_7;
# The file index is used to find the file name in the following table.
:file_names 5;
    "N/A";
    "<interactive>";
    "-";
    "testbench.sv";
    "08_06_gearbox_2_to_1_fc.sv";
