#! /c/Source/iverilog-install/bin/vvp
:ivl_version "12.0 (devel)" "(s20150603-1539-g2693dd32b)";
:ivl_delay_selection "TYPICAL";
:vpi_time_precision + 0;
:vpi_module "C:\iverilog\lib\ivl\system.vpi";
:vpi_module "C:\iverilog\lib\ivl\vhdl_sys.vpi";
:vpi_module "C:\iverilog\lib\ivl\vhdl_textio.vpi";
:vpi_module "C:\iverilog\lib\ivl\v2005_math.vpi";
:vpi_module "C:\iverilog\lib\ivl\va_math.vpi";
:vpi_module "C:\iverilog\lib\ivl\v2009.vpi";
S_000001d4391cbe00 .scope package, "$unit" "$unit" 2 1;
 .timescale 0 0;
S_000001d43924ab30 .scope module, "testbench" "testbench" 3 5;
 .timescale 0 0;
P_000001d439213490 .param/l "depth" 0 3 7, +C4<00000000000000000000000000000100>;
P_000001d4392134c8 .param/l "max_transfers" 1 3 218, +C4<00000000000000000000000001100100>;
P_000001d439213500 .param/l "width" 0 3 7, +C4<00000000000000000000000000000100>;
v000001d4392ac100_0 .var "a_count", 32 0;
v000001d4392aa3a0_0 .var "a_data", 3 0;
v000001d4392aa8a0_0 .var/queue "a_queue", 4;
v000001d4392ab5c0_0 .net "a_ready", 0 0, v000001d439243860_0;  1 drivers
v000001d4392ab660_0 .var "a_valid", 0 0;
v000001d4392aa620_0 .var "b_count", 32 0;
v000001d4392aaa80_0 .var "b_data", 3 0;
v000001d4392aada0_0 .var/queue "b_queue", 4;
v000001d4392aa440_0 .net "b_ready", 0 0, v000001d4392441c0_0;  1 drivers
v000001d4392ab0c0_0 .var "b_valid", 0 0;
v000001d4392aae40_0 .var "clk", 0 0;
v000001d4392aa4e0_0 .var/2u "cycle", 31 0;
v000001d4392aa580_0 .var "n_cycles", 32 0;
v000001d4392aac60_0 .var "rst", 0 0;
v000001d4392aa6c0_0 .var "sum_count", 32 0;
v000001d4392aa760_0 .net "sum_data", 3 0, v000001d4392abac0_0;  1 drivers
v000001d4392aa800_0 .var "sum_data_expected", 3 0;
v000001d4392aaf80_0 .var "sum_ready", 0 0;
v000001d4392aba20_0 .net "sum_valid", 0 0, v000001d4392ab160_0;  1 drivers
v000001d4392ae070_0 .var "was_reset", 0 0;
S_000001d4392131f0 .scope begin, "$ivl_for_loop0" "$ivl_for_loop0" 3 164, 3 164 0, S_000001d43924ab30;
 .timescale 0 0;
v000001d439243540_0 .var/2s "i", 31 0;
S_000001d439245d00 .scope begin, "$ivl_for_loop1" "$ivl_for_loop1" 3 174, 3 174 0, S_000001d43924ab30;
 .timescale 0 0;
v000001d4392434a0_0 .var/2s "i", 31 0;
S_000001d439219fc0 .scope module, "dut" "a_plus_b_using_double_buffers" 3 39, 4 1 0, S_000001d43924ab30;
 .timescale 0 0;
    .port_info 0 /INPUT 1 "clk";
    .port_info 1 /INPUT 1 "rst";
    .port_info 2 /INPUT 1 "a_valid";
    .port_info 3 /OUTPUT 1 "a_ready";
    .port_info 4 /INPUT 4 "a_data";
    .port_info 5 /INPUT 1 "b_valid";
    .port_info 6 /OUTPUT 1 "b_ready";
    .port_info 7 /INPUT 4 "b_data";
    .port_info 8 /OUTPUT 1 "sum_valid";
    .port_info 9 /INPUT 1 "sum_ready";
    .port_info 10 /OUTPUT 4 "sum_data";
P_000001d43924d520 .param/l "width" 0 4 3, +C4<00000000000000000000000000000100>;
L_000001d439254af0 .functor AND 1, v000001d439243ae0_0, v000001d439243400_0, C4<1>, C4<1>;
L_000001d439255260 .functor NOT 1, v000001d439243ae0_0, C4<0>, C4<0>, C4<0>;
L_000001d439254a80 .functor AND 1, v000001d439243400_0, v000001d4392ab700_0, C4<1>, C4<1>;
L_000001d439254e00 .functor OR 1, L_000001d439255260, L_000001d439254a80, C4<0>, C4<0>;
L_000001d4392550a0 .functor NOT 1, v000001d439243400_0, C4<0>, C4<0>, C4<0>;
L_000001d439254cb0 .functor AND 1, v000001d439243ae0_0, v000001d4392ab700_0, C4<1>, C4<1>;
L_000001d439254fc0 .functor OR 1, L_000001d4392550a0, L_000001d439254cb0, C4<0>, C4<0>;
v000001d4392abca0_0 .net *"_ivl_10", 0 0, L_000001d4392550a0;  1 drivers
v000001d4392aa260_0 .net *"_ivl_12", 0 0, L_000001d439254cb0;  1 drivers
v000001d4392ab520_0 .net *"_ivl_4", 0 0, L_000001d439255260;  1 drivers
v000001d4392aab20_0 .net *"_ivl_6", 0 0, L_000001d439254a80;  1 drivers
v000001d4392ab3e0_0 .net "a_data", 3 0, v000001d4392aa3a0_0;  1 drivers
v000001d4392ab7a0_0 .net "a_down_data", 3 0, v000001d439243ea0_0;  1 drivers
v000001d4392ab200_0 .net "a_down_ready", 0 0, L_000001d439254e00;  1 drivers
v000001d4392abd40_0 .net "a_down_valid", 0 0, v000001d439243ae0_0;  1 drivers
v000001d4392ab840_0 .net "a_ready", 0 0, v000001d439243860_0;  alias, 1 drivers
v000001d4392aa940_0 .net "a_valid", 0 0, v000001d4392ab660_0;  1 drivers
v000001d4392abde0_0 .net "b_data", 3 0, v000001d4392aaa80_0;  1 drivers
v000001d4392aad00_0 .net "b_down_data", 3 0, v000001d439243fe0_0;  1 drivers
v000001d4392abc00_0 .net "b_down_ready", 0 0, L_000001d439254fc0;  1 drivers
v000001d4392ab020_0 .net "b_down_valid", 0 0, v000001d439243400_0;  1 drivers
v000001d4392ab2a0_0 .net "b_ready", 0 0, v000001d4392441c0_0;  alias, 1 drivers
v000001d4392ab340_0 .net "b_valid", 0 0, v000001d4392ab0c0_0;  1 drivers
v000001d4392aa300_0 .net "clk", 0 0, v000001d4392aae40_0;  1 drivers
v000001d4392ab980_0 .net "rst", 0 0, v000001d4392aac60_0;  1 drivers
v000001d4392abe80_0 .net "sum_data", 3 0, v000001d4392abac0_0;  alias, 1 drivers
v000001d4392abf20_0 .net "sum_ready", 0 0, v000001d4392aaf80_0;  1 drivers
v000001d4392abfc0_0 .net "sum_up_data", 3 0, L_000001d4392ad350;  1 drivers
v000001d4392aaee0_0 .net "sum_up_ready", 0 0, v000001d4392ab700_0;  1 drivers
v000001d4392aabc0_0 .net "sum_up_valid", 0 0, L_000001d439254af0;  1 drivers
v000001d4392ac060_0 .net "sum_valid", 0 0, v000001d4392ab160_0;  alias, 1 drivers
L_000001d4392ad350 .arith/sum 4, v000001d439243ea0_0, v000001d439243fe0_0;
S_000001d43921a150 .scope module, "buffer_a" "double_buffer_from_dally_harting" 4 30, 5 8 0, S_000001d439219fc0;
 .timescale 0 0;
    .port_info 0 /INPUT 1 "clk";
    .port_info 1 /INPUT 1 "rst";
    .port_info 2 /INPUT 1 "up_valid";
    .port_info 3 /OUTPUT 1 "up_ready";
    .port_info 4 /INPUT 4 "up_data";
    .port_info 5 /OUTPUT 1 "down_valid";
    .port_info 6 /INPUT 1 "down_ready";
    .port_info 7 /OUTPUT 4 "down_data";
P_000001d43924d4e0 .param/l "width" 0 5 10, +C4<00000000000000000000000000000100>;
v000001d4392437c0_0 .var "buf_data", 3 0;
v000001d439244080_0 .var "buf_valid", 0 0;
v000001d439243900_0 .net "clk", 0 0, v000001d4392aae40_0;  alias, 1 drivers
v000001d439243ea0_0 .var "down_data", 3 0;
v000001d439243a40_0 .net "down_ready", 0 0, L_000001d439254e00;  alias, 1 drivers
v000001d439243ae0_0 .var "down_valid", 0 0;
v000001d439243f40_0 .net "rst", 0 0, v000001d4392aac60_0;  alias, 1 drivers
v000001d439243b80_0 .net "up_data", 3 0, v000001d4392aa3a0_0;  alias, 1 drivers
v000001d439243860_0 .var "up_ready", 0 0;
v000001d4392439a0_0 .net "up_valid", 0 0, v000001d4392ab660_0;  alias, 1 drivers
E_000001d43924d8a0 .event posedge, v000001d439243f40_0, v000001d439243900_0;
E_000001d43924cfa0 .event posedge, v000001d439243900_0;
S_000001d4391e2830 .scope module, "buffer_b" "double_buffer_from_dally_harting" 4 52, 5 8 0, S_000001d439219fc0;
 .timescale 0 0;
    .port_info 0 /INPUT 1 "clk";
    .port_info 1 /INPUT 1 "rst";
    .port_info 2 /INPUT 1 "up_valid";
    .port_info 3 /OUTPUT 1 "up_ready";
    .port_info 4 /INPUT 4 "up_data";
    .port_info 5 /OUTPUT 1 "down_valid";
    .port_info 6 /INPUT 1 "down_ready";
    .port_info 7 /OUTPUT 4 "down_data";
P_000001d43924d560 .param/l "width" 0 5 10, +C4<00000000000000000000000000000100>;
v000001d439243c20_0 .var "buf_data", 3 0;
v000001d4392435e0_0 .var "buf_valid", 0 0;
v000001d439243cc0_0 .net "clk", 0 0, v000001d4392aae40_0;  alias, 1 drivers
v000001d439243fe0_0 .var "down_data", 3 0;
v000001d439243d60_0 .net "down_ready", 0 0, L_000001d439254fc0;  alias, 1 drivers
v000001d439243400_0 .var "down_valid", 0 0;
v000001d439243e00_0 .net "rst", 0 0, v000001d4392aac60_0;  alias, 1 drivers
v000001d439244120_0 .net "up_data", 3 0, v000001d4392aaa80_0;  alias, 1 drivers
v000001d4392441c0_0 .var "up_ready", 0 0;
v000001d4392432c0_0 .net "up_valid", 0 0, v000001d4392ab0c0_0;  alias, 1 drivers
S_000001d4391e29c0 .scope module, "buffer_sum" "double_buffer_from_dally_harting" 4 82, 5 8 0, S_000001d439219fc0;
 .timescale 0 0;
    .port_info 0 /INPUT 1 "clk";
    .port_info 1 /INPUT 1 "rst";
    .port_info 2 /INPUT 1 "up_valid";
    .port_info 3 /OUTPUT 1 "up_ready";
    .port_info 4 /INPUT 4 "up_data";
    .port_info 5 /OUTPUT 1 "down_valid";
    .port_info 6 /INPUT 1 "down_ready";
    .port_info 7 /OUTPUT 4 "down_data";
P_000001d43924cda0 .param/l "width" 0 5 10, +C4<00000000000000000000000000000100>;
v000001d439243360_0 .var "buf_data", 3 0;
v000001d439243680_0 .var "buf_valid", 0 0;
v000001d439243720_0 .net "clk", 0 0, v000001d4392aae40_0;  alias, 1 drivers
v000001d4392abac0_0 .var "down_data", 3 0;
v000001d4392ab8e0_0 .net "down_ready", 0 0, v000001d4392aaf80_0;  alias, 1 drivers
v000001d4392ab160_0 .var "down_valid", 0 0;
v000001d4392ab480_0 .net "rst", 0 0, v000001d4392aac60_0;  alias, 1 drivers
v000001d4392aa9e0_0 .net "up_data", 3 0, L_000001d4392ad350;  alias, 1 drivers
v000001d4392ab700_0 .var "up_ready", 0 0;
v000001d4392abb60_0 .net "up_valid", 0 0, L_000001d439254af0;  alias, 1 drivers
    .scope S_000001d43921a150;
T_0 ;
    %wait E_000001d43924cfa0;
    %load/vec4 v000001d439243860_0;
    %load/vec4 v000001d439243a40_0;
    %inv;
    %and;
    %flag_set/vec4 8;
    %jmp/0xz  T_0.0, 8;
    %load/vec4 v000001d439243b80_0;
    %assign/vec4 v000001d4392437c0_0, 0;
T_0.0 ;
    %load/vec4 v000001d439243a40_0;
    %flag_set/vec4 8;
    %jmp/0xz  T_0.2, 8;
    %load/vec4 v000001d439243860_0;
    %flag_set/vec4 8;
    %jmp/0 T_0.4, 8;
    %load/vec4 v000001d439243b80_0;
    %jmp/1 T_0.5, 8;
T_0.4 ; End of true expr.
    %load/vec4 v000001d4392437c0_0;
    %jmp/0 T_0.5, 8;
 ; End of false expr.
    %blend;
T_0.5;
    %assign/vec4 v000001d439243ea0_0, 0;
T_0.2 ;
    %jmp T_0;
    .thread T_0;
    .scope S_000001d43921a150;
T_1 ;
    %wait E_000001d43924d8a0;
    %load/vec4 v000001d439243f40_0;
    %flag_set/vec4 8;
    %jmp/0xz  T_1.0, 8;
    %pushi/vec4 0, 0, 1;
    %assign/vec4 v000001d439244080_0, 0;
    %pushi/vec4 0, 0, 1;
    %assign/vec4 v000001d439243ae0_0, 0;
    %pushi/vec4 1, 0, 1;
    %assign/vec4 v000001d439243860_0, 0;
    %jmp T_1.1;
T_1.0 ;
    %load/vec4 v000001d439243860_0;
    %load/vec4 v000001d439243a40_0;
    %inv;
    %and;
    %flag_set/vec4 8;
    %jmp/0xz  T_1.2, 8;
    %load/vec4 v000001d4392439a0_0;
    %assign/vec4 v000001d439244080_0, 0;
T_1.2 ;
    %load/vec4 v000001d439243a40_0;
    %flag_set/vec4 8;
    %jmp/0xz  T_1.4, 8;
    %load/vec4 v000001d439243860_0;
    %flag_set/vec4 8;
    %jmp/0 T_1.6, 8;
    %load/vec4 v000001d4392439a0_0;
    %jmp/1 T_1.7, 8;
T_1.6 ; End of true expr.
    %load/vec4 v000001d439244080_0;
    %jmp/0 T_1.7, 8;
 ; End of false expr.
    %blend;
T_1.7;
    %assign/vec4 v000001d439243ae0_0, 0;
T_1.4 ;
    %load/vec4 v000001d439243a40_0;
    %assign/vec4 v000001d439243860_0, 0;
T_1.1 ;
    %jmp T_1;
    .thread T_1;
    .scope S_000001d4391e2830;
T_2 ;
    %wait E_000001d43924cfa0;
    %load/vec4 v000001d4392441c0_0;
    %load/vec4 v000001d439243d60_0;
    %inv;
    %and;
    %flag_set/vec4 8;
    %jmp/0xz  T_2.0, 8;
    %load/vec4 v000001d439244120_0;
    %assign/vec4 v000001d439243c20_0, 0;
T_2.0 ;
    %load/vec4 v000001d439243d60_0;
    %flag_set/vec4 8;
    %jmp/0xz  T_2.2, 8;
    %load/vec4 v000001d4392441c0_0;
    %flag_set/vec4 8;
    %jmp/0 T_2.4, 8;
    %load/vec4 v000001d439244120_0;
    %jmp/1 T_2.5, 8;
T_2.4 ; End of true expr.
    %load/vec4 v000001d439243c20_0;
    %jmp/0 T_2.5, 8;
 ; End of false expr.
    %blend;
T_2.5;
    %assign/vec4 v000001d439243fe0_0, 0;
T_2.2 ;
    %jmp T_2;
    .thread T_2;
    .scope S_000001d4391e2830;
T_3 ;
    %wait E_000001d43924d8a0;
    %load/vec4 v000001d439243e00_0;
    %flag_set/vec4 8;
    %jmp/0xz  T_3.0, 8;
    %pushi/vec4 0, 0, 1;
    %assign/vec4 v000001d4392435e0_0, 0;
    %pushi/vec4 0, 0, 1;
    %assign/vec4 v000001d439243400_0, 0;
    %pushi/vec4 1, 0, 1;
    %assign/vec4 v000001d4392441c0_0, 0;
    %jmp T_3.1;
T_3.0 ;
    %load/vec4 v000001d4392441c0_0;
    %load/vec4 v000001d439243d60_0;
    %inv;
    %and;
    %flag_set/vec4 8;
    %jmp/0xz  T_3.2, 8;
    %load/vec4 v000001d4392432c0_0;
    %assign/vec4 v000001d4392435e0_0, 0;
T_3.2 ;
    %load/vec4 v000001d439243d60_0;
    %flag_set/vec4 8;
    %jmp/0xz  T_3.4, 8;
    %load/vec4 v000001d4392441c0_0;
    %flag_set/vec4 8;
    %jmp/0 T_3.6, 8;
    %load/vec4 v000001d4392432c0_0;
    %jmp/1 T_3.7, 8;
T_3.6 ; End of true expr.
    %load/vec4 v000001d4392435e0_0;
    %jmp/0 T_3.7, 8;
 ; End of false expr.
    %blend;
T_3.7;
    %assign/vec4 v000001d439243400_0, 0;
T_3.4 ;
    %load/vec4 v000001d439243d60_0;
    %assign/vec4 v000001d4392441c0_0, 0;
T_3.1 ;
    %jmp T_3;
    .thread T_3;
    .scope S_000001d4391e29c0;
T_4 ;
    %wait E_000001d43924cfa0;
    %load/vec4 v000001d4392ab700_0;
    %load/vec4 v000001d4392ab8e0_0;
    %inv;
    %and;
    %flag_set/vec4 8;
    %jmp/0xz  T_4.0, 8;
    %load/vec4 v000001d4392aa9e0_0;
    %assign/vec4 v000001d439243360_0, 0;
T_4.0 ;
    %load/vec4 v000001d4392ab8e0_0;
    %flag_set/vec4 8;
    %jmp/0xz  T_4.2, 8;
    %load/vec4 v000001d4392ab700_0;
    %flag_set/vec4 8;
    %jmp/0 T_4.4, 8;
    %load/vec4 v000001d4392aa9e0_0;
    %jmp/1 T_4.5, 8;
T_4.4 ; End of true expr.
    %load/vec4 v000001d439243360_0;
    %jmp/0 T_4.5, 8;
 ; End of false expr.
    %blend;
T_4.5;
    %assign/vec4 v000001d4392abac0_0, 0;
T_4.2 ;
    %jmp T_4;
    .thread T_4;
    .scope S_000001d4391e29c0;
T_5 ;
    %wait E_000001d43924d8a0;
    %load/vec4 v000001d4392ab480_0;
    %flag_set/vec4 8;
    %jmp/0xz  T_5.0, 8;
    %pushi/vec4 0, 0, 1;
    %assign/vec4 v000001d439243680_0, 0;
    %pushi/vec4 0, 0, 1;
    %assign/vec4 v000001d4392ab160_0, 0;
    %pushi/vec4 1, 0, 1;
    %assign/vec4 v000001d4392ab700_0, 0;
    %jmp T_5.1;
T_5.0 ;
    %load/vec4 v000001d4392ab700_0;
    %load/vec4 v000001d4392ab8e0_0;
    %inv;
    %and;
    %flag_set/vec4 8;
    %jmp/0xz  T_5.2, 8;
    %load/vec4 v000001d4392abb60_0;
    %assign/vec4 v000001d439243680_0, 0;
T_5.2 ;
    %load/vec4 v000001d4392ab8e0_0;
    %flag_set/vec4 8;
    %jmp/0xz  T_5.4, 8;
    %load/vec4 v000001d4392ab700_0;
    %flag_set/vec4 8;
    %jmp/0 T_5.6, 8;
    %load/vec4 v000001d4392abb60_0;
    %jmp/1 T_5.7, 8;
T_5.6 ; End of true expr.
    %load/vec4 v000001d439243680_0;
    %jmp/0 T_5.7, 8;
 ; End of false expr.
    %blend;
T_5.7;
    %assign/vec4 v000001d4392ab160_0, 0;
T_5.4 ;
    %load/vec4 v000001d4392ab8e0_0;
    %assign/vec4 v000001d4392ab700_0, 0;
T_5.1 ;
    %jmp T_5;
    .thread T_5;
    .scope S_000001d43924ab30;
T_6 ;
    %pushi/vec4 0, 0, 32;
    %store/vec4 v000001d4392aa4e0_0, 0, 32;
    %pushi/vec4 0, 0, 1;
    %store/vec4 v000001d4392ae070_0, 0, 1;
    %end;
    .thread T_6, $init;
    .scope S_000001d43924ab30;
T_7 ;
    %pushi/vec4 1, 0, 1;
    %store/vec4 v000001d4392aae40_0, 0, 1;
T_7.0 ;
    %delay 5, 0;
    %load/vec4 v000001d4392aae40_0;
    %inv;
    %store/vec4 v000001d4392aae40_0, 0, 1;
    %jmp T_7.0;
    %end;
    .thread T_7;
    .scope S_000001d43924ab30;
T_8 ;
    %pushi/vec4 10000, 0, 32;
T_8.0 %dup/vec4;
    %pushi/vec4 0, 0, 32;
    %cmp/s;
    %jmp/1xz T_8.1, 5;
    %jmp/1 T_8.1, 4;
    %pushi/vec4 1, 0, 32;
    %sub;
    %wait E_000001d43924cfa0;
    %jmp T_8.0;
T_8.1 ;
    %pop/vec4 1;
    %vpi_call/w 3 53 "$display", "FAIL %s: timeout!", "testbench.sv" {0 0 0};
    %vpi_call/w 3 54 "$finish" {0 0 0};
    %end;
    .thread T_8;
    .scope S_000001d43924ab30;
T_9 ;
    %wait E_000001d43924cfa0;
    %vpi_call/w 3 64 "$write", "time %7d cycle %5d", $time, v000001d4392aa4e0_0 {0 0 0};
    %load/vec4 v000001d4392aa4e0_0;
    %addi 1, 0, 32;
    %cast2;
    %assign/vec4 v000001d4392aa4e0_0, 0;
    %load/vec4 v000001d4392aac60_0;
    %flag_set/vec4 8;
    %jmp/0xz  T_9.0, 8;
    %vpi_call/w 3 67 "$write", " rst" {0 0 0};
    %jmp T_9.1;
T_9.0 ;
    %vpi_call/w 3 67 "$write", "    " {0 0 0};
T_9.1 ;
    %load/vec4 v000001d4392ab660_0;
    %flag_set/vec4 8;
    %jmp/0xz  T_9.2, 8;
    %vpi_call/w 3 69 "$write", " a_valid" {0 0 0};
    %jmp T_9.3;
T_9.2 ;
    %vpi_call/w 3 69 "$write", "        " {0 0 0};
T_9.3 ;
    %load/vec4 v000001d4392ab5c0_0;
    %flag_set/vec4 8;
    %jmp/0xz  T_9.4, 8;
    %vpi_call/w 3 70 "$write", " a_ready" {0 0 0};
    %jmp T_9.5;
T_9.4 ;
    %vpi_call/w 3 70 "$write", "        " {0 0 0};
T_9.5 ;
    %load/vec4 v000001d4392ab660_0;
    %load/vec4 v000001d4392ab5c0_0;
    %and;
    %flag_set/vec4 8;
    %jmp/0xz  T_9.6, 8;
    %vpi_call/w 3 73 "$write", " %h", v000001d4392aa3a0_0 {0 0 0};
    %jmp T_9.7;
T_9.6 ;
    %vpi_call/w 3 75 "$write", "  " {0 0 0};
T_9.7 ;
    %load/vec4 v000001d4392ab0c0_0;
    %flag_set/vec4 8;
    %jmp/0xz  T_9.8, 8;
    %vpi_call/w 3 77 "$write", " b_valid" {0 0 0};
    %jmp T_9.9;
T_9.8 ;
    %vpi_call/w 3 77 "$write", "        " {0 0 0};
T_9.9 ;
    %load/vec4 v000001d4392aa440_0;
    %flag_set/vec4 8;
    %jmp/0xz  T_9.10, 8;
    %vpi_call/w 3 78 "$write", " b_ready" {0 0 0};
    %jmp T_9.11;
T_9.10 ;
    %vpi_call/w 3 78 "$write", "        " {0 0 0};
T_9.11 ;
    %load/vec4 v000001d4392ab0c0_0;
    %load/vec4 v000001d4392aa440_0;
    %and;
    %flag_set/vec4 8;
    %jmp/0xz  T_9.12, 8;
    %vpi_call/w 3 81 "$write", " %h", v000001d4392aaa80_0 {0 0 0};
    %jmp T_9.13;
T_9.12 ;
    %vpi_call/w 3 83 "$write", "  " {0 0 0};
T_9.13 ;
    %load/vec4 v000001d4392aba20_0;
    %flag_set/vec4 8;
    %jmp/0xz  T_9.14, 8;
    %vpi_call/w 3 85 "$write", " sum_valid" {0 0 0};
    %jmp T_9.15;
T_9.14 ;
    %vpi_call/w 3 85 "$write", "          " {0 0 0};
T_9.15 ;
    %load/vec4 v000001d4392aaf80_0;
    %flag_set/vec4 8;
    %jmp/0xz  T_9.16, 8;
    %vpi_call/w 3 86 "$write", " sum_ready" {0 0 0};
    %jmp T_9.17;
T_9.16 ;
    %vpi_call/w 3 86 "$write", "          " {0 0 0};
T_9.17 ;
    %load/vec4 v000001d4392aba20_0;
    %load/vec4 v000001d4392aaf80_0;
    %and;
    %flag_set/vec4 8;
    %jmp/0xz  T_9.18, 8;
    %vpi_call/w 3 89 "$write", " %h", v000001d4392aa760_0 {0 0 0};
    %jmp T_9.19;
T_9.18 ;
    %vpi_call/w 3 91 "$write", "  " {0 0 0};
T_9.19 ;
    %vpi_call/w 3 93 "$display" {0 0 0};
    %jmp T_9;
    .thread T_9;
    .scope S_000001d43924ab30;
T_10 ;
    %wait E_000001d43924cfa0;
    %load/vec4 v000001d4392aac60_0;
    %flag_set/vec4 8;
    %jmp/0xz  T_10.0, 8;
    %ix/load 4, 0, 0;
    %null;
    %store/obj v000001d4392aa8a0_0;
    %ix/load 4, 0, 0;
    %null;
    %store/obj v000001d4392aada0_0;
    %pushi/vec4 1, 0, 1;
    %store/vec4 v000001d4392ae070_0, 0, 1;
    %jmp T_10.1;
T_10.0 ;
    %load/vec4 v000001d4392ae070_0;
    %flag_set/vec4 8;
    %jmp/0xz  T_10.2, 8;
    %load/vec4 v000001d4392ab660_0;
    %load/vec4 v000001d4392ab5c0_0;
    %and;
    %flag_set/vec4 8;
    %jmp/0xz  T_10.4, 8;
    %ix/load 4, 0, 0;
    %load/vec4 v000001d4392aa3a0_0;
    %store/qb/v v000001d4392aa8a0_0, 4, 4;
T_10.4 ;
    %load/vec4 v000001d4392ab0c0_0;
    %load/vec4 v000001d4392aa440_0;
    %and;
    %flag_set/vec4 8;
    %jmp/0xz  T_10.6, 8;
    %ix/load 4, 0, 0;
    %load/vec4 v000001d4392aaa80_0;
    %store/qb/v v000001d4392aada0_0, 4, 4;
T_10.6 ;
    %load/vec4 v000001d4392aba20_0;
    %load/vec4 v000001d4392aaf80_0;
    %and;
    %flag_set/vec4 8;
    %jmp/0xz  T_10.8, 8;
    %vpi_func 3 129 "$size" 32, v000001d4392aa8a0_0 {0 0 0};
    %cmpi/e 0, 0, 32;
    %jmp/1 T_10.12, 4;
    %flag_mov 8, 4;
    %vpi_func 3 129 "$size" 32, v000001d4392aada0_0 {0 0 0};
    %cmpi/e 0, 0, 32;
    %flag_or 4, 8;
T_10.12;
    %jmp/0xz  T_10.10, 4;
    %vpi_call/w 3 131 "$display", "\012ERROR: unexpected sum %h", v000001d4392aa760_0 {0 0 0};
    %jmp T_10.11;
T_10.10 ;
    %ix/load 3, 0, 0;
    %flag_set/imm 4, 0;
    %load/dar/vec4 v000001d4392aa8a0_0;
    %ix/load 3, 0, 0;
    %flag_set/imm 4, 0;
    %load/dar/vec4 v000001d4392aada0_0;
    %add;
    %store/vec4 v000001d4392aa800_0, 0, 4;
    %ix/load 3, 0, 0;
    %flag_set/imm 4, 0;
    %delete/elem v000001d4392aa8a0_0;
    %ix/load 3, 0, 0;
    %flag_set/imm 4, 0;
    %delete/elem v000001d4392aada0_0;
    %load/vec4 v000001d4392aa800_0;
    %load/vec4 v000001d4392aa760_0;
    %cmp/ne;
    %jmp/0xz  T_10.13, 6;
    %vpi_call/w 3 146 "$display", "\012ERROR: downstream data mismatch. Expected %h, actual %h", v000001d4392aa800_0, v000001d4392aa760_0 {0 0 0};
T_10.13 ;
T_10.11 ;
T_10.8 ;
T_10.2 ;
T_10.1 ;
    %jmp T_10;
    .thread T_10;
    .scope S_000001d43924ab30;
T_11 ;
    %vpi_func 3 160 "$size" 32, v000001d4392aa8a0_0 {0 0 0};
    %cmpi/ne 0, 0, 32;
    %jmp/0xz  T_11.0, 4;
    %vpi_call/w 3 162 "$write", "\012ERROR: data is left sitting in the model a_queue:" {0 0 0};
    %fork t_1, S_000001d4392131f0;
    %jmp t_0;
    .scope S_000001d4392131f0;
t_1 ;
    %pushi/vec4 0, 0, 32;
    %store/vec4 v000001d439243540_0, 0, 32;
T_11.2 ;
    %load/vec4 v000001d439243540_0;
    %vpi_func 3 164 "$size" 32, v000001d4392aa8a0_0 {0 0 0};
    %cmp/s;
    %jmp/0xz T_11.3, 5;
    %vpi_func 3 165 "$size" 32, v000001d4392aa8a0_0 {0 0 0};
    %load/vec4 v000001d439243540_0;
    %sub;
    %subi 1, 0, 32;
    %ix/vec4/s 3;
    %load/dar/vec4 v000001d4392aa8a0_0;
    %vpi_call/w 3 165 "$write", " %h", S<0,vec4,u4> {1 0 0};
    ; show_stmt_assign_vector: Get l-value for compressed += operand
    %load/vec4 v000001d439243540_0;
    %pushi/vec4 1, 0, 32;
    %add;
    %cast2;
    %store/vec4 v000001d439243540_0, 0, 32;
    %jmp T_11.2;
T_11.3 ;
    %end;
    .scope S_000001d43924ab30;
t_0 %join;
    %vpi_call/w 3 167 "$display" {0 0 0};
T_11.0 ;
    %vpi_func 3 170 "$size" 32, v000001d4392aada0_0 {0 0 0};
    %cmpi/ne 0, 0, 32;
    %jmp/0xz  T_11.4, 4;
    %vpi_call/w 3 172 "$write", "\012ERROR: data is left sitting in the model b_queue:" {0 0 0};
    %fork t_3, S_000001d439245d00;
    %jmp t_2;
    .scope S_000001d439245d00;
t_3 ;
    %pushi/vec4 0, 0, 32;
    %store/vec4 v000001d4392434a0_0, 0, 32;
T_11.6 ;
    %load/vec4 v000001d4392434a0_0;
    %vpi_func 3 174 "$size" 32, v000001d4392aada0_0 {0 0 0};
    %cmp/s;
    %jmp/0xz T_11.7, 5;
    %vpi_func 3 175 "$size" 32, v000001d4392aada0_0 {0 0 0};
    %load/vec4 v000001d4392434a0_0;
    %sub;
    %subi 1, 0, 32;
    %ix/vec4/s 3;
    %load/dar/vec4 v000001d4392aada0_0;
    %vpi_call/w 3 175 "$write", " %h", S<0,vec4,u4> {1 0 0};
    ; show_stmt_assign_vector: Get l-value for compressed += operand
    %load/vec4 v000001d4392434a0_0;
    %pushi/vec4 1, 0, 32;
    %add;
    %cast2;
    %store/vec4 v000001d4392434a0_0, 0, 32;
    %jmp T_11.6;
T_11.7 ;
    %end;
    .scope S_000001d43924ab30;
t_2 %join;
    %vpi_call/w 3 177 "$display" {0 0 0};
T_11.4 ;
    %end;
    .thread T_11, $final;
    .scope S_000001d43924ab30;
T_12 ;
    %wait E_000001d43924cfa0;
    %load/vec4 v000001d4392aac60_0;
    %flag_set/vec4 8;
    %jmp/0xz  T_12.0, 8;
    %pushi/vec4 0, 0, 33;
    %assign/vec4 v000001d4392aa580_0, 0;
    %pushi/vec4 0, 0, 33;
    %assign/vec4 v000001d4392ac100_0, 0;
    %pushi/vec4 0, 0, 33;
    %assign/vec4 v000001d4392aa620_0, 0;
    %pushi/vec4 0, 0, 33;
    %assign/vec4 v000001d4392aa6c0_0, 0;
    %jmp T_12.1;
T_12.0 ;
    %load/vec4 v000001d4392aa580_0;
    %addi 1, 0, 33;
    %assign/vec4 v000001d4392aa580_0, 0;
    %load/vec4 v000001d4392ab660_0;
    %load/vec4 v000001d4392ab5c0_0;
    %and;
    %flag_set/vec4 8;
    %jmp/0xz  T_12.2, 8;
    %load/vec4 v000001d4392ac100_0;
    %addi 1, 0, 33;
    %assign/vec4 v000001d4392ac100_0, 0;
T_12.2 ;
    %load/vec4 v000001d4392ab0c0_0;
    %load/vec4 v000001d4392aa440_0;
    %and;
    %flag_set/vec4 8;
    %jmp/0xz  T_12.4, 8;
    %load/vec4 v000001d4392aa620_0;
    %addi 1, 0, 33;
    %assign/vec4 v000001d4392aa620_0, 0;
T_12.4 ;
    %load/vec4 v000001d4392aba20_0;
    %load/vec4 v000001d4392aaf80_0;
    %and;
    %flag_set/vec4 8;
    %jmp/0xz  T_12.6, 8;
    %load/vec4 v000001d4392aa6c0_0;
    %addi 1, 0, 33;
    %assign/vec4 v000001d4392aa6c0_0, 0;
T_12.6 ;
T_12.1 ;
    %jmp T_12;
    .thread T_12;
    .scope S_000001d43924ab30;
T_13 ;
    %vpi_call/w 3 207 "$display", "\012\012number of sum transfers : %0d per %0d cycles", v000001d4392aa6c0_0, v000001d4392aa580_0 {0 0 0};
    %load/vec4 v000001d4392ac100_0;
    %load/vec4 v000001d4392aa620_0;
    %cmp/ne;
    %flag_get/vec4 4;
    %load/vec4 v000001d4392ac100_0;
    %load/vec4 v000001d4392aa6c0_0;
    %cmp/ne;
    %flag_get/vec4 4;
    %or;
    %flag_set/vec4 8;
    %jmp/0xz  T_13.0, 8;
    %vpi_call/w 3 211 "$display", "\012ERROR: number of transfers do not match: a: %0d b: %0s sum %0d", v000001d4392ac100_0, v000001d4392aa620_0, v000001d4392aa6c0_0 {0 0 0};
T_13.0 ;
    %end;
    .thread T_13, $final;
    .scope S_000001d43924ab30;
T_14 ;
    %vpi_call/w 3 227 "$dumpfile", "dump.vcd" {0 0 0};
    %vpi_call/w 3 228 "$dumpvars" {0 0 0};
    %pushi/vec4 0, 0, 1;
    %assign/vec4 v000001d4392ab660_0, 0;
    %pushi/vec4 0, 0, 1;
    %assign/vec4 v000001d4392ab0c0_0, 0;
    %pushi/vec4 0, 0, 1;
    %assign/vec4 v000001d4392aaf80_0, 0;
    %pushi/vec4 3, 0, 32;
T_14.0 %dup/vec4;
    %pushi/vec4 0, 0, 32;
    %cmp/s;
    %jmp/1xz T_14.1, 5;
    %jmp/1 T_14.1, 4;
    %pushi/vec4 1, 0, 32;
    %sub;
    %wait E_000001d43924cfa0;
    %jmp T_14.0;
T_14.1 ;
    %pop/vec4 1;
    %pushi/vec4 1, 0, 1;
    %assign/vec4 v000001d4392aac60_0, 0;
    %pushi/vec4 3, 0, 32;
T_14.2 %dup/vec4;
    %pushi/vec4 0, 0, 32;
    %cmp/s;
    %jmp/1xz T_14.3, 5;
    %jmp/1 T_14.3, 4;
    %pushi/vec4 1, 0, 32;
    %sub;
    %wait E_000001d43924cfa0;
    %jmp T_14.2;
T_14.3 ;
    %pop/vec4 1;
    %pushi/vec4 0, 0, 1;
    %assign/vec4 v000001d4392aac60_0, 0;
    %vpi_call/w 3 248 "$display", "*** Run back-to-back" {0 0 0};
    %pushi/vec4 1, 0, 1;
    %assign/vec4 v000001d4392ab660_0, 0;
    %pushi/vec4 1, 0, 1;
    %assign/vec4 v000001d4392ab0c0_0, 0;
    %pushi/vec4 1, 0, 1;
    %assign/vec4 v000001d4392aaf80_0, 0;
    %pushi/vec4 20, 0, 32;
T_14.4 %dup/vec4;
    %pushi/vec4 0, 0, 32;
    %cmp/s;
    %jmp/1xz T_14.5, 5;
    %jmp/1 T_14.5, 4;
    %pushi/vec4 1, 0, 32;
    %sub;
    %wait E_000001d43924cfa0;
    %jmp T_14.4;
T_14.5 ;
    %pop/vec4 1;
    %vpi_call/w 3 256 "$display", "*** Supplying only \042a\042" {0 0 0};
T_14.6 ;
    %load/vec4 v000001d4392aa440_0;
    %inv;
    %flag_set/vec4 8;
    %jmp/0xz T_14.7, 8;
    %wait E_000001d43924cfa0;
    %jmp T_14.6;
T_14.7 ;
    %pushi/vec4 0, 0, 1;
    %assign/vec4 v000001d4392ab0c0_0, 0;
    %pushi/vec4 20, 0, 32;
T_14.8 %dup/vec4;
    %pushi/vec4 0, 0, 32;
    %cmp/s;
    %jmp/1xz T_14.9, 5;
    %jmp/1 T_14.9, 4;
    %pushi/vec4 1, 0, 32;
    %sub;
    %wait E_000001d43924cfa0;
    %jmp T_14.8;
T_14.9 ;
    %pop/vec4 1;
    %vpi_call/w 3 267 "$display", "*** Supplying only \042b\042" {0 0 0};
    %pushi/vec4 1, 0, 1;
    %assign/vec4 v000001d4392ab0c0_0, 0;
T_14.10 ;
    %load/vec4 v000001d4392ab5c0_0;
    %inv;
    %flag_set/vec4 8;
    %jmp/0xz T_14.11, 8;
    %wait E_000001d43924cfa0;
    %jmp T_14.10;
T_14.11 ;
    %pushi/vec4 0, 0, 1;
    %assign/vec4 v000001d4392ab660_0, 0;
    %pushi/vec4 20, 0, 32;
T_14.12 %dup/vec4;
    %pushi/vec4 0, 0, 32;
    %cmp/s;
    %jmp/1xz T_14.13, 5;
    %jmp/1 T_14.13, 4;
    %pushi/vec4 1, 0, 32;
    %sub;
    %wait E_000001d43924cfa0;
    %jmp T_14.12;
T_14.13 ;
    %pop/vec4 1;
    %vpi_call/w 3 280 "$display", "*** Applying backpressure" {0 0 0};
    %pushi/vec4 1, 0, 1;
    %assign/vec4 v000001d4392ab660_0, 0;
    %pushi/vec4 1, 0, 1;
    %assign/vec4 v000001d4392ab0c0_0, 0;
    %pushi/vec4 0, 0, 1;
    %assign/vec4 v000001d4392aaf80_0, 0;
    %pushi/vec4 20, 0, 32;
T_14.14 %dup/vec4;
    %pushi/vec4 0, 0, 32;
    %cmp/s;
    %jmp/1xz T_14.15, 5;
    %jmp/1 T_14.15, 4;
    %pushi/vec4 1, 0, 32;
    %sub;
    %wait E_000001d43924cfa0;
    %jmp T_14.14;
T_14.15 ;
    %pop/vec4 1;
    %vpi_call/w 3 288 "$display", "*** Random" {0 0 0};
T_14.16 ;
    %load/vec4 v000001d4392aa6c0_0;
    %cmpi/ne 100, 0, 33;
    %jmp/0xz T_14.17, 4;
    %load/vec4 v000001d4392ac100_0;
    %cmpi/u 100, 0, 33;
    %flag_or 5, 4;
    %jmp/0xz  T_14.18, 5;
    %jmp T_14.19;
T_14.18 ;
    %vpi_call/w 3 293 "$error" {0 0 0};
T_14.19 ;
    %load/vec4 v000001d4392ac100_0;
    %pushi/vec4 100, 0, 33;
    %cmp/e;
    %flag_get/vec4 4;
    %load/vec4 v000001d4392ac100_0;
    %pushi/vec4 99, 0, 33;
    %cmp/e;
    %flag_get/vec4 4;
    %load/vec4 v000001d4392ab660_0;
    %and;
    %load/vec4 v000001d4392ab5c0_0;
    %and;
    %or;
    %flag_set/vec4 8;
    %jmp/0xz  T_14.20, 8;
    %pushi/vec4 0, 0, 1;
    %assign/vec4 v000001d4392ab660_0, 0;
    %jmp T_14.21;
T_14.20 ;
    %load/vec4 v000001d4392ab660_0;
    %inv;
    %load/vec4 v000001d4392ab5c0_0;
    %or;
    %flag_set/vec4 8;
    %jmp/0xz  T_14.22, 8;
    %vpi_func 3 302 "$urandom" 32 {0 0 0};
    %pad/u 1;
    %assign/vec4 v000001d4392ab660_0, 0;
T_14.22 ;
T_14.21 ;
    %load/vec4 v000001d4392aa620_0;
    %cmpi/u 100, 0, 33;
    %flag_or 5, 4;
    %jmp/0xz  T_14.24, 5;
    %jmp T_14.25;
T_14.24 ;
    %vpi_call/w 3 306 "$error" {0 0 0};
T_14.25 ;
    %load/vec4 v000001d4392aa620_0;
    %pushi/vec4 100, 0, 33;
    %cmp/e;
    %flag_get/vec4 4;
    %load/vec4 v000001d4392aa620_0;
    %pushi/vec4 99, 0, 33;
    %cmp/e;
    %flag_get/vec4 4;
    %load/vec4 v000001d4392ab0c0_0;
    %and;
    %load/vec4 v000001d4392aa440_0;
    %and;
    %or;
    %flag_set/vec4 8;
    %jmp/0xz  T_14.26, 8;
    %pushi/vec4 0, 0, 1;
    %assign/vec4 v000001d4392ab0c0_0, 0;
    %jmp T_14.27;
T_14.26 ;
    %load/vec4 v000001d4392ab0c0_0;
    %inv;
    %load/vec4 v000001d4392aa440_0;
    %or;
    %flag_set/vec4 8;
    %jmp/0xz  T_14.28, 8;
    %vpi_func 3 315 "$urandom" 32 {0 0 0};
    %pad/u 1;
    %assign/vec4 v000001d4392ab0c0_0, 0;
T_14.28 ;
T_14.27 ;
    %vpi_func 3 318 "$urandom" 32 {0 0 0};
    %pad/u 1;
    %assign/vec4 v000001d4392aaf80_0, 0;
    %wait E_000001d43924cfa0;
    %jmp T_14.16;
T_14.17 ;
    %vpi_call/w 3 323 "$display", "*** Draining the results" {0 0 0};
    %pushi/vec4 1, 0, 1;
    %assign/vec4 v000001d4392aaf80_0, 0;
    %pushi/vec4 11, 0, 32;
T_14.30 %dup/vec4;
    %pushi/vec4 0, 0, 32;
    %cmp/s;
    %jmp/1xz T_14.31, 5;
    %jmp/1 T_14.31, 4;
    %pushi/vec4 1, 0, 32;
    %sub;
    %wait E_000001d43924cfa0;
    %jmp T_14.30;
T_14.31 ;
    %pop/vec4 1;
    %vpi_call/w 3 328 "$display", "PASS %s", "testbench.sv" {0 0 0};
    %vpi_call/w 3 329 "$finish" {0 0 0};
    %end;
    .thread T_14;
    .scope S_000001d43924ab30;
T_15 ;
    %wait E_000001d43924cfa0;
    %load/vec4 v000001d4392aac60_0;
    %flag_set/vec4 8;
    %jmp/0xz  T_15.0, 8;
    %pushi/vec4 0, 0, 4;
    %assign/vec4 v000001d4392aa3a0_0, 0;
    %jmp T_15.1;
T_15.0 ;
    %load/vec4 v000001d4392ab660_0;
    %load/vec4 v000001d4392ab5c0_0;
    %and;
    %flag_set/vec4 8;
    %jmp/0xz  T_15.2, 8;
    %vpi_func 3 339 "$urandom" 32 {0 0 0};
    %pad/u 4;
    %assign/vec4 v000001d4392aa3a0_0, 0;
T_15.2 ;
T_15.1 ;
    %jmp T_15;
    .thread T_15;
    .scope S_000001d43924ab30;
T_16 ;
    %wait E_000001d43924cfa0;
    %load/vec4 v000001d4392aac60_0;
    %flag_set/vec4 8;
    %jmp/0xz  T_16.0, 8;
    %pushi/vec4 0, 0, 4;
    %assign/vec4 v000001d4392aaa80_0, 0;
    %jmp T_16.1;
T_16.0 ;
    %load/vec4 v000001d4392ab0c0_0;
    %load/vec4 v000001d4392aa440_0;
    %and;
    %flag_set/vec4 8;
    %jmp/0xz  T_16.2, 8;
    %vpi_func 3 345 "$urandom" 32 {0 0 0};
    %pad/u 4;
    %assign/vec4 v000001d4392aaa80_0, 0;
T_16.2 ;
T_16.1 ;
    %jmp T_16;
    .thread T_16;
# The file index is used to find the file name in the following table.
:file_names 6;
    "N/A";
    "<interactive>";
    "-";
    "testbench.sv";
    "a_plus_b_using_double_buffers.sv";
    "double_buffer_from_dally_harting.sv";
