#! /c/Source/iverilog-install/bin/vvp
:ivl_version "12.0 (devel)" "(s20150603-1539-g2693dd32b)";
:ivl_delay_selection "TYPICAL";
:vpi_time_precision + 0;
:vpi_module "C:\iverilog\lib\ivl\system.vpi";
:vpi_module "C:\iverilog\lib\ivl\vhdl_sys.vpi";
:vpi_module "C:\iverilog\lib\ivl\vhdl_textio.vpi";
:vpi_module "C:\iverilog\lib\ivl\v2005_math.vpi";
:vpi_module "C:\iverilog\lib\ivl\va_math.vpi";
:vpi_module "C:\iverilog\lib\ivl\v2009.vpi";
S_000001843c981da0 .scope package, "$unit" "$unit" 2 1;
 .timescale 0 0;
S_000001843c980760 .scope module, "testbench" "testbench" 3 1;
 .timescale 0 0;
P_000001843c97f7e0 .param/l "w" 1 3 33, +C4<00000000000000000000000000010000>;
v000001843c9d5840_0 .var "clk", 0 0;
v000001843c9d5de0_0 .net "div_by_3", 0 0, L_000001843c9d5980;  1 drivers
v000001843c9d52a0_0 .net "div_by_5", 0 0, L_000001843c9d5340;  1 drivers
v000001843c9d57a0_0 .var "expected_div_by_3", 0 0;
v000001843c9d5200_0 .var "expected_div_by_5", 0 0;
v000001843c9d58e0_0 .var "input_bits", 15 0;
v000001843c9d5700_0 .var "new_bit", 0 0;
v000001843c9d5b60_0 .var "rst", 0 0;
E_000001843c980160 .event posedge, v000001843c97ef80_0;
S_000001843c96b700 .scope begin, "$ivl_for_loop0" "$ivl_for_loop0" 3 60, 3 60 0, S_000001843c980760;
 .timescale 0 0;
v000001843c981f30_0 .var/2s "i", 31 0;
E_000001843c97fba0 .event posedge, v000001843c91b4c0_0;
S_000001843c96b890 .scope task, "reset" "reset" 3 15, 3 15 0, S_000001843c980760;
 .timescale 0 0;
TD_testbench.reset ;
    %pushi/vec4 1, 1, 1;
    %assign/vec4 v000001843c9d5b60_0, 0;
    %pushi/vec4 2, 0, 32;
T_0.0 %dup/vec4;
    %pushi/vec4 0, 0, 32;
    %cmp/s;
    %jmp/1xz T_0.1, 5;
    %jmp/1 T_0.1, 4;
    %pushi/vec4 1, 0, 32;
    %sub;
    %wait E_000001843c97fba0;
    %jmp T_0.0;
T_0.1 ;
    %pop/vec4 1;
    %pushi/vec4 1, 0, 1;
    %assign/vec4 v000001843c9d5b60_0, 0;
    %pushi/vec4 2, 0, 32;
T_0.2 %dup/vec4;
    %pushi/vec4 0, 0, 32;
    %cmp/s;
    %jmp/1xz T_0.3, 5;
    %jmp/1 T_0.3, 4;
    %pushi/vec4 1, 0, 32;
    %sub;
    %wait E_000001843c97fba0;
    %jmp T_0.2;
T_0.3 ;
    %pop/vec4 1;
    %pushi/vec4 0, 0, 1;
    %assign/vec4 v000001843c9d5b60_0, 0;
    %end;
S_000001843c932830 .scope module, "sd3" "serial_divisibility_by_3_using_fsm" 3 24, 4 5 0, S_000001843c980760;
 .timescale 0 0;
    .port_info 0 /INPUT 1 "clk";
    .port_info 1 /INPUT 1 "rst";
    .port_info 2 /INPUT 1 "new_bit";
    .port_info 3 /OUTPUT 1 "div_by_3";
enum000001843c976b40 .enum4 (2)
   "mod_0" 2'b00,
   "mod_1" 2'b01,
   "mod_2" 2'b10
 ;
L_000001843ca20088 .functor BUFT 1, C4<00>, C4<0>, C4<0>, C4<0>;
v000001843c97c530_0 .net/2u *"_ivl_0", 1 0, L_000001843ca20088;  1 drivers
v000001843c91b4c0_0 .net "clk", 0 0, v000001843c9d5840_0;  1 drivers
v000001843c91ad20_0 .net "div_by_3", 0 0, L_000001843c9d5980;  alias, 1 drivers
v000001843c91b1d0_0 .net "new_bit", 0 0, v000001843c9d5700_0;  1 drivers
v000001843c9808f0_0 .var "new_state", 1 0;
v000001843c97ef80_0 .net "rst", 0 0, v000001843c9d5b60_0;  1 drivers
v000001843c96ba20_0 .var "state", 1 0;
E_000001843c97fe60 .event anyedge, v000001843c96ba20_0, v000001843c91b1d0_0;
L_000001843c9d5980 .cmp/eq 2, v000001843c96ba20_0, L_000001843ca20088;
S_000001843c9329c0 .scope module, "sd5" "serial_divisibility_by_5_using_fsm" 3 28, 4 59 0, S_000001843c980760;
 .timescale 0 0;
    .port_info 0 /INPUT 1 "clk";
    .port_info 1 /INPUT 1 "rst";
    .port_info 2 /INPUT 1 "new_bit";
    .port_info 3 /OUTPUT 1 "div_by_5";
enum000001843c976f10 .enum4 (3)
   "mod_0" 3'b000,
   "mod_1" 3'b001,
   "mod_2" 3'b010,
   "mod_3" 3'b011,
   "mod_4" 3'b100
 ;
L_000001843ca200d0 .functor BUFT 1, C4<000>, C4<0>, C4<0>, C4<0>;
v000001843c96bac0_0 .net/2u *"_ivl_0", 2 0, L_000001843ca200d0;  1 drivers
v000001843c9d5660_0 .net "clk", 0 0, v000001843c9d5840_0;  alias, 1 drivers
v000001843c9d55c0_0 .net "div_by_5", 0 0, L_000001843c9d5340;  alias, 1 drivers
v000001843c9d5ac0_0 .net "new_bit", 0 0, v000001843c9d5700_0;  alias, 1 drivers
v000001843c9d5d40_0 .var "new_state", 2 0;
v000001843c9d53e0_0 .net "rst", 0 0, v000001843c9d5b60_0;  alias, 1 drivers
v000001843c9d5a20_0 .var "state", 2 0;
E_000001843c980320 .event anyedge, v000001843c9d5a20_0, v000001843c91b1d0_0;
L_000001843c9d5340 .cmp/eq 3, v000001843c9d5a20_0, L_000001843ca200d0;
    .scope S_000001843c932830;
T_1 ;
Ewait_0 .event/or E_000001843c97fe60, E_0x0;
    %wait Ewait_0;
    %load/vec4 v000001843c96ba20_0;
    %store/vec4 v000001843c9808f0_0, 0, 2;
    %load/vec4 v000001843c96ba20_0;
    %dup/vec4;
    %pushi/vec4 0, 0, 2;
    %cmp/u;
    %jmp/1 T_1.0, 6;
    %dup/vec4;
    %pushi/vec4 1, 0, 2;
    %cmp/u;
    %jmp/1 T_1.1, 6;
    %dup/vec4;
    %pushi/vec4 2, 0, 2;
    %cmp/u;
    %jmp/1 T_1.2, 6;
    %jmp T_1.3;
T_1.0 ;
    %load/vec4 v000001843c91b1d0_0;
    %flag_set/vec4 8;
    %jmp/0xz  T_1.4, 8;
    %pushi/vec4 1, 0, 2;
    %store/vec4 v000001843c9808f0_0, 0, 2;
    %jmp T_1.5;
T_1.4 ;
    %pushi/vec4 0, 0, 2;
    %store/vec4 v000001843c9808f0_0, 0, 2;
T_1.5 ;
    %jmp T_1.3;
T_1.1 ;
    %load/vec4 v000001843c91b1d0_0;
    %flag_set/vec4 8;
    %jmp/0xz  T_1.6, 8;
    %pushi/vec4 0, 0, 2;
    %store/vec4 v000001843c9808f0_0, 0, 2;
    %jmp T_1.7;
T_1.6 ;
    %pushi/vec4 2, 0, 2;
    %store/vec4 v000001843c9808f0_0, 0, 2;
T_1.7 ;
    %jmp T_1.3;
T_1.2 ;
    %load/vec4 v000001843c91b1d0_0;
    %flag_set/vec4 8;
    %jmp/0xz  T_1.8, 8;
    %pushi/vec4 2, 0, 2;
    %store/vec4 v000001843c9808f0_0, 0, 2;
    %jmp T_1.9;
T_1.8 ;
    %pushi/vec4 1, 0, 2;
    %store/vec4 v000001843c9808f0_0, 0, 2;
T_1.9 ;
    %jmp T_1.3;
T_1.3 ;
    %pop/vec4 1;
    %jmp T_1;
    .thread T_1, $push;
    .scope S_000001843c932830;
T_2 ;
    %wait E_000001843c97fba0;
    %load/vec4 v000001843c97ef80_0;
    %flag_set/vec4 8;
    %jmp/0xz  T_2.0, 8;
    %pushi/vec4 0, 0, 2;
    %assign/vec4 v000001843c96ba20_0, 0;
    %jmp T_2.1;
T_2.0 ;
    %load/vec4 v000001843c9808f0_0;
    %assign/vec4 v000001843c96ba20_0, 0;
T_2.1 ;
    %jmp T_2;
    .thread T_2;
    .scope S_000001843c9329c0;
T_3 ;
Ewait_1 .event/or E_000001843c980320, E_0x0;
    %wait Ewait_1;
    %load/vec4 v000001843c9d5a20_0;
    %store/vec4 v000001843c9d5d40_0, 0, 3;
    %load/vec4 v000001843c9d5a20_0;
    %dup/vec4;
    %pushi/vec4 0, 0, 3;
    %cmp/u;
    %jmp/1 T_3.0, 6;
    %dup/vec4;
    %pushi/vec4 1, 0, 3;
    %cmp/u;
    %jmp/1 T_3.1, 6;
    %dup/vec4;
    %pushi/vec4 2, 0, 3;
    %cmp/u;
    %jmp/1 T_3.2, 6;
    %dup/vec4;
    %pushi/vec4 3, 0, 3;
    %cmp/u;
    %jmp/1 T_3.3, 6;
    %dup/vec4;
    %pushi/vec4 4, 0, 3;
    %cmp/u;
    %jmp/1 T_3.4, 6;
    %jmp T_3.5;
T_3.0 ;
    %load/vec4 v000001843c9d5ac0_0;
    %flag_set/vec4 8;
    %jmp/0xz  T_3.6, 8;
    %pushi/vec4 1, 0, 3;
    %store/vec4 v000001843c9d5d40_0, 0, 3;
    %jmp T_3.7;
T_3.6 ;
    %pushi/vec4 0, 0, 3;
    %store/vec4 v000001843c9d5d40_0, 0, 3;
T_3.7 ;
    %jmp T_3.5;
T_3.1 ;
    %load/vec4 v000001843c9d5ac0_0;
    %flag_set/vec4 8;
    %jmp/0xz  T_3.8, 8;
    %pushi/vec4 3, 0, 3;
    %store/vec4 v000001843c9d5d40_0, 0, 3;
    %jmp T_3.9;
T_3.8 ;
    %pushi/vec4 2, 0, 3;
    %store/vec4 v000001843c9d5d40_0, 0, 3;
T_3.9 ;
    %jmp T_3.5;
T_3.2 ;
    %load/vec4 v000001843c9d5ac0_0;
    %flag_set/vec4 8;
    %jmp/0xz  T_3.10, 8;
    %pushi/vec4 0, 0, 3;
    %store/vec4 v000001843c9d5d40_0, 0, 3;
    %jmp T_3.11;
T_3.10 ;
    %pushi/vec4 4, 0, 3;
    %store/vec4 v000001843c9d5d40_0, 0, 3;
T_3.11 ;
    %jmp T_3.5;
T_3.3 ;
    %load/vec4 v000001843c9d5ac0_0;
    %flag_set/vec4 8;
    %jmp/0xz  T_3.12, 8;
    %pushi/vec4 2, 0, 3;
    %store/vec4 v000001843c9d5d40_0, 0, 3;
    %jmp T_3.13;
T_3.12 ;
    %pushi/vec4 1, 0, 3;
    %store/vec4 v000001843c9d5d40_0, 0, 3;
T_3.13 ;
    %jmp T_3.5;
T_3.4 ;
    %load/vec4 v000001843c9d5ac0_0;
    %flag_set/vec4 8;
    %jmp/0xz  T_3.14, 8;
    %pushi/vec4 4, 0, 3;
    %store/vec4 v000001843c9d5d40_0, 0, 3;
    %jmp T_3.15;
T_3.14 ;
    %pushi/vec4 3, 0, 3;
    %store/vec4 v000001843c9d5d40_0, 0, 3;
T_3.15 ;
    %jmp T_3.5;
T_3.5 ;
    %pop/vec4 1;
    %jmp T_3;
    .thread T_3, $push;
    .scope S_000001843c9329c0;
T_4 ;
    %wait E_000001843c97fba0;
    %load/vec4 v000001843c9d53e0_0;
    %flag_set/vec4 8;
    %jmp/0xz  T_4.0, 8;
    %pushi/vec4 0, 0, 3;
    %assign/vec4 v000001843c9d5a20_0, 0;
    %jmp T_4.1;
T_4.0 ;
    %load/vec4 v000001843c9d5d40_0;
    %assign/vec4 v000001843c9d5a20_0, 0;
T_4.1 ;
    %jmp T_4;
    .thread T_4;
    .scope S_000001843c980760;
T_5 ;
    %pushi/vec4 0, 0, 1;
    %store/vec4 v000001843c9d5840_0, 0, 1;
T_5.0 ;
    %delay 500, 0;
    %load/vec4 v000001843c9d5840_0;
    %inv;
    %store/vec4 v000001843c9d5840_0, 0, 1;
    %jmp T_5.0;
    %end;
    .thread T_5;
    .scope S_000001843c980760;
T_6 ;
    %wait E_000001843c980160;
    %pushi/vec4 0, 0, 16;
    %assign/vec4 v000001843c9d58e0_0, 0;
    %jmp T_6;
    .thread T_6;
    .scope S_000001843c980760;
T_7 ;
    %vpi_call/w 3 48 "$dumpfile", "dump.vcd" {0 0 0};
    %vpi_call/w 3 49 "$dumpvars" {0 0 0};
    %pushi/vec4 3, 0, 32;
T_7.0 %dup/vec4;
    %pushi/vec4 0, 0, 32;
    %cmp/s;
    %jmp/1xz T_7.1, 5;
    %jmp/1 T_7.1, 4;
    %pushi/vec4 1, 0, 32;
    %sub;
    %fork TD_testbench.reset, S_000001843c96b890;
    %join;
    %pushi/vec4 0, 0, 1;
    %assign/vec4 v000001843c9d5700_0, 0;
    %fork t_1, S_000001843c96b700;
    %jmp t_0;
    .scope S_000001843c96b700;
t_1 ;
    %pushi/vec4 0, 0, 32;
    %store/vec4 v000001843c981f30_0, 0, 32;
T_7.2 ;
    %load/vec4 v000001843c981f30_0;
    %cmpi/s 16, 0, 32;
    %jmp/0xz T_7.3, 5;
    %vpi_func 3 62 "$urandom" 32 {0 0 0};
    %pad/u 1;
    %assign/vec4 v000001843c9d5700_0, 0;
    %wait E_000001843c97fba0;
    %delay 1, 0;
    %load/vec4 v000001843c9d58e0_0;
    %ix/load 4, 1, 0;
    %flag_set/imm 4, 0;
    %shiftl 4;
    %load/vec4 v000001843c9d5700_0;
    %pad/u 16;
    %or;
    %store/vec4 v000001843c9d58e0_0, 0, 16;
    %load/vec4 v000001843c9d58e0_0;
    %pad/u 32;
    %pushi/vec4 3, 0, 32;
    %mod;
    %pushi/vec4 0, 0, 32;
    %cmp/e;
    %flag_get/vec4 4;
    %store/vec4 v000001843c9d57a0_0, 0, 1;
    %load/vec4 v000001843c9d58e0_0;
    %pad/u 32;
    %pushi/vec4 5, 0, 32;
    %mod;
    %pushi/vec4 0, 0, 32;
    %cmp/e;
    %flag_get/vec4 4;
    %store/vec4 v000001843c9d5200_0, 0, 1;
    %vpi_call/w 3 75 "$display", "new_bit %b, div3 %b (expected %b), div5 %b (expected %b)", v000001843c9d5700_0, v000001843c9d5de0_0, v000001843c9d57a0_0, v000001843c9d52a0_0, v000001843c9d5200_0 {0 0 0};
    %load/vec4 v000001843c9d5de0_0;
    %load/vec4 v000001843c9d57a0_0;
    %cmp/ne;
    %jmp/1 T_7.6, 6;
    %flag_mov 8, 6;
    %load/vec4 v000001843c9d52a0_0;
    %load/vec4 v000001843c9d5200_0;
    %cmp/ne;
    %flag_or 6, 8;
T_7.6;
    %jmp/0xz  T_7.4, 6;
    %vpi_call/w 3 82 "$display", "FAIL %s - see log above", "testbench.sv" {0 0 0};
    %vpi_call/w 3 83 "$finish" {0 0 0};
T_7.4 ;
    ; show_stmt_assign_vector: Get l-value for compressed += operand
    %load/vec4 v000001843c981f30_0;
    %pushi/vec4 1, 0, 32;
    %add;
    %cast2;
    %store/vec4 v000001843c981f30_0, 0, 32;
    %jmp T_7.2;
T_7.3 ;
    %end;
    .scope S_000001843c980760;
t_0 %join;
    %vpi_call/w 3 86 "$display", "Number %b accepted", v000001843c9d58e0_0 {0 0 0};
    %jmp T_7.0;
T_7.1 ;
    %pop/vec4 1;
    %vpi_call/w 3 89 "$display", "PASS %s", "testbench.sv" {0 0 0};
    %vpi_call/w 3 90 "$finish" {0 0 0};
    %end;
    .thread T_7;
# The file index is used to find the file name in the following table.
:file_names 5;
    "N/A";
    "<interactive>";
    "-";
    "testbench.sv";
    "05_03_serial_divisibility_using_fsm.sv";
