#! /c/Source/iverilog-install/bin/vvp
:ivl_version "12.0 (devel)" "(s20150603-1539-g2693dd32b)";
:ivl_delay_selection "TYPICAL";
:vpi_time_precision + 0;
:vpi_module "C:\iverilog\lib\ivl\system.vpi";
:vpi_module "C:\iverilog\lib\ivl\vhdl_sys.vpi";
:vpi_module "C:\iverilog\lib\ivl\vhdl_textio.vpi";
:vpi_module "C:\iverilog\lib\ivl\v2005_math.vpi";
:vpi_module "C:\iverilog\lib\ivl\va_math.vpi";
:vpi_module "C:\iverilog\lib\ivl\v2009.vpi";
S_0000018fdcdbb9b0 .scope package, "$unit" "$unit" 2 1;
 .timescale 0 0;
S_0000018fdcdbbc30 .scope module, "testbench" "testbench" 3 3;
 .timescale 0 0;
v0000018fdcdc4170_0 .var "a", 0 0;
v0000018fdcdc4210_0 .var "clk", 0 0;
v0000018fdcdc42b0_0 .net "double_b", 0 0, L_0000018fdcdb7dd0;  1 drivers
v0000018fdcdc4350_0 .net "double_overflow", 0 0, v0000018fdcdc4030_0;  1 drivers
v0000018fdcdc43f0_0 .var "expected_overflow", 0 0;
v0000018fdce1ec90_0 .var/2s "n_double_tokens", 31 0;
v0000018fdce1e0b0_0 .var/2s "n_orig_tokens", 31 0;
v0000018fdce1e6f0_0 .var "rst", 0 0;
v0000018fdce1ebf0_0 .var/2u "was_reset", 0 0;
E_0000018fdcdb6370 .event negedge, v0000018fdcdc40d0_0;
S_0000018fdcdbcf50 .scope module, "i_double_tokens" "double_tokens" 3 30, 4 5 0, S_0000018fdcdbbc30;
 .timescale 0 0;
    .port_info 0 /INPUT 1 "clk";
    .port_info 1 /INPUT 1 "rst";
    .port_info 2 /INPUT 1 "a";
    .port_info 3 /OUTPUT 1 "b";
    .port_info 4 /OUTPUT 1 "overflow";
L_0000018fdcdb7dd0 .functor OR 1, v0000018fdcdc4170_0, L_0000018fdce1e1f0, C4<0>, C4<0>;
L_0000018fdce1f078 .functor BUFT 1, C4<00000000>, C4<0>, C4<0>, C4<0>;
v0000018fdcdb9900_0 .net/2u *"_ivl_0", 7 0, L_0000018fdce1f078;  1 drivers
v0000018fdcd92c30_0 .net *"_ivl_2", 0 0, L_0000018fdce1e1f0;  1 drivers
v0000018fdcd7b750_0 .net "a", 0 0, v0000018fdcdc4170_0;  1 drivers
v0000018fdcdbc040_0 .net "b", 0 0, L_0000018fdcdb7dd0;  alias, 1 drivers
v0000018fdcd7bde0_0 .net "clk", 0 0, v0000018fdcdc4210_0;  1 drivers
v0000018fdcd7be80_0 .var "cnt", 7 0;
v0000018fdcdc4030_0 .var "overflow", 0 0;
v0000018fdcdc40d0_0 .net "rst", 0 0, v0000018fdce1e6f0_0;  1 drivers
E_0000018fdcdb5970 .event posedge, v0000018fdcd7bde0_0;
L_0000018fdce1e1f0 .cmp/ne 8, v0000018fdcd7be80_0, L_0000018fdce1f078;
    .scope S_0000018fdcdbcf50;
T_0 ;
    %wait E_0000018fdcdb5970;
    %load/vec4 v0000018fdcdc40d0_0;
    %flag_set/vec4 8;
    %jmp/0xz  T_0.0, 8;
    %pushi/vec4 0, 0, 8;
    %assign/vec4 v0000018fdcd7be80_0, 0;
    %jmp T_0.1;
T_0.0 ;
    %load/vec4 v0000018fdcd7b750_0;
    %flag_set/vec4 8;
    %jmp/0xz  T_0.2, 8;
    %load/vec4 v0000018fdcd7be80_0;
    %addi 1, 0, 8;
    %assign/vec4 v0000018fdcd7be80_0, 0;
    %jmp T_0.3;
T_0.2 ;
    %load/vec4 v0000018fdcd7be80_0;
    %cmpi/u 0, 0, 8;
    %flag_or 5, 4; GT is !LE
    %flag_inv 5;
    %jmp/0xz  T_0.4, 5;
    %load/vec4 v0000018fdcd7be80_0;
    %subi 1, 0, 8;
    %assign/vec4 v0000018fdcd7be80_0, 0;
T_0.4 ;
T_0.3 ;
T_0.1 ;
    %jmp T_0;
    .thread T_0;
    .scope S_0000018fdcdbcf50;
T_1 ;
    %wait E_0000018fdcdb5970;
    %load/vec4 v0000018fdcdc40d0_0;
    %flag_set/vec4 8;
    %jmp/0xz  T_1.0, 8;
    %pushi/vec4 0, 0, 1;
    %assign/vec4 v0000018fdcdc4030_0, 0;
    %jmp T_1.1;
T_1.0 ;
    %load/vec4 v0000018fdcd7be80_0;
    %pad/u 32;
    %cmpi/u 199, 0, 32;
    %flag_inv 5; GE is !LT
    %jmp/0xz  T_1.2, 5;
    %pushi/vec4 1, 0, 1;
    %assign/vec4 v0000018fdcdc4030_0, 0;
T_1.2 ;
T_1.1 ;
    %jmp T_1;
    .thread T_1;
    .scope S_0000018fdcdbbc30;
T_2 ;
    %pushi/vec4 0, 0, 1;
    %store/vec4 v0000018fdce1ebf0_0, 0, 1;
    %pushi/vec4 0, 0, 32;
    %store/vec4 v0000018fdce1e0b0_0, 0, 32;
    %pushi/vec4 0, 0, 32;
    %store/vec4 v0000018fdce1ec90_0, 0, 32;
    %pushi/vec4 1, 0, 1;
    %store/vec4 v0000018fdcdc43f0_0, 0, 1;
    %end;
    .thread T_2, $init;
    .scope S_0000018fdcdbbc30;
T_3 ;
    %pushi/vec4 0, 0, 1;
    %store/vec4 v0000018fdcdc4210_0, 0, 1;
T_3.0 ;
    %delay 500, 0;
    %load/vec4 v0000018fdcdc4210_0;
    %inv;
    %store/vec4 v0000018fdcdc4210_0, 0, 1;
    %jmp T_3.0;
    %end;
    .thread T_3;
    .scope S_0000018fdcdbbc30;
T_4 ;
    %pushi/vec4 1, 1, 1;
    %assign/vec4 v0000018fdce1e6f0_0, 0;
    %pushi/vec4 2, 0, 32;
T_4.0 %dup/vec4;
    %pushi/vec4 0, 0, 32;
    %cmp/s;
    %jmp/1xz T_4.1, 5;
    %jmp/1 T_4.1, 4;
    %pushi/vec4 1, 0, 32;
    %sub;
    %wait E_0000018fdcdb5970;
    %jmp T_4.0;
T_4.1 ;
    %pop/vec4 1;
    %pushi/vec4 1, 0, 1;
    %assign/vec4 v0000018fdce1e6f0_0, 0;
    %pushi/vec4 2, 0, 32;
T_4.2 %dup/vec4;
    %pushi/vec4 0, 0, 32;
    %cmp/s;
    %jmp/1xz T_4.3, 5;
    %jmp/1 T_4.3, 4;
    %pushi/vec4 1, 0, 32;
    %sub;
    %wait E_0000018fdcdb5970;
    %jmp T_4.2;
T_4.3 ;
    %pop/vec4 1;
    %pushi/vec4 0, 0, 1;
    %assign/vec4 v0000018fdce1e6f0_0, 0;
    %end;
    .thread T_4;
    .scope S_0000018fdcdbbc30;
T_5 ;
    %wait E_0000018fdcdb5970;
    %load/vec4 v0000018fdce1e6f0_0;
    %flag_set/vec4 8;
    %jmp/0xz  T_5.0, 8;
    %pushi/vec4 1, 0, 1;
    %assign/vec4 v0000018fdce1ebf0_0, 0;
T_5.0 ;
    %jmp T_5;
    .thread T_5;
    .scope S_0000018fdcdbbc30;
T_6 ;
    %wait E_0000018fdcdb5970;
    %load/vec4 v0000018fdce1e6f0_0;
    %inv;
    %load/vec4 v0000018fdce1ebf0_0;
    %and;
    %flag_set/vec4 8;
    %jmp/0xz  T_6.0, 8;
    %load/vec4 v0000018fdce1e0b0_0;
    %load/vec4 v0000018fdcdc4170_0;
    %pad/u 32;
    %add;
    %cast2;
    %assign/vec4 v0000018fdce1e0b0_0, 0;
    %load/vec4 v0000018fdce1ec90_0;
    %load/vec4 v0000018fdcdc42b0_0;
    %pad/u 32;
    %add;
    %cast2;
    %assign/vec4 v0000018fdce1ec90_0, 0;
T_6.0 ;
    %jmp T_6;
    .thread T_6;
    .scope S_0000018fdcdbbc30;
T_7 ;
    %wait E_0000018fdcdb6370;
    %pushi/vec4 100, 0, 32;
T_7.0 %dup/vec4;
    %pushi/vec4 0, 0, 32;
    %cmp/s;
    %jmp/1xz T_7.1, 5;
    %jmp/1 T_7.1, 4;
    %pushi/vec4 1, 0, 32;
    %sub;
    %vpi_func 3 74 "$urandom_range" 32, 32'sb00000000000000000000000000000000, 32'sb00000000000000000000000001100100 {0 0 0};
    %cmpi/u 30, 0, 32;
    %flag_get/vec4 5;
    %assign/vec4 v0000018fdcdc4170_0, 0;
    %wait E_0000018fdcdb5970;
    %jmp T_7.0;
T_7.1 ;
    %pop/vec4 1;
    %pushi/vec4 0, 0, 1;
    %assign/vec4 v0000018fdcdc4170_0, 0;
    %pushi/vec4 200, 0, 32;
T_7.2 %dup/vec4;
    %pushi/vec4 0, 0, 32;
    %cmp/s;
    %jmp/1xz T_7.3, 5;
    %jmp/1 T_7.3, 4;
    %pushi/vec4 1, 0, 32;
    %sub;
    %wait E_0000018fdcdb5970;
    %jmp T_7.2;
T_7.3 ;
    %pop/vec4 1;
    %load/vec4 v0000018fdce1ec90_0;
    %load/vec4 v0000018fdce1e0b0_0;
    %muli 2, 0, 32;
    %cmp/ne;
    %jmp/0xz  T_7.4, 6;
    %vpi_call/w 3 87 "$display", "FAIL %s", "testbench.sv" {0 0 0};
    %vpi_func/s 3 89 "$sformatf", "n_orig_tokens:%0d", v0000018fdce1e0b0_0 {0 0 0};
    %vpi_call/w 3 88 "$display", "++ INPUT    => {%s}", S<0,str> {0 0 1};
    %vpi_func/s 3 92 "$sformatf", "n_double_tokens:%0d", v0000018fdce1ec90_0 {0 0 0};
    %vpi_call/w 3 91 "$display", "++ TEST     => {%s}", S<0,str> {0 0 1};
    %vpi_call/w 3 93 "$finish", 32'sb00000000000000000000000000000001 {0 0 0};
T_7.4 ;
    %pushi/vec4 1000, 0, 32;
T_7.6 %dup/vec4;
    %pushi/vec4 0, 0, 32;
    %cmp/s;
    %jmp/1xz T_7.7, 5;
    %jmp/1 T_7.7, 4;
    %pushi/vec4 1, 0, 32;
    %sub;
    %pushi/vec4 1, 0, 1;
    %assign/vec4 v0000018fdcdc4170_0, 0;
    %wait E_0000018fdcdb5970;
    %jmp T_7.6;
T_7.7 ;
    %pop/vec4 1;
    %load/vec4 v0000018fdcdc4350_0;
    %cmpi/ne 1, 0, 1;
    %jmp/0xz  T_7.8, 6;
    %vpi_call/w 3 106 "$display", "FAIL %s", "testbench.sv" {0 0 0};
    %vpi_func/s 3 107 "$sformatf", "a:%0d", v0000018fdcdc4170_0 {0 0 0};
    %vpi_call/w 3 107 "$display", "++ INPUT    => {%s} for 1000 cycles", S<0,str> {0 0 1};
    %vpi_func/s 3 108 "$sformatf", "expected_overflow:%0d", v0000018fdcdc43f0_0 {0 0 0};
    %vpi_call/w 3 108 "$display", "++ EXPECTED => {%s}", S<0,str> {0 0 1};
    %vpi_func/s 3 109 "$sformatf", "double_overflow:%0d", v0000018fdcdc4350_0 {0 0 0};
    %vpi_call/w 3 109 "$display", "++ ACTUAL   => {%s}", S<0,str> {0 0 1};
    %vpi_call/w 3 110 "$finish", 32'sb00000000000000000000000000000001 {0 0 0};
T_7.8 ;
    %vpi_call/w 3 113 "$display", "PASS %s", "testbench.sv" {0 0 0};
    %vpi_call/w 3 114 "$finish" {0 0 0};
    %end;
    .thread T_7;
# The file index is used to find the file name in the following table.
:file_names 5;
    "N/A";
    "<interactive>";
    "-";
    "testbench.sv";
    "04_03_double_tokens.sv";
