#! /c/Source/iverilog-install/bin/vvp
:ivl_version "12.0 (devel)" "(s20150603-1539-g2693dd32b)";
:ivl_delay_selection "TYPICAL";
:vpi_time_precision + 0;
:vpi_module "C:\iverilog\lib\ivl\system.vpi";
:vpi_module "C:\iverilog\lib\ivl\vhdl_sys.vpi";
:vpi_module "C:\iverilog\lib\ivl\vhdl_textio.vpi";
:vpi_module "C:\iverilog\lib\ivl\v2005_math.vpi";
:vpi_module "C:\iverilog\lib\ivl\va_math.vpi";
:vpi_module "C:\iverilog\lib\ivl\v2009.vpi";
S_0000021eb99336f0 .scope package, "$unit" "$unit" 2 1;
 .timescale 0 0;
S_0000021eb9a5d770 .scope module, "add" "add" 3 5;
 .timescale 0 0;
    .port_info 0 /INPUT 4 "a";
    .port_info 1 /INPUT 4 "b";
    .port_info 2 /OUTPUT 4 "sum";
o0000021eb9944fa8 .functor BUFZ 4, C4<zzzz>; HiZ drive
v0000021eb9902fe0_0 .net "a", 3 0, o0000021eb9944fa8;  0 drivers
o0000021eb9944fd8 .functor BUFZ 4, C4<zzzz>; HiZ drive
v0000021eb9903220_0 .net "b", 3 0, o0000021eb9944fd8;  0 drivers
v0000021eb9a5da90_0 .net "sum", 3 0, L_0000021eb9995680;  1 drivers
L_0000021eb9995680 .arith/sum 4, o0000021eb9944fa8, o0000021eb9944fd8;
S_0000021eb9a5d900 .scope module, "testbench" "testbench" 4 1;
 .timescale 0 0;
v0000021eb99950e0_0 .var/s "a", 3 0;
v0000021eb9995b80_0 .var/s "b", 3 0;
v0000021eb9995180_0 .net "overflow", 0 0, L_0000021eb9995540;  1 drivers
v0000021eb9995c20_0 .net/s "sum", 3 0, L_0000021eb9995220;  1 drivers
S_0000021eb9902830 .scope module, "inst" "signed_add_with_overflow" 4 6, 3 19 0, S_0000021eb9a5d900;
 .timescale 0 0;
    .port_info 0 /INPUT 4 "a";
    .port_info 1 /INPUT 4 "b";
    .port_info 2 /OUTPUT 4 "sum";
    .port_info 3 /OUTPUT 1 "overflow";
L_0000021eb993b520 .functor XNOR 1, L_0000021eb99954a0, L_0000021eb9995cc0, C4<0>, C4<0>;
L_0000021eb993b4b0 .functor XOR 1, L_0000021eb9995d60, L_0000021eb99955e0, C4<0>, C4<0>;
L_0000021eb993af00 .functor AND 1, L_0000021eb993b520, L_0000021eb993b4b0, C4<1>, C4<1>;
v0000021eb9a5db30_0 .net *"_ivl_10", 0 0, L_0000021eb9995d60;  1 drivers
v0000021eb9a5ba20_0 .net *"_ivl_12", 0 0, L_0000021eb99955e0;  1 drivers
v0000021eb9a5bac0_0 .net *"_ivl_13", 0 0, L_0000021eb993b4b0;  1 drivers
v0000021eb99029c0_0 .net *"_ivl_15", 0 0, L_0000021eb993af00;  1 drivers
v0000021eb9934630_0 .net *"_ivl_17", 3 0, L_0000021eb9995720;  1 drivers
v0000021eb99959a0_0 .net *"_ivl_19", 4 0, L_0000021eb99957c0;  1 drivers
v0000021eb9995e00_0 .net *"_ivl_4", 0 0, L_0000021eb99954a0;  1 drivers
v0000021eb9995900_0 .net *"_ivl_6", 0 0, L_0000021eb9995cc0;  1 drivers
v0000021eb99952c0_0 .net *"_ivl_7", 0 0, L_0000021eb993b520;  1 drivers
v0000021eb9995360_0 .net "a", 3 0, v0000021eb99950e0_0;  1 drivers
v0000021eb9995860_0 .net "b", 3 0, v0000021eb9995b80_0;  1 drivers
v0000021eb9995400_0 .net "overflow", 0 0, L_0000021eb9995540;  alias, 1 drivers
v0000021eb9995a40_0 .net "sum", 3 0, L_0000021eb9995220;  alias, 1 drivers
L_0000021eb9995540 .part L_0000021eb99957c0, 4, 1;
L_0000021eb9995220 .part L_0000021eb99957c0, 0, 4;
L_0000021eb99954a0 .part v0000021eb99950e0_0, 3, 1;
L_0000021eb9995cc0 .part v0000021eb9995b80_0, 3, 1;
L_0000021eb9995d60 .part L_0000021eb9995220, 3, 1;
L_0000021eb99955e0 .part v0000021eb99950e0_0, 3, 1;
L_0000021eb9995720 .arith/sum 4, v0000021eb99950e0_0, v0000021eb9995b80_0;
L_0000021eb99957c0 .concat [ 4 1 0 0], L_0000021eb9995720, L_0000021eb993af00;
S_0000021eb9902a60 .scope task, "test" "test" 4 9, 4 9 0, S_0000021eb9a5d900;
 .timescale 0 0;
v0000021eb9995ea0_0 .var "t_a", 3 0;
v0000021eb9995f40_0 .var "t_b", 3 0;
v0000021eb9995ae0_0 .var "t_overflow", 0 0;
v0000021eb9995fe0_0 .var "t_sum", 3 0;
TD_testbench.test ;
    %load/vec4 v0000021eb9995ea0_0;
    %load/vec4 v0000021eb9995f40_0;
    %add;
    %store/vec4 v0000021eb9995fe0_0, 0, 4;
    %load/vec4 v0000021eb9995ea0_0;
    %load/vec4 v0000021eb9995f40_0;
    %concat/vec4; draw_concat_vec4
    %split/vec4 4;
    %store/vec4 v0000021eb9995b80_0, 0, 4;
    %store/vec4 v0000021eb99950e0_0, 0, 4;
    %delay 1, 0;
    %vpi_call/w 4 23 "$write", "TEST %d + %d = ", v0000021eb99950e0_0, v0000021eb9995b80_0 {0 0 0};
    %load/vec4 v0000021eb9995180_0;
    %cmpi/e 1, 0, 1;
    %jmp/0xz  T_0.0, 6;
    %vpi_call/w 4 26 "$display", "overflow" {0 0 0};
    %jmp T_0.1;
T_0.0 ;
    %load/vec4 v0000021eb9995180_0;
    %cmpi/e 0, 0, 1;
    %jmp/0xz  T_0.2, 6;
    %vpi_call/w 4 28 "$display", "%d", v0000021eb9995c20_0 {0 0 0};
    %jmp T_0.3;
T_0.2 ;
    %vpi_call/w 4 31 "$display", "\012FAIL %s: overflow is %X", "testbench.sv", v0000021eb9995180_0 {0 0 0};
    %vpi_call/w 4 34 "$finish" {0 0 0};
T_0.3 ;
T_0.1 ;
    %load/vec4 v0000021eb9995180_0;
    %load/vec4 v0000021eb9995ae0_0;
    %cmp/ne;
    %jmp/0xz  T_0.4, 6;
    %load/vec4 v0000021eb9995ae0_0;
    %flag_set/vec4 8;
    %jmp/0 T_0.6, 8;
    %pushi/vec4 0, 0, 24; draw_string_vec4
    %jmp/1 T_0.7, 8;
T_0.6 ; End of true expr.
    %pushi/vec4 7237408, 0, 24; draw_string_vec4
    %jmp/0 T_0.7, 8;
 ; End of false expr.
    %blend;
T_0.7;
    %vpi_call/w 4 39 "$display", "FAIL %s: EXPECTED %soverflow", "testbench.sv", S<0,vec4,u24> {1 0 0};
    %vpi_call/w 4 42 "$finish" {0 0 0};
    %jmp T_0.5;
T_0.4 ;
    %load/vec4 v0000021eb9995c20_0;
    %load/vec4 v0000021eb9995fe0_0;
    %cmp/ne;
    %jmp/0xz  T_0.8, 6;
    %vpi_call/w 4 46 "$display", "FAIL %s: EXPECTED sum %d", "testbench.sv", v0000021eb9995fe0_0 {0 0 0};
    %vpi_call/w 4 48 "$finish" {0 0 0};
T_0.8 ;
T_0.5 ;
    %end;
    .scope S_0000021eb9a5d900;
T_1 ;
    %pushi/vec4 0, 0, 4;
    %store/vec4 v0000021eb9995ea0_0, 0, 4;
    %pushi/vec4 0, 0, 4;
    %store/vec4 v0000021eb9995f40_0, 0, 4;
    %pushi/vec4 0, 0, 1;
    %store/vec4 v0000021eb9995ae0_0, 0, 1;
    %fork TD_testbench.test, S_0000021eb9902a60;
    %join;
    %pushi/vec4 1, 0, 4;
    %store/vec4 v0000021eb9995ea0_0, 0, 4;
    %pushi/vec4 2, 0, 4;
    %store/vec4 v0000021eb9995f40_0, 0, 4;
    %pushi/vec4 0, 0, 1;
    %store/vec4 v0000021eb9995ae0_0, 0, 1;
    %fork TD_testbench.test, S_0000021eb9902a60;
    %join;
    %pushi/vec4 1, 0, 4;
    %store/vec4 v0000021eb9995ea0_0, 0, 4;
    %pushi/vec4 14, 0, 4;
    %store/vec4 v0000021eb9995f40_0, 0, 4;
    %pushi/vec4 0, 0, 1;
    %store/vec4 v0000021eb9995ae0_0, 0, 1;
    %fork TD_testbench.test, S_0000021eb9902a60;
    %join;
    %pushi/vec4 15, 0, 4;
    %store/vec4 v0000021eb9995ea0_0, 0, 4;
    %pushi/vec4 2, 0, 4;
    %store/vec4 v0000021eb9995f40_0, 0, 4;
    %pushi/vec4 0, 0, 1;
    %store/vec4 v0000021eb9995ae0_0, 0, 1;
    %fork TD_testbench.test, S_0000021eb9902a60;
    %join;
    %pushi/vec4 15, 0, 4;
    %store/vec4 v0000021eb9995ea0_0, 0, 4;
    %pushi/vec4 14, 0, 4;
    %store/vec4 v0000021eb9995f40_0, 0, 4;
    %pushi/vec4 0, 0, 1;
    %store/vec4 v0000021eb9995ae0_0, 0, 1;
    %fork TD_testbench.test, S_0000021eb9902a60;
    %join;
    %pushi/vec4 4, 0, 4;
    %store/vec4 v0000021eb9995ea0_0, 0, 4;
    %pushi/vec4 7, 0, 4;
    %store/vec4 v0000021eb9995f40_0, 0, 4;
    %pushi/vec4 1, 0, 1;
    %store/vec4 v0000021eb9995ae0_0, 0, 1;
    %fork TD_testbench.test, S_0000021eb9902a60;
    %join;
    %pushi/vec4 4, 0, 4;
    %store/vec4 v0000021eb9995ea0_0, 0, 4;
    %pushi/vec4 9, 0, 4;
    %store/vec4 v0000021eb9995f40_0, 0, 4;
    %pushi/vec4 0, 0, 1;
    %store/vec4 v0000021eb9995ae0_0, 0, 1;
    %fork TD_testbench.test, S_0000021eb9902a60;
    %join;
    %pushi/vec4 12, 0, 4;
    %store/vec4 v0000021eb9995ea0_0, 0, 4;
    %pushi/vec4 7, 0, 4;
    %store/vec4 v0000021eb9995f40_0, 0, 4;
    %pushi/vec4 0, 0, 1;
    %store/vec4 v0000021eb9995ae0_0, 0, 1;
    %fork TD_testbench.test, S_0000021eb9902a60;
    %join;
    %pushi/vec4 12, 0, 4;
    %store/vec4 v0000021eb9995ea0_0, 0, 4;
    %pushi/vec4 9, 0, 4;
    %store/vec4 v0000021eb9995f40_0, 0, 4;
    %pushi/vec4 1, 0, 1;
    %store/vec4 v0000021eb9995ae0_0, 0, 1;
    %fork TD_testbench.test, S_0000021eb9902a60;
    %join;
    %pushi/vec4 3, 0, 4;
    %store/vec4 v0000021eb9995ea0_0, 0, 4;
    %pushi/vec4 5, 0, 4;
    %store/vec4 v0000021eb9995f40_0, 0, 4;
    %pushi/vec4 1, 0, 1;
    %store/vec4 v0000021eb9995ae0_0, 0, 1;
    %fork TD_testbench.test, S_0000021eb9902a60;
    %join;
    %pushi/vec4 3, 0, 4;
    %store/vec4 v0000021eb9995ea0_0, 0, 4;
    %pushi/vec4 11, 0, 4;
    %store/vec4 v0000021eb9995f40_0, 0, 4;
    %pushi/vec4 0, 0, 1;
    %store/vec4 v0000021eb9995ae0_0, 0, 1;
    %fork TD_testbench.test, S_0000021eb9902a60;
    %join;
    %pushi/vec4 13, 0, 4;
    %store/vec4 v0000021eb9995ea0_0, 0, 4;
    %pushi/vec4 5, 0, 4;
    %store/vec4 v0000021eb9995f40_0, 0, 4;
    %pushi/vec4 0, 0, 1;
    %store/vec4 v0000021eb9995ae0_0, 0, 1;
    %fork TD_testbench.test, S_0000021eb9902a60;
    %join;
    %pushi/vec4 13, 0, 4;
    %store/vec4 v0000021eb9995ea0_0, 0, 4;
    %pushi/vec4 11, 0, 4;
    %store/vec4 v0000021eb9995f40_0, 0, 4;
    %pushi/vec4 0, 0, 1;
    %store/vec4 v0000021eb9995ae0_0, 0, 1;
    %fork TD_testbench.test, S_0000021eb9902a60;
    %join;
    %pushi/vec4 3, 0, 4;
    %store/vec4 v0000021eb9995ea0_0, 0, 4;
    %pushi/vec4 6, 0, 4;
    %store/vec4 v0000021eb9995f40_0, 0, 4;
    %pushi/vec4 1, 0, 1;
    %store/vec4 v0000021eb9995ae0_0, 0, 1;
    %fork TD_testbench.test, S_0000021eb9902a60;
    %join;
    %pushi/vec4 3, 0, 4;
    %store/vec4 v0000021eb9995ea0_0, 0, 4;
    %pushi/vec4 10, 0, 4;
    %store/vec4 v0000021eb9995f40_0, 0, 4;
    %pushi/vec4 0, 0, 1;
    %store/vec4 v0000021eb9995ae0_0, 0, 1;
    %fork TD_testbench.test, S_0000021eb9902a60;
    %join;
    %pushi/vec4 13, 0, 4;
    %store/vec4 v0000021eb9995ea0_0, 0, 4;
    %pushi/vec4 6, 0, 4;
    %store/vec4 v0000021eb9995f40_0, 0, 4;
    %pushi/vec4 0, 0, 1;
    %store/vec4 v0000021eb9995ae0_0, 0, 1;
    %fork TD_testbench.test, S_0000021eb9902a60;
    %join;
    %pushi/vec4 13, 0, 4;
    %store/vec4 v0000021eb9995ea0_0, 0, 4;
    %pushi/vec4 10, 0, 4;
    %store/vec4 v0000021eb9995f40_0, 0, 4;
    %pushi/vec4 1, 0, 1;
    %store/vec4 v0000021eb9995ae0_0, 0, 1;
    %fork TD_testbench.test, S_0000021eb9902a60;
    %join;
    %pushi/vec4 2, 0, 4;
    %store/vec4 v0000021eb9995ea0_0, 0, 4;
    %pushi/vec4 1, 0, 4;
    %store/vec4 v0000021eb9995f40_0, 0, 4;
    %pushi/vec4 0, 0, 1;
    %store/vec4 v0000021eb9995ae0_0, 0, 1;
    %fork TD_testbench.test, S_0000021eb9902a60;
    %join;
    %pushi/vec4 14, 0, 4;
    %store/vec4 v0000021eb9995ea0_0, 0, 4;
    %pushi/vec4 1, 0, 4;
    %store/vec4 v0000021eb9995f40_0, 0, 4;
    %pushi/vec4 0, 0, 1;
    %store/vec4 v0000021eb9995ae0_0, 0, 1;
    %fork TD_testbench.test, S_0000021eb9902a60;
    %join;
    %pushi/vec4 2, 0, 4;
    %store/vec4 v0000021eb9995ea0_0, 0, 4;
    %pushi/vec4 15, 0, 4;
    %store/vec4 v0000021eb9995f40_0, 0, 4;
    %pushi/vec4 0, 0, 1;
    %store/vec4 v0000021eb9995ae0_0, 0, 1;
    %fork TD_testbench.test, S_0000021eb9902a60;
    %join;
    %pushi/vec4 14, 0, 4;
    %store/vec4 v0000021eb9995ea0_0, 0, 4;
    %pushi/vec4 15, 0, 4;
    %store/vec4 v0000021eb9995f40_0, 0, 4;
    %pushi/vec4 0, 0, 1;
    %store/vec4 v0000021eb9995ae0_0, 0, 1;
    %fork TD_testbench.test, S_0000021eb9902a60;
    %join;
    %pushi/vec4 7, 0, 4;
    %store/vec4 v0000021eb9995ea0_0, 0, 4;
    %pushi/vec4 4, 0, 4;
    %store/vec4 v0000021eb9995f40_0, 0, 4;
    %pushi/vec4 1, 0, 1;
    %store/vec4 v0000021eb9995ae0_0, 0, 1;
    %fork TD_testbench.test, S_0000021eb9902a60;
    %join;
    %pushi/vec4 9, 0, 4;
    %store/vec4 v0000021eb9995ea0_0, 0, 4;
    %pushi/vec4 4, 0, 4;
    %store/vec4 v0000021eb9995f40_0, 0, 4;
    %pushi/vec4 0, 0, 1;
    %store/vec4 v0000021eb9995ae0_0, 0, 1;
    %fork TD_testbench.test, S_0000021eb9902a60;
    %join;
    %pushi/vec4 7, 0, 4;
    %store/vec4 v0000021eb9995ea0_0, 0, 4;
    %pushi/vec4 12, 0, 4;
    %store/vec4 v0000021eb9995f40_0, 0, 4;
    %pushi/vec4 0, 0, 1;
    %store/vec4 v0000021eb9995ae0_0, 0, 1;
    %fork TD_testbench.test, S_0000021eb9902a60;
    %join;
    %pushi/vec4 9, 0, 4;
    %store/vec4 v0000021eb9995ea0_0, 0, 4;
    %pushi/vec4 12, 0, 4;
    %store/vec4 v0000021eb9995f40_0, 0, 4;
    %pushi/vec4 1, 0, 1;
    %store/vec4 v0000021eb9995ae0_0, 0, 1;
    %fork TD_testbench.test, S_0000021eb9902a60;
    %join;
    %pushi/vec4 5, 0, 4;
    %store/vec4 v0000021eb9995ea0_0, 0, 4;
    %pushi/vec4 3, 0, 4;
    %store/vec4 v0000021eb9995f40_0, 0, 4;
    %pushi/vec4 1, 0, 1;
    %store/vec4 v0000021eb9995ae0_0, 0, 1;
    %fork TD_testbench.test, S_0000021eb9902a60;
    %join;
    %pushi/vec4 11, 0, 4;
    %store/vec4 v0000021eb9995ea0_0, 0, 4;
    %pushi/vec4 3, 0, 4;
    %store/vec4 v0000021eb9995f40_0, 0, 4;
    %pushi/vec4 0, 0, 1;
    %store/vec4 v0000021eb9995ae0_0, 0, 1;
    %fork TD_testbench.test, S_0000021eb9902a60;
    %join;
    %pushi/vec4 5, 0, 4;
    %store/vec4 v0000021eb9995ea0_0, 0, 4;
    %pushi/vec4 13, 0, 4;
    %store/vec4 v0000021eb9995f40_0, 0, 4;
    %pushi/vec4 0, 0, 1;
    %store/vec4 v0000021eb9995ae0_0, 0, 1;
    %fork TD_testbench.test, S_0000021eb9902a60;
    %join;
    %pushi/vec4 11, 0, 4;
    %store/vec4 v0000021eb9995ea0_0, 0, 4;
    %pushi/vec4 13, 0, 4;
    %store/vec4 v0000021eb9995f40_0, 0, 4;
    %pushi/vec4 0, 0, 1;
    %store/vec4 v0000021eb9995ae0_0, 0, 1;
    %fork TD_testbench.test, S_0000021eb9902a60;
    %join;
    %pushi/vec4 6, 0, 4;
    %store/vec4 v0000021eb9995ea0_0, 0, 4;
    %pushi/vec4 3, 0, 4;
    %store/vec4 v0000021eb9995f40_0, 0, 4;
    %pushi/vec4 1, 0, 1;
    %store/vec4 v0000021eb9995ae0_0, 0, 1;
    %fork TD_testbench.test, S_0000021eb9902a60;
    %join;
    %pushi/vec4 10, 0, 4;
    %store/vec4 v0000021eb9995ea0_0, 0, 4;
    %pushi/vec4 3, 0, 4;
    %store/vec4 v0000021eb9995f40_0, 0, 4;
    %pushi/vec4 0, 0, 1;
    %store/vec4 v0000021eb9995ae0_0, 0, 1;
    %fork TD_testbench.test, S_0000021eb9902a60;
    %join;
    %pushi/vec4 6, 0, 4;
    %store/vec4 v0000021eb9995ea0_0, 0, 4;
    %pushi/vec4 13, 0, 4;
    %store/vec4 v0000021eb9995f40_0, 0, 4;
    %pushi/vec4 0, 0, 1;
    %store/vec4 v0000021eb9995ae0_0, 0, 1;
    %fork TD_testbench.test, S_0000021eb9902a60;
    %join;
    %pushi/vec4 10, 0, 4;
    %store/vec4 v0000021eb9995ea0_0, 0, 4;
    %pushi/vec4 13, 0, 4;
    %store/vec4 v0000021eb9995f40_0, 0, 4;
    %pushi/vec4 1, 0, 1;
    %store/vec4 v0000021eb9995ae0_0, 0, 1;
    %fork TD_testbench.test, S_0000021eb9902a60;
    %join;
    %pushi/vec4 1, 0, 4;
    %store/vec4 v0000021eb9995ea0_0, 0, 4;
    %pushi/vec4 1, 0, 4;
    %store/vec4 v0000021eb9995f40_0, 0, 4;
    %pushi/vec4 0, 0, 1;
    %store/vec4 v0000021eb9995ae0_0, 0, 1;
    %fork TD_testbench.test, S_0000021eb9902a60;
    %join;
    %pushi/vec4 1, 0, 4;
    %store/vec4 v0000021eb9995ea0_0, 0, 4;
    %pushi/vec4 15, 0, 4;
    %store/vec4 v0000021eb9995f40_0, 0, 4;
    %pushi/vec4 0, 0, 1;
    %store/vec4 v0000021eb9995ae0_0, 0, 1;
    %fork TD_testbench.test, S_0000021eb9902a60;
    %join;
    %pushi/vec4 15, 0, 4;
    %store/vec4 v0000021eb9995ea0_0, 0, 4;
    %pushi/vec4 1, 0, 4;
    %store/vec4 v0000021eb9995f40_0, 0, 4;
    %pushi/vec4 0, 0, 1;
    %store/vec4 v0000021eb9995ae0_0, 0, 1;
    %fork TD_testbench.test, S_0000021eb9902a60;
    %join;
    %pushi/vec4 15, 0, 4;
    %store/vec4 v0000021eb9995ea0_0, 0, 4;
    %pushi/vec4 15, 0, 4;
    %store/vec4 v0000021eb9995f40_0, 0, 4;
    %pushi/vec4 0, 0, 1;
    %store/vec4 v0000021eb9995ae0_0, 0, 1;
    %fork TD_testbench.test, S_0000021eb9902a60;
    %join;
    %pushi/vec4 4, 0, 4;
    %store/vec4 v0000021eb9995ea0_0, 0, 4;
    %pushi/vec4 4, 0, 4;
    %store/vec4 v0000021eb9995f40_0, 0, 4;
    %pushi/vec4 1, 0, 1;
    %store/vec4 v0000021eb9995ae0_0, 0, 1;
    %fork TD_testbench.test, S_0000021eb9902a60;
    %join;
    %pushi/vec4 4, 0, 4;
    %store/vec4 v0000021eb9995ea0_0, 0, 4;
    %pushi/vec4 12, 0, 4;
    %store/vec4 v0000021eb9995f40_0, 0, 4;
    %pushi/vec4 0, 0, 1;
    %store/vec4 v0000021eb9995ae0_0, 0, 1;
    %fork TD_testbench.test, S_0000021eb9902a60;
    %join;
    %pushi/vec4 12, 0, 4;
    %store/vec4 v0000021eb9995ea0_0, 0, 4;
    %pushi/vec4 4, 0, 4;
    %store/vec4 v0000021eb9995f40_0, 0, 4;
    %pushi/vec4 0, 0, 1;
    %store/vec4 v0000021eb9995ae0_0, 0, 1;
    %fork TD_testbench.test, S_0000021eb9902a60;
    %join;
    %pushi/vec4 12, 0, 4;
    %store/vec4 v0000021eb9995ea0_0, 0, 4;
    %pushi/vec4 12, 0, 4;
    %store/vec4 v0000021eb9995f40_0, 0, 4;
    %pushi/vec4 0, 0, 1;
    %store/vec4 v0000021eb9995ae0_0, 0, 1;
    %fork TD_testbench.test, S_0000021eb9902a60;
    %join;
    %vpi_call/w 4 114 "$display", "PASS %s", "testbench.sv" {0 0 0};
    %vpi_call/w 4 115 "$finish" {0 0 0};
    %end;
    .thread T_1;
# The file index is used to find the file name in the following table.
:file_names 5;
    "N/A";
    "<interactive>";
    "-";
    "03_01_signed_add_with_overflow.sv";
    "testbench.sv";
