#! /c/Source/iverilog-install/bin/vvp
:ivl_version "12.0 (devel)" "(s20150603-1539-g2693dd32b)";
:ivl_delay_selection "TYPICAL";
:vpi_time_precision + 0;
:vpi_module "C:\iverilog\lib\ivl\system.vpi";
:vpi_module "C:\iverilog\lib\ivl\vhdl_sys.vpi";
:vpi_module "C:\iverilog\lib\ivl\vhdl_textio.vpi";
:vpi_module "C:\iverilog\lib\ivl\v2005_math.vpi";
:vpi_module "C:\iverilog\lib\ivl\va_math.vpi";
:vpi_module "C:\iverilog\lib\ivl\v2009.vpi";
S_000001d8b04aa460 .scope package, "$unit" "$unit" 2 1;
 .timescale 0 0;
S_000001d8b04f7250 .scope module, "testbench" "testbench" 3 3;
 .timescale 0 0;
P_000001d8b04e5910 .param/l "n" 1 3 31, +C4<00000000000000000000000000001010>;
v000001d8b054b870_0 .var "clk", 0 0;
v000001d8b054b910_0 .net "f1_num", 15 0, v000001d8b04c28d0_0;  1 drivers
v000001d8b054b9b0_0 .net "f2_num", 15 0, v000001d8b04f7610_0;  1 drivers
v000001d8b054c360_0 .net "f2_num2", 15 0, v000001d8b04f53c0_0;  1 drivers
v000001d8b054c400_0 .var/queue "fifo1", 16;
v000001d8b054c4a0_0 .var/queue "fifo2", 16;
v000001d8b054c540_0 .var/i "round", 31 0;
v000001d8b054c7c0_0 .var "rst", 0 0;
E_000001d8b04e65d0 .event negedge, v000001d8b04ea7a0_0;
S_000001d8b04f73e0 .scope begin, "$unm_blk_8" "$unm_blk_8" 3 58, 3 58 0, S_000001d8b04f7250;
 .timescale 0 0;
v000001d8b04c2d70_0 .var "actual", 15 0;
v000001d8b04eaa70_0 .var "expected", 15 0;
S_000001d8b04f50a0 .scope module, "f1" "fibonacci" 3 28, 4 5 0, S_000001d8b04f7250;
 .timescale 0 0;
    .port_info 0 /INPUT 1 "clk";
    .port_info 1 /INPUT 1 "rst";
    .port_info 2 /OUTPUT 16 "num";
v000001d8b04eaf60_0 .net "clk", 0 0, v000001d8b054b870_0;  1 drivers
v000001d8b04c28d0_0 .var "num", 15 0;
v000001d8b04aaef0_0 .var "num2", 15 0;
v000001d8b04ea7a0_0 .net "rst", 0 0, v000001d8b054c7c0_0;  1 drivers
E_000001d8b04e6290 .event posedge, v000001d8b04eaf60_0;
S_000001d8b04f5230 .scope module, "f2" "fibonacci_2" 3 29, 4 26 0, S_000001d8b04f7250;
 .timescale 0 0;
    .port_info 0 /INPUT 1 "clk";
    .port_info 1 /INPUT 1 "rst";
    .port_info 2 /OUTPUT 16 "num";
    .port_info 3 /OUTPUT 16 "num2";
v000001d8b04f7570_0 .net "clk", 0 0, v000001d8b054b870_0;  alias, 1 drivers
v000001d8b04f7610_0 .var "num", 15 0;
v000001d8b04f53c0_0 .var "num2", 15 0;
v000001d8b04f5460_0 .var "num3", 15 0;
v000001d8b04f5500_0 .var "num4", 15 0;
v000001d8b04f55a0_0 .net "rst", 0 0, v000001d8b054c7c0_0;  alias, 1 drivers
    .scope S_000001d8b04f50a0;
T_0 ;
    %wait E_000001d8b04e6290;
    %load/vec4 v000001d8b04ea7a0_0;
    %flag_set/vec4 8;
    %jmp/0xz  T_0.0, 8;
    %pushi/vec4 65537, 0, 32;
    %split/vec4 16;
    %assign/vec4 v000001d8b04aaef0_0, 0;
    %assign/vec4 v000001d8b04c28d0_0, 0;
    %jmp T_0.1;
T_0.0 ;
    %load/vec4 v000001d8b04aaef0_0;
    %load/vec4 v000001d8b04c28d0_0;
    %load/vec4 v000001d8b04aaef0_0;
    %add;
    %concat/vec4; draw_concat_vec4
    %split/vec4 16;
    %assign/vec4 v000001d8b04aaef0_0, 0;
    %assign/vec4 v000001d8b04c28d0_0, 0;
T_0.1 ;
    %jmp T_0;
    .thread T_0;
    .scope S_000001d8b04f5230;
T_1 ;
    %wait E_000001d8b04e6290;
    %load/vec4 v000001d8b04f55a0_0;
    %flag_set/vec4 8;
    %jmp/0xz  T_1.0, 8;
    %pushi/vec4 1, 0, 16;
    %assign/vec4 v000001d8b04f7610_0, 0;
    %pushi/vec4 1, 0, 16;
    %assign/vec4 v000001d8b04f53c0_0, 0;
    %pushi/vec4 2, 0, 16;
    %assign/vec4 v000001d8b04f5460_0, 0;
    %pushi/vec4 3, 0, 16;
    %assign/vec4 v000001d8b04f5500_0, 0;
    %jmp T_1.1;
T_1.0 ;
    %load/vec4 v000001d8b04f5460_0;
    %assign/vec4 v000001d8b04f7610_0, 0;
    %load/vec4 v000001d8b04f5500_0;
    %assign/vec4 v000001d8b04f53c0_0, 0;
    %load/vec4 v000001d8b04f5460_0;
    %load/vec4 v000001d8b04f5500_0;
    %add;
    %assign/vec4 v000001d8b04f5460_0, 0;
    %load/vec4 v000001d8b04f5500_0;
    %load/vec4 v000001d8b04f5500_0;
    %add;
    %load/vec4 v000001d8b04f5460_0;
    %add;
    %assign/vec4 v000001d8b04f5500_0, 0;
T_1.1 ;
    %jmp T_1;
    .thread T_1;
    .scope S_000001d8b04f7250;
T_2 ;
    %pushi/vec4 1, 0, 32;
    %store/vec4 v000001d8b054c540_0, 0, 32;
    %end;
    .thread T_2, $init;
    .scope S_000001d8b04f7250;
T_3 ;
    %pushi/vec4 0, 0, 1;
    %store/vec4 v000001d8b054b870_0, 0, 1;
T_3.0 ;
    %delay 500, 0;
    %load/vec4 v000001d8b054b870_0;
    %inv;
    %store/vec4 v000001d8b054b870_0, 0, 1;
    %jmp T_3.0;
    %end;
    .thread T_3;
    .scope S_000001d8b04f7250;
T_4 ;
    %pushi/vec4 1, 1, 1;
    %assign/vec4 v000001d8b054c7c0_0, 0;
    %pushi/vec4 2, 0, 32;
T_4.0 %dup/vec4;
    %pushi/vec4 0, 0, 32;
    %cmp/s;
    %jmp/1xz T_4.1, 5;
    %jmp/1 T_4.1, 4;
    %pushi/vec4 1, 0, 32;
    %sub;
    %wait E_000001d8b04e6290;
    %jmp T_4.0;
T_4.1 ;
    %pop/vec4 1;
    %pushi/vec4 1, 0, 1;
    %assign/vec4 v000001d8b054c7c0_0, 0;
    %pushi/vec4 2, 0, 32;
T_4.2 %dup/vec4;
    %pushi/vec4 0, 0, 32;
    %cmp/s;
    %jmp/1xz T_4.3, 5;
    %jmp/1 T_4.3, 4;
    %pushi/vec4 1, 0, 32;
    %sub;
    %wait E_000001d8b04e6290;
    %jmp T_4.2;
T_4.3 ;
    %pop/vec4 1;
    %pushi/vec4 0, 0, 1;
    %assign/vec4 v000001d8b054c7c0_0, 0;
    %end;
    .thread T_4;
    .scope S_000001d8b04f7250;
T_5 ;
    %vpi_call/w 3 43 "$dumpfile", "dump.vcd" {0 0 0};
    %vpi_call/w 3 44 "$dumpvars" {0 0 0};
    %wait E_000001d8b04e65d0;
T_5.0 ;
    %vpi_func 3 48 "$size" 32, v000001d8b054c400_0 {0 0 0};
    %cmpi/s 10, 0, 32;
    %jmp/0xz T_5.1, 5;
    %wait E_000001d8b04e6290;
    %ix/load 4, 0, 0;
    %load/vec4 v000001d8b054b910_0;
    %store/qb/v v000001d8b054c400_0, 4, 16;
    %ix/load 4, 0, 0;
    %load/vec4 v000001d8b054b9b0_0;
    %store/qb/v v000001d8b054c4a0_0, 4, 16;
    %ix/load 4, 0, 0;
    %load/vec4 v000001d8b054c360_0;
    %store/qb/v v000001d8b054c4a0_0, 4, 16;
    %jmp T_5.0;
T_5.1 ;
T_5.2 ;
    %vpi_func 3 57 "$size" 32, v000001d8b054c400_0 {0 0 0};
    %cmpi/s 0, 0, 32;
    %flag_or 5, 4; GT is !LE
    %flag_inv 5;
    %flag_get/vec4 5;
    %jmp/0 T_5.4, 5;
    %pushi/vec4 0, 0, 32;
    %vpi_func 3 57 "$size" 32, v000001d8b054c4a0_0 {0 0 0};
    %cmp/s;
    %flag_get/vec4 5;
    %and;
T_5.4;
    %flag_set/vec4 8;
    %jmp/0xz T_5.3, 8;
    %fork t_1, S_000001d8b04f73e0;
    %jmp t_0;
    .scope S_000001d8b04f73e0;
t_1 ;
    %qpop/f/v v000001d8b054c400_0, 16;
    %store/vec4 v000001d8b04eaa70_0, 0, 16;
    %qpop/f/v v000001d8b054c4a0_0, 16;
    %store/vec4 v000001d8b04c2d70_0, 0, 16;
    %load/vec4 v000001d8b04eaa70_0;
    %load/vec4 v000001d8b04c2d70_0;
    %cmp/ne;
    %jmp/0xz  T_5.5, 6;
    %vpi_call/w 3 69 "$display", "FAIL %s", "testbench.sv" {0 0 0};
    %vpi_func/s 3 71 "$sformatf", "round:%0d", v000001d8b054c540_0 {0 0 0};
    %vpi_func/s 3 71 "$sformatf", "expected:%0d", v000001d8b04eaa70_0 {0 0 0};
    %vpi_func/s 3 71 "$sformatf", "actual:%0d", v000001d8b04c2d70_0 {0 0 0};
    %vpi_call/w 3 70 "$display", "++ TEST     => {%s, %s, %s}", S<2,str>, S<1,str>, S<0,str> {0 0 3};
    %vpi_call/w 3 72 "$finish", 32'sb00000000000000000000000000000001 {0 0 0};
T_5.5 ;
    ; show_stmt_assign_vector: Get l-value for compressed += operand
    %load/vec4 v000001d8b054c540_0;
    %pushi/vec4 1, 0, 32;
    %add;
    %store/vec4 v000001d8b054c540_0, 0, 32;
    %end;
    .scope S_000001d8b04f7250;
t_0 %join;
    %jmp T_5.2;
T_5.3 ;
    %vpi_call/w 3 77 "$display", "PASS %s", "testbench.sv" {0 0 0};
    %vpi_call/w 3 78 "$finish" {0 0 0};
    %end;
    .thread T_5;
# The file index is used to find the file name in the following table.
:file_names 5;
    "N/A";
    "<interactive>";
    "-";
    "testbench.sv";
    "02_02_single_and_double_rate_fibonacci.sv";
