#! /c/Source/iverilog-install/bin/vvp
:ivl_version "12.0 (devel)" "(s20150603-1539-g2693dd32b)";
:ivl_delay_selection "TYPICAL";
:vpi_time_precision + 0;
:vpi_module "C:\iverilog\lib\ivl\system.vpi";
:vpi_module "C:\iverilog\lib\ivl\vhdl_sys.vpi";
:vpi_module "C:\iverilog\lib\ivl\vhdl_textio.vpi";
:vpi_module "C:\iverilog\lib\ivl\v2005_math.vpi";
:vpi_module "C:\iverilog\lib\ivl\va_math.vpi";
:vpi_module "C:\iverilog\lib\ivl\v2009.vpi";
S_00000241a0d72850 .scope package, "$unit" "$unit" 2 1;
 .timescale 0 0;
S_00000241a0d2d950 .scope module, "testbench" "testbench" 3 5;
 .timescale 0 0;
P_00000241a0d2dae0 .param/real "MAX_A" 1 3 31, Cr<m7800000000000000gfc5>; value=15.0000
P_00000241a0d2db18 .param/l "N" 1 3 26, +C4<00000000000000000000000001100100>;
P_00000241a0d2db50 .param/l "WIDTH_A" 1 3 30, +C4<00000000000000000000000000000100>;
P_00000241a0d2db88 .param/l "pro_ready" 1 3 29, +C4<00000000000000000000000000110010>;
P_00000241a0d2dbc0 .param/l "pro_token" 1 3 27, +C4<00000000000000000000000000110010>;
P_00000241a0d2dbf8 .param/l "pro_valid" 1 3 28, +C4<00000000000000000000000000110010>;
L_00000241a0d82970 .functor AND 1, v00000241a0dd7e60_0, L_00000241a0dd6ec0, C4<1>, C4<1>;
L_00000241a0d82f20 .functor AND 1, L_00000241a0dd6a60, v00000241a0d6ed70_0, C4<1>, C4<1>;
v00000241a0d6f4f0_0 .var "clk", 0 0;
v00000241a0d6ec30_0 .net "down_handshake", 0 0, L_00000241a0d82f20;  1 drivers
v00000241a0d6ed70_0 .var "down_ready", 0 0;
v00000241a0d6eeb0_0 .net "down_valid", 0 0, L_00000241a0dd6a60;  1 drivers
v00000241a0d6ef50_0 .var "n_tokens", 3 0;
v00000241a0d6f130_0 .var/2s "n_tokens_out", 31 0;
v00000241a0d6e5f0_0 .var/2s "n_tokens_up", 31 0;
L_00000241a0dd90d8 .functor BUFT 1, C4<1>, C4<0>, C4<0>, C4<0>;
v00000241a0d6e730_0 .net "out_token", 0 0, L_00000241a0dd90d8;  1 drivers
v00000241a0d6e7d0_0 .var "rst", 0 0;
v00000241a0dd7640_0 .net "up_handshake", 0 0, L_00000241a0d82970;  1 drivers
v00000241a0dd7500_0 .net "up_ready", 0 0, L_00000241a0dd6ec0;  1 drivers
v00000241a0dd7e60_0 .var "up_valid", 0 0;
v00000241a0dd6f60_0 .var/2u "was_reset", 0 0;
E_00000241a0d707d0 .event negedge, v00000241a0d6f090_0;
S_00000241a0d2dc40 .scope module, "i_gen_tokens_by_num_with_fc" "generate_tokens_by_number_with_flow_control" 3 47, 4 5 0, S_00000241a0d2d950;
 .timescale 0 0;
    .port_info 0 /INPUT 1 "clk";
    .port_info 1 /INPUT 1 "rst";
    .port_info 2 /INPUT 1 "up_valid";
    .port_info 3 /OUTPUT 1 "up_ready";
    .port_info 4 /INPUT 4 "n_tokens";
    .port_info 5 /OUTPUT 1 "down_valid";
    .port_info 6 /INPUT 1 "down_ready";
    .port_info 7 /OUTPUT 1 "down_token";
P_00000241a0d729e0 .param/l "CNT_W" 1 4 22, +C4<000000000000000000000000000000101>;
P_00000241a0d72a18 .param/l "MAX" 1 4 23, +C4<000000000000000000000000000000010000>;
P_00000241a0d72a50 .param/l "WIDTH" 0 4 7, +C4<00000000000000000000000000000100>;
L_00000241a0d83150 .functor AND 1, v00000241a0dd7e60_0, L_00000241a0dd6ec0, C4<1>, C4<1>;
L_00000241a0d835b0 .functor AND 1, L_00000241a0dd6a60, v00000241a0d6ed70_0, C4<1>, C4<1>;
v00000241a0d6eaf0_0 .net *"_ivl_10", 35 0, L_00000241a0dd6240;  1 drivers
L_00000241a0dd9168 .functor BUFT 1, C4<0000000000000000000000000000000>, C4<0>, C4<0>, C4<0>;
v00000241a0d6e870_0 .net *"_ivl_13", 30 0, L_00000241a0dd9168;  1 drivers
L_00000241a0dd91b0 .functor BUFT 1, C4<000000000000000000000000000000010000>, C4<0>, C4<0>, C4<0>;
v00000241a0d6f1d0_0 .net/2u *"_ivl_14", 35 0, L_00000241a0dd91b0;  1 drivers
L_00000241a0dd9120 .functor BUFT 1, C4<00000>, C4<0>, C4<0>, C4<0>;
v00000241a0d6e910_0 .net/2u *"_ivl_6", 4 0, L_00000241a0dd9120;  1 drivers
v00000241a0d6eff0_0 .net "clk", 0 0, v00000241a0d6f4f0_0;  1 drivers
v00000241a0d6e9b0_0 .var "cnt", 4 0;
v00000241a0d6ea50_0 .net "down_handshake", 0 0, L_00000241a0d835b0;  1 drivers
v00000241a0d6f310_0 .net "down_ready", 0 0, v00000241a0d6ed70_0;  1 drivers
v00000241a0d6e690_0 .net "down_token", 0 0, L_00000241a0dd90d8;  alias, 1 drivers
v00000241a0d6ecd0_0 .net "down_valid", 0 0, L_00000241a0dd6a60;  alias, 1 drivers
v00000241a0d6eb90_0 .net "n_tokens", 3 0, v00000241a0d6ef50_0;  1 drivers
v00000241a0d6f090_0 .net "rst", 0 0, v00000241a0d6e7d0_0;  1 drivers
v00000241a0d6f270_0 .net "up_handshake", 0 0, L_00000241a0d83150;  1 drivers
v00000241a0d6f450_0 .net "up_ready", 0 0, L_00000241a0dd6ec0;  alias, 1 drivers
v00000241a0d6f3b0_0 .net "up_valid", 0 0, v00000241a0dd7e60_0;  1 drivers
E_00000241a0d71310 .event posedge, v00000241a0d6eff0_0;
L_00000241a0dd6a60 .cmp/ne 5, v00000241a0d6e9b0_0, L_00000241a0dd9120;
L_00000241a0dd6240 .concat [ 5 31 0 0], v00000241a0d6e9b0_0, L_00000241a0dd9168;
L_00000241a0dd6ec0 .cmp/ge 36, L_00000241a0dd91b0, L_00000241a0dd6240;
    .scope S_00000241a0d2dc40;
T_0 ;
    %wait E_00000241a0d71310;
    %load/vec4 v00000241a0d6f090_0;
    %flag_set/vec4 8;
    %jmp/0xz  T_0.0, 8;
    %pushi/vec4 0, 0, 5;
    %assign/vec4 v00000241a0d6e9b0_0, 0;
    %jmp T_0.1;
T_0.0 ;
    %load/vec4 v00000241a0d6e9b0_0;
    %load/vec4 v00000241a0d6f270_0;
    %flag_set/vec4 8;
    %jmp/0 T_0.2, 8;
    %load/vec4 v00000241a0d6eb90_0;
    %pad/u 5;
    %jmp/1 T_0.3, 8;
T_0.2 ; End of true expr.
    %pushi/vec4 0, 0, 5;
    %jmp/0 T_0.3, 8;
 ; End of false expr.
    %blend;
T_0.3;
    %add;
    %load/vec4 v00000241a0d6ea50_0;
    %flag_set/vec4 8;
    %jmp/0 T_0.4, 8;
    %pushi/vec4 1, 0, 5;
    %jmp/1 T_0.5, 8;
T_0.4 ; End of true expr.
    %pushi/vec4 0, 0, 5;
    %jmp/0 T_0.5, 8;
 ; End of false expr.
    %blend;
T_0.5;
    %sub;
    %assign/vec4 v00000241a0d6e9b0_0, 0;
T_0.1 ;
    %jmp T_0;
    .thread T_0;
    .scope S_00000241a0d2d950;
T_1 ;
    %pushi/vec4 0, 0, 1;
    %store/vec4 v00000241a0dd6f60_0, 0, 1;
    %pushi/vec4 0, 0, 32;
    %store/vec4 v00000241a0d6e5f0_0, 0, 32;
    %pushi/vec4 0, 0, 32;
    %store/vec4 v00000241a0d6f130_0, 0, 32;
    %end;
    .thread T_1, $init;
    .scope S_00000241a0d2d950;
T_2 ;
    %pushi/vec4 0, 0, 1;
    %store/vec4 v00000241a0d6f4f0_0, 0, 1;
T_2.0 ;
    %delay 500, 0;
    %load/vec4 v00000241a0d6f4f0_0;
    %inv;
    %store/vec4 v00000241a0d6f4f0_0, 0, 1;
    %jmp T_2.0;
    %end;
    .thread T_2;
    .scope S_00000241a0d2d950;
T_3 ;
    %pushi/vec4 1, 1, 1;
    %assign/vec4 v00000241a0d6e7d0_0, 0;
    %pushi/vec4 2, 0, 32;
T_3.0 %dup/vec4;
    %pushi/vec4 0, 0, 32;
    %cmp/s;
    %jmp/1xz T_3.1, 5;
    %jmp/1 T_3.1, 4;
    %pushi/vec4 1, 0, 32;
    %sub;
    %wait E_00000241a0d71310;
    %jmp T_3.0;
T_3.1 ;
    %pop/vec4 1;
    %pushi/vec4 1, 0, 1;
    %assign/vec4 v00000241a0d6e7d0_0, 0;
    %pushi/vec4 2, 0, 32;
T_3.2 %dup/vec4;
    %pushi/vec4 0, 0, 32;
    %cmp/s;
    %jmp/1xz T_3.3, 5;
    %jmp/1 T_3.3, 4;
    %pushi/vec4 1, 0, 32;
    %sub;
    %wait E_00000241a0d71310;
    %jmp T_3.2;
T_3.3 ;
    %pop/vec4 1;
    %pushi/vec4 0, 0, 1;
    %assign/vec4 v00000241a0d6e7d0_0, 0;
    %end;
    .thread T_3;
    .scope S_00000241a0d2d950;
T_4 ;
    %wait E_00000241a0d71310;
    %load/vec4 v00000241a0d6e7d0_0;
    %flag_set/vec4 8;
    %jmp/0xz  T_4.0, 8;
    %pushi/vec4 1, 0, 1;
    %assign/vec4 v00000241a0dd6f60_0, 0;
T_4.0 ;
    %jmp T_4;
    .thread T_4;
    .scope S_00000241a0d2d950;
T_5 ;
    %wait E_00000241a0d71310;
    %load/vec4 v00000241a0d6e7d0_0;
    %inv;
    %load/vec4 v00000241a0dd6f60_0;
    %and;
    %load/vec4 v00000241a0dd7640_0;
    %and;
    %flag_set/vec4 8;
    %jmp/0xz  T_5.0, 8;
    %load/vec4 v00000241a0d6e5f0_0;
    %load/vec4 v00000241a0d6ef50_0;
    %pad/u 32;
    %add;
    %cast2;
    %assign/vec4 v00000241a0d6e5f0_0, 0;
T_5.0 ;
    %load/vec4 v00000241a0d6e7d0_0;
    %inv;
    %load/vec4 v00000241a0dd6f60_0;
    %and;
    %load/vec4 v00000241a0d6ec30_0;
    %and;
    %flag_set/vec4 8;
    %jmp/0xz  T_5.2, 8;
    %load/vec4 v00000241a0d6f130_0;
    %load/vec4 v00000241a0d6e730_0;
    %pad/u 32;
    %add;
    %cast2;
    %assign/vec4 v00000241a0d6f130_0, 0;
T_5.2 ;
    %jmp T_5;
    .thread T_5;
    .scope S_00000241a0d2d950;
T_6 ;
    %wait E_00000241a0d707d0;
    %pushi/vec4 0, 0, 4;
    %assign/vec4 v00000241a0d6ef50_0, 0;
    %pushi/vec4 1, 0, 1;
    %assign/vec4 v00000241a0dd7e60_0, 0;
    %pushi/vec4 100, 0, 32;
T_6.0 %dup/vec4;
    %pushi/vec4 0, 0, 32;
    %cmp/s;
    %jmp/1xz T_6.1, 5;
    %jmp/1 T_6.1, 4;
    %pushi/vec4 1, 0, 32;
    %sub;
    %load/vec4 v00000241a0dd7500_0;
    %flag_set/vec4 8;
    %jmp/0xz  T_6.2, 8;
    %vpi_func 3 102 "$urandom_range" 32, P_00000241a0d2dae0, 32'sb00000000000000000000000000000000 {0 0 0};
    %pad/u 4;
    %assign/vec4 v00000241a0d6ef50_0, 0;
    %vpi_func 3 103 "$urandom_range" 32, 32'sb00000000000000000000000001100100, 32'sb00000000000000000000000000000000 {0 0 0};
    %cmpi/u 50, 0, 32;
    %flag_get/vec4 5;
    %assign/vec4 v00000241a0dd7e60_0, 0;
    %jmp T_6.3;
T_6.2 ;
    %load/vec4 v00000241a0dd7e60_0;
    %inv;
    %flag_set/vec4 8;
    %jmp/0xz  T_6.4, 8;
    %vpi_func 3 106 "$urandom_range" 32, 32'sb00000000000000000000000001100100, 32'sb00000000000000000000000000000000 {0 0 0};
    %cmpi/u 50, 0, 32;
    %flag_get/vec4 5;
    %assign/vec4 v00000241a0dd7e60_0, 0;
T_6.4 ;
T_6.3 ;
    %vpi_func 3 108 "$urandom_range" 32, 32'sb00000000000000000000000001100100, 32'sb00000000000000000000000000000000 {0 0 0};
    %cmpi/u 50, 0, 32;
    %flag_get/vec4 5;
    %assign/vec4 v00000241a0d6ed70_0, 0;
    %wait E_00000241a0d71310;
    %jmp T_6.0;
T_6.1 ;
    %pop/vec4 1;
    %pushi/vec4 0, 0, 4;
    %assign/vec4 v00000241a0d6ef50_0, 0;
    %pushi/vec4 1, 0, 1;
    %assign/vec4 v00000241a0d6ed70_0, 0;
    %pushi/vec4 203, 0, 32;
T_6.6 %dup/vec4;
    %pushi/vec4 0, 0, 32;
    %cmp/s;
    %jmp/1xz T_6.7, 5;
    %jmp/1 T_6.7, 4;
    %pushi/vec4 1, 0, 32;
    %sub;
    %wait E_00000241a0d71310;
    %jmp T_6.6;
T_6.7 ;
    %pop/vec4 1;
    %load/vec4 v00000241a0d6e5f0_0;
    %cmpi/e 0, 0, 32;
    %jmp/0xz  T_6.8, 4;
    %vpi_call/w 3 123 "$display", "FAIL %s", "testbench.sv" {0 0 0};
    %vpi_call/w 3 124 "$display", "NO input tokens" {0 0 0};
    %vpi_call/w 3 125 "$finish", 32'sb00000000000000000000000000000001 {0 0 0};
T_6.8 ;
    %load/vec4 v00000241a0d6e5f0_0;
    %load/vec4 v00000241a0d6f130_0;
    %cmp/ne;
    %jmp/0xz  T_6.10, 6;
    %vpi_call/w 3 130 "$display", "FAIL %s", "testbench.sv" {0 0 0};
    %vpi_call/w 3 131 "$display", "++ INPUT    => {%s}", v00000241a0d6e5f0_0 {0 0 0};
    %vpi_call/w 3 134 "$display", "++ TEST     => {%s}", v00000241a0d6f130_0 {0 0 0};
    %vpi_call/w 3 136 "$finish", 32'sb00000000000000000000000000000001 {0 0 0};
T_6.10 ;
    %vpi_call/w 3 139 "$display", "PASS %s", "testbench.sv" {0 0 0};
    %vpi_call/w 3 140 "$finish" {0 0 0};
    %end;
    .thread T_6;
# The file index is used to find the file name in the following table.
:file_names 5;
    "N/A";
    "<interactive>";
    "-";
    "testbench.sv";
    "08_03_generate_tokens_by_number_with_flow_control.sv";
