#! /c/Source/iverilog-install/bin/vvp
:ivl_version "12.0 (devel)" "(s20150603-1539-g2693dd32b)";
:ivl_delay_selection "TYPICAL";
:vpi_time_precision + 0;
:vpi_module "C:\iverilog\lib\ivl\system.vpi";
:vpi_module "C:\iverilog\lib\ivl\vhdl_sys.vpi";
:vpi_module "C:\iverilog\lib\ivl\vhdl_textio.vpi";
:vpi_module "C:\iverilog\lib\ivl\v2005_math.vpi";
:vpi_module "C:\iverilog\lib\ivl\va_math.vpi";
:vpi_module "C:\iverilog\lib\ivl\v2009.vpi";
S_00000161181d9440 .scope package, "$unit" "$unit" 2 1;
 .timescale 0 0;
S_00000161181d95d0 .scope module, "testbench" "testbench" 3 1;
 .timescale 0 0;
v0000016118234d90_0 .var "a", 7 0;
v00000161182373f0_0 .net "resl0", 7 0, L_00000161182366d0;  1 drivers
v0000016118236270_0 .net "resl1", 7 0, L_00000161181c9520;  1 drivers
v0000016118236130_0 .net "resr0", 7 0, L_0000016118237350;  1 drivers
v00000161182368b0_0 .net "resr1", 7 0, L_00000161181c9210;  1 drivers
S_00000161182acfc0 .scope module, "il0" "circular_left_shift_of_N_by_S_using_bit_slices_and_concatenation" 3 6, 4 5 0, S_00000161181d95d0;
 .timescale 0 0;
    .port_info 0 /INPUT 8 "a";
    .port_info 1 /OUTPUT 8 "res";
P_00000161181d40f0 .param/l "N" 0 4 6, +C4<00000000000000000000000000001000>;
P_00000161181d4128 .param/l "S" 0 4 6, +C4<00000000000000000000000000000011>;
v00000161181a2b30_0 .net *"_ivl_1", 4 0, L_0000016118237fd0;  1 drivers
v00000161181a2ca0_0 .net *"_ivl_3", 2 0, L_00000161182372b0;  1 drivers
v00000161181d3e00_0 .net "a", 7 0, v0000016118234d90_0;  1 drivers
v0000016118234ed0_0 .net "res", 7 0, L_00000161182366d0;  alias, 1 drivers
L_0000016118237fd0 .part v0000016118234d90_0, 0, 5;
L_00000161182372b0 .part v0000016118234d90_0, 5, 3;
L_00000161182366d0 .concat [ 3 5 0 0], L_00000161182372b0, L_0000016118237fd0;
S_00000161182ad150 .scope module, "il1" "circular_left_shift_of_N_by_S_by_ORing_the_results_of_shift_operations" 3 9, 4 13 0, S_00000161181d95d0;
 .timescale 0 0;
    .port_info 0 /INPUT 8 "a";
    .port_info 1 /OUTPUT 8 "res";
P_00000161181d73a0 .param/l "N" 0 4 14, +C4<00000000000000000000000000001000>;
P_00000161181d73d8 .param/l "S" 0 4 14, +C4<00000000000000000000000000000011>;
L_00000161181c9520 .functor OR 8, L_0000016118237850, L_0000016118236c70, C4<00000000>, C4<00000000>;
v00000161182346b0_0 .net *"_ivl_0", 7 0, L_0000016118237850;  1 drivers
L_0000016118238140 .functor BUFT 1, C4<00000>, C4<0>, C4<0>, C4<0>;
v0000016118234cf0_0 .net *"_ivl_10", 4 0, L_0000016118238140;  1 drivers
v0000016118234110_0 .net *"_ivl_2", 4 0, L_0000016118236810;  1 drivers
L_00000161182380f8 .functor BUFT 1, C4<000>, C4<0>, C4<0>, C4<0>;
v0000016118234e30_0 .net *"_ivl_4", 2 0, L_00000161182380f8;  1 drivers
v0000016118234930_0 .net *"_ivl_6", 7 0, L_0000016118236c70;  1 drivers
v0000016118234390_0 .net *"_ivl_8", 2 0, L_00000161182375d0;  1 drivers
v00000161182341b0_0 .net "a", 7 0, v0000016118234d90_0;  alias, 1 drivers
v0000016118235010_0 .net "res", 7 0, L_00000161181c9520;  alias, 1 drivers
L_0000016118236810 .part v0000016118234d90_0, 0, 5;
L_0000016118237850 .concat [ 3 5 0 0], L_00000161182380f8, L_0000016118236810;
L_00000161182375d0 .part v0000016118234d90_0, 5, 3;
L_0000016118236c70 .concat [ 3 5 0 0], L_00000161182375d0, L_0000016118238140;
S_00000161181d56d0 .scope module, "ir0" "circular_right_shift_of_N_by_S_using_bit_slices_and_concatenation" 3 12, 4 25 0, S_00000161181d95d0;
 .timescale 0 0;
    .port_info 0 /INPUT 8 "a";
    .port_info 1 /OUTPUT 8 "res";
P_00000161182ad2e0 .param/l "N" 0 4 26, +C4<00000000000000000000000000001000>;
P_00000161182ad318 .param/l "S" 0 4 26, +C4<00000000000000000000000000000011>;
v0000016118234610_0 .net *"_ivl_1", 2 0, L_0000016118236ef0;  1 drivers
v0000016118234b10_0 .net *"_ivl_3", 4 0, L_0000016118237990;  1 drivers
v0000016118234890_0 .net "a", 7 0, v0000016118234d90_0;  alias, 1 drivers
v0000016118234570_0 .net "res", 7 0, L_0000016118237350;  alias, 1 drivers
L_0000016118236ef0 .part v0000016118234d90_0, 0, 3;
L_0000016118237990 .part v0000016118234d90_0, 3, 5;
L_0000016118237350 .concat [ 5 3 0 0], L_0000016118237990, L_0000016118236ef0;
S_00000161181d5860 .scope module, "ir1" "circular_right_shift_of_N_by_S_by_ORing_the_results_of_shift_operations" 3 15, 4 41 0, S_00000161181d95d0;
 .timescale 0 0;
    .port_info 0 /INPUT 8 "a";
    .port_info 1 /OUTPUT 8 "res";
P_00000161182ad360 .param/l "N" 0 4 42, +C4<00000000000000000000000000001000>;
P_00000161182ad398 .param/l "S" 0 4 42, +C4<00000000000000000000000000000011>;
L_00000161181c9210 .functor OR 8, L_0000016118236950, L_0000016118237210, C4<00000000>, C4<00000000>;
v0000016118234250_0 .net *"_ivl_0", 7 0, L_0000016118236950;  1 drivers
L_00000161182381d0 .functor BUFT 1, C4<00000>, C4<0>, C4<0>, C4<0>;
v0000016118234750_0 .net *"_ivl_10", 4 0, L_00000161182381d0;  1 drivers
v0000016118234f70_0 .net *"_ivl_2", 4 0, L_00000161182361d0;  1 drivers
L_0000016118238188 .functor BUFT 1, C4<000>, C4<0>, C4<0>, C4<0>;
v00000161182342f0_0 .net *"_ivl_4", 2 0, L_0000016118238188;  1 drivers
v0000016118234430_0 .net *"_ivl_6", 7 0, L_0000016118237210;  1 drivers
v00000161182344d0_0 .net *"_ivl_8", 2 0, L_0000016118237cb0;  1 drivers
v00000161182347f0_0 .net "a", 7 0, v0000016118234d90_0;  alias, 1 drivers
v00000161182349d0_0 .net "res", 7 0, L_00000161181c9210;  alias, 1 drivers
L_00000161182361d0 .part v0000016118234d90_0, 3, 5;
L_0000016118236950 .concat [ 5 3 0 0], L_00000161182361d0, L_0000016118238188;
L_0000016118237cb0 .part v0000016118234d90_0, 0, 3;
L_0000016118237210 .concat [ 5 3 0 0], L_00000161182381d0, L_0000016118237cb0;
S_00000161181a2510 .scope task, "test" "test" 3 17, 3 17 0, S_00000161181d95d0;
 .timescale 0 0;
v0000016118234a70_0 .var "t_a", 7 0;
v0000016118234bb0_0 .var "t_resl", 7 0;
v0000016118234c50_0 .var "t_resr", 7 0;
TD_testbench.test ;
    %load/vec4 v0000016118234a70_0;
    %store/vec4 v0000016118234d90_0, 0, 8;
    %delay 1, 0;
    %vpi_call/w 3 23 "$display", "TEST %b << %b %b (EXP %b) >> %b %b (EXP %b)", v0000016118234d90_0, v00000161182373f0_0, v0000016118236270_0, v0000016118234bb0_0, v0000016118236130_0, v00000161182368b0_0, v0000016118234c50_0 {0 0 0};
    %load/vec4 v00000161182373f0_0;
    %load/vec4 v0000016118234bb0_0;
    %cmp/e;
    %flag_get/vec4 6;
    %jmp/0 T_0.4, 6;
    %load/vec4 v0000016118236270_0;
    %load/vec4 v0000016118234bb0_0;
    %cmp/e;
    %flag_get/vec4 6;
    %and;
T_0.4;
    %flag_set/vec4 10;
    %flag_get/vec4 10;
    %jmp/0 T_0.3, 10;
    %load/vec4 v0000016118236130_0;
    %load/vec4 v0000016118234c50_0;
    %cmp/e;
    %flag_get/vec4 6;
    %and;
T_0.3;
    %flag_set/vec4 9;
    %flag_get/vec4 9;
    %jmp/0 T_0.2, 9;
    %load/vec4 v00000161182368b0_0;
    %load/vec4 v0000016118234c50_0;
    %cmp/e;
    %flag_get/vec4 6;
    %and;
T_0.2;
    %nor/r;
    %flag_set/vec4 8;
    %jmp/0xz  T_0.0, 8;
    %vpi_call/w 3 29 "$display", "FAIL %s - see above", "testbench.sv" {0 0 0};
    %vpi_call/w 3 30 "$finish" {0 0 0};
T_0.0 ;
    %end;
    .scope S_00000161181d95d0;
T_1 ;
    %pushi/vec4 0, 0, 8;
    %store/vec4 v0000016118234a70_0, 0, 8;
    %pushi/vec4 0, 0, 8;
    %store/vec4 v0000016118234bb0_0, 0, 8;
    %pushi/vec4 0, 0, 8;
    %store/vec4 v0000016118234c50_0, 0, 8;
    %fork TD_testbench.test, S_00000161181a2510;
    %join;
    %pushi/vec4 128, 0, 8;
    %store/vec4 v0000016118234a70_0, 0, 8;
    %pushi/vec4 4, 0, 8;
    %store/vec4 v0000016118234bb0_0, 0, 8;
    %pushi/vec4 16, 0, 8;
    %store/vec4 v0000016118234c50_0, 0, 8;
    %fork TD_testbench.test, S_00000161181a2510;
    %join;
    %pushi/vec4 64, 0, 8;
    %store/vec4 v0000016118234a70_0, 0, 8;
    %pushi/vec4 2, 0, 8;
    %store/vec4 v0000016118234bb0_0, 0, 8;
    %pushi/vec4 8, 0, 8;
    %store/vec4 v0000016118234c50_0, 0, 8;
    %fork TD_testbench.test, S_00000161181a2510;
    %join;
    %pushi/vec4 32, 0, 8;
    %store/vec4 v0000016118234a70_0, 0, 8;
    %pushi/vec4 1, 0, 8;
    %store/vec4 v0000016118234bb0_0, 0, 8;
    %pushi/vec4 4, 0, 8;
    %store/vec4 v0000016118234c50_0, 0, 8;
    %fork TD_testbench.test, S_00000161181a2510;
    %join;
    %pushi/vec4 16, 0, 8;
    %store/vec4 v0000016118234a70_0, 0, 8;
    %pushi/vec4 128, 0, 8;
    %store/vec4 v0000016118234bb0_0, 0, 8;
    %pushi/vec4 2, 0, 8;
    %store/vec4 v0000016118234c50_0, 0, 8;
    %fork TD_testbench.test, S_00000161181a2510;
    %join;
    %pushi/vec4 8, 0, 8;
    %store/vec4 v0000016118234a70_0, 0, 8;
    %pushi/vec4 64, 0, 8;
    %store/vec4 v0000016118234bb0_0, 0, 8;
    %pushi/vec4 1, 0, 8;
    %store/vec4 v0000016118234c50_0, 0, 8;
    %fork TD_testbench.test, S_00000161181a2510;
    %join;
    %pushi/vec4 4, 0, 8;
    %store/vec4 v0000016118234a70_0, 0, 8;
    %pushi/vec4 32, 0, 8;
    %store/vec4 v0000016118234bb0_0, 0, 8;
    %pushi/vec4 128, 0, 8;
    %store/vec4 v0000016118234c50_0, 0, 8;
    %fork TD_testbench.test, S_00000161181a2510;
    %join;
    %pushi/vec4 2, 0, 8;
    %store/vec4 v0000016118234a70_0, 0, 8;
    %pushi/vec4 16, 0, 8;
    %store/vec4 v0000016118234bb0_0, 0, 8;
    %pushi/vec4 64, 0, 8;
    %store/vec4 v0000016118234c50_0, 0, 8;
    %fork TD_testbench.test, S_00000161181a2510;
    %join;
    %pushi/vec4 1, 0, 8;
    %store/vec4 v0000016118234a70_0, 0, 8;
    %pushi/vec4 8, 0, 8;
    %store/vec4 v0000016118234bb0_0, 0, 8;
    %pushi/vec4 32, 0, 8;
    %store/vec4 v0000016118234c50_0, 0, 8;
    %fork TD_testbench.test, S_00000161181a2510;
    %join;
    %pushi/vec4 255, 0, 8;
    %store/vec4 v0000016118234a70_0, 0, 8;
    %pushi/vec4 255, 0, 8;
    %store/vec4 v0000016118234bb0_0, 0, 8;
    %pushi/vec4 255, 0, 8;
    %store/vec4 v0000016118234c50_0, 0, 8;
    %fork TD_testbench.test, S_00000161181a2510;
    %join;
    %pushi/vec4 181, 0, 8;
    %store/vec4 v0000016118234a70_0, 0, 8;
    %pushi/vec4 173, 0, 8;
    %store/vec4 v0000016118234bb0_0, 0, 8;
    %pushi/vec4 182, 0, 8;
    %store/vec4 v0000016118234c50_0, 0, 8;
    %fork TD_testbench.test, S_00000161181a2510;
    %join;
    %pushi/vec4 112, 0, 8;
    %store/vec4 v0000016118234a70_0, 0, 8;
    %pushi/vec4 131, 0, 8;
    %store/vec4 v0000016118234bb0_0, 0, 8;
    %pushi/vec4 14, 0, 8;
    %store/vec4 v0000016118234c50_0, 0, 8;
    %fork TD_testbench.test, S_00000161181a2510;
    %join;
    %pushi/vec4 38, 0, 8;
    %store/vec4 v0000016118234a70_0, 0, 8;
    %pushi/vec4 49, 0, 8;
    %store/vec4 v0000016118234bb0_0, 0, 8;
    %pushi/vec4 196, 0, 8;
    %store/vec4 v0000016118234c50_0, 0, 8;
    %fork TD_testbench.test, S_00000161181a2510;
    %join;
    %pushi/vec4 224, 0, 8;
    %store/vec4 v0000016118234a70_0, 0, 8;
    %pushi/vec4 7, 0, 8;
    %store/vec4 v0000016118234bb0_0, 0, 8;
    %pushi/vec4 28, 0, 8;
    %store/vec4 v0000016118234c50_0, 0, 8;
    %fork TD_testbench.test, S_00000161181a2510;
    %join;
    %pushi/vec4 108, 0, 8;
    %store/vec4 v0000016118234a70_0, 0, 8;
    %pushi/vec4 99, 0, 8;
    %store/vec4 v0000016118234bb0_0, 0, 8;
    %pushi/vec4 141, 0, 8;
    %store/vec4 v0000016118234c50_0, 0, 8;
    %fork TD_testbench.test, S_00000161181a2510;
    %join;
    %pushi/vec4 209, 0, 8;
    %store/vec4 v0000016118234a70_0, 0, 8;
    %pushi/vec4 142, 0, 8;
    %store/vec4 v0000016118234bb0_0, 0, 8;
    %pushi/vec4 58, 0, 8;
    %store/vec4 v0000016118234c50_0, 0, 8;
    %fork TD_testbench.test, S_00000161181a2510;
    %join;
    %pushi/vec4 195, 0, 8;
    %store/vec4 v0000016118234a70_0, 0, 8;
    %pushi/vec4 30, 0, 8;
    %store/vec4 v0000016118234bb0_0, 0, 8;
    %pushi/vec4 120, 0, 8;
    %store/vec4 v0000016118234c50_0, 0, 8;
    %fork TD_testbench.test, S_00000161181a2510;
    %join;
    %pushi/vec4 52, 0, 8;
    %store/vec4 v0000016118234a70_0, 0, 8;
    %pushi/vec4 161, 0, 8;
    %store/vec4 v0000016118234bb0_0, 0, 8;
    %pushi/vec4 134, 0, 8;
    %store/vec4 v0000016118234c50_0, 0, 8;
    %fork TD_testbench.test, S_00000161181a2510;
    %join;
    %pushi/vec4 240, 0, 8;
    %store/vec4 v0000016118234a70_0, 0, 8;
    %pushi/vec4 135, 0, 8;
    %store/vec4 v0000016118234bb0_0, 0, 8;
    %pushi/vec4 30, 0, 8;
    %store/vec4 v0000016118234c50_0, 0, 8;
    %fork TD_testbench.test, S_00000161181a2510;
    %join;
    %pushi/vec4 102, 0, 8;
    %store/vec4 v0000016118234a70_0, 0, 8;
    %pushi/vec4 51, 0, 8;
    %store/vec4 v0000016118234bb0_0, 0, 8;
    %pushi/vec4 204, 0, 8;
    %store/vec4 v0000016118234c50_0, 0, 8;
    %fork TD_testbench.test, S_00000161181a2510;
    %join;
    %vpi_call/w 3 65 "$display", "PASS %s", "testbench.sv" {0 0 0};
    %vpi_call/w 3 66 "$finish" {0 0 0};
    %end;
    .thread T_1;
# The file index is used to find the file name in the following table.
:file_names 5;
    "N/A";
    "<interactive>";
    "-";
    "testbench.sv";
    "03_05_circular_shifts.sv";
