#! /c/Source/iverilog-install/bin/vvp
:ivl_version "12.0 (devel)" "(s20150603-1539-g2693dd32b)";
:ivl_delay_selection "TYPICAL";
:vpi_time_precision + 0;
:vpi_module "C:\iverilog\lib\ivl\system.vpi";
:vpi_module "C:\iverilog\lib\ivl\vhdl_sys.vpi";
:vpi_module "C:\iverilog\lib\ivl\vhdl_textio.vpi";
:vpi_module "C:\iverilog\lib\ivl\v2005_math.vpi";
:vpi_module "C:\iverilog\lib\ivl\va_math.vpi";
:vpi_module "C:\iverilog\lib\ivl\v2009.vpi";
S_000002a5b1f3d090 .scope package, "$unit" "$unit" 2 1;
 .timescale 0 0;
S_000002a5b1f0a9c0 .scope module, "testbench" "testbench" 3 3;
 .timescale 0 0;
P_000002a5b1f376f0 .param/l "n" 1 3 39, +C4<00000000000000000000000000010000>;
v000002a5b1f8e400_0 .var "a", 0 0;
v000002a5b1f8ecc0_0 .var "b", 0 0;
v000002a5b1f8eea0_0 .var "clk", 0 0;
v000002a5b1f8efe0_0 .var "rst", 0 0;
v000002a5b1f8dd20_0 .net "scl_eq", 0 0, L_000002a5b1f8e4a0;  1 drivers
v000002a5b1f8e5e0_0 .net "scl_greater", 0 0, L_000002a5b1f8f300;  1 drivers
v000002a5b1f8e900_0 .net "scl_less", 0 0, L_000002a5b1f8e7c0;  1 drivers
v000002a5b1f8d960_0 .net "scm_eq", 0 0, L_000002a5b1f8f3a0;  1 drivers
v000002a5b1f8f080_0 .net "scm_greater", 0 0, L_000002a5b1f8ec20;  1 drivers
v000002a5b1f8e720_0 .net "scm_less", 0 0, L_000002a5b1f8e860;  1 drivers
L_000002a5b1fc0088 .functor BUFT 1, C4<0100000100100110>, C4<0>, C4<0>, C4<0>;
v000002a5b1f8dbe0 .array "seq_a", 0 2;
v000002a5b1f8dbe0_0 .net v000002a5b1f8dbe0 0, 15 0, L_000002a5b1fc0088; 1 drivers
L_000002a5b1fc02c8 .functor BUFT 1, C4<0100000100000110>, C4<0>, C4<0>, C4<0>;
v000002a5b1f8dbe0_1 .net v000002a5b1f8dbe0 1, 15 0, L_000002a5b1fc02c8; 1 drivers
L_000002a5b1fc0508 .functor BUFT 1, C4<0100011100100110>, C4<0>, C4<0>, C4<0>;
v000002a5b1f8dbe0_2 .net v000002a5b1f8dbe0 2, 15 0, L_000002a5b1fc0508; 1 drivers
L_000002a5b1fc00d0 .functor BUFT 1, C4<0100011001000110>, C4<0>, C4<0>, C4<0>;
v000002a5b1f8eb80 .array "seq_b", 0 2;
v000002a5b1f8eb80_0 .net v000002a5b1f8eb80 0, 15 0, L_000002a5b1fc00d0; 1 drivers
L_000002a5b1fc0310 .functor BUFT 1, C4<0101011001000110>, C4<0>, C4<0>, C4<0>;
v000002a5b1f8eb80_1 .net v000002a5b1f8eb80 1, 15 0, L_000002a5b1fc0310; 1 drivers
L_000002a5b1fc0550 .functor BUFT 1, C4<0100011100100110>, C4<0>, C4<0>, C4<0>;
v000002a5b1f8eb80_2 .net v000002a5b1f8eb80 2, 15 0, L_000002a5b1fc0550; 1 drivers
L_000002a5b1fc0160 .functor BUFT 1, C4<0000000000011111>, C4<0>, C4<0>, C4<0>;
v000002a5b1f8eae0 .array "seq_scl_eq", 0 2;
v000002a5b1f8eae0_0 .net v000002a5b1f8eae0 0, 15 0, L_000002a5b1fc0160; 1 drivers
L_000002a5b1fc03a0 .functor BUFT 1, C4<0000000000111111>, C4<0>, C4<0>, C4<0>;
v000002a5b1f8eae0_1 .net v000002a5b1f8eae0 1, 15 0, L_000002a5b1fc03a0; 1 drivers
L_000002a5b1fc05e0 .functor BUFT 1, C4<1111111111111111>, C4<0>, C4<0>, C4<0>;
v000002a5b1f8eae0_2 .net v000002a5b1f8eae0 2, 15 0, L_000002a5b1fc05e0; 1 drivers
L_000002a5b1fc01a8 .functor BUFT 1, C4<0000000100100000>, C4<0>, C4<0>, C4<0>;
v000002a5b1f8ef40 .array "seq_scl_greater", 0 2;
v000002a5b1f8ef40_0 .net v000002a5b1f8ef40 0, 15 0, L_000002a5b1fc01a8; 1 drivers
L_000002a5b1fc03e8 .functor BUFT 1, C4<0000000100000000>, C4<0>, C4<0>, C4<0>;
v000002a5b1f8ef40_1 .net v000002a5b1f8ef40 1, 15 0, L_000002a5b1fc03e8; 1 drivers
L_000002a5b1fc0628 .functor BUFT 1, C4<0000000000000000>, C4<0>, C4<0>, C4<0>;
v000002a5b1f8ef40_2 .net v000002a5b1f8ef40 2, 15 0, L_000002a5b1fc0628; 1 drivers
L_000002a5b1fc0118 .functor BUFT 1, C4<1111111011000000>, C4<0>, C4<0>, C4<0>;
v000002a5b1f8f260 .array "seq_scl_less", 0 2;
v000002a5b1f8f260_0 .net v000002a5b1f8f260 0, 15 0, L_000002a5b1fc0118; 1 drivers
L_000002a5b1fc0358 .functor BUFT 1, C4<1111111011000000>, C4<0>, C4<0>, C4<0>;
v000002a5b1f8f260_1 .net v000002a5b1f8f260 1, 15 0, L_000002a5b1fc0358; 1 drivers
L_000002a5b1fc0598 .functor BUFT 1, C4<0000000000000000>, C4<0>, C4<0>, C4<0>;
v000002a5b1f8f260_2 .net v000002a5b1f8f260 2, 15 0, L_000002a5b1fc0598; 1 drivers
L_000002a5b1fc0238 .functor BUFT 1, C4<0000000000011111>, C4<0>, C4<0>, C4<0>;
v000002a5b1f8ea40 .array "seq_scm_eq", 0 2;
v000002a5b1f8ea40_0 .net v000002a5b1f8ea40 0, 15 0, L_000002a5b1fc0238; 1 drivers
L_000002a5b1fc0478 .functor BUFT 1, C4<0000000000111111>, C4<0>, C4<0>, C4<0>;
v000002a5b1f8ea40_1 .net v000002a5b1f8ea40 1, 15 0, L_000002a5b1fc0478; 1 drivers
L_000002a5b1fc06b8 .functor BUFT 1, C4<1111111111111111>, C4<0>, C4<0>, C4<0>;
v000002a5b1f8ea40_2 .net v000002a5b1f8ea40 2, 15 0, L_000002a5b1fc06b8; 1 drivers
L_000002a5b1fc0280 .functor BUFT 1, C4<1111111111100000>, C4<0>, C4<0>, C4<0>;
v000002a5b1f8d820 .array "seq_scm_greater", 0 2;
v000002a5b1f8d820_0 .net v000002a5b1f8d820 0, 15 0, L_000002a5b1fc0280; 1 drivers
L_000002a5b1fc04c0 .functor BUFT 1, C4<0000000000000000>, C4<0>, C4<0>, C4<0>;
v000002a5b1f8d820_1 .net v000002a5b1f8d820 1, 15 0, L_000002a5b1fc04c0; 1 drivers
L_000002a5b1fc0700 .functor BUFT 1, C4<0000000000000000>, C4<0>, C4<0>, C4<0>;
v000002a5b1f8d820_2 .net v000002a5b1f8d820 2, 15 0, L_000002a5b1fc0700; 1 drivers
L_000002a5b1fc01f0 .functor BUFT 1, C4<0000000000000000>, C4<0>, C4<0>, C4<0>;
v000002a5b1f8db40 .array "seq_scm_less", 0 2;
v000002a5b1f8db40_0 .net v000002a5b1f8db40 0, 15 0, L_000002a5b1fc01f0; 1 drivers
L_000002a5b1fc0430 .functor BUFT 1, C4<1111111111000000>, C4<0>, C4<0>, C4<0>;
v000002a5b1f8db40_1 .net v000002a5b1f8db40 1, 15 0, L_000002a5b1fc0430; 1 drivers
L_000002a5b1fc0670 .functor BUFT 1, C4<0000000000000000>, C4<0>, C4<0>, C4<0>;
v000002a5b1f8db40_2 .net v000002a5b1f8db40 2, 15 0, L_000002a5b1fc0670; 1 drivers
S_000002a5b1f0ab50 .scope begin, "$ivl_for_loop0" "$ivl_for_loop0" 3 110, 3 110 0, S_000002a5b1f0a9c0;
 .timescale 0 0;
v000002a5b1f2fb30_0 .var/2s "i", 31 0;
S_000002a5b1e4ea90 .scope begin, "$ivl_for_loop1" "$ivl_for_loop1" 3 114, 3 114 0, S_000002a5b1f0ab50;
 .timescale 0 0;
v000002a5b1f2f810_0 .var/2s "j", 31 0;
E_000002a5b1f369b0 .event posedge, v000002a5b1f8e180_0;
S_000002a5b1e4ec20 .scope task, "reset" "reset" 3 17, 3 17 0, S_000002a5b1f0a9c0;
 .timescale 0 0;
TD_testbench.reset ;
    %pushi/vec4 1, 1, 1;
    %assign/vec4 v000002a5b1f8efe0_0, 0;
    %pushi/vec4 2, 0, 32;
T_0.0 %dup/vec4;
    %pushi/vec4 0, 0, 32;
    %cmp/s;
    %jmp/1xz T_0.1, 5;
    %jmp/1 T_0.1, 4;
    %pushi/vec4 1, 0, 32;
    %sub;
    %wait E_000002a5b1f369b0;
    %jmp T_0.0;
T_0.1 ;
    %pop/vec4 1;
    %pushi/vec4 1, 0, 1;
    %assign/vec4 v000002a5b1f8efe0_0, 0;
    %pushi/vec4 2, 0, 32;
T_0.2 %dup/vec4;
    %pushi/vec4 0, 0, 32;
    %cmp/s;
    %jmp/1xz T_0.3, 5;
    %jmp/1 T_0.3, 4;
    %pushi/vec4 1, 0, 32;
    %sub;
    %wait E_000002a5b1f369b0;
    %jmp T_0.2;
T_0.3 ;
    %pop/vec4 1;
    %pushi/vec4 0, 0, 1;
    %assign/vec4 v000002a5b1f8efe0_0, 0;
    %end;
S_000002a5b1f8d500 .scope module, "scl" "serial_comparator_least_significant_first_using_fsm" 3 28, 4 5 0, S_000002a5b1f0a9c0;
 .timescale 0 0;
    .port_info 0 /INPUT 1 "clk";
    .port_info 1 /INPUT 1 "rst";
    .port_info 2 /INPUT 1 "a";
    .port_info 3 /INPUT 1 "b";
    .port_info 4 /OUTPUT 1 "a_less_b";
    .port_info 5 /OUTPUT 1 "a_eq_b";
    .port_info 6 /OUTPUT 1 "a_greater_b";
enum000002a5b1f22dd0 .enum4 (3)
   "st_a_less_b" 3'b100,
   "st_equal" 3'b010,
   "st_a_greater_b" 3'b001
 ;
v000002a5b1f2fd10_0 .net *"_ivl_5", 2 0, v000002a5b1f8d6e0_0;  1 drivers
v000002a5b1f8f120_0 .net "a", 0 0, v000002a5b1f8e400_0;  1 drivers
v000002a5b1f8dfa0_0 .net "a_eq_b", 0 0, L_000002a5b1f8e4a0;  alias, 1 drivers
v000002a5b1f8dc80_0 .net "a_greater_b", 0 0, L_000002a5b1f8f300;  alias, 1 drivers
v000002a5b1f8ed60_0 .net "a_less_b", 0 0, L_000002a5b1f8e7c0;  alias, 1 drivers
v000002a5b1f8de60_0 .net "b", 0 0, v000002a5b1f8ecc0_0;  1 drivers
v000002a5b1f8e180_0 .net "clk", 0 0, v000002a5b1f8eea0_0;  1 drivers
v000002a5b1f8d6e0_0 .var "new_state", 2 0;
v000002a5b1f8d780_0 .net "rst", 0 0, v000002a5b1f8efe0_0;  1 drivers
v000002a5b1f8e680_0 .var "state", 2 0;
E_000002a5b1f375b0 .event anyedge, v000002a5b1f8e680_0, v000002a5b1f8f120_0, v000002a5b1f8de60_0;
L_000002a5b1f8e7c0 .part v000002a5b1f8d6e0_0, 2, 1;
L_000002a5b1f8e4a0 .part v000002a5b1f8d6e0_0, 1, 1;
L_000002a5b1f8f300 .part v000002a5b1f8d6e0_0, 0, 1;
S_000002a5b1f8f6a0 .scope module, "scm" "serial_comparator_most_significant_first_using_fsm" 3 33, 4 58 0, S_000002a5b1f0a9c0;
 .timescale 0 0;
    .port_info 0 /INPUT 1 "clk";
    .port_info 1 /INPUT 1 "rst";
    .port_info 2 /INPUT 1 "a";
    .port_info 3 /INPUT 1 "b";
    .port_info 4 /OUTPUT 1 "a_less_b";
    .port_info 5 /OUTPUT 1 "a_eq_b";
    .port_info 6 /OUTPUT 1 "a_greater_b";
enum000002a5b1f22e70 .enum4 (3)
   "st_a_less_b" 3'b100,
   "st_equal" 3'b010,
   "st_a_greater_b" 3'b001
 ;
v000002a5b1f8f1c0_0 .net *"_ivl_5", 2 0, v000002a5b1f8daa0_0;  1 drivers
v000002a5b1f8e2c0_0 .net "a", 0 0, v000002a5b1f8e400_0;  alias, 1 drivers
v000002a5b1f8f580_0 .net "a_eq_b", 0 0, L_000002a5b1f8f3a0;  alias, 1 drivers
v000002a5b1f8e9a0_0 .net "a_greater_b", 0 0, L_000002a5b1f8ec20;  alias, 1 drivers
v000002a5b1f8e360_0 .net "a_less_b", 0 0, L_000002a5b1f8e860;  alias, 1 drivers
v000002a5b1f8d8c0_0 .net "b", 0 0, v000002a5b1f8ecc0_0;  alias, 1 drivers
v000002a5b1f8da00_0 .net "clk", 0 0, v000002a5b1f8eea0_0;  alias, 1 drivers
v000002a5b1f8daa0_0 .var "new_state", 2 0;
v000002a5b1f8ee00_0 .net "rst", 0 0, v000002a5b1f8efe0_0;  alias, 1 drivers
v000002a5b1f8e0e0_0 .var "state", 2 0;
E_000002a5b1f375f0 .event anyedge, v000002a5b1f8e0e0_0, v000002a5b1f8f120_0, v000002a5b1f8de60_0;
L_000002a5b1f8e860 .part v000002a5b1f8daa0_0, 2, 1;
L_000002a5b1f8f3a0 .part v000002a5b1f8daa0_0, 1, 1;
L_000002a5b1f8ec20 .part v000002a5b1f8daa0_0, 0, 1;
    .scope S_000002a5b1f8d500;
T_1 ;
Ewait_0 .event/or E_000002a5b1f375b0, E_0x0;
    %wait Ewait_0;
    %load/vec4 v000002a5b1f8e680_0;
    %store/vec4 v000002a5b1f8d6e0_0, 0, 3;
    %load/vec4 v000002a5b1f8e680_0;
    %dup/vec4;
    %pushi/vec4 2, 0, 3;
    %cmp/u;
    %jmp/1 T_1.0, 6;
    %dup/vec4;
    %pushi/vec4 4, 0, 3;
    %cmp/u;
    %jmp/1 T_1.1, 6;
    %dup/vec4;
    %pushi/vec4 1, 0, 3;
    %cmp/u;
    %jmp/1 T_1.2, 6;
    %jmp T_1.3;
T_1.0 ;
    %load/vec4 v000002a5b1f8f120_0;
    %inv;
    %load/vec4 v000002a5b1f8de60_0;
    %and;
    %flag_set/vec4 8;
    %jmp/0xz  T_1.4, 8;
    %pushi/vec4 4, 0, 3;
    %store/vec4 v000002a5b1f8d6e0_0, 0, 3;
    %jmp T_1.5;
T_1.4 ;
    %load/vec4 v000002a5b1f8f120_0;
    %load/vec4 v000002a5b1f8de60_0;
    %inv;
    %and;
    %flag_set/vec4 8;
    %jmp/0xz  T_1.6, 8;
    %pushi/vec4 1, 0, 3;
    %store/vec4 v000002a5b1f8d6e0_0, 0, 3;
T_1.6 ;
T_1.5 ;
    %jmp T_1.3;
T_1.1 ;
    %load/vec4 v000002a5b1f8f120_0;
    %load/vec4 v000002a5b1f8de60_0;
    %inv;
    %and;
    %flag_set/vec4 8;
    %jmp/0xz  T_1.8, 8;
    %pushi/vec4 1, 0, 3;
    %store/vec4 v000002a5b1f8d6e0_0, 0, 3;
T_1.8 ;
    %jmp T_1.3;
T_1.2 ;
    %load/vec4 v000002a5b1f8f120_0;
    %inv;
    %load/vec4 v000002a5b1f8de60_0;
    %and;
    %flag_set/vec4 8;
    %jmp/0xz  T_1.10, 8;
    %pushi/vec4 4, 0, 3;
    %store/vec4 v000002a5b1f8d6e0_0, 0, 3;
T_1.10 ;
    %jmp T_1.3;
T_1.3 ;
    %pop/vec4 1;
    %jmp T_1;
    .thread T_1, $push;
    .scope S_000002a5b1f8d500;
T_2 ;
    %wait E_000002a5b1f369b0;
    %load/vec4 v000002a5b1f8d780_0;
    %flag_set/vec4 8;
    %jmp/0xz  T_2.0, 8;
    %pushi/vec4 2, 0, 3;
    %assign/vec4 v000002a5b1f8e680_0, 0;
    %jmp T_2.1;
T_2.0 ;
    %load/vec4 v000002a5b1f8d6e0_0;
    %assign/vec4 v000002a5b1f8e680_0, 0;
T_2.1 ;
    %jmp T_2;
    .thread T_2;
    .scope S_000002a5b1f8f6a0;
T_3 ;
Ewait_1 .event/or E_000002a5b1f375f0, E_0x0;
    %wait Ewait_1;
    %load/vec4 v000002a5b1f8e0e0_0;
    %store/vec4 v000002a5b1f8daa0_0, 0, 3;
    %load/vec4 v000002a5b1f8e0e0_0;
    %dup/vec4;
    %pushi/vec4 2, 0, 3;
    %cmp/u;
    %jmp/1 T_3.0, 6;
    %dup/vec4;
    %pushi/vec4 4, 0, 3;
    %cmp/u;
    %jmp/1 T_3.1, 6;
    %dup/vec4;
    %pushi/vec4 1, 0, 3;
    %cmp/u;
    %jmp/1 T_3.2, 6;
    %jmp T_3.3;
T_3.0 ;
    %load/vec4 v000002a5b1f8e2c0_0;
    %load/vec4 v000002a5b1f8d8c0_0;
    %inv;
    %and;
    %flag_set/vec4 8;
    %jmp/0xz  T_3.4, 8;
    %pushi/vec4 1, 0, 3;
    %store/vec4 v000002a5b1f8daa0_0, 0, 3;
    %jmp T_3.5;
T_3.4 ;
    %load/vec4 v000002a5b1f8e2c0_0;
    %inv;
    %load/vec4 v000002a5b1f8d8c0_0;
    %and;
    %flag_set/vec4 8;
    %jmp/0xz  T_3.6, 8;
    %pushi/vec4 4, 0, 3;
    %store/vec4 v000002a5b1f8daa0_0, 0, 3;
T_3.6 ;
T_3.5 ;
    %jmp T_3.3;
T_3.1 ;
    %pushi/vec4 4, 0, 3;
    %store/vec4 v000002a5b1f8daa0_0, 0, 3;
    %jmp T_3.3;
T_3.2 ;
    %pushi/vec4 1, 0, 3;
    %store/vec4 v000002a5b1f8daa0_0, 0, 3;
    %jmp T_3.3;
T_3.3 ;
    %pop/vec4 1;
    %jmp T_3;
    .thread T_3, $push;
    .scope S_000002a5b1f8f6a0;
T_4 ;
    %wait E_000002a5b1f369b0;
    %load/vec4 v000002a5b1f8ee00_0;
    %flag_set/vec4 8;
    %jmp/0xz  T_4.0, 8;
    %pushi/vec4 2, 0, 3;
    %assign/vec4 v000002a5b1f8e0e0_0, 0;
    %jmp T_4.1;
T_4.0 ;
    %load/vec4 v000002a5b1f8daa0_0;
    %assign/vec4 v000002a5b1f8e0e0_0, 0;
T_4.1 ;
    %jmp T_4;
    .thread T_4;
    .scope S_000002a5b1f0a9c0;
T_5 ;
    %pushi/vec4 0, 0, 1;
    %store/vec4 v000002a5b1f8eea0_0, 0, 1;
T_5.0 ;
    %delay 500, 0;
    %load/vec4 v000002a5b1f8eea0_0;
    %inv;
    %store/vec4 v000002a5b1f8eea0_0, 0, 1;
    %jmp T_5.0;
    %end;
    .thread T_5;
    .scope S_000002a5b1f0a9c0;
T_6 ;
    %fork t_1, S_000002a5b1f0ab50;
    %jmp t_0;
    .scope S_000002a5b1f0ab50;
t_1 ;
    %pushi/vec4 0, 0, 32;
    %store/vec4 v000002a5b1f2fb30_0, 0, 32;
T_6.0 ;
    %load/vec4 v000002a5b1f2fb30_0;
    %cmpi/s 3, 0, 32;
    %jmp/0xz T_6.1, 5;
    %fork TD_testbench.reset, S_000002a5b1e4ec20;
    %join;
    %fork t_3, S_000002a5b1e4ea90;
    %jmp t_2;
    .scope S_000002a5b1e4ea90;
t_3 ;
    %pushi/vec4 0, 0, 32;
    %store/vec4 v000002a5b1f2f810_0, 0, 32;
T_6.2 ;
    %load/vec4 v000002a5b1f2f810_0;
    %cmpi/s 16, 0, 32;
    %jmp/0xz T_6.3, 5;
    %ix/getv/s 4, v000002a5b1f2fb30_0;
    %load/vec4a v000002a5b1f8dbe0, 4;
    %load/vec4 v000002a5b1f2f810_0;
    %part/s 1;
    %assign/vec4 v000002a5b1f8e400_0, 0;
    %ix/getv/s 4, v000002a5b1f2fb30_0;
    %load/vec4a v000002a5b1f8eb80, 4;
    %load/vec4 v000002a5b1f2f810_0;
    %part/s 1;
    %assign/vec4 v000002a5b1f8ecc0_0, 0;
    %wait E_000002a5b1f369b0;
    %load/vec4 v000002a5b1f8e900_0;
    %load/vec4 v000002a5b1f8dd20_0;
    %concat/vec4; draw_concat_vec4
    %load/vec4 v000002a5b1f8e5e0_0;
    %concat/vec4; draw_concat_vec4
    %ix/getv/s 4, v000002a5b1f2fb30_0;
    %load/vec4a v000002a5b1f8f260, 4;
    %load/vec4 v000002a5b1f2f810_0;
    %part/s 1;
    %ix/getv/s 4, v000002a5b1f2fb30_0;
    %load/vec4a v000002a5b1f8eae0, 4;
    %load/vec4 v000002a5b1f2f810_0;
    %part/s 1;
    %concat/vec4; draw_concat_vec4
    %ix/getv/s 4, v000002a5b1f2fb30_0;
    %load/vec4a v000002a5b1f8ef40, 4;
    %load/vec4 v000002a5b1f2f810_0;
    %part/s 1;
    %concat/vec4; draw_concat_vec4
    %cmp/ne;
    %jmp/0xz  T_6.4, 6;
    %vpi_call/w 3 123 "$display", "FAIL %s", "testbench.sv" {0 0 0};
    %vpi_func/s 3 125 "$sformatf", "j:%0d", v000002a5b1f2f810_0 {0 0 0};
    %vpi_func/s 3 125 "$sformatf", "a:%b", v000002a5b1f8e400_0 {0 0 0};
    %vpi_func/s 3 125 "$sformatf", "b:%b", v000002a5b1f8ecc0_0 {0 0 0};
    %vpi_call/w 3 124 "$display", "++ INPUT    => {%s, %s, %s}", S<2,str>, S<1,str>, S<0,str> {0 0 3};
    %vpi_func/s 3 127 "$sformatf", "scl_less:%b", v000002a5b1f8e900_0 {0 0 0};
    %vpi_func/s 3 127 "$sformatf", "scl_eq:%b", v000002a5b1f8dd20_0 {0 0 0};
    %vpi_func/s 3 127 "$sformatf", "scl_greater:%b", v000002a5b1f8e5e0_0 {0 0 0};
    %ix/getv/s 4, v000002a5b1f2fb30_0;
    %load/vec4a v000002a5b1f8f260, 4;
    %load/vec4 v000002a5b1f2f810_0;
    %part/s 1;
    %vpi_func/s 3 128 "$sformatf", "seq_scl_less[i][j]:%b", S<0,vec4,u1> {1 0 0};
    %ix/getv/s 4, v000002a5b1f2fb30_0;
    %load/vec4a v000002a5b1f8eae0, 4;
    %load/vec4 v000002a5b1f2f810_0;
    %part/s 1;
    %vpi_func/s 3 128 "$sformatf", "seq_scl_eq[i][j]:%b", S<0,vec4,u1> {1 0 0};
    %ix/getv/s 4, v000002a5b1f2fb30_0;
    %load/vec4a v000002a5b1f8ef40, 4;
    %load/vec4 v000002a5b1f2f810_0;
    %part/s 1;
    %vpi_func/s 3 128 "$sformatf", "seq_scl_greater[i][j]:%b", S<0,vec4,u1> {1 0 0};
    %vpi_call/w 3 126 "$display", "++ TEST     => {%s, %s, %s} != {%s, %s, %s}", S<5,str>, S<4,str>, S<3,str>, S<2,str>, S<1,str>, S<0,str> {0 0 6};
    %vpi_call/w 3 129 "$fatal", 32'sb00000000000000000000000000000001, "(ERROR: This shouldn't fail!) Test Failed" {0 0 0};
T_6.4 ;
    %load/vec4 v000002a5b1f8e720_0;
    %load/vec4 v000002a5b1f8d960_0;
    %concat/vec4; draw_concat_vec4
    %load/vec4 v000002a5b1f8f080_0;
    %concat/vec4; draw_concat_vec4
    %ix/getv/s 4, v000002a5b1f2fb30_0;
    %load/vec4a v000002a5b1f8db40, 4;
    %load/vec4 v000002a5b1f2f810_0;
    %part/s 1;
    %ix/getv/s 4, v000002a5b1f2fb30_0;
    %load/vec4a v000002a5b1f8ea40, 4;
    %load/vec4 v000002a5b1f2f810_0;
    %part/s 1;
    %concat/vec4; draw_concat_vec4
    %ix/getv/s 4, v000002a5b1f2fb30_0;
    %load/vec4a v000002a5b1f8d820, 4;
    %load/vec4 v000002a5b1f2f810_0;
    %part/s 1;
    %concat/vec4; draw_concat_vec4
    %cmp/ne;
    %jmp/0xz  T_6.6, 6;
    %vpi_call/w 3 134 "$display", "FAIL %s", "testbench.sv" {0 0 0};
    %vpi_func/s 3 136 "$sformatf", "j:%0d", v000002a5b1f2f810_0 {0 0 0};
    %vpi_func/s 3 136 "$sformatf", "a:%b", v000002a5b1f8e400_0 {0 0 0};
    %vpi_func/s 3 136 "$sformatf", "b:%b", v000002a5b1f8ecc0_0 {0 0 0};
    %vpi_call/w 3 135 "$display", "++ INPUT    => {%s, %s, %s}", S<2,str>, S<1,str>, S<0,str> {0 0 3};
    %vpi_func/s 3 138 "$sformatf", "scm_less:%b", v000002a5b1f8e720_0 {0 0 0};
    %vpi_func/s 3 138 "$sformatf", "scm_eq:%b", v000002a5b1f8d960_0 {0 0 0};
    %vpi_func/s 3 138 "$sformatf", "scm_greater:%b", v000002a5b1f8f080_0 {0 0 0};
    %ix/getv/s 4, v000002a5b1f2fb30_0;
    %load/vec4a v000002a5b1f8db40, 4;
    %load/vec4 v000002a5b1f2f810_0;
    %part/s 1;
    %vpi_func/s 3 139 "$sformatf", "seq_scm_less[i][j]:%b", S<0,vec4,u1> {1 0 0};
    %ix/getv/s 4, v000002a5b1f2fb30_0;
    %load/vec4a v000002a5b1f8ea40, 4;
    %load/vec4 v000002a5b1f2f810_0;
    %part/s 1;
    %vpi_func/s 3 139 "$sformatf", "seq_scm_eq[i][j]:%b", S<0,vec4,u1> {1 0 0};
    %ix/getv/s 4, v000002a5b1f2fb30_0;
    %load/vec4a v000002a5b1f8d820, 4;
    %load/vec4 v000002a5b1f2f810_0;
    %part/s 1;
    %vpi_func/s 3 139 "$sformatf", "seq_scm_greater[i][j]:%b", S<0,vec4,u1> {1 0 0};
    %vpi_call/w 3 137 "$display", "++ TEST     => {%s, %s, %s} != {%s, %s, %s}", S<5,str>, S<4,str>, S<3,str>, S<2,str>, S<1,str>, S<0,str> {0 0 6};
    %vpi_call/w 3 140 "$finish", 32'sb00000000000000000000000000000001 {0 0 0};
T_6.6 ;
    ; show_stmt_assign_vector: Get l-value for compressed += operand
    %load/vec4 v000002a5b1f2f810_0;
    %pushi/vec4 1, 0, 32;
    %add;
    %cast2;
    %store/vec4 v000002a5b1f2f810_0, 0, 32;
    %jmp T_6.2;
T_6.3 ;
    %end;
    .scope S_000002a5b1f0ab50;
t_2 %join;
    ; show_stmt_assign_vector: Get l-value for compressed += operand
    %load/vec4 v000002a5b1f2fb30_0;
    %pushi/vec4 1, 0, 32;
    %add;
    %cast2;
    %store/vec4 v000002a5b1f2fb30_0, 0, 32;
    %jmp T_6.0;
T_6.1 ;
    %end;
    .scope S_000002a5b1f0a9c0;
t_0 %join;
    %vpi_call/w 3 145 "$display", "PASS %s", "testbench.sv" {0 0 0};
    %vpi_call/w 3 146 "$finish" {0 0 0};
    %end;
    .thread T_6;
# The file index is used to find the file name in the following table.
:file_names 5;
    "N/A";
    "<interactive>";
    "-";
    "testbench.sv";
    "05_02_serial_comparator_most_significant_first_using_fsm.sv";
