#! /c/Source/iverilog-install/bin/vvp
:ivl_version "12.0 (devel)" "(s20150603-1539-g2693dd32b)";
:ivl_delay_selection "TYPICAL";
:vpi_time_precision + 0;
:vpi_module "C:\iverilog\lib\ivl\system.vpi";
:vpi_module "C:\iverilog\lib\ivl\vhdl_sys.vpi";
:vpi_module "C:\iverilog\lib\ivl\vhdl_textio.vpi";
:vpi_module "C:\iverilog\lib\ivl\v2005_math.vpi";
:vpi_module "C:\iverilog\lib\ivl\va_math.vpi";
:vpi_module "C:\iverilog\lib\ivl\v2009.vpi";
S_00000265499df0f0 .scope package, "$unit" "$unit" 2 1;
 .timescale 0 0;
S_00000265499d9410 .scope module, "testbench" "testbench" 3 1;
 .timescale 0 0;
P_00000265499dfca0 .param/l "width" 0 3 3, +C4<00000000000000000000000000001000>;
v00000265499fe930_0 .var "clk", 0 0;
v00000265499fe9d0_0 .var "comparison_moment", 0 0;
v00000265499fe7f0_0 .var/2u "cycle", 31 0;
v00000265499fe610_0 .var "down_cnt", 32 0;
v00000265499fe570_0 .net "down_data", 15 0, L_0000026549a51ff0;  1 drivers
v00000265499fe6b0_0 .var "down_data_compared", 15 0;
v00000265499fea70_0 .var "down_data_expected", 15 0;
v00000265499fe750_0 .net "down_vld", 0 0, L_00000265499dad10;  1 drivers
v00000265499feb10_0 .var "n_cycles", 32 0;
v00000265499fec50_0 .var/queue "queue", 8;
v00000265499fed90_0 .var "rst", 0 0;
v00000265499feed0_0 .var "up_cnt", 32 0;
v0000026549a51730_0 .var "up_data", 7 0;
v0000026549a52c70_0 .var "up_vld", 0 0;
v0000026549a52950_0 .var "was_reset", 0 0;
S_000002654992bb70 .scope begin, "$ivl_for_loop0" "$ivl_for_loop0" 3 204, 3 204 0, S_00000265499d9410;
 .timescale 0 0;
v00000265499fe250_0 .var/2s "i", 31 0;
S_00000265499b2830 .scope module, "dut" "gearbox_1_to_2" 3 25, 4 5 0, S_00000265499d9410;
 .timescale 0 0;
    .port_info 0 /INPUT 1 "clk";
    .port_info 1 /INPUT 1 "rst";
    .port_info 2 /INPUT 1 "up_vld";
    .port_info 3 /INPUT 8 "up_data";
    .port_info 4 /OUTPUT 1 "down_vld";
    .port_info 5 /OUTPUT 16 "down_data";
P_00000265499dfce0 .param/l "width" 0 4 7, +C4<00000000000000000000000000001000>;
L_00000265499dad10 .functor AND 1, v00000265499fee30_0, v0000026549a52c70_0, C4<1>, C4<1>;
L_00000265499db5d0 .functor AND 1, v0000026549a52c70_0, L_00000265499dad10, C4<1>, C4<1>;
v00000265499fe2f0_0 .net *"_ivl_4", 0 0, L_00000265499db5d0;  1 drivers
v00000265499fe110_0 .net *"_ivl_6", 15 0, L_0000026549a512d0;  1 drivers
L_0000026549a530b8 .functor BUFT 1, C4<0000000000000000>, C4<0>, C4<0>, C4<0>;
v00000265499fe890_0 .net/2u *"_ivl_8", 15 0, L_0000026549a530b8;  1 drivers
v00000265499fecf0_0 .net "clk", 0 0, v00000265499fe930_0;  1 drivers
v00000265499fe070_0 .net "down_data", 15 0, L_0000026549a51ff0;  alias, 1 drivers
v00000265499fe1b0_0 .net "down_vld", 0 0, L_00000265499dad10;  alias, 1 drivers
v00000265499febb0_0 .net "rst", 0 0, v00000265499fed90_0;  1 drivers
v00000265499fe4d0_0 .var "save", 7 0;
v00000265499fee30_0 .var "save_vld", 0 0;
v00000265499fe390_0 .net "up_data", 7 0, v0000026549a51730_0;  1 drivers
v00000265499fdfd0_0 .net "up_vld", 0 0, v0000026549a52c70_0;  1 drivers
v00000265499fe430_0 .net "valid", 1 0, L_0000026549a528b0;  1 drivers
E_00000265499e02e0 .event posedge, v00000265499fecf0_0;
L_0000026549a528b0 .concat [ 1 1 0 0], L_00000265499dad10, v0000026549a52c70_0;
L_0000026549a512d0 .concat [ 8 8 0 0], v0000026549a51730_0, v00000265499fe4d0_0;
L_0000026549a51ff0 .functor MUXZ 16, L_0000026549a530b8, L_0000026549a512d0, L_00000265499db5d0, C4<>;
    .scope S_00000265499b2830;
T_0 ;
    %wait E_00000265499e02e0;
    %load/vec4 v00000265499febb0_0;
    %flag_set/vec4 8;
    %jmp/0xz  T_0.0, 8;
    %pushi/vec4 0, 0, 1;
    %assign/vec4 v00000265499fee30_0, 0;
    %jmp T_0.1;
T_0.0 ;
    %load/vec4 v00000265499fdfd0_0;
    %flag_set/vec4 8;
    %jmp/0 T_0.2, 8;
    %load/vec4 v00000265499fee30_0;
    %inv;
    %jmp/1 T_0.3, 8;
T_0.2 ; End of true expr.
    %load/vec4 v00000265499fee30_0;
    %jmp/0 T_0.3, 8;
 ; End of false expr.
    %blend;
T_0.3;
    %assign/vec4 v00000265499fee30_0, 0;
T_0.1 ;
    %jmp T_0;
    .thread T_0;
    .scope S_00000265499b2830;
T_1 ;
    %wait E_00000265499e02e0;
    %load/vec4 v00000265499febb0_0;
    %flag_set/vec4 8;
    %jmp/0xz  T_1.0, 8;
    %pushi/vec4 0, 0, 8;
    %assign/vec4 v00000265499fe4d0_0, 0;
    %jmp T_1.1;
T_1.0 ;
    %load/vec4 v00000265499fe430_0;
    %dup/vec4;
    %pushi/vec4 0, 0, 2;
    %cmp/u;
    %jmp/1 T_1.2, 6;
    %dup/vec4;
    %pushi/vec4 1, 0, 2;
    %cmp/u;
    %jmp/1 T_1.3, 6;
    %dup/vec4;
    %pushi/vec4 2, 0, 2;
    %cmp/u;
    %jmp/1 T_1.4, 6;
    %dup/vec4;
    %pushi/vec4 3, 0, 2;
    %cmp/u;
    %jmp/1 T_1.5, 6;
    %jmp T_1.6;
T_1.2 ;
    %load/vec4 v00000265499fe4d0_0;
    %assign/vec4 v00000265499fe4d0_0, 0;
    %jmp T_1.6;
T_1.3 ;
    %pushi/vec4 0, 0, 8;
    %assign/vec4 v00000265499fe4d0_0, 0;
    %jmp T_1.6;
T_1.4 ;
    %load/vec4 v00000265499fe390_0;
    %assign/vec4 v00000265499fe4d0_0, 0;
    %jmp T_1.6;
T_1.5 ;
    %pushi/vec4 0, 0, 8;
    %assign/vec4 v00000265499fe4d0_0, 0;
    %jmp T_1.6;
T_1.6 ;
    %pop/vec4 1;
T_1.1 ;
    %jmp T_1;
    .thread T_1;
    .scope S_00000265499d9410;
T_2 ;
    %pushi/vec4 0, 0, 32;
    %store/vec4 v00000265499fe7f0_0, 0, 32;
    %pushi/vec4 0, 0, 1;
    %store/vec4 v0000026549a52950_0, 0, 1;
    %end;
    .thread T_2, $init;
    .scope S_00000265499d9410;
T_3 ;
    %pushi/vec4 1, 0, 1;
    %store/vec4 v00000265499fe930_0, 0, 1;
T_3.0 ;
    %delay 5, 0;
    %load/vec4 v00000265499fe930_0;
    %inv;
    %store/vec4 v00000265499fe930_0, 0, 1;
    %jmp T_3.0;
    %end;
    .thread T_3;
    .scope S_00000265499d9410;
T_4 ;
    %pushi/vec4 10000, 0, 32;
T_4.0 %dup/vec4;
    %pushi/vec4 0, 0, 32;
    %cmp/s;
    %jmp/1xz T_4.1, 5;
    %jmp/1 T_4.1, 4;
    %pushi/vec4 1, 0, 32;
    %sub;
    %wait E_00000265499e02e0;
    %jmp T_4.0;
T_4.1 ;
    %pop/vec4 1;
    %vpi_call/w 3 39 "$display", "FAIL %s: timeout!", "testbench.sv" {0 0 0};
    %vpi_call/w 3 40 "$finish" {0 0 0};
    %end;
    .thread T_4;
    .scope S_00000265499d9410;
T_5 ;
    %pushi/vec4 0, 0, 1;
    %assign/vec4 v0000026549a52c70_0, 0;
    %pushi/vec4 3, 0, 32;
T_5.0 %dup/vec4;
    %pushi/vec4 0, 0, 32;
    %cmp/s;
    %jmp/1xz T_5.1, 5;
    %jmp/1 T_5.1, 4;
    %pushi/vec4 1, 0, 32;
    %sub;
    %wait E_00000265499e02e0;
    %jmp T_5.0;
T_5.1 ;
    %pop/vec4 1;
    %pushi/vec4 1, 0, 1;
    %assign/vec4 v00000265499fed90_0, 0;
    %pushi/vec4 3, 0, 32;
T_5.2 %dup/vec4;
    %pushi/vec4 0, 0, 32;
    %cmp/s;
    %jmp/1xz T_5.3, 5;
    %jmp/1 T_5.3, 4;
    %pushi/vec4 1, 0, 32;
    %sub;
    %wait E_00000265499e02e0;
    %jmp T_5.2;
T_5.3 ;
    %pop/vec4 1;
    %pushi/vec4 0, 0, 1;
    %assign/vec4 v00000265499fed90_0, 0;
    %vpi_call/w 3 70 "$display", "*** Run back-to-back" {0 0 0};
    %pushi/vec4 1, 0, 1;
    %assign/vec4 v0000026549a52c70_0, 0;
    %pushi/vec4 10, 0, 32;
T_5.4 %dup/vec4;
    %pushi/vec4 0, 0, 32;
    %cmp/s;
    %jmp/1xz T_5.5, 5;
    %jmp/1 T_5.5, 4;
    %pushi/vec4 1, 0, 32;
    %sub;
    %wait E_00000265499e02e0;
    %jmp T_5.4;
T_5.5 ;
    %pop/vec4 1;
    %pushi/vec4 0, 0, 1;
    %assign/vec4 v0000026549a52c70_0, 0;
    %wait E_00000265499e02e0;
    %vpi_call/w 3 80 "$display", "*** Random up_vld" {0 0 0};
    %pushi/vec4 50, 0, 32;
T_5.6 %dup/vec4;
    %pushi/vec4 0, 0, 32;
    %cmp/s;
    %jmp/1xz T_5.7, 5;
    %jmp/1 T_5.7, 4;
    %pushi/vec4 1, 0, 32;
    %sub;
    %pushi/vec4 1, 0, 1;
    %assign/vec4 v0000026549a52c70_0, 0;
    %wait E_00000265499e02e0;
    %pushi/vec4 0, 0, 1;
    %assign/vec4 v0000026549a52c70_0, 0;
    %vpi_func 3 90 "$urandom_range" 32, 32'sb00000000000000000000000000000001, 32'sb00000000000000000000000000000010 {0 0 0};
T_5.8 %dup/vec4;
    %pushi/vec4 0, 0, 32;
    %cmp/u;
    %jmp/1 T_5.9, 4;
    %pushi/vec4 1, 0, 32;
    %sub;
    %wait E_00000265499e02e0;
    %jmp T_5.8;
T_5.9 ;
    %pop/vec4 1;
    %jmp T_5.6;
T_5.7 ;
    %pop/vec4 1;
    %pushi/vec4 0, 0, 1;
    %assign/vec4 v0000026549a52c70_0, 0;
    %pushi/vec4 10, 0, 32;
T_5.10 %dup/vec4;
    %pushi/vec4 0, 0, 32;
    %cmp/s;
    %jmp/1xz T_5.11, 5;
    %jmp/1 T_5.11, 4;
    %pushi/vec4 1, 0, 32;
    %sub;
    %wait E_00000265499e02e0;
    %jmp T_5.10;
T_5.11 ;
    %pop/vec4 1;
    %vpi_call/w 3 99 "$finish" {0 0 0};
    %end;
    .thread T_5;
    .scope S_00000265499d9410;
T_6 ;
    %wait E_00000265499e02e0;
    %load/vec4 v00000265499fed90_0;
    %flag_set/vec4 8;
    %jmp/0xz  T_6.0, 8;
    %pushi/vec4 65, 0, 8; draw_string_vec4
    %assign/vec4 v0000026549a51730_0, 0;
    %jmp T_6.1;
T_6.0 ;
    %load/vec4 v0000026549a52c70_0;
    %flag_set/vec4 8;
    %jmp/0xz  T_6.2, 8;
    %vpi_func 3 109 "$urandom_range" 32, "A", "Z" {0 0 0};
    %pad/u 8;
    %assign/vec4 v0000026549a51730_0, 0;
T_6.2 ;
T_6.1 ;
    %jmp T_6;
    .thread T_6;
    .scope S_00000265499d9410;
T_7 ;
    %wait E_00000265499e02e0;
    %load/vec4 v00000265499fe7f0_0;
    %dup/vec4;
    %pushi/vec4 1, 0, 32;
    %add;
    %store/vec4 v00000265499fe7f0_0, 0, 32;
    %vpi_call/w 3 118 "$write", "time %7d cycle %5d", $time, S<0,vec4,u32> {1 0 0};
    %load/vec4 v00000265499fed90_0;
    %flag_set/vec4 8;
    %jmp/0xz  T_7.0, 8;
    %vpi_call/w 3 120 "$write", " rst" {0 0 0};
    %jmp T_7.1;
T_7.0 ;
    %vpi_call/w 3 120 "$write", "    " {0 0 0};
T_7.1 ;
    %load/vec4 v0000026549a52c70_0;
    %flag_set/vec4 8;
    %jmp/0xz  T_7.2, 8;
    %vpi_call/w 3 122 "$write", " up_vld" {0 0 0};
    %jmp T_7.3;
T_7.2 ;
    %vpi_call/w 3 122 "$write", "       " {0 0 0};
T_7.3 ;
    %load/vec4 v0000026549a52c70_0;
    %flag_set/vec4 8;
    %jmp/0xz  T_7.4, 8;
    %vpi_call/w 3 125 "$write", " %s", v0000026549a51730_0 {0 0 0};
    %jmp T_7.5;
T_7.4 ;
    %vpi_call/w 3 127 "$write", "  " {0 0 0};
T_7.5 ;
    %load/vec4 v00000265499fe750_0;
    %flag_set/vec4 8;
    %jmp/0xz  T_7.6, 8;
    %vpi_call/w 3 129 "$write", " down_vld" {0 0 0};
    %jmp T_7.7;
T_7.6 ;
    %vpi_call/w 3 129 "$write", "         " {0 0 0};
T_7.7 ;
    %load/vec4 v00000265499fe750_0;
    %flag_set/vec4 8;
    %jmp/0xz  T_7.8, 8;
    %vpi_call/w 3 132 "$write", " %s", v00000265499fe570_0 {0 0 0};
    %jmp T_7.9;
T_7.8 ;
    %vpi_call/w 3 134 "$write", "   " {0 0 0};
T_7.9 ;
    %vpi_call/w 3 136 "$display" {0 0 0};
    %jmp T_7;
    .thread T_7;
    .scope S_00000265499d9410;
T_8 ;
    %wait E_00000265499e02e0;
    %pushi/vec4 0, 0, 1;
    %store/vec4 v00000265499fe9d0_0, 0, 1;
    %load/vec4 v00000265499fed90_0;
    %flag_set/vec4 8;
    %jmp/0xz  T_8.0, 8;
    %ix/load 4, 0, 0;
    %null;
    %store/obj v00000265499fec50_0;
    %pushi/vec4 1, 0, 1;
    %store/vec4 v0000026549a52950_0, 0, 1;
    %jmp T_8.1;
T_8.0 ;
    %load/vec4 v0000026549a52950_0;
    %flag_set/vec4 8;
    %jmp/0xz  T_8.2, 8;
    %load/vec4 v0000026549a52c70_0;
    %flag_set/vec4 8;
    %jmp/0xz  T_8.4, 8;
    %ix/load 4, 0, 0;
    %load/vec4 v0000026549a51730_0;
    %store/qb/v v00000265499fec50_0, 4, 8;
T_8.4 ;
    %load/vec4 v00000265499fe750_0;
    %flag_set/vec4 8;
    %jmp/0xz  T_8.6, 8;
    %vpi_func 3 168 "$size" 32, v00000265499fec50_0 {0 0 0};
    %cmpi/s 2, 0, 32;
    %jmp/0xz  T_8.8, 5;
    %vpi_call/w 3 170 "$display", "FAIL %s: unexpected downstream data %s", "testbench.sv", v00000265499fe570_0 {0 0 0};
    %jmp T_8.9;
T_8.8 ;
    %ix/load 3, 0, 0;
    %flag_set/imm 4, 0;
    %load/dar/vec4 v00000265499fec50_0;
    %ix/load 3, 1, 0;
    %flag_set/imm 4, 0;
    %load/dar/vec4 v00000265499fec50_0;
    %concat/vec4; draw_concat_vec4
    %store/vec4 v00000265499fea70_0, 0, 16;
    %ix/load 3, 0, 0;
    %flag_set/imm 4, 0;
    %delete/elem v00000265499fec50_0;
    %ix/load 3, 0, 0;
    %flag_set/imm 4, 0;
    %delete/elem v00000265499fec50_0;
    %load/vec4 v00000265499fe570_0;
    %load/vec4 v00000265499fea70_0;
    %cmp/ne;
    %jmp/0xz  T_8.10, 6;
    %vpi_call/w 3 184 "$display", "FAIL %s: downstream data mismatch. Expected %s, actual %s", "testbench.sv", v00000265499fea70_0, v00000265499fe570_0 {0 0 0};
T_8.10 ;
    %pushi/vec4 1, 0, 1;
    %assign/vec4 v00000265499fe9d0_0, 0;
    %load/vec4 v00000265499fe570_0;
    %assign/vec4 v00000265499fe6b0_0, 0;
T_8.9 ;
T_8.6 ;
T_8.2 ;
T_8.1 ;
    %jmp T_8;
    .thread T_8;
    .scope S_00000265499d9410;
T_9 ;
    %vpi_func 3 200 "$size" 32, v00000265499fec50_0 {0 0 0};
    %cmpi/ne 0, 0, 32;
    %jmp/0xz  T_9.0, 4;
    %vpi_call/w 3 202 "$write", "FAIL %s: data is left sitting in the model queue:", "testbench.sv" {0 0 0};
    %fork t_1, S_000002654992bb70;
    %jmp t_0;
    .scope S_000002654992bb70;
t_1 ;
    %pushi/vec4 0, 0, 32;
    %store/vec4 v00000265499fe250_0, 0, 32;
T_9.2 ;
    %load/vec4 v00000265499fe250_0;
    %vpi_func 3 204 "$size" 32, v00000265499fec50_0 {0 0 0};
    %cmp/s;
    %jmp/0xz T_9.3, 5;
    %vpi_func 3 205 "$size" 32, v00000265499fec50_0 {0 0 0};
    %load/vec4 v00000265499fe250_0;
    %sub;
    %subi 1, 0, 32;
    %ix/vec4/s 3;
    %load/dar/vec4 v00000265499fec50_0;
    %vpi_call/w 3 205 "$write", " %s", S<0,vec4,u8> {1 0 0};
    ; show_stmt_assign_vector: Get l-value for compressed += operand
    %load/vec4 v00000265499fe250_0;
    %pushi/vec4 1, 0, 32;
    %add;
    %cast2;
    %store/vec4 v00000265499fe250_0, 0, 32;
    %jmp T_9.2;
T_9.3 ;
    %end;
    .scope S_00000265499d9410;
t_0 %join;
    %vpi_call/w 3 207 "$display" {0 0 0};
    %jmp T_9.1;
T_9.0 ;
    %vpi_call/w 3 211 "$display" {0 0 0};
    %vpi_call/w 3 212 "$display", "PASS %s", "testbench.sv" {0 0 0};
T_9.1 ;
    %end;
    .thread T_9, $final;
    .scope S_00000265499d9410;
T_10 ;
    %wait E_00000265499e02e0;
    %load/vec4 v00000265499fed90_0;
    %flag_set/vec4 8;
    %jmp/0xz  T_10.0, 8;
    %pushi/vec4 0, 0, 33;
    %assign/vec4 v00000265499feb10_0, 0;
    %pushi/vec4 0, 0, 33;
    %assign/vec4 v00000265499feed0_0, 0;
    %pushi/vec4 0, 0, 33;
    %assign/vec4 v00000265499fe610_0, 0;
    %jmp T_10.1;
T_10.0 ;
    %load/vec4 v00000265499feb10_0;
    %addi 1, 0, 33;
    %assign/vec4 v00000265499feb10_0, 0;
    %load/vec4 v0000026549a52c70_0;
    %flag_set/vec4 8;
    %jmp/0xz  T_10.2, 8;
    %load/vec4 v00000265499feed0_0;
    %addi 1, 0, 33;
    %assign/vec4 v00000265499feed0_0, 0;
T_10.2 ;
    %load/vec4 v00000265499fe750_0;
    %flag_set/vec4 8;
    %jmp/0xz  T_10.4, 8;
    %load/vec4 v00000265499fe610_0;
    %addi 1, 0, 33;
    %assign/vec4 v00000265499fe610_0, 0;
T_10.4 ;
T_10.1 ;
    %jmp T_10;
    .thread T_10;
    .scope S_00000265499d9410;
T_11 ;
    %vpi_call/w 3 242 "$display", "\012\012INFO %s: Number of transfers : up %0d down %0d per %0d cycles", "testbench.sv", v00000265499feed0_0, v00000265499fe610_0, v00000265499feb10_0 {0 0 0};
    %end;
    .thread T_11, $final;
# The file index is used to find the file name in the following table.
:file_names 5;
    "N/A";
    "<interactive>";
    "-";
    "testbench.sv";
    "04_04_gearbox_1_to_2.sv";
