#! /c/Source/iverilog-install/bin/vvp
:ivl_version "12.0 (devel)" "(s20150603-1539-g2693dd32b)";
:ivl_delay_selection "TYPICAL";
:vpi_time_precision + 0;
:vpi_module "C:\iverilog\lib\ivl\system.vpi";
:vpi_module "C:\iverilog\lib\ivl\vhdl_sys.vpi";
:vpi_module "C:\iverilog\lib\ivl\vhdl_textio.vpi";
:vpi_module "C:\iverilog\lib\ivl\v2005_math.vpi";
:vpi_module "C:\iverilog\lib\ivl\va_math.vpi";
:vpi_module "C:\iverilog\lib\ivl\v2009.vpi";
S_00000287093e4090 .scope package, "$unit" "$unit" 2 1;
 .timescale 0 0;
S_00000287093e2e00 .scope module, "testbench" "testbench" 3 5;
 .timescale 0 0;
P_00000287093e2f90 .param/l "depth" 0 3 7, +C4<00000000000000000000000000000100>;
P_00000287093e2fc8 .param/l "max_transfers" 1 3 218, +C4<00000000000000000000000001100100>;
P_00000287093e3000 .param/l "width" 0 3 7, +C4<00000000000000000000000000000100>;
v0000028709489a40_0 .var "a_count", 32 0;
v0000028709488280_0 .var "a_data", 3 0;
v0000028709488960_0 .var/queue "a_queue", 4;
v0000028709489540_0 .net "a_ready", 0 0, L_0000028709420290;  1 drivers
v0000028709489ea0_0 .var "a_valid", 0 0;
v0000028709489d60_0 .var "b_count", 32 0;
v0000028709488fa0_0 .var "b_data", 3 0;
v0000028709488a00_0 .var/queue "b_queue", 4;
v00000287094883c0_0 .net "b_ready", 0 0, L_000002870941fd50;  1 drivers
v0000028709488000_0 .var "b_valid", 0 0;
v0000028709488320_0 .var "clk", 0 0;
v0000028709489c20_0 .var/2u "cycle", 31 0;
v0000028709489680_0 .var "n_cycles", 32 0;
v0000028709489b80_0 .var "rst", 0 0;
v0000028709488460_0 .var "sum_count", 32 0;
v0000028709488140_0 .net "sum_data", 3 0, v000002870941c9d0_0;  1 drivers
v0000028709489400_0 .var "sum_data_expected", 3 0;
v0000028709488500_0 .var "sum_ready", 0 0;
v0000028709488dc0_0 .net "sum_valid", 0 0, v000002870941c610_0;  1 drivers
v00000287094885a0_0 .var "was_reset", 0 0;
S_00000287093fa170 .scope begin, "$ivl_for_loop0" "$ivl_for_loop0" 3 164, 3 164 0, S_00000287093e2e00;
 .timescale 0 0;
v000002870941c430_0 .var/2s "i", 31 0;
S_00000287093fa300 .scope begin, "$ivl_for_loop1" "$ivl_for_loop1" 3 174, 3 174 0, S_00000287093e2e00;
 .timescale 0 0;
v000002870941c750_0 .var/2s "i", 31 0;
S_00000287093eca80 .scope module, "dut" "a_plus_b_using_fifos_and_double_buffer" 3 39, 4 1 0, S_00000287093e2e00;
 .timescale 0 0;
    .port_info 0 /INPUT 1 "clk";
    .port_info 1 /INPUT 1 "rst";
    .port_info 2 /INPUT 1 "a_valid";
    .port_info 3 /OUTPUT 1 "a_ready";
    .port_info 4 /INPUT 4 "a_data";
    .port_info 5 /INPUT 1 "b_valid";
    .port_info 6 /OUTPUT 1 "b_ready";
    .port_info 7 /INPUT 4 "b_data";
    .port_info 8 /OUTPUT 1 "sum_valid";
    .port_info 9 /INPUT 1 "sum_ready";
    .port_info 10 /OUTPUT 4 "sum_data";
P_000002870940f840 .param/l "depth" 0 4 3, +C4<00000000000000000000000000000100>;
P_000002870940f878 .param/l "width" 0 4 3, +C4<00000000000000000000000000000100>;
L_0000028709420290 .functor NOT 1, L_0000028709488c80, C4<0>, C4<0>, C4<0>;
L_000002870941fdc0 .functor AND 1, v0000028709489ea0_0, L_0000028709420290, C4<1>, C4<1>;
L_000002870941fb90 .functor BUFZ 4, v0000028709488280_0, C4<0000>, C4<0000>, C4<0000>;
L_000002870941fd50 .functor NOT 1, L_00000287094881e0, C4<0>, C4<0>, C4<0>;
L_000002870941ff10 .functor AND 1, v0000028709488000_0, L_000002870941fd50, C4<1>, C4<1>;
L_0000028709420300 .functor BUFZ 4, v0000028709488fa0_0, C4<0000>, C4<0000>, C4<0000>;
L_0000028709420370 .functor NOT 1, L_0000028709488e60, C4<0>, C4<0>, C4<0>;
L_00000287094203e0 .functor NOT 1, L_0000028709489cc0, C4<0>, C4<0>, C4<0>;
L_0000028709420450 .functor AND 1, L_0000028709420370, L_00000287094203e0, C4<1>, C4<1>;
L_0000028709420610 .functor AND 1, L_0000028709420450, v000002870941c2f0_0, C4<1>, C4<1>;
L_0000028709420530 .functor AND 1, L_0000028709420450, v000002870941c2f0_0, C4<1>, C4<1>;
v0000028709487350_0 .net *"_ivl_12", 0 0, L_0000028709420370;  1 drivers
v00000287094877b0_0 .net *"_ivl_14", 0 0, L_00000287094203e0;  1 drivers
v0000028709487df0_0 .net "a_data", 3 0, v0000028709488280_0;  1 drivers
v0000028709486e50_0 .net "a_fifo_empty", 0 0, L_0000028709488e60;  1 drivers
v0000028709487710_0 .net "a_fifo_full", 0 0, L_0000028709488c80;  1 drivers
v0000028709486b30_0 .net "a_fifo_pop", 0 0, L_0000028709420610;  1 drivers
v00000287094864f0_0 .net "a_fifo_push", 0 0, L_000002870941fdc0;  1 drivers
v0000028709486bd0_0 .net "a_fifo_read_data", 3 0, L_000002870941f960;  1 drivers
v0000028709486590_0 .net "a_fifo_write_data", 3 0, L_000002870941fb90;  1 drivers
v00000287094868b0_0 .net "a_ready", 0 0, L_0000028709420290;  alias, 1 drivers
v00000287094866d0_0 .net "a_valid", 0 0, v0000028709489ea0_0;  1 drivers
v0000028709486770_0 .net "b_data", 3 0, v0000028709488fa0_0;  1 drivers
v0000028709486810_0 .net "b_fifo_empty", 0 0, L_0000028709489cc0;  1 drivers
v0000028709486c70_0 .net "b_fifo_full", 0 0, L_00000287094881e0;  1 drivers
v0000028709486950_0 .net "b_fifo_pop", 0 0, L_0000028709420530;  1 drivers
v00000287094869f0_0 .net "b_fifo_push", 0 0, L_000002870941ff10;  1 drivers
v0000028709486d10_0 .net "b_fifo_read_data", 3 0, L_000002870941fce0;  1 drivers
v0000028709486db0_0 .net "b_fifo_write_data", 3 0, L_0000028709420300;  1 drivers
v0000028709486ef0_0 .net "b_ready", 0 0, L_000002870941fd50;  alias, 1 drivers
v0000028709489180_0 .net "b_valid", 0 0, v0000028709488000_0;  1 drivers
v0000028709488d20_0 .net "clk", 0 0, v0000028709488320_0;  1 drivers
v00000287094880a0_0 .net "rst", 0 0, v0000028709489b80_0;  1 drivers
v0000028709489e00_0 .net "sum_data", 3 0, v000002870941c9d0_0;  alias, 1 drivers
v00000287094888c0_0 .net "sum_ready", 0 0, v0000028709488500_0;  1 drivers
v0000028709489ae0_0 .net "sum_up_data", 3 0, L_00000287094886e0;  1 drivers
v0000028709489860_0 .net "sum_up_ready", 0 0, v000002870941c2f0_0;  1 drivers
v0000028709488aa0_0 .net "sum_up_valid", 0 0, L_0000028709420450;  1 drivers
v0000028709489360_0 .net "sum_valid", 0 0, v000002870941c610_0;  alias, 1 drivers
L_00000287094886e0 .arith/sum 4, L_000002870941f960, L_000002870941fce0;
S_00000287093ecc10 .scope module, "buffer_sum" "double_buffer_from_dally_harting" 4 100, 5 8 0, S_00000287093eca80;
 .timescale 0 0;
    .port_info 0 /INPUT 1 "clk";
    .port_info 1 /INPUT 1 "rst";
    .port_info 2 /INPUT 1 "up_valid";
    .port_info 3 /OUTPUT 1 "up_ready";
    .port_info 4 /INPUT 4 "up_data";
    .port_info 5 /OUTPUT 1 "down_valid";
    .port_info 6 /INPUT 1 "down_ready";
    .port_info 7 /OUTPUT 4 "down_data";
P_000002870941ac20 .param/l "width" 0 5 10, +C4<00000000000000000000000000000100>;
v000002870941c4d0_0 .var "buf_data", 3 0;
v000002870941bfd0_0 .var "buf_valid", 0 0;
v000002870941c930_0 .net "clk", 0 0, v0000028709488320_0;  alias, 1 drivers
v000002870941c9d0_0 .var "down_data", 3 0;
v000002870941ca70_0 .net "down_ready", 0 0, v0000028709488500_0;  alias, 1 drivers
v000002870941c610_0 .var "down_valid", 0 0;
v000002870941c070_0 .net "rst", 0 0, v0000028709489b80_0;  alias, 1 drivers
v000002870941c570_0 .net "up_data", 3 0, L_00000287094886e0;  alias, 1 drivers
v000002870941c2f0_0 .var "up_ready", 0 0;
v000002870941cb10_0 .net "up_valid", 0 0, L_0000028709420450;  alias, 1 drivers
E_000002870941a620 .event posedge, v000002870941c070_0, v000002870941c930_0;
E_000002870941a120 .event posedge, v000002870941c930_0;
S_00000287093b2ce0 .scope module, "fifo_a" "flip_flop_fifo_with_counter" 4 33, 6 1 0, S_00000287093eca80;
 .timescale 0 0;
    .port_info 0 /INPUT 1 "clk";
    .port_info 1 /INPUT 1 "rst";
    .port_info 2 /INPUT 1 "push";
    .port_info 3 /INPUT 1 "pop";
    .port_info 4 /INPUT 4 "write_data";
    .port_info 5 /OUTPUT 4 "read_data";
    .port_info 6 /OUTPUT 1 "empty";
    .port_info 7 /OUTPUT 1 "full";
P_00000287093deec0 .param/l "counter_width" 1 6 19, +C4<00000000000000000000000000000011>;
P_00000287093deef8 .param/l "depth" 0 6 3, +C4<00000000000000000000000000000100>;
P_00000287093def30 .param/l "max_ptr" 1 6 21, +C4<11>;
P_00000287093def68 .param/l "pointer_width" 1 6 18, +C4<00000000000000000000000000000010>;
P_00000287093defa0 .param/l "width" 0 6 3, +C4<00000000000000000000000000000100>;
L_000002870941f960 .functor BUFZ 4, L_0000028709488640, C4<0000>, C4<0000>, C4<0000>;
v000002870941cd90_0 .net *"_ivl_0", 3 0, L_0000028709488640;  1 drivers
L_00000287094a0118 .functor BUFT 1, C4<100>, C4<0>, C4<0>, C4<0>;
v000002870941ced0_0 .net/2u *"_ivl_12", 2 0, L_00000287094a0118;  1 drivers
v000002870941c110_0 .net *"_ivl_2", 3 0, L_0000028709488b40;  1 drivers
L_00000287094a0088 .functor BUFT 1, C4<00>, C4<0>, C4<0>, C4<0>;
v0000028709487ad0_0 .net *"_ivl_5", 1 0, L_00000287094a0088;  1 drivers
L_00000287094a00d0 .functor BUFT 1, C4<000>, C4<0>, C4<0>, C4<0>;
v00000287094872b0_0 .net/2u *"_ivl_8", 2 0, L_00000287094a00d0;  1 drivers
v0000028709486130_0 .net "clk", 0 0, v0000028709488320_0;  alias, 1 drivers
v0000028709487a30_0 .var "cnt", 2 0;
v0000028709487030 .array "data", 3 0, 3 0;
v0000028709487e90_0 .net "empty", 0 0, L_0000028709488e60;  alias, 1 drivers
v0000028709487850_0 .net "full", 0 0, L_0000028709488c80;  alias, 1 drivers
v00000287094861d0_0 .net "pop", 0 0, L_0000028709420610;  alias, 1 drivers
v00000287094878f0_0 .net "push", 0 0, L_000002870941fdc0;  alias, 1 drivers
v0000028709487990_0 .var "rd_ptr", 1 0;
v0000028709486f90_0 .net "read_data", 3 0, L_000002870941f960;  alias, 1 drivers
v00000287094870d0_0 .net "rst", 0 0, v0000028709489b80_0;  alias, 1 drivers
v0000028709486270_0 .var "wr_ptr", 1 0;
v0000028709486a90_0 .net "write_data", 3 0, L_000002870941fb90;  alias, 1 drivers
L_0000028709488640 .array/port v0000028709487030, L_0000028709488b40;
L_0000028709488b40 .concat [ 2 2 0 0], v0000028709487990_0, L_00000287094a0088;
L_0000028709488e60 .cmp/eq 3, v0000028709487a30_0, L_00000287094a00d0;
L_0000028709488c80 .cmp/eq 3, v0000028709487a30_0, L_00000287094a0118;
S_00000287093b2e70 .scope module, "fifo_b" "flip_flop_fifo_with_counter" 4 64, 6 1 0, S_00000287093eca80;
 .timescale 0 0;
    .port_info 0 /INPUT 1 "clk";
    .port_info 1 /INPUT 1 "rst";
    .port_info 2 /INPUT 1 "push";
    .port_info 3 /INPUT 1 "pop";
    .port_info 4 /INPUT 4 "write_data";
    .port_info 5 /OUTPUT 4 "read_data";
    .port_info 6 /OUTPUT 1 "empty";
    .port_info 7 /OUTPUT 1 "full";
P_00000287093dfc40 .param/l "counter_width" 1 6 19, +C4<00000000000000000000000000000011>;
P_00000287093dfc78 .param/l "depth" 0 6 3, +C4<00000000000000000000000000000100>;
P_00000287093dfcb0 .param/l "max_ptr" 1 6 21, +C4<11>;
P_00000287093dfce8 .param/l "pointer_width" 1 6 18, +C4<00000000000000000000000000000010>;
P_00000287093dfd20 .param/l "width" 0 6 3, +C4<00000000000000000000000000000100>;
L_000002870941fce0 .functor BUFZ 4, L_00000287094897c0, C4<0000>, C4<0000>, C4<0000>;
v0000028709486090_0 .net *"_ivl_0", 3 0, L_00000287094897c0;  1 drivers
L_00000287094a01f0 .functor BUFT 1, C4<100>, C4<0>, C4<0>, C4<0>;
v00000287094873f0_0 .net/2u *"_ivl_12", 2 0, L_00000287094a01f0;  1 drivers
v00000287094875d0_0 .net *"_ivl_2", 3 0, L_0000028709489040;  1 drivers
L_00000287094a0160 .functor BUFT 1, C4<00>, C4<0>, C4<0>, C4<0>;
v0000028709485ff0_0 .net *"_ivl_5", 1 0, L_00000287094a0160;  1 drivers
L_00000287094a01a8 .functor BUFT 1, C4<000>, C4<0>, C4<0>, C4<0>;
v0000028709486310_0 .net/2u *"_ivl_8", 2 0, L_00000287094a01a8;  1 drivers
v0000028709486450_0 .net "clk", 0 0, v0000028709488320_0;  alias, 1 drivers
v00000287094863b0_0 .var "cnt", 2 0;
v0000028709487b70 .array "data", 3 0, 3 0;
v0000028709487c10_0 .net "empty", 0 0, L_0000028709489cc0;  alias, 1 drivers
v0000028709487490_0 .net "full", 0 0, L_00000287094881e0;  alias, 1 drivers
v0000028709487cb0_0 .net "pop", 0 0, L_0000028709420530;  alias, 1 drivers
v0000028709487530_0 .net "push", 0 0, L_000002870941ff10;  alias, 1 drivers
v0000028709487170_0 .var "rd_ptr", 1 0;
v0000028709486630_0 .net "read_data", 3 0, L_000002870941fce0;  alias, 1 drivers
v0000028709487d50_0 .net "rst", 0 0, v0000028709489b80_0;  alias, 1 drivers
v0000028709487210_0 .var "wr_ptr", 1 0;
v0000028709487670_0 .net "write_data", 3 0, L_0000028709420300;  alias, 1 drivers
L_00000287094897c0 .array/port v0000028709487b70, L_0000028709489040;
L_0000028709489040 .concat [ 2 2 0 0], v0000028709487170_0, L_00000287094a0160;
L_0000028709489cc0 .cmp/eq 3, v00000287094863b0_0, L_00000287094a01a8;
L_00000287094881e0 .cmp/eq 3, v00000287094863b0_0, L_00000287094a01f0;
    .scope S_00000287093b2ce0;
T_0 ;
    %wait E_000002870941a620;
    %load/vec4 v00000287094870d0_0;
    %flag_set/vec4 8;
    %jmp/0xz  T_0.0, 8;
    %pushi/vec4 0, 0, 2;
    %assign/vec4 v0000028709486270_0, 0;
    %jmp T_0.1;
T_0.0 ;
    %load/vec4 v00000287094878f0_0;
    %flag_set/vec4 8;
    %jmp/0xz  T_0.2, 8;
    %load/vec4 v0000028709486270_0;
    %cmpi/e 3, 0, 2;
    %flag_mov 8, 4;
    %jmp/0 T_0.4, 8;
    %pushi/vec4 0, 0, 2;
    %jmp/1 T_0.5, 8;
T_0.4 ; End of true expr.
    %load/vec4 v0000028709486270_0;
    %addi 1, 0, 2;
    %jmp/0 T_0.5, 8;
 ; End of false expr.
    %blend;
T_0.5;
    %assign/vec4 v0000028709486270_0, 0;
T_0.2 ;
T_0.1 ;
    %jmp T_0;
    .thread T_0;
    .scope S_00000287093b2ce0;
T_1 ;
    %wait E_000002870941a620;
    %load/vec4 v00000287094870d0_0;
    %flag_set/vec4 8;
    %jmp/0xz  T_1.0, 8;
    %pushi/vec4 0, 0, 2;
    %assign/vec4 v0000028709487990_0, 0;
    %jmp T_1.1;
T_1.0 ;
    %load/vec4 v00000287094861d0_0;
    %flag_set/vec4 8;
    %jmp/0xz  T_1.2, 8;
    %load/vec4 v0000028709487990_0;
    %cmpi/e 3, 0, 2;
    %flag_mov 8, 4;
    %jmp/0 T_1.4, 8;
    %pushi/vec4 0, 0, 2;
    %jmp/1 T_1.5, 8;
T_1.4 ; End of true expr.
    %load/vec4 v0000028709487990_0;
    %addi 1, 0, 2;
    %jmp/0 T_1.5, 8;
 ; End of false expr.
    %blend;
T_1.5;
    %assign/vec4 v0000028709487990_0, 0;
T_1.2 ;
T_1.1 ;
    %jmp T_1;
    .thread T_1;
    .scope S_00000287093b2ce0;
T_2 ;
    %wait E_000002870941a120;
    %load/vec4 v00000287094878f0_0;
    %flag_set/vec4 8;
    %jmp/0xz  T_2.0, 8;
    %load/vec4 v0000028709486a90_0;
    %load/vec4 v0000028709486270_0;
    %pad/u 4;
    %ix/vec4 3;
    %ix/load 4, 0, 0; Constant delay
    %assign/vec4/a/d v0000028709487030, 0, 4;
T_2.0 ;
    %jmp T_2;
    .thread T_2;
    .scope S_00000287093b2ce0;
T_3 ;
    %wait E_000002870941a620;
    %load/vec4 v00000287094870d0_0;
    %flag_set/vec4 8;
    %jmp/0xz  T_3.0, 8;
    %pushi/vec4 0, 0, 3;
    %assign/vec4 v0000028709487a30_0, 0;
    %jmp T_3.1;
T_3.0 ;
    %load/vec4 v00000287094878f0_0;
    %load/vec4 v00000287094861d0_0;
    %inv;
    %and;
    %flag_set/vec4 8;
    %jmp/0xz  T_3.2, 8;
    %load/vec4 v0000028709487a30_0;
    %addi 1, 0, 3;
    %assign/vec4 v0000028709487a30_0, 0;
    %jmp T_3.3;
T_3.2 ;
    %load/vec4 v00000287094861d0_0;
    %load/vec4 v00000287094878f0_0;
    %inv;
    %and;
    %flag_set/vec4 8;
    %jmp/0xz  T_3.4, 8;
    %load/vec4 v0000028709487a30_0;
    %subi 1, 0, 3;
    %assign/vec4 v0000028709487a30_0, 0;
T_3.4 ;
T_3.3 ;
T_3.1 ;
    %jmp T_3;
    .thread T_3;
    .scope S_00000287093b2e70;
T_4 ;
    %wait E_000002870941a620;
    %load/vec4 v0000028709487d50_0;
    %flag_set/vec4 8;
    %jmp/0xz  T_4.0, 8;
    %pushi/vec4 0, 0, 2;
    %assign/vec4 v0000028709487210_0, 0;
    %jmp T_4.1;
T_4.0 ;
    %load/vec4 v0000028709487530_0;
    %flag_set/vec4 8;
    %jmp/0xz  T_4.2, 8;
    %load/vec4 v0000028709487210_0;
    %cmpi/e 3, 0, 2;
    %flag_mov 8, 4;
    %jmp/0 T_4.4, 8;
    %pushi/vec4 0, 0, 2;
    %jmp/1 T_4.5, 8;
T_4.4 ; End of true expr.
    %load/vec4 v0000028709487210_0;
    %addi 1, 0, 2;
    %jmp/0 T_4.5, 8;
 ; End of false expr.
    %blend;
T_4.5;
    %assign/vec4 v0000028709487210_0, 0;
T_4.2 ;
T_4.1 ;
    %jmp T_4;
    .thread T_4;
    .scope S_00000287093b2e70;
T_5 ;
    %wait E_000002870941a620;
    %load/vec4 v0000028709487d50_0;
    %flag_set/vec4 8;
    %jmp/0xz  T_5.0, 8;
    %pushi/vec4 0, 0, 2;
    %assign/vec4 v0000028709487170_0, 0;
    %jmp T_5.1;
T_5.0 ;
    %load/vec4 v0000028709487cb0_0;
    %flag_set/vec4 8;
    %jmp/0xz  T_5.2, 8;
    %load/vec4 v0000028709487170_0;
    %cmpi/e 3, 0, 2;
    %flag_mov 8, 4;
    %jmp/0 T_5.4, 8;
    %pushi/vec4 0, 0, 2;
    %jmp/1 T_5.5, 8;
T_5.4 ; End of true expr.
    %load/vec4 v0000028709487170_0;
    %addi 1, 0, 2;
    %jmp/0 T_5.5, 8;
 ; End of false expr.
    %blend;
T_5.5;
    %assign/vec4 v0000028709487170_0, 0;
T_5.2 ;
T_5.1 ;
    %jmp T_5;
    .thread T_5;
    .scope S_00000287093b2e70;
T_6 ;
    %wait E_000002870941a120;
    %load/vec4 v0000028709487530_0;
    %flag_set/vec4 8;
    %jmp/0xz  T_6.0, 8;
    %load/vec4 v0000028709487670_0;
    %load/vec4 v0000028709487210_0;
    %pad/u 4;
    %ix/vec4 3;
    %ix/load 4, 0, 0; Constant delay
    %assign/vec4/a/d v0000028709487b70, 0, 4;
T_6.0 ;
    %jmp T_6;
    .thread T_6;
    .scope S_00000287093b2e70;
T_7 ;
    %wait E_000002870941a620;
    %load/vec4 v0000028709487d50_0;
    %flag_set/vec4 8;
    %jmp/0xz  T_7.0, 8;
    %pushi/vec4 0, 0, 3;
    %assign/vec4 v00000287094863b0_0, 0;
    %jmp T_7.1;
T_7.0 ;
    %load/vec4 v0000028709487530_0;
    %load/vec4 v0000028709487cb0_0;
    %inv;
    %and;
    %flag_set/vec4 8;
    %jmp/0xz  T_7.2, 8;
    %load/vec4 v00000287094863b0_0;
    %addi 1, 0, 3;
    %assign/vec4 v00000287094863b0_0, 0;
    %jmp T_7.3;
T_7.2 ;
    %load/vec4 v0000028709487cb0_0;
    %load/vec4 v0000028709487530_0;
    %inv;
    %and;
    %flag_set/vec4 8;
    %jmp/0xz  T_7.4, 8;
    %load/vec4 v00000287094863b0_0;
    %subi 1, 0, 3;
    %assign/vec4 v00000287094863b0_0, 0;
T_7.4 ;
T_7.3 ;
T_7.1 ;
    %jmp T_7;
    .thread T_7;
    .scope S_00000287093ecc10;
T_8 ;
    %wait E_000002870941a120;
    %load/vec4 v000002870941c2f0_0;
    %load/vec4 v000002870941ca70_0;
    %inv;
    %and;
    %flag_set/vec4 8;
    %jmp/0xz  T_8.0, 8;
    %load/vec4 v000002870941c570_0;
    %assign/vec4 v000002870941c4d0_0, 0;
T_8.0 ;
    %load/vec4 v000002870941ca70_0;
    %flag_set/vec4 8;
    %jmp/0xz  T_8.2, 8;
    %load/vec4 v000002870941c2f0_0;
    %flag_set/vec4 8;
    %jmp/0 T_8.4, 8;
    %load/vec4 v000002870941c570_0;
    %jmp/1 T_8.5, 8;
T_8.4 ; End of true expr.
    %load/vec4 v000002870941c4d0_0;
    %jmp/0 T_8.5, 8;
 ; End of false expr.
    %blend;
T_8.5;
    %assign/vec4 v000002870941c9d0_0, 0;
T_8.2 ;
    %jmp T_8;
    .thread T_8;
    .scope S_00000287093ecc10;
T_9 ;
    %wait E_000002870941a620;
    %load/vec4 v000002870941c070_0;
    %flag_set/vec4 8;
    %jmp/0xz  T_9.0, 8;
    %pushi/vec4 0, 0, 1;
    %assign/vec4 v000002870941bfd0_0, 0;
    %pushi/vec4 0, 0, 1;
    %assign/vec4 v000002870941c610_0, 0;
    %pushi/vec4 1, 0, 1;
    %assign/vec4 v000002870941c2f0_0, 0;
    %jmp T_9.1;
T_9.0 ;
    %load/vec4 v000002870941c2f0_0;
    %load/vec4 v000002870941ca70_0;
    %inv;
    %and;
    %flag_set/vec4 8;
    %jmp/0xz  T_9.2, 8;
    %load/vec4 v000002870941cb10_0;
    %assign/vec4 v000002870941bfd0_0, 0;
T_9.2 ;
    %load/vec4 v000002870941ca70_0;
    %flag_set/vec4 8;
    %jmp/0xz  T_9.4, 8;
    %load/vec4 v000002870941c2f0_0;
    %flag_set/vec4 8;
    %jmp/0 T_9.6, 8;
    %load/vec4 v000002870941cb10_0;
    %jmp/1 T_9.7, 8;
T_9.6 ; End of true expr.
    %load/vec4 v000002870941bfd0_0;
    %jmp/0 T_9.7, 8;
 ; End of false expr.
    %blend;
T_9.7;
    %assign/vec4 v000002870941c610_0, 0;
T_9.4 ;
    %load/vec4 v000002870941ca70_0;
    %assign/vec4 v000002870941c2f0_0, 0;
T_9.1 ;
    %jmp T_9;
    .thread T_9;
    .scope S_00000287093e2e00;
T_10 ;
    %pushi/vec4 0, 0, 32;
    %store/vec4 v0000028709489c20_0, 0, 32;
    %pushi/vec4 0, 0, 1;
    %store/vec4 v00000287094885a0_0, 0, 1;
    %end;
    .thread T_10, $init;
    .scope S_00000287093e2e00;
T_11 ;
    %pushi/vec4 1, 0, 1;
    %store/vec4 v0000028709488320_0, 0, 1;
T_11.0 ;
    %delay 5, 0;
    %load/vec4 v0000028709488320_0;
    %inv;
    %store/vec4 v0000028709488320_0, 0, 1;
    %jmp T_11.0;
    %end;
    .thread T_11;
    .scope S_00000287093e2e00;
T_12 ;
    %pushi/vec4 10000, 0, 32;
T_12.0 %dup/vec4;
    %pushi/vec4 0, 0, 32;
    %cmp/s;
    %jmp/1xz T_12.1, 5;
    %jmp/1 T_12.1, 4;
    %pushi/vec4 1, 0, 32;
    %sub;
    %wait E_000002870941a120;
    %jmp T_12.0;
T_12.1 ;
    %pop/vec4 1;
    %vpi_call/w 3 53 "$display", "FAIL %s: timeout!", "testbench.sv" {0 0 0};
    %vpi_call/w 3 54 "$finish" {0 0 0};
    %end;
    .thread T_12;
    .scope S_00000287093e2e00;
T_13 ;
    %wait E_000002870941a120;
    %vpi_call/w 3 64 "$write", "time %7d cycle %5d", $time, v0000028709489c20_0 {0 0 0};
    %load/vec4 v0000028709489c20_0;
    %addi 1, 0, 32;
    %cast2;
    %assign/vec4 v0000028709489c20_0, 0;
    %load/vec4 v0000028709489b80_0;
    %flag_set/vec4 8;
    %jmp/0xz  T_13.0, 8;
    %vpi_call/w 3 67 "$write", " rst" {0 0 0};
    %jmp T_13.1;
T_13.0 ;
    %vpi_call/w 3 67 "$write", "    " {0 0 0};
T_13.1 ;
    %load/vec4 v0000028709489ea0_0;
    %flag_set/vec4 8;
    %jmp/0xz  T_13.2, 8;
    %vpi_call/w 3 69 "$write", " a_valid" {0 0 0};
    %jmp T_13.3;
T_13.2 ;
    %vpi_call/w 3 69 "$write", "        " {0 0 0};
T_13.3 ;
    %load/vec4 v0000028709489540_0;
    %flag_set/vec4 8;
    %jmp/0xz  T_13.4, 8;
    %vpi_call/w 3 70 "$write", " a_ready" {0 0 0};
    %jmp T_13.5;
T_13.4 ;
    %vpi_call/w 3 70 "$write", "        " {0 0 0};
T_13.5 ;
    %load/vec4 v0000028709489ea0_0;
    %load/vec4 v0000028709489540_0;
    %and;
    %flag_set/vec4 8;
    %jmp/0xz  T_13.6, 8;
    %vpi_call/w 3 73 "$write", " %h", v0000028709488280_0 {0 0 0};
    %jmp T_13.7;
T_13.6 ;
    %vpi_call/w 3 75 "$write", "  " {0 0 0};
T_13.7 ;
    %load/vec4 v0000028709488000_0;
    %flag_set/vec4 8;
    %jmp/0xz  T_13.8, 8;
    %vpi_call/w 3 77 "$write", " b_valid" {0 0 0};
    %jmp T_13.9;
T_13.8 ;
    %vpi_call/w 3 77 "$write", "        " {0 0 0};
T_13.9 ;
    %load/vec4 v00000287094883c0_0;
    %flag_set/vec4 8;
    %jmp/0xz  T_13.10, 8;
    %vpi_call/w 3 78 "$write", " b_ready" {0 0 0};
    %jmp T_13.11;
T_13.10 ;
    %vpi_call/w 3 78 "$write", "        " {0 0 0};
T_13.11 ;
    %load/vec4 v0000028709488000_0;
    %load/vec4 v00000287094883c0_0;
    %and;
    %flag_set/vec4 8;
    %jmp/0xz  T_13.12, 8;
    %vpi_call/w 3 81 "$write", " %h", v0000028709488fa0_0 {0 0 0};
    %jmp T_13.13;
T_13.12 ;
    %vpi_call/w 3 83 "$write", "  " {0 0 0};
T_13.13 ;
    %load/vec4 v0000028709488dc0_0;
    %flag_set/vec4 8;
    %jmp/0xz  T_13.14, 8;
    %vpi_call/w 3 85 "$write", " sum_valid" {0 0 0};
    %jmp T_13.15;
T_13.14 ;
    %vpi_call/w 3 85 "$write", "          " {0 0 0};
T_13.15 ;
    %load/vec4 v0000028709488500_0;
    %flag_set/vec4 8;
    %jmp/0xz  T_13.16, 8;
    %vpi_call/w 3 86 "$write", " sum_ready" {0 0 0};
    %jmp T_13.17;
T_13.16 ;
    %vpi_call/w 3 86 "$write", "          " {0 0 0};
T_13.17 ;
    %load/vec4 v0000028709488dc0_0;
    %load/vec4 v0000028709488500_0;
    %and;
    %flag_set/vec4 8;
    %jmp/0xz  T_13.18, 8;
    %vpi_call/w 3 89 "$write", " %h", v0000028709488140_0 {0 0 0};
    %jmp T_13.19;
T_13.18 ;
    %vpi_call/w 3 91 "$write", "  " {0 0 0};
T_13.19 ;
    %vpi_call/w 3 93 "$display" {0 0 0};
    %jmp T_13;
    .thread T_13;
    .scope S_00000287093e2e00;
T_14 ;
    %wait E_000002870941a120;
    %load/vec4 v0000028709489b80_0;
    %flag_set/vec4 8;
    %jmp/0xz  T_14.0, 8;
    %ix/load 4, 0, 0;
    %null;
    %store/obj v0000028709488960_0;
    %ix/load 4, 0, 0;
    %null;
    %store/obj v0000028709488a00_0;
    %pushi/vec4 1, 0, 1;
    %store/vec4 v00000287094885a0_0, 0, 1;
    %jmp T_14.1;
T_14.0 ;
    %load/vec4 v00000287094885a0_0;
    %flag_set/vec4 8;
    %jmp/0xz  T_14.2, 8;
    %load/vec4 v0000028709489ea0_0;
    %load/vec4 v0000028709489540_0;
    %and;
    %flag_set/vec4 8;
    %jmp/0xz  T_14.4, 8;
    %ix/load 4, 0, 0;
    %load/vec4 v0000028709488280_0;
    %store/qb/v v0000028709488960_0, 4, 4;
T_14.4 ;
    %load/vec4 v0000028709488000_0;
    %load/vec4 v00000287094883c0_0;
    %and;
    %flag_set/vec4 8;
    %jmp/0xz  T_14.6, 8;
    %ix/load 4, 0, 0;
    %load/vec4 v0000028709488fa0_0;
    %store/qb/v v0000028709488a00_0, 4, 4;
T_14.6 ;
    %load/vec4 v0000028709488dc0_0;
    %load/vec4 v0000028709488500_0;
    %and;
    %flag_set/vec4 8;
    %jmp/0xz  T_14.8, 8;
    %vpi_func 3 129 "$size" 32, v0000028709488960_0 {0 0 0};
    %cmpi/e 0, 0, 32;
    %jmp/1 T_14.12, 4;
    %flag_mov 8, 4;
    %vpi_func 3 129 "$size" 32, v0000028709488a00_0 {0 0 0};
    %cmpi/e 0, 0, 32;
    %flag_or 4, 8;
T_14.12;
    %jmp/0xz  T_14.10, 4;
    %vpi_call/w 3 131 "$display", "\012ERROR: unexpected sum %h", v0000028709488140_0 {0 0 0};
    %jmp T_14.11;
T_14.10 ;
    %ix/load 3, 0, 0;
    %flag_set/imm 4, 0;
    %load/dar/vec4 v0000028709488960_0;
    %ix/load 3, 0, 0;
    %flag_set/imm 4, 0;
    %load/dar/vec4 v0000028709488a00_0;
    %add;
    %store/vec4 v0000028709489400_0, 0, 4;
    %ix/load 3, 0, 0;
    %flag_set/imm 4, 0;
    %delete/elem v0000028709488960_0;
    %ix/load 3, 0, 0;
    %flag_set/imm 4, 0;
    %delete/elem v0000028709488a00_0;
    %load/vec4 v0000028709489400_0;
    %load/vec4 v0000028709488140_0;
    %cmp/ne;
    %jmp/0xz  T_14.13, 6;
    %vpi_call/w 3 146 "$display", "\012ERROR: downstream data mismatch. Expected %h, actual %h", v0000028709489400_0, v0000028709488140_0 {0 0 0};
T_14.13 ;
T_14.11 ;
T_14.8 ;
T_14.2 ;
T_14.1 ;
    %jmp T_14;
    .thread T_14;
    .scope S_00000287093e2e00;
T_15 ;
    %vpi_func 3 160 "$size" 32, v0000028709488960_0 {0 0 0};
    %cmpi/ne 0, 0, 32;
    %jmp/0xz  T_15.0, 4;
    %vpi_call/w 3 162 "$write", "\012ERROR: data is left sitting in the model a_queue:" {0 0 0};
    %fork t_1, S_00000287093fa170;
    %jmp t_0;
    .scope S_00000287093fa170;
t_1 ;
    %pushi/vec4 0, 0, 32;
    %store/vec4 v000002870941c430_0, 0, 32;
T_15.2 ;
    %load/vec4 v000002870941c430_0;
    %vpi_func 3 164 "$size" 32, v0000028709488960_0 {0 0 0};
    %cmp/s;
    %jmp/0xz T_15.3, 5;
    %vpi_func 3 165 "$size" 32, v0000028709488960_0 {0 0 0};
    %load/vec4 v000002870941c430_0;
    %sub;
    %subi 1, 0, 32;
    %ix/vec4/s 3;
    %load/dar/vec4 v0000028709488960_0;
    %vpi_call/w 3 165 "$write", " %h", S<0,vec4,u4> {1 0 0};
    ; show_stmt_assign_vector: Get l-value for compressed += operand
    %load/vec4 v000002870941c430_0;
    %pushi/vec4 1, 0, 32;
    %add;
    %cast2;
    %store/vec4 v000002870941c430_0, 0, 32;
    %jmp T_15.2;
T_15.3 ;
    %end;
    .scope S_00000287093e2e00;
t_0 %join;
    %vpi_call/w 3 167 "$display" {0 0 0};
T_15.0 ;
    %vpi_func 3 170 "$size" 32, v0000028709488a00_0 {0 0 0};
    %cmpi/ne 0, 0, 32;
    %jmp/0xz  T_15.4, 4;
    %vpi_call/w 3 172 "$write", "\012ERROR: data is left sitting in the model b_queue:" {0 0 0};
    %fork t_3, S_00000287093fa300;
    %jmp t_2;
    .scope S_00000287093fa300;
t_3 ;
    %pushi/vec4 0, 0, 32;
    %store/vec4 v000002870941c750_0, 0, 32;
T_15.6 ;
    %load/vec4 v000002870941c750_0;
    %vpi_func 3 174 "$size" 32, v0000028709488a00_0 {0 0 0};
    %cmp/s;
    %jmp/0xz T_15.7, 5;
    %vpi_func 3 175 "$size" 32, v0000028709488a00_0 {0 0 0};
    %load/vec4 v000002870941c750_0;
    %sub;
    %subi 1, 0, 32;
    %ix/vec4/s 3;
    %load/dar/vec4 v0000028709488a00_0;
    %vpi_call/w 3 175 "$write", " %h", S<0,vec4,u4> {1 0 0};
    ; show_stmt_assign_vector: Get l-value for compressed += operand
    %load/vec4 v000002870941c750_0;
    %pushi/vec4 1, 0, 32;
    %add;
    %cast2;
    %store/vec4 v000002870941c750_0, 0, 32;
    %jmp T_15.6;
T_15.7 ;
    %end;
    .scope S_00000287093e2e00;
t_2 %join;
    %vpi_call/w 3 177 "$display" {0 0 0};
T_15.4 ;
    %end;
    .thread T_15, $final;
    .scope S_00000287093e2e00;
T_16 ;
    %wait E_000002870941a120;
    %load/vec4 v0000028709489b80_0;
    %flag_set/vec4 8;
    %jmp/0xz  T_16.0, 8;
    %pushi/vec4 0, 0, 33;
    %assign/vec4 v0000028709489680_0, 0;
    %pushi/vec4 0, 0, 33;
    %assign/vec4 v0000028709489a40_0, 0;
    %pushi/vec4 0, 0, 33;
    %assign/vec4 v0000028709489d60_0, 0;
    %pushi/vec4 0, 0, 33;
    %assign/vec4 v0000028709488460_0, 0;
    %jmp T_16.1;
T_16.0 ;
    %load/vec4 v0000028709489680_0;
    %addi 1, 0, 33;
    %assign/vec4 v0000028709489680_0, 0;
    %load/vec4 v0000028709489ea0_0;
    %load/vec4 v0000028709489540_0;
    %and;
    %flag_set/vec4 8;
    %jmp/0xz  T_16.2, 8;
    %load/vec4 v0000028709489a40_0;
    %addi 1, 0, 33;
    %assign/vec4 v0000028709489a40_0, 0;
T_16.2 ;
    %load/vec4 v0000028709488000_0;
    %load/vec4 v00000287094883c0_0;
    %and;
    %flag_set/vec4 8;
    %jmp/0xz  T_16.4, 8;
    %load/vec4 v0000028709489d60_0;
    %addi 1, 0, 33;
    %assign/vec4 v0000028709489d60_0, 0;
T_16.4 ;
    %load/vec4 v0000028709488dc0_0;
    %load/vec4 v0000028709488500_0;
    %and;
    %flag_set/vec4 8;
    %jmp/0xz  T_16.6, 8;
    %load/vec4 v0000028709488460_0;
    %addi 1, 0, 33;
    %assign/vec4 v0000028709488460_0, 0;
T_16.6 ;
T_16.1 ;
    %jmp T_16;
    .thread T_16;
    .scope S_00000287093e2e00;
T_17 ;
    %vpi_call/w 3 207 "$display", "\012\012number of sum transfers : %0d per %0d cycles", v0000028709488460_0, v0000028709489680_0 {0 0 0};
    %load/vec4 v0000028709489a40_0;
    %load/vec4 v0000028709489d60_0;
    %cmp/ne;
    %flag_get/vec4 4;
    %load/vec4 v0000028709489a40_0;
    %load/vec4 v0000028709488460_0;
    %cmp/ne;
    %flag_get/vec4 4;
    %or;
    %flag_set/vec4 8;
    %jmp/0xz  T_17.0, 8;
    %vpi_call/w 3 211 "$display", "\012ERROR: number of transfers do not match: a: %0d b: %0s sum %0d", v0000028709489a40_0, v0000028709489d60_0, v0000028709488460_0 {0 0 0};
T_17.0 ;
    %end;
    .thread T_17, $final;
    .scope S_00000287093e2e00;
T_18 ;
    %pushi/vec4 0, 0, 1;
    %assign/vec4 v0000028709489ea0_0, 0;
    %pushi/vec4 0, 0, 1;
    %assign/vec4 v0000028709488000_0, 0;
    %pushi/vec4 0, 0, 1;
    %assign/vec4 v0000028709488500_0, 0;
    %pushi/vec4 3, 0, 32;
T_18.0 %dup/vec4;
    %pushi/vec4 0, 0, 32;
    %cmp/s;
    %jmp/1xz T_18.1, 5;
    %jmp/1 T_18.1, 4;
    %pushi/vec4 1, 0, 32;
    %sub;
    %wait E_000002870941a120;
    %jmp T_18.0;
T_18.1 ;
    %pop/vec4 1;
    %pushi/vec4 1, 0, 1;
    %assign/vec4 v0000028709489b80_0, 0;
    %pushi/vec4 3, 0, 32;
T_18.2 %dup/vec4;
    %pushi/vec4 0, 0, 32;
    %cmp/s;
    %jmp/1xz T_18.3, 5;
    %jmp/1 T_18.3, 4;
    %pushi/vec4 1, 0, 32;
    %sub;
    %wait E_000002870941a120;
    %jmp T_18.2;
T_18.3 ;
    %pop/vec4 1;
    %pushi/vec4 0, 0, 1;
    %assign/vec4 v0000028709489b80_0, 0;
    %vpi_call/w 3 246 "$display", "*** Run back-to-back" {0 0 0};
    %pushi/vec4 1, 0, 1;
    %assign/vec4 v0000028709489ea0_0, 0;
    %pushi/vec4 1, 0, 1;
    %assign/vec4 v0000028709488000_0, 0;
    %pushi/vec4 1, 0, 1;
    %assign/vec4 v0000028709488500_0, 0;
    %pushi/vec4 20, 0, 32;
T_18.4 %dup/vec4;
    %pushi/vec4 0, 0, 32;
    %cmp/s;
    %jmp/1xz T_18.5, 5;
    %jmp/1 T_18.5, 4;
    %pushi/vec4 1, 0, 32;
    %sub;
    %wait E_000002870941a120;
    %jmp T_18.4;
T_18.5 ;
    %pop/vec4 1;
    %vpi_call/w 3 254 "$display", "*** Supplying only \042a\042" {0 0 0};
T_18.6 ;
    %load/vec4 v00000287094883c0_0;
    %inv;
    %flag_set/vec4 8;
    %jmp/0xz T_18.7, 8;
    %wait E_000002870941a120;
    %jmp T_18.6;
T_18.7 ;
    %pushi/vec4 0, 0, 1;
    %assign/vec4 v0000028709488000_0, 0;
    %pushi/vec4 20, 0, 32;
T_18.8 %dup/vec4;
    %pushi/vec4 0, 0, 32;
    %cmp/s;
    %jmp/1xz T_18.9, 5;
    %jmp/1 T_18.9, 4;
    %pushi/vec4 1, 0, 32;
    %sub;
    %wait E_000002870941a120;
    %jmp T_18.8;
T_18.9 ;
    %pop/vec4 1;
    %vpi_call/w 3 265 "$display", "*** Supplying only \042b\042" {0 0 0};
    %pushi/vec4 1, 0, 1;
    %assign/vec4 v0000028709488000_0, 0;
T_18.10 ;
    %load/vec4 v0000028709489540_0;
    %inv;
    %flag_set/vec4 8;
    %jmp/0xz T_18.11, 8;
    %wait E_000002870941a120;
    %jmp T_18.10;
T_18.11 ;
    %pushi/vec4 0, 0, 1;
    %assign/vec4 v0000028709489ea0_0, 0;
    %pushi/vec4 20, 0, 32;
T_18.12 %dup/vec4;
    %pushi/vec4 0, 0, 32;
    %cmp/s;
    %jmp/1xz T_18.13, 5;
    %jmp/1 T_18.13, 4;
    %pushi/vec4 1, 0, 32;
    %sub;
    %wait E_000002870941a120;
    %jmp T_18.12;
T_18.13 ;
    %pop/vec4 1;
    %vpi_call/w 3 278 "$display", "*** Applying backpressure" {0 0 0};
    %pushi/vec4 1, 0, 1;
    %assign/vec4 v0000028709489ea0_0, 0;
    %pushi/vec4 1, 0, 1;
    %assign/vec4 v0000028709488000_0, 0;
    %pushi/vec4 0, 0, 1;
    %assign/vec4 v0000028709488500_0, 0;
    %pushi/vec4 20, 0, 32;
T_18.14 %dup/vec4;
    %pushi/vec4 0, 0, 32;
    %cmp/s;
    %jmp/1xz T_18.15, 5;
    %jmp/1 T_18.15, 4;
    %pushi/vec4 1, 0, 32;
    %sub;
    %wait E_000002870941a120;
    %jmp T_18.14;
T_18.15 ;
    %pop/vec4 1;
    %vpi_call/w 3 286 "$display", "*** Random" {0 0 0};
T_18.16 ;
    %load/vec4 v0000028709488460_0;
    %cmpi/ne 100, 0, 33;
    %jmp/0xz T_18.17, 4;
    %load/vec4 v0000028709489a40_0;
    %cmpi/u 100, 0, 33;
    %flag_or 5, 4;
    %jmp/0xz  T_18.18, 5;
    %jmp T_18.19;
T_18.18 ;
    %vpi_call/w 3 291 "$error" {0 0 0};
T_18.19 ;
    %load/vec4 v0000028709489a40_0;
    %pushi/vec4 100, 0, 33;
    %cmp/e;
    %flag_get/vec4 4;
    %load/vec4 v0000028709489a40_0;
    %pushi/vec4 99, 0, 33;
    %cmp/e;
    %flag_get/vec4 4;
    %load/vec4 v0000028709489ea0_0;
    %and;
    %load/vec4 v0000028709489540_0;
    %and;
    %or;
    %flag_set/vec4 8;
    %jmp/0xz  T_18.20, 8;
    %pushi/vec4 0, 0, 1;
    %assign/vec4 v0000028709489ea0_0, 0;
    %jmp T_18.21;
T_18.20 ;
    %load/vec4 v0000028709489ea0_0;
    %inv;
    %load/vec4 v0000028709489540_0;
    %or;
    %flag_set/vec4 8;
    %jmp/0xz  T_18.22, 8;
    %vpi_func 3 300 "$urandom" 32 {0 0 0};
    %pad/u 1;
    %assign/vec4 v0000028709489ea0_0, 0;
T_18.22 ;
T_18.21 ;
    %load/vec4 v0000028709489d60_0;
    %cmpi/u 100, 0, 33;
    %flag_or 5, 4;
    %jmp/0xz  T_18.24, 5;
    %jmp T_18.25;
T_18.24 ;
    %vpi_call/w 3 304 "$error" {0 0 0};
T_18.25 ;
    %load/vec4 v0000028709489d60_0;
    %pushi/vec4 100, 0, 33;
    %cmp/e;
    %flag_get/vec4 4;
    %load/vec4 v0000028709489d60_0;
    %pushi/vec4 99, 0, 33;
    %cmp/e;
    %flag_get/vec4 4;
    %load/vec4 v0000028709488000_0;
    %and;
    %load/vec4 v00000287094883c0_0;
    %and;
    %or;
    %flag_set/vec4 8;
    %jmp/0xz  T_18.26, 8;
    %pushi/vec4 0, 0, 1;
    %assign/vec4 v0000028709488000_0, 0;
    %jmp T_18.27;
T_18.26 ;
    %load/vec4 v0000028709488000_0;
    %inv;
    %load/vec4 v00000287094883c0_0;
    %or;
    %flag_set/vec4 8;
    %jmp/0xz  T_18.28, 8;
    %vpi_func 3 313 "$urandom" 32 {0 0 0};
    %pad/u 1;
    %assign/vec4 v0000028709488000_0, 0;
T_18.28 ;
T_18.27 ;
    %vpi_func 3 316 "$urandom" 32 {0 0 0};
    %pad/u 1;
    %assign/vec4 v0000028709488500_0, 0;
    %wait E_000002870941a120;
    %jmp T_18.16;
T_18.17 ;
    %vpi_call/w 3 321 "$display", "*** Draining the results" {0 0 0};
    %pushi/vec4 1, 0, 1;
    %assign/vec4 v0000028709488500_0, 0;
    %pushi/vec4 11, 0, 32;
T_18.30 %dup/vec4;
    %pushi/vec4 0, 0, 32;
    %cmp/s;
    %jmp/1xz T_18.31, 5;
    %jmp/1 T_18.31, 4;
    %pushi/vec4 1, 0, 32;
    %sub;
    %wait E_000002870941a120;
    %jmp T_18.30;
T_18.31 ;
    %pop/vec4 1;
    %vpi_call/w 3 326 "$display", "PASS %s", "testbench.sv" {0 0 0};
    %vpi_call/w 3 327 "$finish" {0 0 0};
    %end;
    .thread T_18;
    .scope S_00000287093e2e00;
T_19 ;
    %wait E_000002870941a120;
    %load/vec4 v0000028709489b80_0;
    %flag_set/vec4 8;
    %jmp/0xz  T_19.0, 8;
    %pushi/vec4 0, 0, 4;
    %assign/vec4 v0000028709488280_0, 0;
    %jmp T_19.1;
T_19.0 ;
    %load/vec4 v0000028709489ea0_0;
    %load/vec4 v0000028709489540_0;
    %and;
    %flag_set/vec4 8;
    %jmp/0xz  T_19.2, 8;
    %vpi_func 3 337 "$urandom" 32 {0 0 0};
    %pad/u 4;
    %assign/vec4 v0000028709488280_0, 0;
T_19.2 ;
T_19.1 ;
    %jmp T_19;
    .thread T_19;
    .scope S_00000287093e2e00;
T_20 ;
    %wait E_000002870941a120;
    %load/vec4 v0000028709489b80_0;
    %flag_set/vec4 8;
    %jmp/0xz  T_20.0, 8;
    %pushi/vec4 0, 0, 4;
    %assign/vec4 v0000028709488fa0_0, 0;
    %jmp T_20.1;
T_20.0 ;
    %load/vec4 v0000028709488000_0;
    %load/vec4 v00000287094883c0_0;
    %and;
    %flag_set/vec4 8;
    %jmp/0xz  T_20.2, 8;
    %vpi_func 3 343 "$urandom" 32 {0 0 0};
    %pad/u 4;
    %assign/vec4 v0000028709488fa0_0, 0;
T_20.2 ;
T_20.1 ;
    %jmp T_20;
    .thread T_20;
# The file index is used to find the file name in the following table.
:file_names 7;
    "N/A";
    "<interactive>";
    "-";
    "testbench.sv";
    "a_plus_b_using_fifos_and_double_buffer.sv";
    "double_buffer_from_dally_harting.sv";
    "flip_flop_fifo_with_counter.sv";
