#! /c/Source/iverilog-install/bin/vvp
:ivl_version "12.0 (devel)" "(s20150603-1539-g2693dd32b)";
:ivl_delay_selection "TYPICAL";
:vpi_time_precision + 0;
:vpi_module "C:\iverilog\lib\ivl\system.vpi";
:vpi_module "C:\iverilog\lib\ivl\vhdl_sys.vpi";
:vpi_module "C:\iverilog\lib\ivl\vhdl_textio.vpi";
:vpi_module "C:\iverilog\lib\ivl\v2005_math.vpi";
:vpi_module "C:\iverilog\lib\ivl\va_math.vpi";
:vpi_module "C:\iverilog\lib\ivl\v2009.vpi";
S_000001db4cee9e60 .scope package, "$unit" "$unit" 2 1;
 .timescale 0 0;
S_000001db4ceee6a0 .scope module, "testbench" "testbench" 3 5;
 .timescale 0 0;
P_000001db4ce3d220 .param/l "N" 1 3 59, +C4<00000000000000000000000111110100>;
P_000001db4ce3d258 .param/l "pos_ready" 1 3 64, +C4<00000000000000000000000000110010>;
P_000001db4ce3d290 .param/l "pos_token" 1 3 62, +C4<00000000000000000000000000110010>;
P_000001db4ce3d2c8 .param/l "pos_valid" 1 3 63, +C4<00000000000000000000000000110010>;
L_000001db4cf03870 .functor AND 1, v000001db4cf5e700_0, L_000001db4cf03db0, C4<1>, C4<1>;
L_000001db4cf03b10 .functor AND 1, L_000001db4cf034f0, v000001db4ceed0d0_0, C4<1>, C4<1>;
L_000001db4cf03950 .functor AND 1, v000001db4cf5e700_0, v000001db4cf5ec00_0, C4<1>, C4<1>;
v000001db4ceeda30_0 .var "clk", 0 0;
v000001db4ceed490_0 .net "down_data", 0 0, L_000001db4cf5e480;  1 drivers
v000001db4ceed7b0_0 .net "down_handshake", 0 0, L_000001db4cf03b10;  1 drivers
v000001db4ceed0d0_0 .var "down_ready", 0 0;
v000001db4ceed170_0 .net "down_valid", 0 0, L_000001db4cf034f0;  1 drivers
v000001db4ceed990_0 .var/2s "i", 31 0;
v000001db4ceedad0_0 .net "in_token", 0 0, L_000001db4cf03950;  1 drivers
v000001db4ceed210_0 .var/2s "n_half_tokens", 31 0;
v000001db4ceed2b0_0 .var/2s "n_orig_tokens", 31 0;
v000001db4ceed350_0 .var/2s "probability", 31 0;
v000001db4ceed3f0_0 .var "rst", 0 0;
v000001db4cf5ede0_0 .var "s_down_data", 0 15;
v000001db4cf5e5c0_0 .var "s_down_ready", 0 15;
v000001db4cf5e660_0 .var "s_down_valid", 0 15;
v000001db4cf5e3e0_0 .var "s_up_ready", 0 15;
v000001db4cf5e340_0 .var "s_up_token", 0 15;
v000001db4cf5dee0_0 .var "s_up_valid", 0 15;
v000001db4cf5efc0_0 .net "up_handshake", 0 0, L_000001db4cf03870;  1 drivers
v000001db4cf5d120_0 .net "up_ready", 0 0, L_000001db4cf03db0;  1 drivers
v000001db4cf5ec00_0 .var "up_token", 0 0;
v000001db4cf5e700_0 .var "up_valid", 0 0;
v000001db4cf5eb60_0 .var/2u "was_reset", 0 0;
E_000001db4cef0ab0 .event negedge, v000001db4ceed030_0;
S_000001db4ce3d310 .scope module, "i_halve_tokens_with_flow_control" "halve_tokens_with_flow_control" 3 44, 4 5 0, S_000001db4ceee6a0;
 .timescale 0 0;
    .port_info 0 /INPUT 1 "clk";
    .port_info 1 /INPUT 1 "rst";
    .port_info 2 /INPUT 1 "up_valid";
    .port_info 3 /OUTPUT 1 "up_ready";
    .port_info 4 /INPUT 1 "up_token";
    .port_info 5 /OUTPUT 1 "down_valid";
    .port_info 6 /INPUT 1 "down_ready";
    .port_info 7 /OUTPUT 1 "down_data";
L_000001db4cf03250 .functor AND 1, v000001db4cf5e700_0, L_000001db4cf03db0, C4<1>, C4<1>;
L_000001db4cf03800 .functor AND 1, L_000001db4cf034f0, v000001db4ceed0d0_0, C4<1>, C4<1>;
L_000001db4cf034f0 .functor BUFZ 1, v000001db4cf5e700_0, C4<0>, C4<0>, C4<0>;
L_000001db4cf03db0 .functor BUFZ 1, v000001db4ceed0d0_0, C4<0>, C4<0>, C4<0>;
L_000001db4cf5f130 .functor BUFT 1, C4<0>, C4<0>, C4<0>, C4<0>;
v000001db4ceed530_0 .net/2u *"_ivl_10", 0 0, L_000001db4cf5f130;  1 drivers
L_000001db4cf5f0e8 .functor BUFT 1, C4<0>, C4<0>, C4<0>, C4<0>;
v000001db4ceedcb0_0 .net/2u *"_ivl_6", 0 0, L_000001db4cf5f0e8;  1 drivers
v000001db4ceeddf0_0 .net *"_ivl_8", 0 0, L_000001db4cf5d300;  1 drivers
v000001db4ceede90_0 .net "clk", 0 0, v000001db4ceeda30_0;  1 drivers
v000001db4ceedc10_0 .net "down_data", 0 0, L_000001db4cf5e480;  alias, 1 drivers
v000001db4ceecf90_0 .net "down_ready", 0 0, v000001db4ceed0d0_0;  1 drivers
v000001db4ceedb70_0 .net "down_valid", 0 0, L_000001db4cf034f0;  alias, 1 drivers
v000001db4ceed5d0_0 .net "go_in", 0 0, L_000001db4cf03250;  1 drivers
v000001db4ceedd50_0 .net "go_out", 0 0, L_000001db4cf03800;  1 drivers
v000001db4ceed030_0 .net "rst", 0 0, v000001db4ceed3f0_0;  1 drivers
v000001db4ceed850_0 .var "save", 0 0;
v000001db4ceed670_0 .net "up_ready", 0 0, L_000001db4cf03db0;  alias, 1 drivers
v000001db4ceed710_0 .net "up_token", 0 0, v000001db4cf5ec00_0;  1 drivers
v000001db4ceed8f0_0 .net "up_valid", 0 0, v000001db4cf5e700_0;  1 drivers
E_000001db4cef0af0 .event posedge, v000001db4ceede90_0;
L_000001db4cf5d300 .functor MUXZ 1, L_000001db4cf5f0e8, v000001db4ceed850_0, v000001db4cf5ec00_0, C4<>;
L_000001db4cf5e480 .functor MUXZ 1, L_000001db4cf5f130, L_000001db4cf5d300, L_000001db4cf034f0, C4<>;
    .scope S_000001db4ce3d310;
T_0 ;
    %wait E_000001db4cef0af0;
    %load/vec4 v000001db4ceed030_0;
    %flag_set/vec4 8;
    %jmp/0xz  T_0.0, 8;
    %pushi/vec4 0, 0, 1;
    %assign/vec4 v000001db4ceed850_0, 0;
    %jmp T_0.1;
T_0.0 ;
    %load/vec4 v000001db4ceed5d0_0;
    %load/vec4 v000001db4ceed710_0;
    %and;
    %flag_set/vec4 8;
    %jmp/0xz  T_0.2, 8;
    %load/vec4 v000001db4ceed850_0;
    %inv;
    %assign/vec4 v000001db4ceed850_0, 0;
    %jmp T_0.3;
T_0.2 ;
    %load/vec4 v000001db4ceed670_0;
    %inv;
    %flag_set/vec4 8;
    %jmp/0xz  T_0.4, 8;
    %pushi/vec4 0, 0, 1;
    %assign/vec4 v000001db4ceed850_0, 0;
T_0.4 ;
T_0.3 ;
T_0.1 ;
    %jmp T_0;
    .thread T_0;
    .scope S_000001db4ceee6a0;
T_1 ;
    %pushi/vec4 65520, 0, 16;
    %store/vec4 v000001db4cf5e5c0_0, 0, 16;
    %pushi/vec4 54527, 0, 16;
    %store/vec4 v000001db4cf5e340_0, 0, 16;
    %pushi/vec4 65375, 0, 16;
    %store/vec4 v000001db4cf5dee0_0, 0, 16;
    %pushi/vec4 65375, 0, 16;
    %store/vec4 v000001db4cf5e660_0, 0, 16;
    %pushi/vec4 17424, 0, 16;
    %store/vec4 v000001db4cf5ede0_0, 0, 16;
    %pushi/vec4 65368, 0, 16;
    %store/vec4 v000001db4cf5e3e0_0, 0, 16;
    %pushi/vec4 0, 0, 1;
    %store/vec4 v000001db4cf5eb60_0, 0, 1;
    %pushi/vec4 0, 0, 32;
    %store/vec4 v000001db4ceed2b0_0, 0, 32;
    %pushi/vec4 0, 0, 32;
    %store/vec4 v000001db4ceed210_0, 0, 32;
    %end;
    .thread T_1, $init;
    .scope S_000001db4ceee6a0;
T_2 ;
    %pushi/vec4 0, 0, 1;
    %store/vec4 v000001db4ceeda30_0, 0, 1;
T_2.0 ;
    %delay 500, 0;
    %load/vec4 v000001db4ceeda30_0;
    %inv;
    %store/vec4 v000001db4ceeda30_0, 0, 1;
    %jmp T_2.0;
    %end;
    .thread T_2;
    .scope S_000001db4ceee6a0;
T_3 ;
    %pushi/vec4 1, 1, 1;
    %assign/vec4 v000001db4ceed3f0_0, 0;
    %pushi/vec4 2, 0, 32;
T_3.0 %dup/vec4;
    %pushi/vec4 0, 0, 32;
    %cmp/s;
    %jmp/1xz T_3.1, 5;
    %jmp/1 T_3.1, 4;
    %pushi/vec4 1, 0, 32;
    %sub;
    %wait E_000001db4cef0af0;
    %jmp T_3.0;
T_3.1 ;
    %pop/vec4 1;
    %pushi/vec4 1, 0, 1;
    %assign/vec4 v000001db4ceed3f0_0, 0;
    %pushi/vec4 2, 0, 32;
T_3.2 %dup/vec4;
    %pushi/vec4 0, 0, 32;
    %cmp/s;
    %jmp/1xz T_3.3, 5;
    %jmp/1 T_3.3, 4;
    %pushi/vec4 1, 0, 32;
    %sub;
    %wait E_000001db4cef0af0;
    %jmp T_3.2;
T_3.3 ;
    %pop/vec4 1;
    %pushi/vec4 0, 0, 1;
    %assign/vec4 v000001db4ceed3f0_0, 0;
    %end;
    .thread T_3;
    .scope S_000001db4ceee6a0;
T_4 ;
    %wait E_000001db4cef0af0;
    %load/vec4 v000001db4ceed3f0_0;
    %flag_set/vec4 8;
    %jmp/0xz  T_4.0, 8;
    %pushi/vec4 1, 0, 1;
    %assign/vec4 v000001db4cf5eb60_0, 0;
T_4.0 ;
    %jmp T_4;
    .thread T_4;
    .scope S_000001db4ceee6a0;
T_5 ;
    %wait E_000001db4cef0af0;
    %load/vec4 v000001db4ceed3f0_0;
    %inv;
    %load/vec4 v000001db4cf5eb60_0;
    %and;
    %load/vec4 v000001db4cf5efc0_0;
    %and;
    %flag_set/vec4 8;
    %jmp/0xz  T_5.0, 8;
    %load/vec4 v000001db4ceed2b0_0;
    %load/vec4 v000001db4cf5ec00_0;
    %pad/u 32;
    %add;
    %cast2;
    %assign/vec4 v000001db4ceed2b0_0, 0;
T_5.0 ;
    %load/vec4 v000001db4ceed3f0_0;
    %inv;
    %load/vec4 v000001db4cf5eb60_0;
    %and;
    %load/vec4 v000001db4ceed170_0;
    %and;
    %flag_set/vec4 8;
    %jmp/0xz  T_5.2, 8;
    %load/vec4 v000001db4ceed210_0;
    %load/vec4 v000001db4ceed490_0;
    %pad/u 32;
    %add;
    %cast2;
    %assign/vec4 v000001db4ceed210_0, 0;
T_5.2 ;
    %jmp T_5;
    .thread T_5;
    .scope S_000001db4ceee6a0;
T_6 ;
    %vpi_call/w 3 103 "$dumpfile", "dump.vcd" {0 0 0};
    %vpi_call/w 3 104 "$dumpvars" {0 0 0};
    %wait E_000001db4cef0ab0;
    %pushi/vec4 0, 0, 32;
    %store/vec4 v000001db4ceed990_0, 0, 32;
T_6.0 ;
    %load/vec4 v000001db4ceed990_0;
    %cmpi/s 15, 0, 32;
    %jmp/0xz T_6.1, 5;
    %load/vec4 v000001db4cf5e5c0_0;
    %pushi/vec4 15, 0, 34;
    %load/vec4 v000001db4ceed990_0;
    %pad/s 34;
    %sub;
    %part/s 1;
    %assign/vec4 v000001db4ceed0d0_0, 0;
    %load/vec4 v000001db4cf5e340_0;
    %pushi/vec4 15, 0, 34;
    %load/vec4 v000001db4ceed990_0;
    %pad/s 34;
    %sub;
    %part/s 1;
    %assign/vec4 v000001db4cf5ec00_0, 0;
    %load/vec4 v000001db4cf5dee0_0;
    %pushi/vec4 15, 0, 34;
    %load/vec4 v000001db4ceed990_0;
    %pad/s 34;
    %sub;
    %part/s 1;
    %assign/vec4 v000001db4cf5e700_0, 0;
    %wait E_000001db4cef0af0;
    %load/vec4 v000001db4ceed0d0_0;
    %load/vec4 v000001db4cf5e5c0_0;
    %pushi/vec4 15, 0, 34;
    %load/vec4 v000001db4ceed990_0;
    %pad/s 34;
    %sub;
    %part/s 1;
    %cmp/e;
    %flag_get/vec4 4;
    %load/vec4 v000001db4ceed490_0;
    %load/vec4 v000001db4cf5ede0_0;
    %pushi/vec4 15, 0, 34;
    %load/vec4 v000001db4ceed990_0;
    %pad/s 34;
    %sub;
    %part/s 1;
    %cmp/e;
    %flag_get/vec4 4;
    %and;
    %load/vec4 v000001db4ceed170_0;
    %load/vec4 v000001db4cf5e660_0;
    %pushi/vec4 15, 0, 34;
    %load/vec4 v000001db4ceed990_0;
    %pad/s 34;
    %sub;
    %part/s 1;
    %cmp/e;
    %flag_get/vec4 4;
    %and;
    %inv;
    %flag_set/vec4 8;
    %jmp/0xz  T_6.2, 8;
    %vpi_call/w 3 118 "$display", "FAIL %s", "testbench.sv" {0 0 0};
    %vpi_call/w 3 119 "$display", "\012ERROR: numder test set = %d", v000001db4ceed990_0 {0 0 0};
    %vpi_call/w 3 120 "$display", "\012ERROR: unexpected result down_data = %h, down_ready = %h, down_valid  = %h", v000001db4ceed490_0, v000001db4ceed0d0_0, v000001db4ceed170_0 {0 0 0};
    %load/vec4 v000001db4cf5ede0_0;
    %pushi/vec4 15, 0, 34;
    %load/vec4 v000001db4ceed990_0;
    %pad/s 34;
    %sub;
    %part/s 1;
    %load/vec4 v000001db4cf5e5c0_0;
    %pushi/vec4 15, 0, 34;
    %load/vec4 v000001db4ceed990_0;
    %pad/s 34;
    %sub;
    %part/s 1;
    %load/vec4 v000001db4cf5e660_0;
    %pushi/vec4 15, 0, 34;
    %load/vec4 v000001db4ceed990_0;
    %pad/s 34;
    %sub;
    %part/s 1;
    %vpi_call/w 3 121 "$display", "\012         expected result down_data = %h, down_ready = %h, down_valid  = %h", S<2,vec4,u1>, S<1,vec4,u1>, S<0,vec4,u1> {3 0 0};
    %pushi/vec4 3, 0, 32;
T_6.4 %dup/vec4;
    %pushi/vec4 0, 0, 32;
    %cmp/s;
    %jmp/1xz T_6.5, 5;
    %jmp/1 T_6.5, 4;
    %pushi/vec4 1, 0, 32;
    %sub;
    %wait E_000001db4cef0af0;
    %jmp T_6.4;
T_6.5 ;
    %pop/vec4 1;
    %vpi_call/w 3 123 "$finish" {0 0 0};
T_6.2 ;
    %load/vec4 v000001db4ceed990_0;
    %addi 1, 0, 32;
    %cast2;
    %store/vec4 v000001db4ceed990_0, 0, 32;
    %jmp T_6.0;
T_6.1 ;
    %pushi/vec4 500, 0, 32;
T_6.6 %dup/vec4;
    %pushi/vec4 0, 0, 32;
    %cmp/s;
    %jmp/1xz T_6.7, 5;
    %jmp/1 T_6.7, 4;
    %pushi/vec4 1, 0, 32;
    %sub;
    %vpi_func 3 131 "$urandom_range" 32, 32'sb00000000000000000000000001100100, 32'sb00000000000000000000000000000000 {0 0 0};
    %cast2;
    %store/vec4 v000001db4ceed350_0, 0, 32;
    %load/vec4 v000001db4ceed350_0;
    %cmpi/s 50, 0, 32;
    %jmp/0xz  T_6.8, 5;
    %pushi/vec4 1, 0, 1;
    %assign/vec4 v000001db4ceed0d0_0, 0;
    %vpi_func 3 137 "$urandom_range" 32, 32'sb00000000000000000000000001100100, 32'sb00000000000000000000000000000000 {0 0 0};
    %cmpi/u 50, 0, 32;
    %flag_get/vec4 5;
    %assign/vec4 v000001db4cf5ec00_0, 0;
    %vpi_func 3 138 "$urandom_range" 32, 32'sb00000000000000000000000001100100, 32'sb00000000000000000000000000000000 {0 0 0};
    %cmpi/u 50, 0, 32;
    %flag_get/vec4 5;
    %assign/vec4 v000001db4cf5e700_0, 0;
    %jmp T_6.9;
T_6.8 ;
    %pushi/vec4 0, 0, 1;
    %assign/vec4 v000001db4ceed0d0_0, 0;
    %load/vec4 v000001db4cf5ec00_0;
    %load/vec4 v000001db4cf5e700_0;
    %and;
    %inv;
    %flag_set/vec4 8;
    %jmp/0xz  T_6.10, 8;
    %vpi_func 3 145 "$urandom_range" 32, 32'sb00000000000000000000000001100100, 32'sb00000000000000000000000000000000 {0 0 0};
    %cmpi/u 50, 0, 32;
    %flag_get/vec4 5;
    %assign/vec4 v000001db4cf5ec00_0, 0;
T_6.10 ;
    %vpi_func 3 146 "$urandom_range" 32, 32'sb00000000000000000000000001100100, 32'sb00000000000000000000000000000000 {0 0 0};
    %cmpi/u 50, 0, 32;
    %flag_get/vec4 5;
    %assign/vec4 v000001db4cf5e700_0, 0;
T_6.9 ;
    %wait E_000001db4cef0af0;
    %jmp T_6.6;
T_6.7 ;
    %pop/vec4 1;
    %pushi/vec4 0, 0, 1;
    %assign/vec4 v000001db4cf5ec00_0, 0;
    %pushi/vec4 1000, 0, 32;
T_6.12 %dup/vec4;
    %pushi/vec4 0, 0, 32;
    %cmp/s;
    %jmp/1xz T_6.13, 5;
    %jmp/1 T_6.13, 4;
    %pushi/vec4 1, 0, 32;
    %sub;
    %wait E_000001db4cef0af0;
    %jmp T_6.12;
T_6.13 ;
    %pop/vec4 1;
    %load/vec4 v000001db4ceed210_0;
    %load/vec4 v000001db4ceed2b0_0;
    %pushi/vec4 2, 0, 32;
    %div/s;
    %cmp/ne;
    %flag_get/vec4 6;
    %load/vec4 v000001db4ceed2b0_0;
    %pushi/vec4 0, 0, 32;
    %cmp/e;
    %flag_get/vec4 4;
    %or;
    %flag_set/vec4 8;
    %jmp/0xz  T_6.14, 8;
    %vpi_call/w 3 160 "$display", "FAIL %s", "testbench.sv" {0 0 0};
    %vpi_call/w 3 161 "$display", "++ INPUT    => {%s}", v000001db4ceed2b0_0 {0 0 0};
    %vpi_call/w 3 164 "$display", "++ TEST     => {%s}", v000001db4ceed210_0 {0 0 0};
    %vpi_call/w 3 166 "$finish", 32'sb00000000000000000000000000000001 {0 0 0};
T_6.14 ;
    %vpi_call/w 3 168 "$display", "PASS %s", "testbench.sv" {0 0 0};
    %vpi_call/w 3 169 "$finish" {0 0 0};
    %end;
    .thread T_6;
# The file index is used to find the file name in the following table.
:file_names 5;
    "N/A";
    "<interactive>";
    "-";
    "testbench.sv";
    "08_01_halve_tokens_fc.sv";
