#! /c/Source/iverilog-install/bin/vvp
:ivl_version "12.0 (devel)" "(s20150603-1539-g2693dd32b)";
:ivl_delay_selection "TYPICAL";
:vpi_time_precision + 0;
:vpi_module "C:\iverilog\lib\ivl\system.vpi";
:vpi_module "C:\iverilog\lib\ivl\vhdl_sys.vpi";
:vpi_module "C:\iverilog\lib\ivl\vhdl_textio.vpi";
:vpi_module "C:\iverilog\lib\ivl\v2005_math.vpi";
:vpi_module "C:\iverilog\lib\ivl\va_math.vpi";
:vpi_module "C:\iverilog\lib\ivl\v2009.vpi";
S_000001d96ff6c8c0 .scope package, "$unit" "$unit" 2 1;
 .timescale 0 0;
S_000001d9700795c0 .scope module, "testbench" "testbench" 3 5;
 .timescale 0 0;
P_000001d96ffaf9f0 .param/l "MAX_TOKEN" 1 3 27, +C4<000000000000000000000000000001111>;
P_000001d96ffafa28 .param/l "N" 1 3 81, +C4<00000000000000000000000001100100>;
P_000001d96ffafa60 .param/l "TIMEOUT" 1 3 86, +C4<00000000000000001100001101010000>;
P_000001d96ffafa98 .param/l "WIDTH" 1 3 26, +C4<00000000000000000000000000000010>;
P_000001d96ffafad0 .param/l "pro_ready" 1 3 84, +C4<00000000000000000000000000110010>;
P_000001d96ffafb08 .param/l "pro_token" 1 3 82, +C4<00000000000000000000000000110010>;
P_000001d96ffafb40 .param/l "pro_valid" 1 3 83, +C4<00000000000000000000000000110010>;
L_000001d96ff74a10 .functor AND 1, v000001d970009d80_0, L_000001d96ff745b0, C4<1>, C4<1>;
L_000001d96ff74540 .functor AND 1, L_000001d96ff749a0, v000001d96ff71590_0, C4<1>, C4<1>;
v000001d96ff71a90_0 .var "clk", 0 0;
v000001d96ff71090_0 .var/2s "count_token", 31 0;
v000001d96ff71310_0 .net "down_handshake", 0 0, L_000001d96ff74540;  1 drivers
v000001d96ff71590_0 .var "down_ready", 0 0;
v000001d96ff713b0_0 .net "down_valid", 0 0, L_000001d96ff749a0;  1 drivers
v000001d96ff71450_0 .var "expected_token", 3 0;
v000001d96ff718b0_0 .var "in_token", 1 0;
v000001d96ff716d0_0 .net "out_token", 3 0, L_000001d9700096a0;  1 drivers
v000001d96ff71770_0 .var/queue "queue_tokens", 4;
v000001d96ff71b30_0 .var "rst", 0 0;
v000001d970009a60_0 .var "sample", 3 0;
v000001d97000ab40_0 .var/2s "stage", 31 0;
v000001d970009100_0 .net "up_handshake", 0 0, L_000001d96ff74a10;  1 drivers
v000001d970009b00_0 .net "up_ready", 0 0, L_000001d96ff745b0;  1 drivers
v000001d970009d80_0 .var "up_valid", 0 0;
v000001d9700092e0_0 .var "valid_tmp", 0 0;
v000001d970009740_0 .var/2u "was_reset", 0 0;
E_000001d96ffaafc0 .event negedge, v000001d96ff71c70_0;
S_000001d97007b7c0 .scope module, "dut" "gearbox_1_to_2_fc" 3 46, 4 5 0, S_000001d9700795c0;
 .timescale 0 0;
    .port_info 0 /INPUT 1 "clk";
    .port_info 1 /INPUT 1 "rst";
    .port_info 2 /INPUT 1 "up_valid";
    .port_info 3 /OUTPUT 1 "up_ready";
    .port_info 4 /INPUT 2 "up_data";
    .port_info 5 /OUTPUT 1 "down_valid";
    .port_info 6 /OUTPUT 4 "down_data";
    .port_info 7 /INPUT 1 "down_ready";
P_000001d96ffab740 .param/l "width" 0 4 7, +C4<00000000000000000000000000000010>;
L_000001d96ff74230 .functor AND 1, v000001d970009d80_0, L_000001d96ff745b0, C4<1>, C4<1>;
L_000001d96ff73f90 .functor AND 1, L_000001d96ff749a0, v000001d96ff71590_0, C4<1>, C4<1>;
L_000001d96ff749a0 .functor AND 1, v000001d96ff711d0_0, v000001d96ff70eb0_0, C4<1>, C4<1>;
L_000001d96ff745b0 .functor OR 1, L_000001d97000abe0, v000001d96ff71590_0, C4<0>, C4<0>;
v000001d96ff70e10_0 .net *"_ivl_9", 0 0, L_000001d97000abe0;  1 drivers
v000001d96ff71130_0 .net "clk", 0 0, v000001d96ff71a90_0;  1 drivers
v000001d96ff719f0_0 .net "down_data", 3 0, L_000001d9700096a0;  alias, 1 drivers
v000001d96ff71810_0 .net "down_ready", 0 0, v000001d96ff71590_0;  1 drivers
v000001d96ff71bd0_0 .net "down_valid", 0 0, L_000001d96ff749a0;  alias, 1 drivers
v000001d96ff70ff0_0 .net "handshake_down", 0 0, L_000001d96ff73f90;  1 drivers
v000001d96ff71630_0 .net "handshake_up", 0 0, L_000001d96ff74230;  1 drivers
v000001d96ff711d0_0 .var "have_first", 0 0;
v000001d96ff70eb0_0 .var "have_second", 0 0;
v000001d96ff71c70_0 .net "rst", 0 0, v000001d96ff71b30_0;  1 drivers
v000001d96ff714f0_0 .var "save_first", 1 0;
v000001d96ff71270_0 .var "save_second", 1 0;
v000001d96ff71d10_0 .net "up_data", 1 0, v000001d96ff718b0_0;  1 drivers
v000001d96ff70f50_0 .net "up_ready", 0 0, L_000001d96ff745b0;  alias, 1 drivers
v000001d96ff71950_0 .net "up_valid", 0 0, v000001d970009d80_0;  1 drivers
E_000001d96ffaa880 .event posedge, v000001d96ff71130_0;
L_000001d9700096a0 .concat [ 2 2 0 0], v000001d96ff71270_0, v000001d96ff714f0_0;
L_000001d97000abe0 .reduce/nor v000001d96ff70eb0_0;
    .scope S_000001d97007b7c0;
T_0 ;
    %wait E_000001d96ffaa880;
    %load/vec4 v000001d96ff71c70_0;
    %flag_set/vec4 8;
    %jmp/0xz  T_0.0, 8;
    %pushi/vec4 0, 0, 2;
    %assign/vec4 v000001d96ff714f0_0, 0;
    %pushi/vec4 0, 0, 2;
    %assign/vec4 v000001d96ff71270_0, 0;
    %pushi/vec4 0, 0, 1;
    %assign/vec4 v000001d96ff711d0_0, 0;
    %pushi/vec4 0, 0, 1;
    %assign/vec4 v000001d96ff70eb0_0, 0;
    %jmp T_0.1;
T_0.0 ;
    %load/vec4 v000001d96ff70ff0_0;
    %load/vec4 v000001d96ff71630_0;
    %and;
    %flag_set/vec4 8;
    %jmp/0xz  T_0.2, 8;
    %load/vec4 v000001d96ff71d10_0;
    %assign/vec4 v000001d96ff714f0_0, 0;
    %pushi/vec4 1, 0, 1;
    %assign/vec4 v000001d96ff711d0_0, 0;
    %pushi/vec4 0, 0, 1;
    %assign/vec4 v000001d96ff70eb0_0, 0;
    %jmp T_0.3;
T_0.2 ;
    %load/vec4 v000001d96ff71630_0;
    %flag_set/vec4 8;
    %jmp/0xz  T_0.4, 8;
    %load/vec4 v000001d96ff711d0_0;
    %nor/r;
    %flag_set/vec4 8;
    %jmp/0xz  T_0.6, 8;
    %load/vec4 v000001d96ff71d10_0;
    %assign/vec4 v000001d96ff714f0_0, 0;
    %pushi/vec4 1, 0, 1;
    %assign/vec4 v000001d96ff711d0_0, 0;
    %jmp T_0.7;
T_0.6 ;
    %load/vec4 v000001d96ff71d10_0;
    %assign/vec4 v000001d96ff71270_0, 0;
    %pushi/vec4 1, 0, 1;
    %assign/vec4 v000001d96ff70eb0_0, 0;
T_0.7 ;
    %jmp T_0.5;
T_0.4 ;
    %load/vec4 v000001d96ff70ff0_0;
    %flag_set/vec4 8;
    %jmp/0xz  T_0.8, 8;
    %pushi/vec4 0, 0, 1;
    %assign/vec4 v000001d96ff711d0_0, 0;
    %pushi/vec4 0, 0, 1;
    %assign/vec4 v000001d96ff70eb0_0, 0;
T_0.8 ;
T_0.5 ;
T_0.3 ;
T_0.1 ;
    %jmp T_0;
    .thread T_0;
    .scope S_000001d9700795c0;
T_1 ;
    %pushi/vec4 0, 0, 32;
    %store/vec4 v000001d96ff71090_0, 0, 32;
    %pushi/vec4 0, 0, 32;
    %store/vec4 v000001d97000ab40_0, 0, 32;
    %pushi/vec4 0, 0, 1;
    %store/vec4 v000001d970009740_0, 0, 1;
    %end;
    .thread T_1, $init;
    .scope S_000001d9700795c0;
T_2 ;
    %pushi/vec4 0, 0, 1;
    %store/vec4 v000001d96ff71a90_0, 0, 1;
T_2.0 ;
    %delay 500, 0;
    %load/vec4 v000001d96ff71a90_0;
    %inv;
    %store/vec4 v000001d96ff71a90_0, 0, 1;
    %jmp T_2.0;
    %end;
    .thread T_2;
    .scope S_000001d9700795c0;
T_3 ;
    %pushi/vec4 1, 1, 1;
    %assign/vec4 v000001d96ff71b30_0, 0;
    %pushi/vec4 2, 0, 32;
T_3.0 %dup/vec4;
    %pushi/vec4 0, 0, 32;
    %cmp/s;
    %jmp/1xz T_3.1, 5;
    %jmp/1 T_3.1, 4;
    %pushi/vec4 1, 0, 32;
    %sub;
    %wait E_000001d96ffaa880;
    %jmp T_3.0;
T_3.1 ;
    %pop/vec4 1;
    %pushi/vec4 1, 0, 1;
    %assign/vec4 v000001d96ff71b30_0, 0;
    %pushi/vec4 2, 0, 32;
T_3.2 %dup/vec4;
    %pushi/vec4 0, 0, 32;
    %cmp/s;
    %jmp/1xz T_3.3, 5;
    %jmp/1 T_3.3, 4;
    %pushi/vec4 1, 0, 32;
    %sub;
    %wait E_000001d96ffaa880;
    %jmp T_3.2;
T_3.3 ;
    %pop/vec4 1;
    %pushi/vec4 0, 0, 1;
    %assign/vec4 v000001d96ff71b30_0, 0;
    %end;
    .thread T_3;
    .scope S_000001d9700795c0;
T_4 ;
    %wait E_000001d96ffaa880;
    %load/vec4 v000001d96ff71b30_0;
    %flag_set/vec4 8;
    %jmp/0xz  T_4.0, 8;
    %pushi/vec4 1, 0, 1;
    %assign/vec4 v000001d970009740_0, 0;
T_4.0 ;
    %jmp T_4;
    .thread T_4;
    .scope S_000001d9700795c0;
T_5 ;
    %wait E_000001d96ffaa880;
    %load/vec4 v000001d96ff71b30_0;
    %inv;
    %load/vec4 v000001d970009740_0;
    %and;
    %load/vec4 v000001d96ff71310_0;
    %and;
    %flag_set/vec4 8;
    %jmp/0xz  T_5.0, 8;
    %load/vec4 v000001d96ff71090_0;
    %addi 1, 0, 32;
    %cast2;
    %store/vec4 v000001d96ff71090_0, 0, 32;
    %qpop/b/v v000001d96ff71770_0, 4;
    %store/vec4 v000001d96ff71450_0, 0, 4;
    %load/vec4 v000001d96ff716d0_0;
    %load/vec4 v000001d96ff71450_0;
    %cmp/e;
    %flag_get/vec4 6;
    %inv;
    %flag_set/vec4 8;
    %jmp/0xz  T_5.2, 8;
    %vpi_call/w 3 70 "$display", "FAIL %s", "testbench.sv" {0 0 0};
    %vpi_call/w 3 71 "$display", "unexpected token  %b expected %b", v000001d96ff716d0_0, v000001d96ff71450_0 {0 0 0};
    %vpi_call/w 3 72 "$display", "Number token  %d ", v000001d96ff71090_0 {0 0 0};
    %pushi/vec4 3, 0, 32;
T_5.4 %dup/vec4;
    %pushi/vec4 0, 0, 32;
    %cmp/s;
    %jmp/1xz T_5.5, 5;
    %jmp/1 T_5.5, 4;
    %pushi/vec4 1, 0, 32;
    %sub;
    %wait E_000001d96ffaa880;
    %jmp T_5.4;
T_5.5 ;
    %pop/vec4 1;
    %vpi_call/w 3 74 "$finish", 32'sb00000000000000000000000000000001 {0 0 0};
T_5.2 ;
T_5.0 ;
    %jmp T_5;
    .thread T_5;
    .scope S_000001d9700795c0;
T_6 ;
    %vpi_call/w 3 93 "$dumpfile", "dump.vcd" {0 0 0};
    %vpi_call/w 3 94 "$dumpvars" {0 0 0};
    %pushi/vec4 0, 0, 4;
    %store/vec4 v000001d970009a60_0, 0, 4;
    %wait E_000001d96ffaafc0;
    %pushi/vec4 1, 0, 1;
    %store/vec4 v000001d96ff71590_0, 0, 1;
    %pushi/vec4 1, 0, 1;
    %assign/vec4 v000001d970009d80_0, 0;
    %pushi/vec4 10, 0, 32;
T_6.0 %dup/vec4;
    %pushi/vec4 0, 0, 32;
    %cmp/s;
    %jmp/1xz T_6.1, 5;
    %jmp/1 T_6.1, 4;
    %pushi/vec4 1, 0, 32;
    %sub;
    %vpi_func 3 108 "$urandom_range" 32, P_000001d96ffaf9f0, 32'sb00000000000000000000000000000000 {0 0 0};
    %pad/u 4;
    %store/vec4 v000001d970009a60_0, 0, 4;
    %load/vec4 v000001d970009a60_0;
    %parti/s 2, 2, 3;
    %assign/vec4 v000001d96ff718b0_0, 0;
    %wait E_000001d96ffaa880;
    %load/vec4 v000001d970009a60_0;
    %parti/s 2, 0, 2;
    %assign/vec4 v000001d96ff718b0_0, 0;
    %ix/load 4, 0, 0;
    %load/vec4 v000001d970009a60_0;
    %store/qf/v v000001d96ff71770_0, 4, 4;
    %wait E_000001d96ffaa880;
    %jmp T_6.0;
T_6.1 ;
    %pop/vec4 1;
    %pushi/vec4 0, 0, 1;
    %store/vec4 v000001d970009d80_0, 0, 1;
    %pushi/vec4 1, 0, 1;
    %assign/vec4 v000001d96ff71590_0, 0;
    %vpi_func 3 126 "$urandom_range" 32, P_000001d96ffaf9f0, 32'sb00000000000000000000000000000000 {0 0 0};
    %pad/u 4;
    %assign/vec4 v000001d970009a60_0, 0;
    %vpi_func 3 127 "$urandom_range" 32, 32'sb00000000000000000000000001100100, 32'sb00000000000000000000000000000000 {0 0 0};
    %cmpi/u 50, 0, 32;
    %flag_get/vec4 5;
    %assign/vec4 v000001d9700092e0_0, 0;
    %wait E_000001d96ffaa880;
    %pushi/vec4 10, 0, 32;
T_6.2 %dup/vec4;
    %pushi/vec4 0, 0, 32;
    %cmp/s;
    %jmp/1xz T_6.3, 5;
    %jmp/1 T_6.3, 4;
    %pushi/vec4 1, 0, 32;
    %sub;
T_6.4 ;
    %load/vec4 v000001d9700092e0_0;
    %inv;
    %flag_set/vec4 8;
    %jmp/0xz T_6.5, 8;
    %pushi/vec4 0, 0, 1;
    %assign/vec4 v000001d970009d80_0, 0;
    %vpi_func 3 133 "$urandom_range" 32, 32'sb00000000000000000000000001100100, 32'sb00000000000000000000000000000000 {0 0 0};
    %cmpi/u 50, 0, 32;
    %flag_get/vec4 5;
    %assign/vec4 v000001d9700092e0_0, 0;
    %pushi/vec4 3, 3, 2;
    %assign/vec4 v000001d96ff718b0_0, 0;
    %wait E_000001d96ffaa880;
    %jmp T_6.4;
T_6.5 ;
    %pushi/vec4 1, 0, 1;
    %assign/vec4 v000001d970009d80_0, 0;
    %load/vec4 v000001d970009a60_0;
    %parti/s 2, 2, 3;
    %assign/vec4 v000001d96ff718b0_0, 0;
    %load/vec4 v000001d970009100_0;
    %inv;
    %flag_set/vec4 8;
    %jmp/0xz  T_6.6, 8;
T_6.8 ;
    %load/vec4 v000001d970009100_0;
    %inv;
    %flag_set/vec4 8;
    %jmp/0xz T_6.9, 8;
    %wait E_000001d96ffaa880;
    %jmp T_6.8;
T_6.9 ;
    %jmp T_6.7;
T_6.6 ;
    %wait E_000001d96ffaa880;
T_6.7 ;
    %vpi_func 3 143 "$urandom_range" 32, 32'sb00000000000000000000000001100100, 32'sb00000000000000000000000000000000 {0 0 0};
    %cmpi/u 50, 0, 32;
    %flag_get/vec4 5;
    %assign/vec4 v000001d9700092e0_0, 0;
T_6.10 ;
    %load/vec4 v000001d9700092e0_0;
    %inv;
    %flag_set/vec4 8;
    %jmp/0xz T_6.11, 8;
    %pushi/vec4 0, 0, 1;
    %assign/vec4 v000001d970009d80_0, 0;
    %vpi_func 3 146 "$urandom_range" 32, 32'sb00000000000000000000000001100100, 32'sb00000000000000000000000000000000 {0 0 0};
    %cmpi/u 50, 0, 32;
    %flag_get/vec4 5;
    %assign/vec4 v000001d9700092e0_0, 0;
    %pushi/vec4 3, 3, 2;
    %assign/vec4 v000001d96ff718b0_0, 0;
    %wait E_000001d96ffaa880;
    %jmp T_6.10;
T_6.11 ;
    %pushi/vec4 1, 0, 1;
    %assign/vec4 v000001d970009d80_0, 0;
    %load/vec4 v000001d970009a60_0;
    %parti/s 2, 0, 2;
    %assign/vec4 v000001d96ff718b0_0, 0;
    %ix/load 4, 0, 0;
    %load/vec4 v000001d970009a60_0;
    %store/qf/v v000001d96ff71770_0, 4, 4;
    %load/vec4 v000001d970009100_0;
    %inv;
    %flag_set/vec4 8;
    %jmp/0xz  T_6.12, 8;
T_6.14 ;
    %load/vec4 v000001d970009100_0;
    %inv;
    %flag_set/vec4 8;
    %jmp/0xz T_6.15, 8;
    %wait E_000001d96ffaa880;
    %jmp T_6.14;
T_6.15 ;
    %jmp T_6.13;
T_6.12 ;
    %wait E_000001d96ffaa880;
T_6.13 ;
    %jmp T_6.2;
T_6.3 ;
    %pop/vec4 1;
    %pushi/vec4 0, 0, 1;
    %assign/vec4 v000001d970009d80_0, 0;
    %vpi_func 3 164 "$urandom_range" 32, P_000001d96ffaf9f0, 32'sb00000000000000000000000000000000 {0 0 0};
    %pad/u 4;
    %assign/vec4 v000001d970009a60_0, 0;
    %wait E_000001d96ffaa880;
    %pushi/vec4 10, 0, 32;
T_6.16 %dup/vec4;
    %pushi/vec4 0, 0, 32;
    %cmp/s;
    %jmp/1xz T_6.17, 5;
    %jmp/1 T_6.17, 4;
    %pushi/vec4 1, 0, 32;
    %sub;
    %pushi/vec4 1, 0, 1;
    %assign/vec4 v000001d970009d80_0, 0;
    %load/vec4 v000001d970009a60_0;
    %parti/s 2, 2, 3;
    %assign/vec4 v000001d96ff718b0_0, 0;
    %vpi_func 3 172 "$urandom_range" 32, 32'sb00000000000000000000000001100100, 32'sb00000000000000000000000000000000 {0 0 0};
    %cmpi/u 50, 0, 32;
    %flag_get/vec4 5;
    %assign/vec4 v000001d96ff71590_0, 0;
    %wait E_000001d96ffaa880;
    %load/vec4 v000001d970009100_0;
    %inv;
    %flag_set/vec4 8;
    %jmp/0xz  T_6.18, 8;
T_6.20 ;
    %load/vec4 v000001d970009100_0;
    %inv;
    %flag_set/vec4 8;
    %jmp/0xz T_6.21, 8;
    %wait E_000001d96ffaa880;
    %vpi_func 3 178 "$urandom_range" 32, 32'sb00000000000000000000000001100100, 32'sb00000000000000000000000000000000 {0 0 0};
    %cmpi/u 50, 0, 32;
    %flag_get/vec4 5;
    %assign/vec4 v000001d96ff71590_0, 0;
    %jmp T_6.20;
T_6.21 ;
T_6.18 ;
    %load/vec4 v000001d970009a60_0;
    %parti/s 2, 0, 2;
    %assign/vec4 v000001d96ff718b0_0, 0;
    %vpi_func 3 182 "$urandom_range" 32, 32'sb00000000000000000000000001100100, 32'sb00000000000000000000000000000000 {0 0 0};
    %cmpi/u 50, 0, 32;
    %flag_get/vec4 5;
    %assign/vec4 v000001d96ff71590_0, 0;
    %ix/load 4, 0, 0;
    %load/vec4 v000001d970009a60_0;
    %store/qf/v v000001d96ff71770_0, 4, 4;
    %vpi_func 3 188 "$urandom_range" 32, P_000001d96ffaf9f0, 32'sb00000000000000000000000000000000 {0 0 0};
    %pad/u 4;
    %assign/vec4 v000001d970009a60_0, 0;
    %load/vec4 v000001d970009100_0;
    %inv;
    %flag_set/vec4 8;
    %jmp/0xz  T_6.22, 8;
T_6.24 ;
    %load/vec4 v000001d970009100_0;
    %inv;
    %flag_set/vec4 8;
    %jmp/0xz T_6.25, 8;
    %wait E_000001d96ffaa880;
    %vpi_func 3 192 "$urandom_range" 32, 32'sb00000000000000000000000001100100, 32'sb00000000000000000000000000000000 {0 0 0};
    %cmpi/u 50, 0, 32;
    %flag_get/vec4 5;
    %store/vec4 v000001d96ff71590_0, 0, 1;
    %jmp T_6.24;
T_6.25 ;
    %jmp T_6.23;
T_6.22 ;
    %wait E_000001d96ffaa880;
T_6.23 ;
    %jmp T_6.16;
T_6.17 ;
    %pop/vec4 1;
    %pushi/vec4 0, 0, 1;
    %assign/vec4 v000001d970009d80_0, 0;
    %vpi_func 3 201 "$urandom_range" 32, P_000001d96ffaf9f0, 32'sb00000000000000000000000000000000 {0 0 0};
    %pad/u 4;
    %assign/vec4 v000001d970009a60_0, 0;
    %vpi_func 3 203 "$urandom_range" 32, 32'sb00000000000000000000000001100100, 32'sb00000000000000000000000000000000 {0 0 0};
    %cmpi/u 50, 0, 32;
    %flag_get/vec4 5;
    %assign/vec4 v000001d9700092e0_0, 0;
    %vpi_func 3 204 "$urandom_range" 32, 32'sb00000000000000000000000001100100, 32'sb00000000000000000000000000000000 {0 0 0};
    %cmpi/u 50, 0, 32;
    %flag_get/vec4 5;
    %assign/vec4 v000001d96ff71590_0, 0;
    %wait E_000001d96ffaa880;
    %pushi/vec4 100, 0, 32;
T_6.26 %dup/vec4;
    %pushi/vec4 0, 0, 32;
    %cmp/s;
    %jmp/1xz T_6.27, 5;
    %jmp/1 T_6.27, 4;
    %pushi/vec4 1, 0, 32;
    %sub;
T_6.28 ;
    %load/vec4 v000001d9700092e0_0;
    %inv;
    %flag_set/vec4 8;
    %jmp/0xz T_6.29, 8;
    %vpi_func 3 212 "$urandom_range" 32, 32'sb00000000000000000000000001100100, 32'sb00000000000000000000000000000000 {0 0 0};
    %cmpi/u 50, 0, 32;
    %flag_get/vec4 5;
    %assign/vec4 v000001d9700092e0_0, 0;
    %vpi_func 3 213 "$urandom_range" 32, 32'sb00000000000000000000000001100100, 32'sb00000000000000000000000000000000 {0 0 0};
    %cmpi/u 50, 0, 32;
    %flag_get/vec4 5;
    %assign/vec4 v000001d96ff71590_0, 0;
    %pushi/vec4 3, 3, 2;
    %assign/vec4 v000001d96ff718b0_0, 0;
    %pushi/vec4 0, 0, 1;
    %assign/vec4 v000001d970009d80_0, 0;
    %wait E_000001d96ffaa880;
    %jmp T_6.28;
T_6.29 ;
    %load/vec4 v000001d970009a60_0;
    %parti/s 2, 2, 3;
    %assign/vec4 v000001d96ff718b0_0, 0;
    %pushi/vec4 1, 0, 1;
    %assign/vec4 v000001d970009d80_0, 0;
    %vpi_func 3 223 "$urandom_range" 32, 32'sb00000000000000000000000001100100, 32'sb00000000000000000000000000000000 {0 0 0};
    %cmpi/u 50, 0, 32;
    %flag_get/vec4 5;
    %assign/vec4 v000001d9700092e0_0, 0;
    %vpi_func 3 224 "$urandom_range" 32, 32'sb00000000000000000000000001100100, 32'sb00000000000000000000000000000000 {0 0 0};
    %cmpi/u 50, 0, 32;
    %flag_get/vec4 5;
    %assign/vec4 v000001d96ff71590_0, 0;
    %load/vec4 v000001d970009b00_0;
    %inv;
    %flag_set/vec4 8;
    %jmp/0xz  T_6.30, 8;
T_6.32 ;
    %load/vec4 v000001d970009b00_0;
    %inv;
    %flag_set/vec4 8;
    %jmp/0xz T_6.33, 8;
    %vpi_func 3 229 "$urandom_range" 32, 32'sb00000000000000000000000001100100, 32'sb00000000000000000000000000000000 {0 0 0};
    %cmpi/u 50, 0, 32;
    %flag_get/vec4 5;
    %assign/vec4 v000001d96ff71590_0, 0;
    %wait E_000001d96ffaa880;
    %jmp T_6.32;
T_6.33 ;
    %jmp T_6.31;
T_6.30 ;
    %wait E_000001d96ffaa880;
T_6.31 ;
    %load/vec4 v000001d970009b00_0;
    %inv;
    %flag_set/vec4 8;
    %jmp/0xz  T_6.34, 8;
T_6.36 ;
    %load/vec4 v000001d970009b00_0;
    %inv;
    %flag_set/vec4 8;
    %jmp/0xz T_6.37, 8;
    %vpi_func 3 237 "$urandom_range" 32, 32'sb00000000000000000000000001100100, 32'sb00000000000000000000000000000000 {0 0 0};
    %cmpi/u 50, 0, 32;
    %flag_get/vec4 5;
    %assign/vec4 v000001d96ff71590_0, 0;
    %wait E_000001d96ffaa880;
    %jmp T_6.36;
T_6.37 ;
T_6.34 ;
T_6.38 ;
    %load/vec4 v000001d9700092e0_0;
    %inv;
    %flag_set/vec4 8;
    %jmp/0xz T_6.39, 8;
    %vpi_func 3 245 "$urandom_range" 32, 32'sb00000000000000000000000001100100, 32'sb00000000000000000000000000000000 {0 0 0};
    %cmpi/u 50, 0, 32;
    %flag_get/vec4 5;
    %assign/vec4 v000001d9700092e0_0, 0;
    %vpi_func 3 246 "$urandom_range" 32, 32'sb00000000000000000000000001100100, 32'sb00000000000000000000000000000000 {0 0 0};
    %cmpi/u 50, 0, 32;
    %flag_get/vec4 5;
    %assign/vec4 v000001d96ff71590_0, 0;
    %pushi/vec4 3, 3, 2;
    %assign/vec4 v000001d96ff718b0_0, 0;
    %pushi/vec4 0, 0, 1;
    %assign/vec4 v000001d970009d80_0, 0;
    %wait E_000001d96ffaa880;
    %jmp T_6.38;
T_6.39 ;
    %load/vec4 v000001d970009a60_0;
    %parti/s 2, 0, 2;
    %assign/vec4 v000001d96ff718b0_0, 0;
    %pushi/vec4 1, 0, 1;
    %assign/vec4 v000001d970009d80_0, 0;
    %ix/load 4, 0, 0;
    %load/vec4 v000001d970009a60_0;
    %store/qf/v v000001d96ff71770_0, 4, 4;
    %vpi_func 3 258 "$urandom_range" 32, P_000001d96ffaf9f0, 32'sb00000000000000000000000000000000 {0 0 0};
    %pad/u 4;
    %assign/vec4 v000001d970009a60_0, 0;
    %vpi_func 3 259 "$urandom_range" 32, 32'sb00000000000000000000000001100100, 32'sb00000000000000000000000000000000 {0 0 0};
    %cmpi/u 50, 0, 32;
    %flag_get/vec4 5;
    %assign/vec4 v000001d9700092e0_0, 0;
    %vpi_func 3 260 "$urandom_range" 32, 32'sb00000000000000000000000001100100, 32'sb00000000000000000000000000000000 {0 0 0};
    %cmpi/u 50, 0, 32;
    %flag_get/vec4 5;
    %assign/vec4 v000001d96ff71590_0, 0;
    %load/vec4 v000001d970009b00_0;
    %inv;
    %flag_set/vec4 8;
    %jmp/0xz  T_6.40, 8;
T_6.42 ;
    %load/vec4 v000001d970009b00_0;
    %inv;
    %flag_set/vec4 8;
    %jmp/0xz T_6.43, 8;
    %pushi/vec4 7, 0, 32;
    %assign/vec4 v000001d97000ab40_0, 0;
    %vpi_func 3 265 "$urandom_range" 32, 32'sb00000000000000000000000001100100, 32'sb00000000000000000000000000000000 {0 0 0};
    %cmpi/u 50, 0, 32;
    %flag_get/vec4 5;
    %assign/vec4 v000001d96ff71590_0, 0;
    %wait E_000001d96ffaa880;
    %jmp T_6.42;
T_6.43 ;
    %jmp T_6.41;
T_6.40 ;
    %wait E_000001d96ffaa880;
T_6.41 ;
    %load/vec4 v000001d970009b00_0;
    %inv;
    %flag_set/vec4 8;
    %jmp/0xz  T_6.44, 8;
T_6.46 ;
    %load/vec4 v000001d970009b00_0;
    %inv;
    %flag_set/vec4 8;
    %jmp/0xz T_6.47, 8;
    %pushi/vec4 4, 0, 32;
    %assign/vec4 v000001d97000ab40_0, 0;
    %vpi_func 3 274 "$urandom_range" 32, 32'sb00000000000000000000000001100100, 32'sb00000000000000000000000000000000 {0 0 0};
    %cmpi/u 50, 0, 32;
    %flag_get/vec4 5;
    %assign/vec4 v000001d96ff71590_0, 0;
    %wait E_000001d96ffaa880;
    %jmp T_6.46;
T_6.47 ;
T_6.44 ;
    %jmp T_6.26;
T_6.27 ;
    %pop/vec4 1;
    %pushi/vec4 0, 0, 1;
    %store/vec4 v000001d970009d80_0, 0, 1;
    %pushi/vec4 1, 0, 1;
    %store/vec4 v000001d96ff71590_0, 0, 1;
    %pushi/vec4 5, 0, 32;
T_6.48 %dup/vec4;
    %pushi/vec4 0, 0, 32;
    %cmp/s;
    %jmp/1xz T_6.49, 5;
    %jmp/1 T_6.49, 4;
    %pushi/vec4 1, 0, 32;
    %sub;
    %wait E_000001d96ffaa880;
    %jmp T_6.48;
T_6.49 ;
    %pop/vec4 1;
    %load/vec4 v000001d96ff71090_0;
    %cmpi/e 0, 0, 32;
    %jmp/0xz  T_6.50, 4;
    %vpi_call/w 3 287 "$display", "FAIL %s", "testbench.sv" {0 0 0};
    %vpi_call/w 3 288 "$display", "NO input tokens" {0 0 0};
    %vpi_call/w 3 289 "$finish", 32'sb00000000000000000000000000000001 {0 0 0};
T_6.50 ;
    %vpi_func 3 292 "$size" 32, v000001d96ff71770_0 {0 0 0};
    %cmpi/ne 0, 0, 32;
    %jmp/0xz  T_6.52, 4;
    %vpi_call/w 3 293 "$display", "FAIL %s", "testbench.sv" {0 0 0};
    %vpi_func 3 294 "$size" 32, v000001d96ff71770_0 {0 0 0};
    %vpi_call/w 3 294 "$display", "Queue is not empty. Queue size = %d", S<0,vec4,s32> {1 0 0};
    %qpop/b/v v000001d96ff71770_0, 4;
    %vpi_call/w 3 295 "$display", "token is : %b", S<0,vec4,u4> {1 0 0};
    %vpi_call/w 3 296 "$finish", 32'sb00000000000000000000000000000001 {0 0 0};
T_6.52 ;
    %vpi_call/w 3 299 "$display", "PASS %s", "testbench.sv" {0 0 0};
    %vpi_call/w 3 300 "$finish" {0 0 0};
    %end;
    .thread T_6;
    .scope S_000001d9700795c0;
T_7 ;
    %pushi/vec4 50000, 0, 32;
T_7.0 %dup/vec4;
    %pushi/vec4 0, 0, 32;
    %cmp/s;
    %jmp/1xz T_7.1, 5;
    %jmp/1 T_7.1, 4;
    %pushi/vec4 1, 0, 32;
    %sub;
    %wait E_000001d96ffaa880;
    %jmp T_7.0;
T_7.1 ;
    %pop/vec4 1;
    %vpi_call/w 3 306 "$display", "FAIL %s: timeout!", "testbench.sv" {0 0 0};
    %vpi_call/w 3 307 "$finish" {0 0 0};
    %end;
    .thread T_7;
# The file index is used to find the file name in the following table.
:file_names 5;
    "N/A";
    "<interactive>";
    "-";
    "testbench.sv";
    "08_05_gearbox_1_to_2_fc.sv";
