#! /c/Source/iverilog-install/bin/vvp
:ivl_version "12.0 (devel)" "(s20150603-1539-g2693dd32b)";
:ivl_delay_selection "TYPICAL";
:vpi_time_precision + 0;
:vpi_module "C:\iverilog\lib\ivl\system.vpi";
:vpi_module "C:\iverilog\lib\ivl\vhdl_sys.vpi";
:vpi_module "C:\iverilog\lib\ivl\vhdl_textio.vpi";
:vpi_module "C:\iverilog\lib\ivl\v2005_math.vpi";
:vpi_module "C:\iverilog\lib\ivl\va_math.vpi";
:vpi_module "C:\iverilog\lib\ivl\v2009.vpi";
S_0000026355b10be0 .scope package, "$unit" "$unit" 2 1;
 .timescale 0 0;
S_0000026355afcb80 .scope module, "testbench" "testbench" 3 1;
 .timescale 0 0;
P_0000026355b0f780 .param/l "n" 1 3 28, +C4<00000000000000000000000000011000>;
P_0000026355b0f7b8 .param/l "seq_a" 1 3 34, C4<001101011001100110101000>;
P_0000026355b0f7f0 .param/l "seq_det4bit" 1 3 37, C4<000000010000000000001010>;
P_0000026355b0f828 .param/l "seq_det6bit" 1 3 38, C4<000000000000010001000000>;
v0000026355b643c0_0 .var "a", 0 0;
v0000026355b64460_0 .var "clk", 0 0;
v0000026355b64000_0 .net "det4bit", 0 0, L_0000026355b639c0;  1 drivers
v0000026355b640a0_0 .net "det6bit", 0 0, L_0000026355b64500;  1 drivers
v0000026355b64320_0 .var "rst", 0 0;
E_0000026355b10260 .event negedge, v0000026355ac29c0_0;
S_0000026355afcd10 .scope begin, "$ivl_for_loop0" "$ivl_for_loop0" 3 54, 3 54 0, S_0000026355afcb80;
 .timescale 0 0;
v0000026355b0c880_0 .var/2s "i", 31 0;
E_0000026355b10520 .event posedge, v0000026355afcf40_0;
S_0000026355ac2830 .scope module, "det4b" "detect_4_bit_sequence_using_fsm" 3 25, 4 5 0, S_0000026355afcb80;
 .timescale 0 0;
    .port_info 0 /INPUT 1 "clk";
    .port_info 1 /INPUT 1 "rst";
    .port_info 2 /INPUT 1 "a";
    .port_info 3 /OUTPUT 1 "detected";
enum0000026355b053d0 .enum4 (3)
   "IDLE" 3'b000,
   "F1" 3'b001,
   "F0" 3'b010,
   "S1" 3'b011,
   "S0" 3'b100
 ;
L_0000026355bb0088 .functor BUFT 1, C4<100>, C4<0>, C4<0>, C4<0>;
v0000026355b0b580_0 .net/2u *"_ivl_0", 2 0, L_0000026355bb0088;  1 drivers
v0000026355afcea0_0 .net "a", 0 0, v0000026355b643c0_0;  1 drivers
v0000026355afcf40_0 .net "clk", 0 0, v0000026355b64460_0;  1 drivers
v0000026355b0e230_0 .net "detected", 0 0, L_0000026355b639c0;  alias, 1 drivers
v0000026355b0e2d0_0 .var "new_state", 2 0;
v0000026355ac29c0_0 .net "rst", 0 0, v0000026355b64320_0;  1 drivers
v0000026355ac2a60_0 .var "state", 2 0;
E_0000026355b0ff60 .event anyedge, v0000026355ac2a60_0, v0000026355afcea0_0;
L_0000026355b639c0 .cmp/eq 3, v0000026355ac2a60_0, L_0000026355bb0088;
S_0000026355ac2b00 .scope module, "det6b" "detect_6_bit_sequence_using_fsm" 3 26, 4 65 0, S_0000026355afcb80;
 .timescale 0 0;
    .port_info 0 /INPUT 1 "clk";
    .port_info 1 /INPUT 1 "rst";
    .port_info 2 /INPUT 1 "a";
    .port_info 3 /OUTPUT 1 "detected";
enum0000026355b057a0 .enum4 (3)
   "IDLE" 3'b000,
   "F1" 3'b001,
   "F0" 3'b010,
   "S1" 3'b011,
   "S0" 3'b100,
   "T1" 3'b101,
   "T0" 3'b110
 ;
L_0000026355bb00d0 .functor BUFT 1, C4<110>, C4<0>, C4<0>, C4<0>;
v0000026355b63830_0 .net/2u *"_ivl_0", 2 0, L_0000026355bb00d0;  1 drivers
v0000026355b63920_0 .net "a", 0 0, v0000026355b643c0_0;  alias, 1 drivers
v0000026355b646e0_0 .net "clk", 0 0, v0000026355b64460_0;  alias, 1 drivers
v0000026355b63a60_0 .net "detected", 0 0, L_0000026355b64500;  alias, 1 drivers
v0000026355b645a0_0 .var "new_state", 2 0;
v0000026355b63f60_0 .net "rst", 0 0, v0000026355b64320_0;  alias, 1 drivers
v0000026355b64140_0 .var "state", 2 0;
E_0000026355b10820 .event anyedge, v0000026355b64140_0, v0000026355afcea0_0;
L_0000026355b64500 .cmp/eq 3, v0000026355b64140_0, L_0000026355bb00d0;
    .scope S_0000026355ac2830;
T_0 ;
Ewait_0 .event/or E_0000026355b0ff60, E_0x0;
    %wait Ewait_0;
    %load/vec4 v0000026355ac2a60_0;
    %store/vec4 v0000026355b0e2d0_0, 0, 3;
    %load/vec4 v0000026355ac2a60_0;
    %dup/vec4;
    %pushi/vec4 0, 0, 3;
    %cmp/u;
    %jmp/1 T_0.0, 6;
    %dup/vec4;
    %pushi/vec4 1, 0, 3;
    %cmp/u;
    %jmp/1 T_0.1, 6;
    %dup/vec4;
    %pushi/vec4 2, 0, 3;
    %cmp/u;
    %jmp/1 T_0.2, 6;
    %dup/vec4;
    %pushi/vec4 3, 0, 3;
    %cmp/u;
    %jmp/1 T_0.3, 6;
    %dup/vec4;
    %pushi/vec4 4, 0, 3;
    %cmp/u;
    %jmp/1 T_0.4, 6;
    %jmp T_0.5;
T_0.0 ;
    %load/vec4 v0000026355afcea0_0;
    %flag_set/vec4 8;
    %jmp/0xz  T_0.6, 8;
    %pushi/vec4 1, 0, 3;
    %store/vec4 v0000026355b0e2d0_0, 0, 3;
T_0.6 ;
    %jmp T_0.5;
T_0.1 ;
    %load/vec4 v0000026355afcea0_0;
    %inv;
    %flag_set/vec4 8;
    %jmp/0xz  T_0.8, 8;
    %pushi/vec4 2, 0, 3;
    %store/vec4 v0000026355b0e2d0_0, 0, 3;
T_0.8 ;
    %jmp T_0.5;
T_0.2 ;
    %load/vec4 v0000026355afcea0_0;
    %flag_set/vec4 8;
    %jmp/0xz  T_0.10, 8;
    %pushi/vec4 3, 0, 3;
    %store/vec4 v0000026355b0e2d0_0, 0, 3;
    %jmp T_0.11;
T_0.10 ;
    %pushi/vec4 0, 0, 3;
    %store/vec4 v0000026355b0e2d0_0, 0, 3;
T_0.11 ;
    %jmp T_0.5;
T_0.3 ;
    %load/vec4 v0000026355afcea0_0;
    %inv;
    %flag_set/vec4 8;
    %jmp/0xz  T_0.12, 8;
    %pushi/vec4 4, 0, 3;
    %store/vec4 v0000026355b0e2d0_0, 0, 3;
    %jmp T_0.13;
T_0.12 ;
    %pushi/vec4 1, 0, 3;
    %store/vec4 v0000026355b0e2d0_0, 0, 3;
T_0.13 ;
    %jmp T_0.5;
T_0.4 ;
    %load/vec4 v0000026355afcea0_0;
    %flag_set/vec4 8;
    %jmp/0xz  T_0.14, 8;
    %pushi/vec4 3, 0, 3;
    %store/vec4 v0000026355b0e2d0_0, 0, 3;
    %jmp T_0.15;
T_0.14 ;
    %pushi/vec4 0, 0, 3;
    %store/vec4 v0000026355b0e2d0_0, 0, 3;
T_0.15 ;
    %jmp T_0.5;
T_0.5 ;
    %pop/vec4 1;
    %jmp T_0;
    .thread T_0, $push;
    .scope S_0000026355ac2830;
T_1 ;
    %wait E_0000026355b10520;
    %load/vec4 v0000026355ac29c0_0;
    %flag_set/vec4 8;
    %jmp/0xz  T_1.0, 8;
    %pushi/vec4 0, 0, 3;
    %assign/vec4 v0000026355ac2a60_0, 0;
    %jmp T_1.1;
T_1.0 ;
    %load/vec4 v0000026355b0e2d0_0;
    %assign/vec4 v0000026355ac2a60_0, 0;
T_1.1 ;
    %jmp T_1;
    .thread T_1;
    .scope S_0000026355ac2b00;
T_2 ;
Ewait_1 .event/or E_0000026355b10820, E_0x0;
    %wait Ewait_1;
    %load/vec4 v0000026355b64140_0;
    %store/vec4 v0000026355b645a0_0, 0, 3;
    %load/vec4 v0000026355b64140_0;
    %dup/vec4;
    %pushi/vec4 0, 0, 3;
    %cmp/u;
    %jmp/1 T_2.0, 6;
    %dup/vec4;
    %pushi/vec4 1, 0, 3;
    %cmp/u;
    %jmp/1 T_2.1, 6;
    %dup/vec4;
    %pushi/vec4 2, 0, 3;
    %cmp/u;
    %jmp/1 T_2.2, 6;
    %dup/vec4;
    %pushi/vec4 3, 0, 3;
    %cmp/u;
    %jmp/1 T_2.3, 6;
    %dup/vec4;
    %pushi/vec4 4, 0, 3;
    %cmp/u;
    %jmp/1 T_2.4, 6;
    %dup/vec4;
    %pushi/vec4 5, 0, 3;
    %cmp/u;
    %jmp/1 T_2.5, 6;
    %dup/vec4;
    %pushi/vec4 6, 0, 3;
    %cmp/u;
    %jmp/1 T_2.6, 6;
    %jmp T_2.7;
T_2.0 ;
    %load/vec4 v0000026355b63920_0;
    %flag_set/vec4 8;
    %jmp/0xz  T_2.8, 8;
    %pushi/vec4 1, 0, 3;
    %store/vec4 v0000026355b645a0_0, 0, 3;
T_2.8 ;
    %jmp T_2.7;
T_2.1 ;
    %load/vec4 v0000026355b63920_0;
    %flag_set/vec4 8;
    %jmp/0xz  T_2.10, 8;
    %pushi/vec4 2, 0, 3;
    %store/vec4 v0000026355b645a0_0, 0, 3;
    %jmp T_2.11;
T_2.10 ;
    %pushi/vec4 0, 0, 3;
    %store/vec4 v0000026355b645a0_0, 0, 3;
T_2.11 ;
    %jmp T_2.7;
T_2.2 ;
    %load/vec4 v0000026355b63920_0;
    %inv;
    %flag_set/vec4 8;
    %jmp/0xz  T_2.12, 8;
    %pushi/vec4 3, 0, 3;
    %store/vec4 v0000026355b645a0_0, 0, 3;
T_2.12 ;
    %jmp T_2.7;
T_2.3 ;
    %load/vec4 v0000026355b63920_0;
    %inv;
    %flag_set/vec4 8;
    %jmp/0xz  T_2.14, 8;
    %pushi/vec4 4, 0, 3;
    %store/vec4 v0000026355b645a0_0, 0, 3;
    %jmp T_2.15;
T_2.14 ;
    %pushi/vec4 1, 0, 3;
    %store/vec4 v0000026355b645a0_0, 0, 3;
T_2.15 ;
    %jmp T_2.7;
T_2.4 ;
    %load/vec4 v0000026355b63920_0;
    %flag_set/vec4 8;
    %jmp/0xz  T_2.16, 8;
    %pushi/vec4 5, 0, 3;
    %store/vec4 v0000026355b645a0_0, 0, 3;
    %jmp T_2.17;
T_2.16 ;
    %pushi/vec4 0, 0, 3;
    %store/vec4 v0000026355b645a0_0, 0, 3;
T_2.17 ;
    %jmp T_2.7;
T_2.5 ;
    %load/vec4 v0000026355b63920_0;
    %flag_set/vec4 8;
    %jmp/0xz  T_2.18, 8;
    %pushi/vec4 6, 0, 3;
    %store/vec4 v0000026355b645a0_0, 0, 3;
    %jmp T_2.19;
T_2.18 ;
    %pushi/vec4 0, 0, 3;
    %store/vec4 v0000026355b645a0_0, 0, 3;
T_2.19 ;
    %jmp T_2.7;
T_2.6 ;
    %load/vec4 v0000026355b63920_0;
    %flag_set/vec4 8;
    %jmp/0xz  T_2.20, 8;
    %pushi/vec4 2, 0, 3;
    %store/vec4 v0000026355b645a0_0, 0, 3;
    %jmp T_2.21;
T_2.20 ;
    %pushi/vec4 3, 0, 3;
    %store/vec4 v0000026355b645a0_0, 0, 3;
T_2.21 ;
    %jmp T_2.7;
T_2.7 ;
    %pop/vec4 1;
    %jmp T_2;
    .thread T_2, $push;
    .scope S_0000026355ac2b00;
T_3 ;
    %wait E_0000026355b10520;
    %load/vec4 v0000026355b63f60_0;
    %flag_set/vec4 8;
    %jmp/0xz  T_3.0, 8;
    %pushi/vec4 0, 0, 3;
    %assign/vec4 v0000026355b64140_0, 0;
    %jmp T_3.1;
T_3.0 ;
    %load/vec4 v0000026355b645a0_0;
    %assign/vec4 v0000026355b64140_0, 0;
T_3.1 ;
    %jmp T_3;
    .thread T_3;
    .scope S_0000026355afcb80;
T_4 ;
    %pushi/vec4 0, 0, 1;
    %store/vec4 v0000026355b64460_0, 0, 1;
T_4.0 ;
    %delay 500, 0;
    %load/vec4 v0000026355b64460_0;
    %inv;
    %store/vec4 v0000026355b64460_0, 0, 1;
    %jmp T_4.0;
    %end;
    .thread T_4;
    .scope S_0000026355afcb80;
T_5 ;
    %pushi/vec4 1, 1, 1;
    %assign/vec4 v0000026355b64320_0, 0;
    %pushi/vec4 2, 0, 32;
T_5.0 %dup/vec4;
    %pushi/vec4 0, 0, 32;
    %cmp/s;
    %jmp/1xz T_5.1, 5;
    %jmp/1 T_5.1, 4;
    %pushi/vec4 1, 0, 32;
    %sub;
    %wait E_0000026355b10520;
    %jmp T_5.0;
T_5.1 ;
    %pop/vec4 1;
    %pushi/vec4 1, 0, 1;
    %assign/vec4 v0000026355b64320_0, 0;
    %pushi/vec4 2, 0, 32;
T_5.2 %dup/vec4;
    %pushi/vec4 0, 0, 32;
    %cmp/s;
    %jmp/1xz T_5.3, 5;
    %jmp/1 T_5.3, 4;
    %pushi/vec4 1, 0, 32;
    %sub;
    %wait E_0000026355b10520;
    %jmp T_5.2;
T_5.3 ;
    %pop/vec4 1;
    %pushi/vec4 0, 0, 1;
    %assign/vec4 v0000026355b64320_0, 0;
    %end;
    .thread T_5;
    .scope S_0000026355afcb80;
T_6 ;
    %vpi_call/w 3 48 "$dumpfile", "dump.vcd" {0 0 0};
    %vpi_call/w 3 49 "$dumpvars" {0 0 0};
    %wait E_0000026355b10260;
    %fork t_1, S_0000026355afcd10;
    %jmp t_0;
    .scope S_0000026355afcd10;
t_1 ;
    %pushi/vec4 0, 0, 32;
    %store/vec4 v0000026355b0c880_0, 0, 32;
T_6.0 ;
    %load/vec4 v0000026355b0c880_0;
    %cmpi/s 24, 0, 32;
    %jmp/0xz T_6.1, 5;
    %pushi/vec4 3512744, 0, 24;
    %pushi/vec4 23, 0, 34;
    %load/vec4 v0000026355b0c880_0;
    %pad/s 34;
    %sub;
    %part/s 1;
    %assign/vec4 v0000026355b643c0_0, 0;
    %wait E_0000026355b10520;
    %pushi/vec4 65546, 0, 24;
    %pushi/vec4 23, 0, 34;
    %load/vec4 v0000026355b0c880_0;
    %pad/s 34;
    %sub;
    %part/s 1;
    %pushi/vec4 1088, 0, 24;
    %pushi/vec4 23, 0, 34;
    %load/vec4 v0000026355b0c880_0;
    %pad/s 34;
    %sub;
    %part/s 1;
    %vpi_call/w 3 60 "$display", "%b %b (%b) %b (%b)", v0000026355b643c0_0, v0000026355b64000_0, S<1,vec4,u1>, v0000026355b640a0_0, S<0,vec4,u1> {2 0 0};
    %load/vec4 v0000026355b64000_0;
    %pushi/vec4 65546, 0, 24;
    %pushi/vec4 23, 0, 34;
    %load/vec4 v0000026355b0c880_0;
    %pad/s 34;
    %sub;
    %part/s 1;
    %cmp/ne;
    %jmp/1 T_6.4, 6;
    %flag_mov 8, 6;
    %load/vec4 v0000026355b640a0_0;
    %pushi/vec4 1088, 0, 24;
    %pushi/vec4 23, 0, 34;
    %load/vec4 v0000026355b0c880_0;
    %pad/s 34;
    %sub;
    %part/s 1;
    %cmp/ne;
    %flag_or 6, 8;
T_6.4;
    %jmp/0xz  T_6.2, 6;
    %vpi_call/w 3 68 "$display", "FAIL %s - see log above", "testbench.sv" {0 0 0};
    %vpi_call/w 3 69 "$finish" {0 0 0};
T_6.2 ;
    ; show_stmt_assign_vector: Get l-value for compressed += operand
    %load/vec4 v0000026355b0c880_0;
    %pushi/vec4 1, 0, 32;
    %add;
    %cast2;
    %store/vec4 v0000026355b0c880_0, 0, 32;
    %jmp T_6.0;
T_6.1 ;
    %end;
    .scope S_0000026355afcb80;
t_0 %join;
    %vpi_call/w 3 73 "$display", "PASS %s", "testbench.sv" {0 0 0};
    %vpi_call/w 3 74 "$finish" {0 0 0};
    %end;
    .thread T_6;
# The file index is used to find the file name in the following table.
:file_names 5;
    "N/A";
    "<interactive>";
    "-";
    "testbench.sv";
    "05_01_detect_sequence_using_fsm.sv";
