#! /c/Source/iverilog-install/bin/vvp
:ivl_version "12.0 (devel)" "(s20150603-1539-g2693dd32b)";
:ivl_delay_selection "TYPICAL";
:vpi_time_precision + 0;
:vpi_module "C:\iverilog\lib\ivl\system.vpi";
:vpi_module "C:\iverilog\lib\ivl\vhdl_sys.vpi";
:vpi_module "C:\iverilog\lib\ivl\vhdl_textio.vpi";
:vpi_module "C:\iverilog\lib\ivl\v2005_math.vpi";
:vpi_module "C:\iverilog\lib\ivl\va_math.vpi";
:vpi_module "C:\iverilog\lib\ivl\v2009.vpi";
S_000001e3fe410fd0 .scope package, "$unit" "$unit" 2 1;
 .timescale 0 0;
S_000001e3fe3e4b70 .scope module, "testbench" "testbench" 3 5;
 .timescale 0 0;
P_000001e3fe40d1a0 .param/l "check_first" 1 3 9, C4<0>;
P_000001e3fe40d1d8 .param/l "check_last" 1 3 10, C4<1>;
P_000001e3fe40d210 .param/l "use_backpressure" 1 3 11, C4<1>;
P_000001e3fe40d248 .param/l "width" 1 3 7, +C4<00000000000000000000000000001000>;
v000001e3fe470a40_0 .var "clock", 0 0;
v000001e3fe470e00_0 .var/2u "cycle", 31 0;
v000001e3fe46fbe0_0 .var "down_count", 32 0;
v000001e3fe471940_0 .net "down_data", 7 0, L_000001e3fe3e4460;  1 drivers
o000001e3fe41ea88 .functor BUFZ 1, C4<z>; HiZ drive
v000001e3fe4711c0_0 .net "down_first", 0 0, o000001e3fe41ea88;  0 drivers
v000001e3fe46ff00_0 .net "down_last", 0 0, L_000001e3fe3e41c0;  1 drivers
v000001e3fe46ffa0_0 .var "down_ready", 0 0;
v000001e3fe4718a0_0 .net "down_valid", 0 0, L_000001e3fe3e43f0;  1 drivers
v000001e3fe470ea0_0 .var/2u "err", 0 0;
v000001e3fe46fc80_0 .var "expected_data", 7 0;
v000001e3fe470040_0 .var "expected_first", 0 0;
v000001e3fe4700e0_0 .var "expected_last", 0 0;
v000001e3fe471260_0 .var "n_cycles", 32 0;
v000001e3fe470180_0 .var/queue "queue", 10;
v000001e3fe471800_0 .var "reset", 0 0;
v000001e3fe470220_0 .var "up_count", 32 0;
v000001e3fe470540_0 .net "up_data", 7 0, L_000001e3fe470400;  1 drivers
v000001e3fe471300_0 .var "up_enable", 0 0;
v000001e3fe470b80_0 .net "up_first", 0 0, L_000001e3fe470cc0;  1 drivers
v000001e3fe470720_0 .net "up_last", 0 0, L_000001e3fe470900;  1 drivers
v000001e3fe4705e0_0 .net "up_ready", 0 0, L_000001e3fe3e3a50;  1 drivers
v000001e3fe470680_0 .net "up_valid", 0 0, L_000001e3fe3e44d0;  1 drivers
v000001e3fe470860_0 .var "was_reset", 0 0;
S_000001e3fe414a70 .scope begin, "$ivl_for_loop0" "$ivl_for_loop0" 3 285, 3 285 0, S_000001e3fe3e4b70;
 .timescale 0 0;
v000001e3fe41a470_0 .var/2s "i", 31 0;
S_000001e3fe414c00 .scope module, "inst_conv_fst_to_lst_with_fc" "convert_first_to_last_with_flow_control" 3 38, 4 5 0, S_000001e3fe3e4b70;
 .timescale 0 0;
    .port_info 0 /INPUT 1 "clock";
    .port_info 1 /INPUT 1 "reset";
    .port_info 2 /INPUT 1 "up_valid";
    .port_info 3 /OUTPUT 1 "up_ready";
    .port_info 4 /INPUT 1 "up_first";
    .port_info 5 /INPUT 8 "up_data";
    .port_info 6 /OUTPUT 1 "down_valid";
    .port_info 7 /INPUT 1 "down_ready";
    .port_info 8 /OUTPUT 1 "down_last";
    .port_info 9 /OUTPUT 8 "down_data";
P_000001e3fe418a10 .param/l "width" 0 4 7, +C4<00000000000000000000000000001000>;
L_000001e3fe3e3d60 .functor AND 1, L_000001e3fe3e44d0, L_000001e3fe3e3a50, C4<1>, C4<1>;
L_000001e3fe3e4000 .functor AND 1, L_000001e3fe3e43f0, v000001e3fe46ffa0_0, C4<1>, C4<1>;
L_000001e3fe3e3a50 .functor OR 1, L_000001e3fe4702c0, v000001e3fe46ffa0_0, C4<0>, C4<0>;
L_000001e3fe3e43f0 .functor AND 1, v000001e3fe41a5b0_0, L_000001e3fe3e44d0, C4<1>, C4<1>;
L_000001e3fe3e4460 .functor BUFZ 8, v000001e3fe41a650_0, C4<00000000>, C4<00000000>, C4<00000000>;
L_000001e3fe3e41c0 .functor BUFZ 1, L_000001e3fe470cc0, C4<0>, C4<0>, C4<0>;
v000001e3fe41a790_0 .net *"_ivl_5", 0 0, L_000001e3fe4702c0;  1 drivers
v000001e3fe41a1f0_0 .net "clock", 0 0, v000001e3fe470a40_0;  1 drivers
v000001e3fe41af10_0 .net "down_data", 7 0, L_000001e3fe3e4460;  alias, 1 drivers
v000001e3fe41ab50_0 .net "down_hs", 0 0, L_000001e3fe3e4000;  1 drivers
v000001e3fe41ad30_0 .net "down_last", 0 0, L_000001e3fe3e41c0;  alias, 1 drivers
v000001e3fe41add0_0 .net "down_ready", 0 0, v000001e3fe46ffa0_0;  1 drivers
v000001e3fe41a510_0 .net "down_valid", 0 0, L_000001e3fe3e43f0;  alias, 1 drivers
v000001e3fe41a5b0_0 .var "has_data", 0 0;
v000001e3fe41abf0_0 .net "reset", 0 0, v000001e3fe471800_0;  1 drivers
v000001e3fe41a650_0 .var "saved_data", 7 0;
v000001e3fe41a8d0_0 .net "up_data", 7 0, L_000001e3fe470400;  alias, 1 drivers
v000001e3fe41ac90_0 .net "up_first", 0 0, L_000001e3fe470cc0;  alias, 1 drivers
v000001e3fe41a290_0 .net "up_hs", 0 0, L_000001e3fe3e3d60;  1 drivers
v000001e3fe41ae70_0 .net "up_ready", 0 0, L_000001e3fe3e3a50;  alias, 1 drivers
v000001e3fe41a970_0 .net "up_valid", 0 0, L_000001e3fe3e44d0;  alias, 1 drivers
E_000001e3fe418a90 .event posedge, v000001e3fe41a1f0_0;
L_000001e3fe4702c0 .reduce/nor v000001e3fe41a5b0_0;
S_000001e3fe3e8990 .scope module, "upstream" "upstream_traffic_generator" 3 41, 5 1 0, S_000001e3fe3e4b70;
 .timescale 0 0;
    .port_info 0 /INPUT 1 "clock";
    .port_info 1 /INPUT 1 "reset";
    .port_info 2 /INPUT 1 "up_enable";
    .port_info 3 /OUTPUT 1 "up_valid";
    .port_info 4 /INPUT 1 "up_ready";
    .port_info 5 /OUTPUT 1 "up_first";
    .port_info 6 /OUTPUT 1 "up_last";
    .port_info 7 /OUTPUT 8 "up_data";
P_000001e3fe419250 .param/l "width" 0 5 3, +C4<00000000000000000000000000001000>;
L_000001e3fe3e44d0 .functor BUFZ 1, v000001e3fe46fe60_0, C4<0>, C4<0>, C4<0>;
L_000001e3fe3e3c10 .functor BUFZ 1, L_000001e3fe3e3a50, C4<0>, C4<0>, C4<0>;
L_000001e3fe4c0118 .functor BUFT 1, C4<xxxxxxxx>, C4<0>, C4<0>, C4<0>;
v000001e3fe41a6f0_0 .net *"_ivl_12", 7 0, L_000001e3fe4c0118;  1 drivers
L_000001e3fe4c0088 .functor BUFT 1, C4<x>, C4<0>, C4<0>, C4<0>;
v000001e3fe41aa10_0 .net *"_ivl_4", 0 0, L_000001e3fe4c0088;  1 drivers
L_000001e3fe4c00d0 .functor BUFT 1, C4<x>, C4<0>, C4<0>, C4<0>;
v000001e3fe41afb0_0 .net *"_ivl_8", 0 0, L_000001e3fe4c00d0;  1 drivers
v000001e3fe41aab0_0 .net "clock", 0 0, v000001e3fe470a40_0;  alias, 1 drivers
v000001e3fe41b050_0 .var "data", 7 0;
v000001e3fe41b0f0_0 .var "first", 0 0;
v000001e3fe41a830_0 .var "last", 0 0;
v000001e3fe41a330_0 .net "ready", 0 0, L_000001e3fe3e3c10;  1 drivers
v000001e3fe41a3d0_0 .net "reset", 0 0, v000001e3fe471800_0;  alias, 1 drivers
v000001e3fe46fd20_0 .net "up_data", 7 0, L_000001e3fe470400;  alias, 1 drivers
v000001e3fe46fdc0_0 .net "up_enable", 0 0, v000001e3fe471300_0;  1 drivers
v000001e3fe4707c0_0 .net "up_first", 0 0, L_000001e3fe470cc0;  alias, 1 drivers
v000001e3fe470360_0 .net "up_last", 0 0, L_000001e3fe470900;  alias, 1 drivers
v000001e3fe46fb40_0 .net "up_ready", 0 0, L_000001e3fe3e3a50;  alias, 1 drivers
v000001e3fe4719e0_0 .net "up_valid", 0 0, L_000001e3fe3e44d0;  alias, 1 drivers
v000001e3fe46fe60_0 .var "valid", 0 0;
L_000001e3fe470cc0 .functor MUXZ 1, L_000001e3fe4c0088, v000001e3fe41b0f0_0, v000001e3fe46fe60_0, C4<>;
L_000001e3fe470900 .functor MUXZ 1, L_000001e3fe4c00d0, v000001e3fe41a830_0, v000001e3fe46fe60_0, C4<>;
L_000001e3fe470400 .functor MUXZ 8, L_000001e3fe4c0118, v000001e3fe41b050_0, v000001e3fe46fe60_0, C4<>;
    .scope S_000001e3fe414c00;
T_0 ;
    %wait E_000001e3fe418a90;
    %load/vec4 v000001e3fe41abf0_0;
    %flag_set/vec4 8;
    %jmp/0xz  T_0.0, 8;
    %pushi/vec4 0, 0, 1;
    %assign/vec4 v000001e3fe41a5b0_0, 0;
    %pushi/vec4 0, 0, 8;
    %assign/vec4 v000001e3fe41a650_0, 0;
    %jmp T_0.1;
T_0.0 ;
    %load/vec4 v000001e3fe41a290_0;
    %flag_set/vec4 8;
    %jmp/0xz  T_0.2, 8;
    %load/vec4 v000001e3fe41a8d0_0;
    %assign/vec4 v000001e3fe41a650_0, 0;
    %pushi/vec4 1, 0, 1;
    %assign/vec4 v000001e3fe41a5b0_0, 0;
    %jmp T_0.3;
T_0.2 ;
    %load/vec4 v000001e3fe41ab50_0;
    %flag_set/vec4 8;
    %jmp/0xz  T_0.4, 8;
    %pushi/vec4 0, 0, 1;
    %assign/vec4 v000001e3fe41a5b0_0, 0;
T_0.4 ;
T_0.3 ;
T_0.1 ;
    %jmp T_0;
    .thread T_0;
    .scope S_000001e3fe3e8990;
T_1 ;
    %wait E_000001e3fe418a90;
    %load/vec4 v000001e3fe41a3d0_0;
    %flag_set/vec4 8;
    %jmp/0xz  T_1.0, 8;
    %pushi/vec4 0, 0, 1;
    %assign/vec4 v000001e3fe46fe60_0, 0;
    %pushi/vec4 1, 0, 1;
    %assign/vec4 v000001e3fe41b0f0_0, 0;
    %vpi_func 5 35 "$urandom_range" 32, 32'sb00000000000000000000000000000000, 32'sb00000000000000000000000001100011 {0 0 0};
    %cmpi/u 10, 0, 32;
    %flag_get/vec4 5;
    %assign/vec4 v000001e3fe41a830_0, 0;
    %pushi/vec4 65, 0, 8; draw_string_vec4
    %assign/vec4 v000001e3fe41b050_0, 0;
    %jmp T_1.1;
T_1.0 ;
    %load/vec4 v000001e3fe46fe60_0;
    %load/vec4 v000001e3fe41a330_0;
    %inv;
    %and;
    %inv;
    %flag_set/vec4 8;
    %jmp/0xz  T_1.2, 8;
    %load/vec4 v000001e3fe46fdc0_0;
    %vpi_func 5 41 "$urandom_range" 32, 32'sb00000000000000000000000000000000, 32'sb00000000000000000000000001100011 {0 0 0};
    %cmpi/u 60, 0, 32;
    %flag_get/vec4 5;
    %and;
    %assign/vec4 v000001e3fe46fe60_0, 0;
T_1.2 ;
    %load/vec4 v000001e3fe46fe60_0;
    %load/vec4 v000001e3fe41a330_0;
    %and;
    %flag_set/vec4 8;
    %jmp/0xz  T_1.4, 8;
    %load/vec4 v000001e3fe41a830_0;
    %assign/vec4 v000001e3fe41b0f0_0, 0;
    %vpi_func 5 46 "$urandom_range" 32, 32'sb00000000000000000000000000000000, 32'sb00000000000000000000000001100011 {0 0 0};
    %cmpi/u 30, 0, 32;
    %flag_get/vec4 5;
    %assign/vec4 v000001e3fe41a830_0, 0;
    %vpi_func 5 47 "$urandom_range" 32, "A", "Z" {0 0 0};
    %pad/u 8;
    %assign/vec4 v000001e3fe41b050_0, 0;
T_1.4 ;
T_1.1 ;
    %jmp T_1;
    .thread T_1;
    .scope S_000001e3fe3e4b70;
T_2 ;
    %pushi/vec4 0, 0, 32;
    %store/vec4 v000001e3fe470e00_0, 0, 32;
    %pushi/vec4 0, 0, 1;
    %store/vec4 v000001e3fe470860_0, 0, 1;
    %end;
    .thread T_2, $init;
    .scope S_000001e3fe3e4b70;
T_3 ;
    %pushi/vec4 0, 0, 1;
    %store/vec4 v000001e3fe470a40_0, 0, 1;
T_3.0 ;
    %delay 5, 0;
    %load/vec4 v000001e3fe470a40_0;
    %inv;
    %store/vec4 v000001e3fe470a40_0, 0, 1;
    %jmp T_3.0;
    %end;
    .thread T_3;
    .scope S_000001e3fe3e4b70;
T_4 ;
    %wait E_000001e3fe418a90;
    %vpi_func 3 56 "$urandom" 32 {0 0 0};
    %pad/u 1;
    %pushi/vec4 0, 0, 1;
    %or;
    %assign/vec4 v000001e3fe46ffa0_0, 0;
    %jmp T_4;
    .thread T_4;
    .scope S_000001e3fe3e4b70;
T_5 ;
    %wait E_000001e3fe418a90;
    %vpi_call/w 3 65 "$write", "time %7d cycle %5d", $time, v000001e3fe470e00_0 {0 0 0};
    %load/vec4 v000001e3fe470e00_0;
    %addi 1, 0, 32;
    %cast2;
    %assign/vec4 v000001e3fe470e00_0, 0;
    %load/vec4 v000001e3fe471800_0;
    %flag_set/vec4 8;
    %jmp/0xz  T_5.0, 8;
    %vpi_call/w 3 68 "$write", " reset" {0 0 0};
    %jmp T_5.1;
T_5.0 ;
    %vpi_call/w 3 68 "$write", "      " {0 0 0};
T_5.1 ;
    %load/vec4 v000001e3fe470680_0;
    %flag_set/vec4 8;
    %jmp/0xz  T_5.2, 8;
    %vpi_call/w 3 70 "$write", " up_valid" {0 0 0};
    %jmp T_5.3;
T_5.2 ;
    %vpi_call/w 3 70 "$write", "         " {0 0 0};
T_5.3 ;
    %load/vec4 v000001e3fe4705e0_0;
    %flag_set/vec4 8;
    %jmp/0xz  T_5.4, 8;
    %vpi_call/w 3 71 "$write", " up_ready" {0 0 0};
    %jmp T_5.5;
T_5.4 ;
    %vpi_call/w 3 71 "$write", "         " {0 0 0};
T_5.5 ;
    %load/vec4 v000001e3fe470680_0;
    %load/vec4 v000001e3fe4705e0_0;
    %and;
    %load/vec4 v000001e3fe470b80_0;
    %and;
    %flag_set/vec4 8;
    %jmp/0xz  T_5.6, 8;
    %vpi_call/w 3 75 "$write", " up_first" {0 0 0};
    %jmp T_5.7;
T_5.6 ;
    %vpi_call/w 3 75 "$write", "         " {0 0 0};
T_5.7 ;
    %load/vec4 v000001e3fe470680_0;
    %load/vec4 v000001e3fe4705e0_0;
    %and;
    %flag_set/vec4 8;
    %jmp/0xz  T_5.8, 8;
    %vpi_call/w 3 84 "$write", " %s", v000001e3fe470540_0 {0 0 0};
    %jmp T_5.9;
T_5.8 ;
    %vpi_call/w 3 86 "$write", "  " {0 0 0};
T_5.9 ;
    %load/vec4 v000001e3fe4718a0_0;
    %flag_set/vec4 8;
    %jmp/0xz  T_5.10, 8;
    %vpi_call/w 3 88 "$write", " down_valid" {0 0 0};
    %jmp T_5.11;
T_5.10 ;
    %vpi_call/w 3 88 "$write", "           " {0 0 0};
T_5.11 ;
    %load/vec4 v000001e3fe46ffa0_0;
    %flag_set/vec4 8;
    %jmp/0xz  T_5.12, 8;
    %vpi_call/w 3 92 "$write", " down_ready" {0 0 0};
    %jmp T_5.13;
T_5.12 ;
    %vpi_call/w 3 92 "$write", "           " {0 0 0};
T_5.13 ;
    %load/vec4 v000001e3fe4718a0_0;
    %load/vec4 v000001e3fe46ffa0_0;
    %and;
    %load/vec4 v000001e3fe46ff00_0;
    %and;
    %flag_set/vec4 8;
    %jmp/0xz  T_5.14, 8;
    %vpi_call/w 3 102 "$write", " down_last" {0 0 0};
    %jmp T_5.15;
T_5.14 ;
    %vpi_call/w 3 102 "$write", "          " {0 0 0};
T_5.15 ;
    %load/vec4 v000001e3fe4718a0_0;
    %load/vec4 v000001e3fe46ffa0_0;
    %and;
    %flag_set/vec4 8;
    %jmp/0xz  T_5.16, 8;
    %vpi_call/w 3 106 "$write", " %s", v000001e3fe471940_0 {0 0 0};
    %jmp T_5.17;
T_5.16 ;
    %vpi_call/w 3 108 "$write", "  " {0 0 0};
T_5.17 ;
    %vpi_call/w 3 110 "$display" {0 0 0};
    %jmp T_5;
    .thread T_5;
    .scope S_000001e3fe3e4b70;
T_6 ;
    %wait E_000001e3fe418a90;
    %load/vec4 v000001e3fe471800_0;
    %flag_set/vec4 8;
    %jmp/0xz  T_6.0, 8;
    %ix/load 4, 0, 0;
    %null;
    %store/obj v000001e3fe470180_0;
    %pushi/vec4 1, 0, 1;
    %store/vec4 v000001e3fe470860_0, 0, 1;
    %jmp T_6.1;
T_6.0 ;
    %load/vec4 v000001e3fe470860_0;
    %flag_set/vec4 8;
    %jmp/0xz  T_6.2, 8;
    %load/vec4 v000001e3fe470680_0;
    %load/vec4 v000001e3fe4705e0_0;
    %pushi/vec4 1, 0, 1;
    %cmp/e;
    %flag_get/vec4 6;
    %and;
    %flag_set/vec4 8;
    %jmp/0xz  T_6.4, 8;
    %ix/load 4, 0, 0;
    %load/vec4 v000001e3fe470b80_0;
    %load/vec4 v000001e3fe470720_0;
    %concat/vec4; draw_concat_vec4
    %load/vec4 v000001e3fe470540_0;
    %concat/vec4; draw_concat_vec4
    %store/qb/v v000001e3fe470180_0, 4, 10;
T_6.4 ;
    %load/vec4 v000001e3fe4718a0_0;
    %pushi/vec4 1, 0, 1;
    %cmp/e;
    %flag_get/vec4 6;
    %load/vec4 v000001e3fe46ffa0_0;
    %and;
    %flag_set/vec4 8;
    %jmp/0xz  T_6.6, 8;
    %vpi_func 3 145 "$size" 32, v000001e3fe470180_0 {0 0 0};
    %cmpi/e 0, 0, 32;
    %jmp/0xz  T_6.8, 4;
    %vpi_call/w 3 147 "$display", "\012ERROR: unexpected down_data %h", v000001e3fe471940_0 {0 0 0};
    %pushi/vec4 1, 0, 1;
    %store/vec4 v000001e3fe470ea0_0, 0, 1;
    %jmp T_6.9;
T_6.8 ;
    %qpop/f/v v000001e3fe470180_0, 10;
    %split/vec4 8;
    %store/vec4 v000001e3fe46fc80_0, 0, 8;
    %split/vec4 1;
    %store/vec4 v000001e3fe4700e0_0, 0, 1;
    %store/vec4 v000001e3fe470040_0, 0, 1;
    %load/vec4 v000001e3fe46fc80_0;
    %load/vec4 v000001e3fe471940_0;
    %cmp/ne;
    %jmp/0xz  T_6.10, 6;
    %vpi_call/w 3 158 "$display", "\012ERROR: downstream data mismatch. Expected %s (%h), actual %s (%h)", v000001e3fe46fc80_0, v000001e3fe46fc80_0, v000001e3fe471940_0, v000001e3fe471940_0 {0 0 0};
    %pushi/vec4 1, 0, 1;
    %store/vec4 v000001e3fe470ea0_0, 0, 1;
T_6.10 ;
    %pushi/vec4 0, 0, 1;
    %load/vec4 v000001e3fe470040_0;
    %load/vec4 v000001e3fe4711c0_0;
    %cmp/ne;
    %flag_get/vec4 6;
    %and;
    %flag_set/vec4 8;
    %jmp/0xz  T_6.12, 8;
    %vpi_call/w 3 166 "$display", "\012ERROR: downstream first flag mismatch. Expected %b, actual %b. Data: %s (%h)", v000001e3fe470040_0, v000001e3fe4711c0_0, v000001e3fe471940_0, v000001e3fe471940_0 {0 0 0};
    %pushi/vec4 1, 0, 1;
    %store/vec4 v000001e3fe470ea0_0, 0, 1;
T_6.12 ;
    %pushi/vec4 1, 0, 1;
    %load/vec4 v000001e3fe4700e0_0;
    %load/vec4 v000001e3fe46ff00_0;
    %cmp/ne;
    %flag_get/vec4 6;
    %and;
    %flag_set/vec4 8;
    %jmp/0xz  T_6.14, 8;
    %vpi_call/w 3 174 "$display", "\012ERROR: downstream last flag mismatch. Expected %b, actual %b. Data: %s (%h)", v000001e3fe4700e0_0, v000001e3fe46ff00_0, v000001e3fe471940_0, v000001e3fe471940_0 {0 0 0};
    %pushi/vec4 1, 0, 1;
    %store/vec4 v000001e3fe470ea0_0, 0, 1;
T_6.14 ;
T_6.9 ;
T_6.6 ;
T_6.2 ;
T_6.1 ;
    %jmp T_6;
    .thread T_6;
    .scope S_000001e3fe3e4b70;
T_7 ;
    %wait E_000001e3fe418a90;
    %load/vec4 v000001e3fe471800_0;
    %flag_set/vec4 8;
    %jmp/0xz  T_7.0, 8;
    %pushi/vec4 0, 0, 33;
    %assign/vec4 v000001e3fe471260_0, 0;
    %pushi/vec4 0, 0, 33;
    %assign/vec4 v000001e3fe470220_0, 0;
    %pushi/vec4 0, 0, 33;
    %assign/vec4 v000001e3fe46fbe0_0, 0;
    %jmp T_7.1;
T_7.0 ;
    %load/vec4 v000001e3fe471260_0;
    %addi 1, 0, 33;
    %assign/vec4 v000001e3fe471260_0, 0;
    %load/vec4 v000001e3fe470680_0;
    %load/vec4 v000001e3fe4705e0_0;
    %and;
    %flag_set/vec4 8;
    %jmp/0xz  T_7.2, 8;
    %load/vec4 v000001e3fe470220_0;
    %addi 1, 0, 33;
    %assign/vec4 v000001e3fe470220_0, 0;
T_7.2 ;
    %load/vec4 v000001e3fe4718a0_0;
    %load/vec4 v000001e3fe46ffa0_0;
    %and;
    %flag_set/vec4 8;
    %jmp/0xz  T_7.4, 8;
    %load/vec4 v000001e3fe46fbe0_0;
    %addi 1, 0, 33;
    %assign/vec4 v000001e3fe46fbe0_0, 0;
T_7.4 ;
T_7.1 ;
    %jmp T_7;
    .thread T_7;
    .scope S_000001e3fe3e4b70;
T_8 ;
    %vpi_call/w 3 213 "$display", "\012\012number of transfers : %0d per %0d cycles", v000001e3fe46fbe0_0, v000001e3fe471260_0 {0 0 0};
    %load/vec4 v000001e3fe470220_0;
    %cmpi/u 0, 0, 33;
    %flag_or 5, 4;
    %jmp/0xz  T_8.0, 5;
    %vpi_call/w 3 218 "$display", "\012ERROR: upstream locked by up_ready, no transfers detected" {0 0 0};
    %pushi/vec4 1, 0, 1;
    %store/vec4 v000001e3fe470ea0_0, 0, 1;
T_8.0 ;
    %load/vec4 v000001e3fe470220_0;
    %load/vec4 v000001e3fe46fbe0_0;
    %cmp/ne;
    %flag_get/vec4 4;
    %load/vec4 v000001e3fe470220_0;
    %load/vec4 v000001e3fe46fbe0_0;
    %addi 1, 0, 33;
    %cmp/ne;
    %flag_get/vec4 4;
    %and;
    %flag_set/vec4 8;
    %jmp/0xz  T_8.2, 8;
    %vpi_call/w 3 229 "$display", "\012ERROR: number of transfers do not match: up: %0d down: %0d", v000001e3fe470220_0, v000001e3fe46fbe0_0 {0 0 0};
    %pushi/vec4 1, 0, 1;
    %store/vec4 v000001e3fe470ea0_0, 0, 1;
T_8.2 ;
    %load/vec4 v000001e3fe470ea0_0;
    %inv;
    %flag_set/vec4 8;
    %jmp/0xz  T_8.4, 8;
    %vpi_call/w 3 236 "$display", "PASS %s", "testbench.sv" {0 0 0};
    %jmp T_8.5;
T_8.4 ;
    %vpi_call/w 3 238 "$display", "FAIL %s", "testbench.sv" {0 0 0};
T_8.5 ;
    %end;
    .thread T_8, $final;
    .scope S_000001e3fe3e4b70;
T_9 ;
    %vpi_call/w 3 250 "$dumpvars" {0 0 0};
    %pushi/vec4 1, 0, 1;
    %store/vec4 v000001e3fe471300_0, 0, 1;
    %pushi/vec4 3, 0, 32;
T_9.0 %dup/vec4;
    %pushi/vec4 0, 0, 32;
    %cmp/s;
    %jmp/1xz T_9.1, 5;
    %jmp/1 T_9.1, 4;
    %pushi/vec4 1, 0, 32;
    %sub;
    %wait E_000001e3fe418a90;
    %jmp T_9.0;
T_9.1 ;
    %pop/vec4 1;
    %pushi/vec4 1, 0, 1;
    %assign/vec4 v000001e3fe471800_0, 0;
    %pushi/vec4 3, 0, 32;
T_9.2 %dup/vec4;
    %pushi/vec4 0, 0, 32;
    %cmp/s;
    %jmp/1xz T_9.3, 5;
    %jmp/1 T_9.3, 4;
    %pushi/vec4 1, 0, 32;
    %sub;
    %wait E_000001e3fe418a90;
    %jmp T_9.2;
T_9.3 ;
    %pop/vec4 1;
    %pushi/vec4 0, 0, 1;
    %assign/vec4 v000001e3fe471800_0, 0;
    %pushi/vec4 100, 0, 32;
T_9.4 %dup/vec4;
    %pushi/vec4 0, 0, 32;
    %cmp/s;
    %jmp/1xz T_9.5, 5;
    %jmp/1 T_9.5, 4;
    %pushi/vec4 1, 0, 32;
    %sub;
    %wait E_000001e3fe418a90;
    %jmp T_9.4;
T_9.5 ;
    %pop/vec4 1;
    %pushi/vec4 0, 0, 1;
    %store/vec4 v000001e3fe471300_0, 0, 1;
    %pushi/vec4 100, 0, 32;
T_9.6 %dup/vec4;
    %pushi/vec4 0, 0, 32;
    %cmp/s;
    %jmp/1xz T_9.7, 5;
    %jmp/1 T_9.7, 4;
    %pushi/vec4 1, 0, 32;
    %sub;
    %wait E_000001e3fe418a90;
    %jmp T_9.6;
T_9.7 ;
    %pop/vec4 1;
    %vpi_func 3 281 "$size" 32, v000001e3fe470180_0 {0 0 0};
    %cmpi/s 1, 0, 32;
    %flag_or 5, 4; GT is !LE
    %flag_inv 5;
    %jmp/0xz  T_9.8, 5;
    %vpi_call/w 3 283 "$write", "\012ERROR: data is left sitting in the model queue:" {0 0 0};
    %fork t_1, S_000001e3fe414a70;
    %jmp t_0;
    .scope S_000001e3fe414a70;
t_1 ;
    %pushi/vec4 0, 0, 32;
    %store/vec4 v000001e3fe41a470_0, 0, 32;
T_9.10 ;
    %load/vec4 v000001e3fe41a470_0;
    %vpi_func 3 285 "$size" 32, v000001e3fe470180_0 {0 0 0};
    %cmp/s;
    %jmp/0xz T_9.11, 5;
    %vpi_func 3 289 "$size" 32, v000001e3fe470180_0 {0 0 0};
    %load/vec4 v000001e3fe41a470_0;
    %sub;
    %subi 1, 0, 32;
    %ix/vec4/s 3;
    %load/dar/vec4 v000001e3fe470180_0;
    %split/vec4 8;
    %store/vec4 v000001e3fe46fc80_0, 0, 8;
    %split/vec4 1;
    %store/vec4 v000001e3fe4700e0_0, 0, 1;
    %store/vec4 v000001e3fe470040_0, 0, 1;
    %load/vec4 v000001e3fe470040_0;
    %flag_set/vec4 8;
    %jmp/0xz  T_9.12, 8;
    %vpi_call/w 3 291 "$write", " first" {0 0 0};
    %jmp T_9.13;
T_9.12 ;
    %vpi_call/w 3 291 "$write", "      " {0 0 0};
T_9.13 ;
    %load/vec4 v000001e3fe4700e0_0;
    %flag_set/vec4 8;
    %jmp/0xz  T_9.14, 8;
    %vpi_call/w 3 292 "$write", " last" {0 0 0};
    %jmp T_9.15;
T_9.14 ;
    %vpi_call/w 3 292 "$write", "     " {0 0 0};
T_9.15 ;
    %vpi_call/w 3 294 "$display", " %s (%h)", v000001e3fe46fc80_0, v000001e3fe46fc80_0 {0 0 0};
    ; show_stmt_assign_vector: Get l-value for compressed += operand
    %load/vec4 v000001e3fe41a470_0;
    %pushi/vec4 1, 0, 32;
    %add;
    %cast2;
    %store/vec4 v000001e3fe41a470_0, 0, 32;
    %jmp T_9.10;
T_9.11 ;
    %end;
    .scope S_000001e3fe3e4b70;
t_0 %join;
    %vpi_call/w 3 297 "$display" {0 0 0};
    %pushi/vec4 1, 0, 1;
    %store/vec4 v000001e3fe470ea0_0, 0, 1;
T_9.8 ;
    %vpi_call/w 3 302 "$finish" {0 0 0};
    %end;
    .thread T_9;
# The file index is used to find the file name in the following table.
:file_names 6;
    "N/A";
    "<interactive>";
    "-";
    "testbench.sv";
    "08_04_convert_first_to_last_with_flow_control.sv";
    "upstream_traffic_generator.sv";
