#! /c/Source/iverilog-install/bin/vvp
:ivl_version "12.0 (devel)" "(s20150603-1539-g2693dd32b)";
:ivl_delay_selection "TYPICAL";
:vpi_time_precision + 0;
:vpi_module "C:\iverilog\lib\ivl\system.vpi";
:vpi_module "C:\iverilog\lib\ivl\vhdl_sys.vpi";
:vpi_module "C:\iverilog\lib\ivl\vhdl_textio.vpi";
:vpi_module "C:\iverilog\lib\ivl\v2005_math.vpi";
:vpi_module "C:\iverilog\lib\ivl\va_math.vpi";
:vpi_module "C:\iverilog\lib\ivl\v2009.vpi";
S_0000011fd9c052f0 .scope package, "$unit" "$unit" 2 1;
 .timescale 0 0;
S_0000011fd9bc6a50 .scope module, "testbench" "testbench" 3 5;
 .timescale 0 0;
P_0000011fd9bfe730 .param/l "depth" 0 3 7, +C4<00000000000000000000000000000100>;
P_0000011fd9bfe768 .param/l "max_transfers" 1 3 218, +C4<00000000000000000000000001100100>;
P_0000011fd9bfe7a0 .param/l "width" 0 3 7, +C4<00000000000000000000000000000100>;
v0000011fd9c64d50_0 .var "a_count", 32 0;
v0000011fd9c65110_0 .var "a_data", 3 0;
v0000011fd9c65610_0 .var/queue "a_queue", 4;
v0000011fd9c638b0_0 .net "a_ready", 0 0, L_0000011fd9c0f200;  1 drivers
v0000011fd9c645d0_0 .var "a_valid", 0 0;
v0000011fd9c64b70_0 .var "b_count", 32 0;
v0000011fd9c64490_0 .var "b_data", 3 0;
v0000011fd9c64670_0 .var/queue "b_queue", 4;
v0000011fd9c63770_0 .net "b_ready", 0 0, L_0000011fd9c0f5f0;  1 drivers
v0000011fd9c63d10_0 .var "b_valid", 0 0;
v0000011fd9c64fd0_0 .var "clk", 0 0;
v0000011fd9c63810_0 .var/2u "cycle", 31 0;
v0000011fd9c652f0_0 .var "n_cycles", 32 0;
v0000011fd9c64170_0 .var "rst", 0 0;
v0000011fd9c63950_0 .var "sum_count", 32 0;
v0000011fd9c64df0_0 .net "sum_data", 3 0, L_0000011fd9c0ebe0;  1 drivers
v0000011fd9c64cb0_0 .var "sum_data_expected", 3 0;
v0000011fd9c64210_0 .var "sum_ready", 0 0;
v0000011fd9c639f0_0 .net "sum_valid", 0 0, L_0000011fd9c0f270;  1 drivers
v0000011fd9c64f30_0 .var "was_reset", 0 0;
S_0000011fd9bc6be0 .scope begin, "$ivl_for_loop0" "$ivl_for_loop0" 3 164, 3 164 0, S_0000011fd9bc6a50;
 .timescale 0 0;
v0000011fd9bfbce0_0 .var/2s "i", 31 0;
S_0000011fd9bba430 .scope begin, "$ivl_for_loop1" "$ivl_for_loop1" 3 174, 3 174 0, S_0000011fd9bc6a50;
 .timescale 0 0;
v0000011fd9bfbf60_0 .var/2s "i", 31 0;
S_0000011fd9bba5c0 .scope module, "dut" "a_plus_b_using_fifos" 3 39, 4 1 0, S_0000011fd9bc6a50;
 .timescale 0 0;
    .port_info 0 /INPUT 1 "clk";
    .port_info 1 /INPUT 1 "rst";
    .port_info 2 /INPUT 1 "a_valid";
    .port_info 3 /OUTPUT 1 "a_ready";
    .port_info 4 /INPUT 4 "a_data";
    .port_info 5 /INPUT 1 "b_valid";
    .port_info 6 /OUTPUT 1 "b_ready";
    .port_info 7 /INPUT 4 "b_data";
    .port_info 8 /OUTPUT 1 "sum_valid";
    .port_info 9 /INPUT 1 "sum_ready";
    .port_info 10 /OUTPUT 4 "sum_data";
P_0000011fd9be3af0 .param/l "depth" 0 4 3, +C4<00000000000000000000000000000100>;
P_0000011fd9be3b28 .param/l "width" 0 4 3, +C4<00000000000000000000000000000100>;
L_0000011fd9c0f510 .functor AND 1, L_0000011fd9c0e9b0, L_0000011fd9c0f2e0, C4<1>, C4<1>;
L_0000011fd9c0e940 .functor AND 1, L_0000011fd9c0f190, L_0000011fd9c0f510, C4<1>, C4<1>;
L_0000011fd9c0eef0 .functor AND 1, L_0000011fd9c0f190, L_0000011fd9c0f510, C4<1>, C4<1>;
v0000011fd9c61440_0 .net "a_data", 3 0, v0000011fd9c65110_0;  1 drivers
v0000011fd9c632e0_0 .net "a_down_data", 3 0, L_0000011fd9c0eb00;  1 drivers
v0000011fd9c61b20_0 .net "a_down_ready", 0 0, L_0000011fd9c0e940;  1 drivers
v0000011fd9c61800_0 .net "a_down_valid", 0 0, L_0000011fd9c0e9b0;  1 drivers
v0000011fd9c614e0_0 .net "a_ready", 0 0, L_0000011fd9c0f200;  alias, 1 drivers
v0000011fd9c618a0_0 .net "a_valid", 0 0, v0000011fd9c645d0_0;  1 drivers
v0000011fd9c61940_0 .net "b_data", 3 0, v0000011fd9c64490_0;  1 drivers
v0000011fd9c61bc0_0 .net "b_down_data", 3 0, L_0000011fd9c0f430;  1 drivers
v0000011fd9c61d00_0 .net "b_down_ready", 0 0, L_0000011fd9c0eef0;  1 drivers
v0000011fd9c654d0_0 .net "b_down_valid", 0 0, L_0000011fd9c0f2e0;  1 drivers
v0000011fd9c643f0_0 .net "b_ready", 0 0, L_0000011fd9c0f5f0;  alias, 1 drivers
v0000011fd9c63c70_0 .net "b_valid", 0 0, v0000011fd9c63d10_0;  1 drivers
v0000011fd9c63f90_0 .net "clk", 0 0, v0000011fd9c64fd0_0;  1 drivers
v0000011fd9c65570_0 .net "rst", 0 0, v0000011fd9c64170_0;  1 drivers
v0000011fd9c63bd0_0 .net "sum_data", 3 0, L_0000011fd9c0ebe0;  alias, 1 drivers
v0000011fd9c65430_0 .net "sum_ready", 0 0, v0000011fd9c64210_0;  1 drivers
v0000011fd9c64710_0 .net "sum_up_data", 3 0, L_0000011fd9c640d0;  1 drivers
v0000011fd9c65070_0 .net "sum_up_ready", 0 0, L_0000011fd9c0f190;  1 drivers
v0000011fd9c63ef0_0 .net "sum_up_valid", 0 0, L_0000011fd9c0f510;  1 drivers
v0000011fd9c64530_0 .net "sum_valid", 0 0, L_0000011fd9c0f270;  alias, 1 drivers
L_0000011fd9c640d0 .arith/sum 4, L_0000011fd9c0eb00, L_0000011fd9c0f430;
S_0000011fd9b82ce0 .scope module, "fifo_a" "ff_fifo_wrapped_in_valid_ready" 4 32, 5 1 0, S_0000011fd9bba5c0;
 .timescale 0 0;
    .port_info 0 /INPUT 1 "clk";
    .port_info 1 /INPUT 1 "rst";
    .port_info 2 /INPUT 1 "up_valid";
    .port_info 3 /OUTPUT 1 "up_ready";
    .port_info 4 /INPUT 4 "up_data";
    .port_info 5 /OUTPUT 1 "down_valid";
    .port_info 6 /INPUT 1 "down_ready";
    .port_info 7 /OUTPUT 4 "down_data";
P_0000011fd9be3df0 .param/l "depth" 0 5 3, +C4<00000000000000000000000000000100>;
P_0000011fd9be3e28 .param/l "width" 0 5 3, +C4<00000000000000000000000000000100>;
L_0000011fd9c0f200 .functor NOT 1, L_0000011fd9c0f6d0, C4<0>, C4<0>, C4<0>;
L_0000011fd9c0ec50 .functor AND 1, v0000011fd9c645d0_0, L_0000011fd9c0f200, C4<1>, C4<1>;
L_0000011fd9c0e9b0 .functor NOT 1, L_0000011fd9c0ecc0, C4<0>, C4<0>, C4<0>;
L_0000011fd9c0ea90 .functor AND 1, L_0000011fd9c0e9b0, L_0000011fd9c0e940, C4<1>, C4<1>;
v0000011fd9bfbe20_0 .net "clk", 0 0, v0000011fd9c64fd0_0;  alias, 1 drivers
v0000011fd9bfcaa0_0 .net "down_data", 3 0, L_0000011fd9c0eb00;  alias, 1 drivers
v0000011fd9bfcdc0_0 .net "down_ready", 0 0, L_0000011fd9c0e940;  alias, 1 drivers
v0000011fd9bfd040_0 .net "down_valid", 0 0, L_0000011fd9c0e9b0;  alias, 1 drivers
v0000011fd9bfb7e0_0 .net "fifo_empty", 0 0, L_0000011fd9c0ecc0;  1 drivers
v0000011fd9bfbec0_0 .net "fifo_full", 0 0, L_0000011fd9c0f6d0;  1 drivers
v0000011fd9bfc0a0_0 .net "fifo_pop", 0 0, L_0000011fd9c0ea90;  1 drivers
v0000011fd9bfd220_0 .net "fifo_push", 0 0, L_0000011fd9c0ec50;  1 drivers
v0000011fd9bfc140_0 .net "rst", 0 0, v0000011fd9c64170_0;  alias, 1 drivers
v0000011fd9bfcb40_0 .net "up_data", 3 0, v0000011fd9c65110_0;  alias, 1 drivers
v0000011fd9bfb880_0 .net "up_ready", 0 0, L_0000011fd9c0f200;  alias, 1 drivers
v0000011fd9bfd2c0_0 .net "up_valid", 0 0, v0000011fd9c645d0_0;  alias, 1 drivers
S_0000011fd9b82e70 .scope module, "fifo" "flip_flop_fifo" 5 31, 6 1 0, S_0000011fd9b82ce0;
 .timescale 0 0;
    .port_info 0 /INPUT 1 "clk";
    .port_info 1 /INPUT 1 "rst";
    .port_info 2 /INPUT 1 "push";
    .port_info 3 /INPUT 1 "pop";
    .port_info 4 /INPUT 4 "write_data";
    .port_info 5 /OUTPUT 4 "read_data";
    .port_info 6 /OUTPUT 1 "empty";
    .port_info 7 /OUTPUT 1 "full";
P_0000011fd9c011e0 .param/l "depth" 0 6 3, +C4<00000000000000000000000000000100>;
P_0000011fd9c01218 .param/l "max_ptr" 1 6 19, +C4<11>;
P_0000011fd9c01250 .param/l "pointer_width" 1 6 18, +C4<00000000000000000000000000000010>;
P_0000011fd9c01288 .param/l "width" 0 6 3, +C4<00000000000000000000000000000100>;
L_0000011fd9c0eb00 .functor BUFZ 4, L_0000011fd9c64a30, C4<0000>, C4<0000>, C4<0000>;
L_0000011fd9c0eb70 .functor XNOR 1, v0000011fd9bfbba0_0, v0000011fd9bfcc80_0, C4<0>, C4<0>;
L_0000011fd9c0ecc0 .functor AND 1, L_0000011fd9c63a90, L_0000011fd9c0eb70, C4<1>, C4<1>;
L_0000011fd9c0eda0 .functor XOR 1, v0000011fd9bfbba0_0, v0000011fd9bfcc80_0, C4<0>, C4<0>;
L_0000011fd9c0f6d0 .functor AND 1, L_0000011fd9c63a90, L_0000011fd9c0eda0, C4<1>, C4<1>;
v0000011fd9bfc5a0_0 .net *"_ivl_0", 3 0, L_0000011fd9c64a30;  1 drivers
v0000011fd9bfc460_0 .net *"_ivl_10", 0 0, L_0000011fd9c0eb70;  1 drivers
v0000011fd9bfcf00_0 .net *"_ivl_14", 0 0, L_0000011fd9c0eda0;  1 drivers
v0000011fd9bfcbe0_0 .net *"_ivl_2", 3 0, L_0000011fd9c64030;  1 drivers
L_0000011fd9c70088 .functor BUFT 1, C4<00>, C4<0>, C4<0>, C4<0>;
v0000011fd9bfb740_0 .net *"_ivl_5", 1 0, L_0000011fd9c70088;  1 drivers
v0000011fd9bfd540_0 .net "clk", 0 0, v0000011fd9c64fd0_0;  alias, 1 drivers
v0000011fd9bfbd80 .array "data", 3 0, 3 0;
v0000011fd9bfc000_0 .net "empty", 0 0, L_0000011fd9c0ecc0;  alias, 1 drivers
v0000011fd9bfbc40_0 .net "equal_ptrs", 0 0, L_0000011fd9c63a90;  1 drivers
v0000011fd9bfd4a0_0 .net "full", 0 0, L_0000011fd9c0f6d0;  alias, 1 drivers
v0000011fd9bfc780_0 .net "pop", 0 0, L_0000011fd9c0ea90;  alias, 1 drivers
v0000011fd9bfcfa0_0 .net "push", 0 0, L_0000011fd9c0ec50;  alias, 1 drivers
v0000011fd9bfd0e0_0 .var "rd_ptr", 1 0;
v0000011fd9bfcc80_0 .var "rd_ptr_odd_circle", 0 0;
v0000011fd9bfcd20_0 .net "read_data", 3 0, L_0000011fd9c0eb00;  alias, 1 drivers
v0000011fd9bfca00_0 .net "rst", 0 0, v0000011fd9c64170_0;  alias, 1 drivers
v0000011fd9bfb920_0 .var "wr_ptr", 1 0;
v0000011fd9bfbba0_0 .var "wr_ptr_odd_circle", 0 0;
v0000011fd9bfd180_0 .net "write_data", 3 0, v0000011fd9c65110_0;  alias, 1 drivers
E_0000011fd9bf8900 .event posedge, v0000011fd9bfd540_0;
E_0000011fd9bf94c0 .event posedge, v0000011fd9bfca00_0, v0000011fd9bfd540_0;
L_0000011fd9c64a30 .array/port v0000011fd9bfbd80, L_0000011fd9c64030;
L_0000011fd9c64030 .concat [ 2 2 0 0], v0000011fd9bfd0e0_0, L_0000011fd9c70088;
L_0000011fd9c63a90 .cmp/eq 2, v0000011fd9bfb920_0, v0000011fd9bfd0e0_0;
S_0000011fd9b83000 .scope module, "fifo_b" "ff_fifo_wrapped_in_valid_ready" 4 56, 5 1 0, S_0000011fd9bba5c0;
 .timescale 0 0;
    .port_info 0 /INPUT 1 "clk";
    .port_info 1 /INPUT 1 "rst";
    .port_info 2 /INPUT 1 "up_valid";
    .port_info 3 /OUTPUT 1 "up_ready";
    .port_info 4 /INPUT 4 "up_data";
    .port_info 5 /OUTPUT 1 "down_valid";
    .port_info 6 /INPUT 1 "down_ready";
    .port_info 7 /OUTPUT 4 "down_data";
P_0000011fd9be3cf0 .param/l "depth" 0 5 3, +C4<00000000000000000000000000000100>;
P_0000011fd9be3d28 .param/l "width" 0 5 3, +C4<00000000000000000000000000000100>;
L_0000011fd9c0f5f0 .functor NOT 1, L_0000011fd9c0f4a0, C4<0>, C4<0>, C4<0>;
L_0000011fd9c0ef60 .functor AND 1, v0000011fd9c63d10_0, L_0000011fd9c0f5f0, C4<1>, C4<1>;
L_0000011fd9c0f2e0 .functor NOT 1, L_0000011fd9c0ee80, C4<0>, C4<0>, C4<0>;
L_0000011fd9c0f120 .functor AND 1, L_0000011fd9c0f2e0, L_0000011fd9c0eef0, C4<1>, C4<1>;
v0000011fd9bed1d0_0 .net "clk", 0 0, v0000011fd9c64fd0_0;  alias, 1 drivers
v0000011fd9bed450_0 .net "down_data", 3 0, L_0000011fd9c0f430;  alias, 1 drivers
v0000011fd9c61da0_0 .net "down_ready", 0 0, L_0000011fd9c0eef0;  alias, 1 drivers
v0000011fd9c628e0_0 .net "down_valid", 0 0, L_0000011fd9c0f2e0;  alias, 1 drivers
v0000011fd9c61c60_0 .net "fifo_empty", 0 0, L_0000011fd9c0ee80;  1 drivers
v0000011fd9c63240_0 .net "fifo_full", 0 0, L_0000011fd9c0f4a0;  1 drivers
v0000011fd9c62d40_0 .net "fifo_pop", 0 0, L_0000011fd9c0f120;  1 drivers
v0000011fd9c63060_0 .net "fifo_push", 0 0, L_0000011fd9c0ef60;  1 drivers
v0000011fd9c61580_0 .net "rst", 0 0, v0000011fd9c64170_0;  alias, 1 drivers
v0000011fd9c62340_0 .net "up_data", 3 0, v0000011fd9c64490_0;  alias, 1 drivers
v0000011fd9c62ca0_0 .net "up_ready", 0 0, L_0000011fd9c0f5f0;  alias, 1 drivers
v0000011fd9c62ac0_0 .net "up_valid", 0 0, v0000011fd9c63d10_0;  alias, 1 drivers
S_0000011fd9c61260 .scope module, "fifo" "flip_flop_fifo" 5 31, 6 1 0, S_0000011fd9b83000;
 .timescale 0 0;
    .port_info 0 /INPUT 1 "clk";
    .port_info 1 /INPUT 1 "rst";
    .port_info 2 /INPUT 1 "push";
    .port_info 3 /INPUT 1 "pop";
    .port_info 4 /INPUT 4 "write_data";
    .port_info 5 /OUTPUT 4 "read_data";
    .port_info 6 /OUTPUT 1 "empty";
    .port_info 7 /OUTPUT 1 "full";
P_0000011fd9bba750 .param/l "depth" 0 6 3, +C4<00000000000000000000000000000100>;
P_0000011fd9bba788 .param/l "max_ptr" 1 6 19, +C4<11>;
P_0000011fd9bba7c0 .param/l "pointer_width" 1 6 18, +C4<00000000000000000000000000000010>;
P_0000011fd9bba7f8 .param/l "width" 0 6 3, +C4<00000000000000000000000000000100>;
L_0000011fd9c0f430 .functor BUFZ 4, L_0000011fd9c647b0, C4<0000>, C4<0000>, C4<0000>;
L_0000011fd9c0f660 .functor XNOR 1, v0000011fd9bed130_0, v0000011fd9bfc500_0, C4<0>, C4<0>;
L_0000011fd9c0ee80 .functor AND 1, L_0000011fd9c63b30, L_0000011fd9c0f660, C4<1>, C4<1>;
L_0000011fd9c0e860 .functor XOR 1, v0000011fd9bed130_0, v0000011fd9bfc500_0, C4<0>, C4<0>;
L_0000011fd9c0f4a0 .functor AND 1, L_0000011fd9c63b30, L_0000011fd9c0e860, C4<1>, C4<1>;
v0000011fd9bfc960_0 .net *"_ivl_0", 3 0, L_0000011fd9c647b0;  1 drivers
v0000011fd9bfb9c0_0 .net *"_ivl_10", 0 0, L_0000011fd9c0f660;  1 drivers
v0000011fd9bfce60_0 .net *"_ivl_14", 0 0, L_0000011fd9c0e860;  1 drivers
v0000011fd9bfc1e0_0 .net *"_ivl_2", 3 0, L_0000011fd9c64850;  1 drivers
L_0000011fd9c700d0 .functor BUFT 1, C4<00>, C4<0>, C4<0>, C4<0>;
v0000011fd9bfc280_0 .net *"_ivl_5", 1 0, L_0000011fd9c700d0;  1 drivers
v0000011fd9bfc320_0 .net "clk", 0 0, v0000011fd9c64fd0_0;  alias, 1 drivers
v0000011fd9bfd400 .array "data", 3 0, 3 0;
v0000011fd9bfba60_0 .net "empty", 0 0, L_0000011fd9c0ee80;  alias, 1 drivers
v0000011fd9bfc3c0_0 .net "equal_ptrs", 0 0, L_0000011fd9c63b30;  1 drivers
v0000011fd9bfd360_0 .net "full", 0 0, L_0000011fd9c0f4a0;  alias, 1 drivers
v0000011fd9bfc640_0 .net "pop", 0 0, L_0000011fd9c0f120;  alias, 1 drivers
v0000011fd9bfbb00_0 .net "push", 0 0, L_0000011fd9c0ef60;  alias, 1 drivers
v0000011fd9bfc6e0_0 .var "rd_ptr", 1 0;
v0000011fd9bfc500_0 .var "rd_ptr_odd_circle", 0 0;
v0000011fd9bfc820_0 .net "read_data", 3 0, L_0000011fd9c0f430;  alias, 1 drivers
v0000011fd9bfc8c0_0 .net "rst", 0 0, v0000011fd9c64170_0;  alias, 1 drivers
v0000011fd9bec9b0_0 .var "wr_ptr", 1 0;
v0000011fd9bed130_0 .var "wr_ptr_odd_circle", 0 0;
v0000011fd9becff0_0 .net "write_data", 3 0, v0000011fd9c64490_0;  alias, 1 drivers
L_0000011fd9c647b0 .array/port v0000011fd9bfd400, L_0000011fd9c64850;
L_0000011fd9c64850 .concat [ 2 2 0 0], v0000011fd9bfc6e0_0, L_0000011fd9c700d0;
L_0000011fd9c63b30 .cmp/eq 2, v0000011fd9bec9b0_0, v0000011fd9bfc6e0_0;
S_0000011fd9c63400 .scope module, "fifo_sum" "ff_fifo_wrapped_in_valid_ready" 4 86, 5 1 0, S_0000011fd9bba5c0;
 .timescale 0 0;
    .port_info 0 /INPUT 1 "clk";
    .port_info 1 /INPUT 1 "rst";
    .port_info 2 /INPUT 1 "up_valid";
    .port_info 3 /OUTPUT 1 "up_ready";
    .port_info 4 /INPUT 4 "up_data";
    .port_info 5 /OUTPUT 1 "down_valid";
    .port_info 6 /INPUT 1 "down_ready";
    .port_info 7 /OUTPUT 4 "down_data";
P_0000011fd9be3d70 .param/l "depth" 0 5 3, +C4<00000000000000000000000000000100>;
P_0000011fd9be3da8 .param/l "width" 0 5 3, +C4<00000000000000000000000000000100>;
L_0000011fd9c0f190 .functor NOT 1, L_0000011fd9c0efd0, C4<0>, C4<0>, C4<0>;
L_0000011fd9c0f580 .functor AND 1, L_0000011fd9c0f510, L_0000011fd9c0f190, C4<1>, C4<1>;
L_0000011fd9c0f270 .functor NOT 1, L_0000011fd9c0ee10, C4<0>, C4<0>, C4<0>;
L_0000011fd9c0e8d0 .functor AND 1, L_0000011fd9c0f270, v0000011fd9c64210_0, C4<1>, C4<1>;
v0000011fd9c62c00_0 .net "clk", 0 0, v0000011fd9c64fd0_0;  alias, 1 drivers
v0000011fd9c62660_0 .net "down_data", 3 0, L_0000011fd9c0ebe0;  alias, 1 drivers
v0000011fd9c62f20_0 .net "down_ready", 0 0, v0000011fd9c64210_0;  alias, 1 drivers
v0000011fd9c620c0_0 .net "down_valid", 0 0, L_0000011fd9c0f270;  alias, 1 drivers
v0000011fd9c61a80_0 .net "fifo_empty", 0 0, L_0000011fd9c0ee10;  1 drivers
v0000011fd9c62700_0 .net "fifo_full", 0 0, L_0000011fd9c0efd0;  1 drivers
v0000011fd9c627a0_0 .net "fifo_pop", 0 0, L_0000011fd9c0e8d0;  1 drivers
v0000011fd9c62de0_0 .net "fifo_push", 0 0, L_0000011fd9c0f580;  1 drivers
v0000011fd9c61760_0 .net "rst", 0 0, v0000011fd9c64170_0;  alias, 1 drivers
v0000011fd9c63100_0 .net "up_data", 3 0, L_0000011fd9c640d0;  alias, 1 drivers
v0000011fd9c631a0_0 .net "up_ready", 0 0, L_0000011fd9c0f190;  alias, 1 drivers
v0000011fd9c62fc0_0 .net "up_valid", 0 0, L_0000011fd9c0f510;  alias, 1 drivers
S_0000011fd9c63590 .scope module, "fifo" "flip_flop_fifo" 5 31, 6 1 0, S_0000011fd9c63400;
 .timescale 0 0;
    .port_info 0 /INPUT 1 "clk";
    .port_info 1 /INPUT 1 "rst";
    .port_info 2 /INPUT 1 "push";
    .port_info 3 /INPUT 1 "pop";
    .port_info 4 /INPUT 4 "write_data";
    .port_info 5 /OUTPUT 4 "read_data";
    .port_info 6 /OUTPUT 1 "empty";
    .port_info 7 /OUTPUT 1 "full";
P_0000011fd9bc6d70 .param/l "depth" 0 6 3, +C4<00000000000000000000000000000100>;
P_0000011fd9bc6da8 .param/l "max_ptr" 1 6 19, +C4<11>;
P_0000011fd9bc6de0 .param/l "pointer_width" 1 6 18, +C4<00000000000000000000000000000010>;
P_0000011fd9bc6e18 .param/l "width" 0 6 3, +C4<00000000000000000000000000000100>;
L_0000011fd9c0ebe0 .functor BUFZ 4, L_0000011fd9c642b0, C4<0000>, C4<0000>, C4<0000>;
L_0000011fd9c0ed30 .functor XNOR 1, v0000011fd9c62520_0, v0000011fd9c62840_0, C4<0>, C4<0>;
L_0000011fd9c0ee10 .functor AND 1, L_0000011fd9c648f0, L_0000011fd9c0ed30, C4<1>, C4<1>;
L_0000011fd9c0e7f0 .functor XOR 1, v0000011fd9c62520_0, v0000011fd9c62840_0, C4<0>, C4<0>;
L_0000011fd9c0efd0 .functor AND 1, L_0000011fd9c648f0, L_0000011fd9c0e7f0, C4<1>, C4<1>;
v0000011fd9c62200_0 .net *"_ivl_0", 3 0, L_0000011fd9c642b0;  1 drivers
v0000011fd9c622a0_0 .net *"_ivl_10", 0 0, L_0000011fd9c0ed30;  1 drivers
v0000011fd9c62a20_0 .net *"_ivl_14", 0 0, L_0000011fd9c0e7f0;  1 drivers
v0000011fd9c61f80_0 .net *"_ivl_2", 3 0, L_0000011fd9c64e90;  1 drivers
L_0000011fd9c70118 .functor BUFT 1, C4<00>, C4<0>, C4<0>, C4<0>;
v0000011fd9c62b60_0 .net *"_ivl_5", 1 0, L_0000011fd9c70118;  1 drivers
v0000011fd9c619e0_0 .net "clk", 0 0, v0000011fd9c64fd0_0;  alias, 1 drivers
v0000011fd9c62020 .array "data", 3 0, 3 0;
v0000011fd9c61620_0 .net "empty", 0 0, L_0000011fd9c0ee10;  alias, 1 drivers
v0000011fd9c61e40_0 .net "equal_ptrs", 0 0, L_0000011fd9c648f0;  1 drivers
v0000011fd9c616c0_0 .net "full", 0 0, L_0000011fd9c0efd0;  alias, 1 drivers
v0000011fd9c61ee0_0 .net "pop", 0 0, L_0000011fd9c0e8d0;  alias, 1 drivers
v0000011fd9c623e0_0 .net "push", 0 0, L_0000011fd9c0f580;  alias, 1 drivers
v0000011fd9c62980_0 .var "rd_ptr", 1 0;
v0000011fd9c62840_0 .var "rd_ptr_odd_circle", 0 0;
v0000011fd9c62e80_0 .net "read_data", 3 0, L_0000011fd9c0ebe0;  alias, 1 drivers
v0000011fd9c62480_0 .net "rst", 0 0, v0000011fd9c64170_0;  alias, 1 drivers
v0000011fd9c62160_0 .var "wr_ptr", 1 0;
v0000011fd9c62520_0 .var "wr_ptr_odd_circle", 0 0;
v0000011fd9c625c0_0 .net "write_data", 3 0, L_0000011fd9c640d0;  alias, 1 drivers
L_0000011fd9c642b0 .array/port v0000011fd9c62020, L_0000011fd9c64e90;
L_0000011fd9c64e90 .concat [ 2 2 0 0], v0000011fd9c62980_0, L_0000011fd9c70118;
L_0000011fd9c648f0 .cmp/eq 2, v0000011fd9c62160_0, v0000011fd9c62980_0;
    .scope S_0000011fd9b82e70;
T_0 ;
    %wait E_0000011fd9bf94c0;
    %load/vec4 v0000011fd9bfca00_0;
    %flag_set/vec4 8;
    %jmp/0xz  T_0.0, 8;
    %pushi/vec4 0, 0, 2;
    %assign/vec4 v0000011fd9bfb920_0, 0;
    %pushi/vec4 0, 0, 1;
    %assign/vec4 v0000011fd9bfbba0_0, 0;
    %jmp T_0.1;
T_0.0 ;
    %load/vec4 v0000011fd9bfcfa0_0;
    %flag_set/vec4 8;
    %jmp/0xz  T_0.2, 8;
    %load/vec4 v0000011fd9bfb920_0;
    %cmpi/e 3, 0, 2;
    %jmp/0xz  T_0.4, 4;
    %pushi/vec4 0, 0, 2;
    %assign/vec4 v0000011fd9bfb920_0, 0;
    %load/vec4 v0000011fd9bfbba0_0;
    %inv;
    %assign/vec4 v0000011fd9bfbba0_0, 0;
    %jmp T_0.5;
T_0.4 ;
    %load/vec4 v0000011fd9bfb920_0;
    %addi 1, 0, 2;
    %assign/vec4 v0000011fd9bfb920_0, 0;
T_0.5 ;
T_0.2 ;
T_0.1 ;
    %jmp T_0;
    .thread T_0;
    .scope S_0000011fd9b82e70;
T_1 ;
    %wait E_0000011fd9bf94c0;
    %load/vec4 v0000011fd9bfca00_0;
    %flag_set/vec4 8;
    %jmp/0xz  T_1.0, 8;
    %pushi/vec4 0, 0, 2;
    %assign/vec4 v0000011fd9bfd0e0_0, 0;
    %pushi/vec4 0, 0, 1;
    %assign/vec4 v0000011fd9bfcc80_0, 0;
    %jmp T_1.1;
T_1.0 ;
    %load/vec4 v0000011fd9bfc780_0;
    %flag_set/vec4 8;
    %jmp/0xz  T_1.2, 8;
    %load/vec4 v0000011fd9bfd0e0_0;
    %cmpi/e 3, 0, 2;
    %jmp/0xz  T_1.4, 4;
    %pushi/vec4 0, 0, 2;
    %assign/vec4 v0000011fd9bfd0e0_0, 0;
    %load/vec4 v0000011fd9bfcc80_0;
    %inv;
    %assign/vec4 v0000011fd9bfcc80_0, 0;
    %jmp T_1.5;
T_1.4 ;
    %load/vec4 v0000011fd9bfd0e0_0;
    %addi 1, 0, 2;
    %assign/vec4 v0000011fd9bfd0e0_0, 0;
T_1.5 ;
T_1.2 ;
T_1.1 ;
    %jmp T_1;
    .thread T_1;
    .scope S_0000011fd9b82e70;
T_2 ;
    %wait E_0000011fd9bf8900;
    %load/vec4 v0000011fd9bfcfa0_0;
    %flag_set/vec4 8;
    %jmp/0xz  T_2.0, 8;
    %load/vec4 v0000011fd9bfd180_0;
    %load/vec4 v0000011fd9bfb920_0;
    %pad/u 4;
    %ix/vec4 3;
    %ix/load 4, 0, 0; Constant delay
    %assign/vec4/a/d v0000011fd9bfbd80, 0, 4;
T_2.0 ;
    %jmp T_2;
    .thread T_2;
    .scope S_0000011fd9c61260;
T_3 ;
    %wait E_0000011fd9bf94c0;
    %load/vec4 v0000011fd9bfc8c0_0;
    %flag_set/vec4 8;
    %jmp/0xz  T_3.0, 8;
    %pushi/vec4 0, 0, 2;
    %assign/vec4 v0000011fd9bec9b0_0, 0;
    %pushi/vec4 0, 0, 1;
    %assign/vec4 v0000011fd9bed130_0, 0;
    %jmp T_3.1;
T_3.0 ;
    %load/vec4 v0000011fd9bfbb00_0;
    %flag_set/vec4 8;
    %jmp/0xz  T_3.2, 8;
    %load/vec4 v0000011fd9bec9b0_0;
    %cmpi/e 3, 0, 2;
    %jmp/0xz  T_3.4, 4;
    %pushi/vec4 0, 0, 2;
    %assign/vec4 v0000011fd9bec9b0_0, 0;
    %load/vec4 v0000011fd9bed130_0;
    %inv;
    %assign/vec4 v0000011fd9bed130_0, 0;
    %jmp T_3.5;
T_3.4 ;
    %load/vec4 v0000011fd9bec9b0_0;
    %addi 1, 0, 2;
    %assign/vec4 v0000011fd9bec9b0_0, 0;
T_3.5 ;
T_3.2 ;
T_3.1 ;
    %jmp T_3;
    .thread T_3;
    .scope S_0000011fd9c61260;
T_4 ;
    %wait E_0000011fd9bf94c0;
    %load/vec4 v0000011fd9bfc8c0_0;
    %flag_set/vec4 8;
    %jmp/0xz  T_4.0, 8;
    %pushi/vec4 0, 0, 2;
    %assign/vec4 v0000011fd9bfc6e0_0, 0;
    %pushi/vec4 0, 0, 1;
    %assign/vec4 v0000011fd9bfc500_0, 0;
    %jmp T_4.1;
T_4.0 ;
    %load/vec4 v0000011fd9bfc640_0;
    %flag_set/vec4 8;
    %jmp/0xz  T_4.2, 8;
    %load/vec4 v0000011fd9bfc6e0_0;
    %cmpi/e 3, 0, 2;
    %jmp/0xz  T_4.4, 4;
    %pushi/vec4 0, 0, 2;
    %assign/vec4 v0000011fd9bfc6e0_0, 0;
    %load/vec4 v0000011fd9bfc500_0;
    %inv;
    %assign/vec4 v0000011fd9bfc500_0, 0;
    %jmp T_4.5;
T_4.4 ;
    %load/vec4 v0000011fd9bfc6e0_0;
    %addi 1, 0, 2;
    %assign/vec4 v0000011fd9bfc6e0_0, 0;
T_4.5 ;
T_4.2 ;
T_4.1 ;
    %jmp T_4;
    .thread T_4;
    .scope S_0000011fd9c61260;
T_5 ;
    %wait E_0000011fd9bf8900;
    %load/vec4 v0000011fd9bfbb00_0;
    %flag_set/vec4 8;
    %jmp/0xz  T_5.0, 8;
    %load/vec4 v0000011fd9becff0_0;
    %load/vec4 v0000011fd9bec9b0_0;
    %pad/u 4;
    %ix/vec4 3;
    %ix/load 4, 0, 0; Constant delay
    %assign/vec4/a/d v0000011fd9bfd400, 0, 4;
T_5.0 ;
    %jmp T_5;
    .thread T_5;
    .scope S_0000011fd9c63590;
T_6 ;
    %wait E_0000011fd9bf94c0;
    %load/vec4 v0000011fd9c62480_0;
    %flag_set/vec4 8;
    %jmp/0xz  T_6.0, 8;
    %pushi/vec4 0, 0, 2;
    %assign/vec4 v0000011fd9c62160_0, 0;
    %pushi/vec4 0, 0, 1;
    %assign/vec4 v0000011fd9c62520_0, 0;
    %jmp T_6.1;
T_6.0 ;
    %load/vec4 v0000011fd9c623e0_0;
    %flag_set/vec4 8;
    %jmp/0xz  T_6.2, 8;
    %load/vec4 v0000011fd9c62160_0;
    %cmpi/e 3, 0, 2;
    %jmp/0xz  T_6.4, 4;
    %pushi/vec4 0, 0, 2;
    %assign/vec4 v0000011fd9c62160_0, 0;
    %load/vec4 v0000011fd9c62520_0;
    %inv;
    %assign/vec4 v0000011fd9c62520_0, 0;
    %jmp T_6.5;
T_6.4 ;
    %load/vec4 v0000011fd9c62160_0;
    %addi 1, 0, 2;
    %assign/vec4 v0000011fd9c62160_0, 0;
T_6.5 ;
T_6.2 ;
T_6.1 ;
    %jmp T_6;
    .thread T_6;
    .scope S_0000011fd9c63590;
T_7 ;
    %wait E_0000011fd9bf94c0;
    %load/vec4 v0000011fd9c62480_0;
    %flag_set/vec4 8;
    %jmp/0xz  T_7.0, 8;
    %pushi/vec4 0, 0, 2;
    %assign/vec4 v0000011fd9c62980_0, 0;
    %pushi/vec4 0, 0, 1;
    %assign/vec4 v0000011fd9c62840_0, 0;
    %jmp T_7.1;
T_7.0 ;
    %load/vec4 v0000011fd9c61ee0_0;
    %flag_set/vec4 8;
    %jmp/0xz  T_7.2, 8;
    %load/vec4 v0000011fd9c62980_0;
    %cmpi/e 3, 0, 2;
    %jmp/0xz  T_7.4, 4;
    %pushi/vec4 0, 0, 2;
    %assign/vec4 v0000011fd9c62980_0, 0;
    %load/vec4 v0000011fd9c62840_0;
    %inv;
    %assign/vec4 v0000011fd9c62840_0, 0;
    %jmp T_7.5;
T_7.4 ;
    %load/vec4 v0000011fd9c62980_0;
    %addi 1, 0, 2;
    %assign/vec4 v0000011fd9c62980_0, 0;
T_7.5 ;
T_7.2 ;
T_7.1 ;
    %jmp T_7;
    .thread T_7;
    .scope S_0000011fd9c63590;
T_8 ;
    %wait E_0000011fd9bf8900;
    %load/vec4 v0000011fd9c623e0_0;
    %flag_set/vec4 8;
    %jmp/0xz  T_8.0, 8;
    %load/vec4 v0000011fd9c625c0_0;
    %load/vec4 v0000011fd9c62160_0;
    %pad/u 4;
    %ix/vec4 3;
    %ix/load 4, 0, 0; Constant delay
    %assign/vec4/a/d v0000011fd9c62020, 0, 4;
T_8.0 ;
    %jmp T_8;
    .thread T_8;
    .scope S_0000011fd9bc6a50;
T_9 ;
    %pushi/vec4 0, 0, 32;
    %store/vec4 v0000011fd9c63810_0, 0, 32;
    %pushi/vec4 0, 0, 1;
    %store/vec4 v0000011fd9c64f30_0, 0, 1;
    %end;
    .thread T_9, $init;
    .scope S_0000011fd9bc6a50;
T_10 ;
    %pushi/vec4 1, 0, 1;
    %store/vec4 v0000011fd9c64fd0_0, 0, 1;
T_10.0 ;
    %delay 5, 0;
    %load/vec4 v0000011fd9c64fd0_0;
    %inv;
    %store/vec4 v0000011fd9c64fd0_0, 0, 1;
    %jmp T_10.0;
    %end;
    .thread T_10;
    .scope S_0000011fd9bc6a50;
T_11 ;
    %pushi/vec4 10000, 0, 32;
T_11.0 %dup/vec4;
    %pushi/vec4 0, 0, 32;
    %cmp/s;
    %jmp/1xz T_11.1, 5;
    %jmp/1 T_11.1, 4;
    %pushi/vec4 1, 0, 32;
    %sub;
    %wait E_0000011fd9bf8900;
    %jmp T_11.0;
T_11.1 ;
    %pop/vec4 1;
    %vpi_call/w 3 53 "$display", "FAIL %s: timeout!", "testbench.sv" {0 0 0};
    %vpi_call/w 3 54 "$finish" {0 0 0};
    %end;
    .thread T_11;
    .scope S_0000011fd9bc6a50;
T_12 ;
    %wait E_0000011fd9bf8900;
    %vpi_call/w 3 64 "$write", "time %7d cycle %5d", $time, v0000011fd9c63810_0 {0 0 0};
    %load/vec4 v0000011fd9c63810_0;
    %addi 1, 0, 32;
    %cast2;
    %assign/vec4 v0000011fd9c63810_0, 0;
    %load/vec4 v0000011fd9c64170_0;
    %flag_set/vec4 8;
    %jmp/0xz  T_12.0, 8;
    %vpi_call/w 3 67 "$write", " rst" {0 0 0};
    %jmp T_12.1;
T_12.0 ;
    %vpi_call/w 3 67 "$write", "    " {0 0 0};
T_12.1 ;
    %load/vec4 v0000011fd9c645d0_0;
    %flag_set/vec4 8;
    %jmp/0xz  T_12.2, 8;
    %vpi_call/w 3 69 "$write", " a_valid" {0 0 0};
    %jmp T_12.3;
T_12.2 ;
    %vpi_call/w 3 69 "$write", "        " {0 0 0};
T_12.3 ;
    %load/vec4 v0000011fd9c638b0_0;
    %flag_set/vec4 8;
    %jmp/0xz  T_12.4, 8;
    %vpi_call/w 3 70 "$write", " a_ready" {0 0 0};
    %jmp T_12.5;
T_12.4 ;
    %vpi_call/w 3 70 "$write", "        " {0 0 0};
T_12.5 ;
    %load/vec4 v0000011fd9c645d0_0;
    %load/vec4 v0000011fd9c638b0_0;
    %and;
    %flag_set/vec4 8;
    %jmp/0xz  T_12.6, 8;
    %vpi_call/w 3 73 "$write", " %h", v0000011fd9c65110_0 {0 0 0};
    %jmp T_12.7;
T_12.6 ;
    %vpi_call/w 3 75 "$write", "  " {0 0 0};
T_12.7 ;
    %load/vec4 v0000011fd9c63d10_0;
    %flag_set/vec4 8;
    %jmp/0xz  T_12.8, 8;
    %vpi_call/w 3 77 "$write", " b_valid" {0 0 0};
    %jmp T_12.9;
T_12.8 ;
    %vpi_call/w 3 77 "$write", "        " {0 0 0};
T_12.9 ;
    %load/vec4 v0000011fd9c63770_0;
    %flag_set/vec4 8;
    %jmp/0xz  T_12.10, 8;
    %vpi_call/w 3 78 "$write", " b_ready" {0 0 0};
    %jmp T_12.11;
T_12.10 ;
    %vpi_call/w 3 78 "$write", "        " {0 0 0};
T_12.11 ;
    %load/vec4 v0000011fd9c63d10_0;
    %load/vec4 v0000011fd9c63770_0;
    %and;
    %flag_set/vec4 8;
    %jmp/0xz  T_12.12, 8;
    %vpi_call/w 3 81 "$write", " %h", v0000011fd9c64490_0 {0 0 0};
    %jmp T_12.13;
T_12.12 ;
    %vpi_call/w 3 83 "$write", "  " {0 0 0};
T_12.13 ;
    %load/vec4 v0000011fd9c639f0_0;
    %flag_set/vec4 8;
    %jmp/0xz  T_12.14, 8;
    %vpi_call/w 3 85 "$write", " sum_valid" {0 0 0};
    %jmp T_12.15;
T_12.14 ;
    %vpi_call/w 3 85 "$write", "          " {0 0 0};
T_12.15 ;
    %load/vec4 v0000011fd9c64210_0;
    %flag_set/vec4 8;
    %jmp/0xz  T_12.16, 8;
    %vpi_call/w 3 86 "$write", " sum_ready" {0 0 0};
    %jmp T_12.17;
T_12.16 ;
    %vpi_call/w 3 86 "$write", "          " {0 0 0};
T_12.17 ;
    %load/vec4 v0000011fd9c639f0_0;
    %load/vec4 v0000011fd9c64210_0;
    %and;
    %flag_set/vec4 8;
    %jmp/0xz  T_12.18, 8;
    %vpi_call/w 3 89 "$write", " %h", v0000011fd9c64df0_0 {0 0 0};
    %jmp T_12.19;
T_12.18 ;
    %vpi_call/w 3 91 "$write", "  " {0 0 0};
T_12.19 ;
    %vpi_call/w 3 93 "$display" {0 0 0};
    %jmp T_12;
    .thread T_12;
    .scope S_0000011fd9bc6a50;
T_13 ;
    %wait E_0000011fd9bf8900;
    %load/vec4 v0000011fd9c64170_0;
    %flag_set/vec4 8;
    %jmp/0xz  T_13.0, 8;
    %ix/load 4, 0, 0;
    %null;
    %store/obj v0000011fd9c65610_0;
    %ix/load 4, 0, 0;
    %null;
    %store/obj v0000011fd9c64670_0;
    %pushi/vec4 1, 0, 1;
    %store/vec4 v0000011fd9c64f30_0, 0, 1;
    %jmp T_13.1;
T_13.0 ;
    %load/vec4 v0000011fd9c64f30_0;
    %flag_set/vec4 8;
    %jmp/0xz  T_13.2, 8;
    %load/vec4 v0000011fd9c645d0_0;
    %load/vec4 v0000011fd9c638b0_0;
    %and;
    %flag_set/vec4 8;
    %jmp/0xz  T_13.4, 8;
    %ix/load 4, 0, 0;
    %load/vec4 v0000011fd9c65110_0;
    %store/qb/v v0000011fd9c65610_0, 4, 4;
T_13.4 ;
    %load/vec4 v0000011fd9c63d10_0;
    %load/vec4 v0000011fd9c63770_0;
    %and;
    %flag_set/vec4 8;
    %jmp/0xz  T_13.6, 8;
    %ix/load 4, 0, 0;
    %load/vec4 v0000011fd9c64490_0;
    %store/qb/v v0000011fd9c64670_0, 4, 4;
T_13.6 ;
    %load/vec4 v0000011fd9c639f0_0;
    %load/vec4 v0000011fd9c64210_0;
    %and;
    %flag_set/vec4 8;
    %jmp/0xz  T_13.8, 8;
    %vpi_func 3 129 "$size" 32, v0000011fd9c65610_0 {0 0 0};
    %cmpi/e 0, 0, 32;
    %jmp/1 T_13.12, 4;
    %flag_mov 8, 4;
    %vpi_func 3 129 "$size" 32, v0000011fd9c64670_0 {0 0 0};
    %cmpi/e 0, 0, 32;
    %flag_or 4, 8;
T_13.12;
    %jmp/0xz  T_13.10, 4;
    %vpi_call/w 3 131 "$display", "\012ERROR: unexpected sum %h", v0000011fd9c64df0_0 {0 0 0};
    %jmp T_13.11;
T_13.10 ;
    %ix/load 3, 0, 0;
    %flag_set/imm 4, 0;
    %load/dar/vec4 v0000011fd9c65610_0;
    %ix/load 3, 0, 0;
    %flag_set/imm 4, 0;
    %load/dar/vec4 v0000011fd9c64670_0;
    %add;
    %store/vec4 v0000011fd9c64cb0_0, 0, 4;
    %ix/load 3, 0, 0;
    %flag_set/imm 4, 0;
    %delete/elem v0000011fd9c65610_0;
    %ix/load 3, 0, 0;
    %flag_set/imm 4, 0;
    %delete/elem v0000011fd9c64670_0;
    %load/vec4 v0000011fd9c64cb0_0;
    %load/vec4 v0000011fd9c64df0_0;
    %cmp/ne;
    %jmp/0xz  T_13.13, 6;
    %vpi_call/w 3 146 "$display", "\012ERROR: downstream data mismatch. Expected %h, actual %h", v0000011fd9c64cb0_0, v0000011fd9c64df0_0 {0 0 0};
T_13.13 ;
T_13.11 ;
T_13.8 ;
T_13.2 ;
T_13.1 ;
    %jmp T_13;
    .thread T_13;
    .scope S_0000011fd9bc6a50;
T_14 ;
    %vpi_func 3 160 "$size" 32, v0000011fd9c65610_0 {0 0 0};
    %cmpi/ne 0, 0, 32;
    %jmp/0xz  T_14.0, 4;
    %vpi_call/w 3 162 "$write", "\012ERROR: data is left sitting in the model a_queue:" {0 0 0};
    %fork t_1, S_0000011fd9bc6be0;
    %jmp t_0;
    .scope S_0000011fd9bc6be0;
t_1 ;
    %pushi/vec4 0, 0, 32;
    %store/vec4 v0000011fd9bfbce0_0, 0, 32;
T_14.2 ;
    %load/vec4 v0000011fd9bfbce0_0;
    %vpi_func 3 164 "$size" 32, v0000011fd9c65610_0 {0 0 0};
    %cmp/s;
    %jmp/0xz T_14.3, 5;
    %vpi_func 3 165 "$size" 32, v0000011fd9c65610_0 {0 0 0};
    %load/vec4 v0000011fd9bfbce0_0;
    %sub;
    %subi 1, 0, 32;
    %ix/vec4/s 3;
    %load/dar/vec4 v0000011fd9c65610_0;
    %vpi_call/w 3 165 "$write", " %h", S<0,vec4,u4> {1 0 0};
    ; show_stmt_assign_vector: Get l-value for compressed += operand
    %load/vec4 v0000011fd9bfbce0_0;
    %pushi/vec4 1, 0, 32;
    %add;
    %cast2;
    %store/vec4 v0000011fd9bfbce0_0, 0, 32;
    %jmp T_14.2;
T_14.3 ;
    %end;
    .scope S_0000011fd9bc6a50;
t_0 %join;
    %vpi_call/w 3 167 "$display" {0 0 0};
T_14.0 ;
    %vpi_func 3 170 "$size" 32, v0000011fd9c64670_0 {0 0 0};
    %cmpi/ne 0, 0, 32;
    %jmp/0xz  T_14.4, 4;
    %vpi_call/w 3 172 "$write", "\012ERROR: data is left sitting in the model b_queue:" {0 0 0};
    %fork t_3, S_0000011fd9bba430;
    %jmp t_2;
    .scope S_0000011fd9bba430;
t_3 ;
    %pushi/vec4 0, 0, 32;
    %store/vec4 v0000011fd9bfbf60_0, 0, 32;
T_14.6 ;
    %load/vec4 v0000011fd9bfbf60_0;
    %vpi_func 3 174 "$size" 32, v0000011fd9c64670_0 {0 0 0};
    %cmp/s;
    %jmp/0xz T_14.7, 5;
    %vpi_func 3 175 "$size" 32, v0000011fd9c64670_0 {0 0 0};
    %load/vec4 v0000011fd9bfbf60_0;
    %sub;
    %subi 1, 0, 32;
    %ix/vec4/s 3;
    %load/dar/vec4 v0000011fd9c64670_0;
    %vpi_call/w 3 175 "$write", " %h", S<0,vec4,u4> {1 0 0};
    ; show_stmt_assign_vector: Get l-value for compressed += operand
    %load/vec4 v0000011fd9bfbf60_0;
    %pushi/vec4 1, 0, 32;
    %add;
    %cast2;
    %store/vec4 v0000011fd9bfbf60_0, 0, 32;
    %jmp T_14.6;
T_14.7 ;
    %end;
    .scope S_0000011fd9bc6a50;
t_2 %join;
    %vpi_call/w 3 177 "$display" {0 0 0};
T_14.4 ;
    %end;
    .thread T_14, $final;
    .scope S_0000011fd9bc6a50;
T_15 ;
    %wait E_0000011fd9bf8900;
    %load/vec4 v0000011fd9c64170_0;
    %flag_set/vec4 8;
    %jmp/0xz  T_15.0, 8;
    %pushi/vec4 0, 0, 33;
    %assign/vec4 v0000011fd9c652f0_0, 0;
    %pushi/vec4 0, 0, 33;
    %assign/vec4 v0000011fd9c64d50_0, 0;
    %pushi/vec4 0, 0, 33;
    %assign/vec4 v0000011fd9c64b70_0, 0;
    %pushi/vec4 0, 0, 33;
    %assign/vec4 v0000011fd9c63950_0, 0;
    %jmp T_15.1;
T_15.0 ;
    %load/vec4 v0000011fd9c652f0_0;
    %addi 1, 0, 33;
    %assign/vec4 v0000011fd9c652f0_0, 0;
    %load/vec4 v0000011fd9c645d0_0;
    %load/vec4 v0000011fd9c638b0_0;
    %and;
    %flag_set/vec4 8;
    %jmp/0xz  T_15.2, 8;
    %load/vec4 v0000011fd9c64d50_0;
    %addi 1, 0, 33;
    %assign/vec4 v0000011fd9c64d50_0, 0;
T_15.2 ;
    %load/vec4 v0000011fd9c63d10_0;
    %load/vec4 v0000011fd9c63770_0;
    %and;
    %flag_set/vec4 8;
    %jmp/0xz  T_15.4, 8;
    %load/vec4 v0000011fd9c64b70_0;
    %addi 1, 0, 33;
    %assign/vec4 v0000011fd9c64b70_0, 0;
T_15.4 ;
    %load/vec4 v0000011fd9c639f0_0;
    %load/vec4 v0000011fd9c64210_0;
    %and;
    %flag_set/vec4 8;
    %jmp/0xz  T_15.6, 8;
    %load/vec4 v0000011fd9c63950_0;
    %addi 1, 0, 33;
    %assign/vec4 v0000011fd9c63950_0, 0;
T_15.6 ;
T_15.1 ;
    %jmp T_15;
    .thread T_15;
    .scope S_0000011fd9bc6a50;
T_16 ;
    %vpi_call/w 3 207 "$display", "\012\012number of sum transfers : %0d per %0d cycles", v0000011fd9c63950_0, v0000011fd9c652f0_0 {0 0 0};
    %load/vec4 v0000011fd9c64d50_0;
    %load/vec4 v0000011fd9c64b70_0;
    %cmp/ne;
    %flag_get/vec4 4;
    %load/vec4 v0000011fd9c64d50_0;
    %load/vec4 v0000011fd9c63950_0;
    %cmp/ne;
    %flag_get/vec4 4;
    %or;
    %flag_set/vec4 8;
    %jmp/0xz  T_16.0, 8;
    %vpi_call/w 3 211 "$display", "\012ERROR: number of transfers do not match: a: %0d b: %0s sum %0d", v0000011fd9c64d50_0, v0000011fd9c64b70_0, v0000011fd9c63950_0 {0 0 0};
T_16.0 ;
    %end;
    .thread T_16, $final;
    .scope S_0000011fd9bc6a50;
T_17 ;
    %pushi/vec4 0, 0, 1;
    %assign/vec4 v0000011fd9c645d0_0, 0;
    %pushi/vec4 0, 0, 1;
    %assign/vec4 v0000011fd9c63d10_0, 0;
    %pushi/vec4 0, 0, 1;
    %assign/vec4 v0000011fd9c64210_0, 0;
    %pushi/vec4 3, 0, 32;
T_17.0 %dup/vec4;
    %pushi/vec4 0, 0, 32;
    %cmp/s;
    %jmp/1xz T_17.1, 5;
    %jmp/1 T_17.1, 4;
    %pushi/vec4 1, 0, 32;
    %sub;
    %wait E_0000011fd9bf8900;
    %jmp T_17.0;
T_17.1 ;
    %pop/vec4 1;
    %pushi/vec4 1, 0, 1;
    %assign/vec4 v0000011fd9c64170_0, 0;
    %pushi/vec4 3, 0, 32;
T_17.2 %dup/vec4;
    %pushi/vec4 0, 0, 32;
    %cmp/s;
    %jmp/1xz T_17.3, 5;
    %jmp/1 T_17.3, 4;
    %pushi/vec4 1, 0, 32;
    %sub;
    %wait E_0000011fd9bf8900;
    %jmp T_17.2;
T_17.3 ;
    %pop/vec4 1;
    %pushi/vec4 0, 0, 1;
    %assign/vec4 v0000011fd9c64170_0, 0;
    %vpi_call/w 3 246 "$display", "*** Run back-to-back" {0 0 0};
    %pushi/vec4 1, 0, 1;
    %assign/vec4 v0000011fd9c645d0_0, 0;
    %pushi/vec4 1, 0, 1;
    %assign/vec4 v0000011fd9c63d10_0, 0;
    %pushi/vec4 1, 0, 1;
    %assign/vec4 v0000011fd9c64210_0, 0;
    %pushi/vec4 20, 0, 32;
T_17.4 %dup/vec4;
    %pushi/vec4 0, 0, 32;
    %cmp/s;
    %jmp/1xz T_17.5, 5;
    %jmp/1 T_17.5, 4;
    %pushi/vec4 1, 0, 32;
    %sub;
    %wait E_0000011fd9bf8900;
    %jmp T_17.4;
T_17.5 ;
    %pop/vec4 1;
    %vpi_call/w 3 254 "$display", "*** Supplying only \042a\042" {0 0 0};
T_17.6 ;
    %load/vec4 v0000011fd9c63770_0;
    %inv;
    %flag_set/vec4 8;
    %jmp/0xz T_17.7, 8;
    %wait E_0000011fd9bf8900;
    %jmp T_17.6;
T_17.7 ;
    %pushi/vec4 0, 0, 1;
    %assign/vec4 v0000011fd9c63d10_0, 0;
    %pushi/vec4 20, 0, 32;
T_17.8 %dup/vec4;
    %pushi/vec4 0, 0, 32;
    %cmp/s;
    %jmp/1xz T_17.9, 5;
    %jmp/1 T_17.9, 4;
    %pushi/vec4 1, 0, 32;
    %sub;
    %wait E_0000011fd9bf8900;
    %jmp T_17.8;
T_17.9 ;
    %pop/vec4 1;
    %vpi_call/w 3 265 "$display", "*** Supplying only \042b\042" {0 0 0};
    %pushi/vec4 1, 0, 1;
    %assign/vec4 v0000011fd9c63d10_0, 0;
T_17.10 ;
    %load/vec4 v0000011fd9c638b0_0;
    %inv;
    %flag_set/vec4 8;
    %jmp/0xz T_17.11, 8;
    %wait E_0000011fd9bf8900;
    %jmp T_17.10;
T_17.11 ;
    %pushi/vec4 0, 0, 1;
    %assign/vec4 v0000011fd9c645d0_0, 0;
    %pushi/vec4 20, 0, 32;
T_17.12 %dup/vec4;
    %pushi/vec4 0, 0, 32;
    %cmp/s;
    %jmp/1xz T_17.13, 5;
    %jmp/1 T_17.13, 4;
    %pushi/vec4 1, 0, 32;
    %sub;
    %wait E_0000011fd9bf8900;
    %jmp T_17.12;
T_17.13 ;
    %pop/vec4 1;
    %vpi_call/w 3 278 "$display", "*** Applying backpressure" {0 0 0};
    %pushi/vec4 1, 0, 1;
    %assign/vec4 v0000011fd9c645d0_0, 0;
    %pushi/vec4 1, 0, 1;
    %assign/vec4 v0000011fd9c63d10_0, 0;
    %pushi/vec4 0, 0, 1;
    %assign/vec4 v0000011fd9c64210_0, 0;
    %pushi/vec4 20, 0, 32;
T_17.14 %dup/vec4;
    %pushi/vec4 0, 0, 32;
    %cmp/s;
    %jmp/1xz T_17.15, 5;
    %jmp/1 T_17.15, 4;
    %pushi/vec4 1, 0, 32;
    %sub;
    %wait E_0000011fd9bf8900;
    %jmp T_17.14;
T_17.15 ;
    %pop/vec4 1;
    %vpi_call/w 3 286 "$display", "*** Random" {0 0 0};
T_17.16 ;
    %load/vec4 v0000011fd9c63950_0;
    %cmpi/ne 100, 0, 33;
    %jmp/0xz T_17.17, 4;
    %load/vec4 v0000011fd9c64d50_0;
    %cmpi/u 100, 0, 33;
    %flag_or 5, 4;
    %jmp/0xz  T_17.18, 5;
    %jmp T_17.19;
T_17.18 ;
    %vpi_call/w 3 291 "$error" {0 0 0};
T_17.19 ;
    %load/vec4 v0000011fd9c64d50_0;
    %pushi/vec4 100, 0, 33;
    %cmp/e;
    %flag_get/vec4 4;
    %load/vec4 v0000011fd9c64d50_0;
    %pushi/vec4 99, 0, 33;
    %cmp/e;
    %flag_get/vec4 4;
    %load/vec4 v0000011fd9c645d0_0;
    %and;
    %load/vec4 v0000011fd9c638b0_0;
    %and;
    %or;
    %flag_set/vec4 8;
    %jmp/0xz  T_17.20, 8;
    %pushi/vec4 0, 0, 1;
    %assign/vec4 v0000011fd9c645d0_0, 0;
    %jmp T_17.21;
T_17.20 ;
    %load/vec4 v0000011fd9c645d0_0;
    %inv;
    %load/vec4 v0000011fd9c638b0_0;
    %or;
    %flag_set/vec4 8;
    %jmp/0xz  T_17.22, 8;
    %vpi_func 3 300 "$urandom" 32 {0 0 0};
    %pad/u 1;
    %assign/vec4 v0000011fd9c645d0_0, 0;
T_17.22 ;
T_17.21 ;
    %load/vec4 v0000011fd9c64b70_0;
    %cmpi/u 100, 0, 33;
    %flag_or 5, 4;
    %jmp/0xz  T_17.24, 5;
    %jmp T_17.25;
T_17.24 ;
    %vpi_call/w 3 304 "$error" {0 0 0};
T_17.25 ;
    %load/vec4 v0000011fd9c64b70_0;
    %pushi/vec4 100, 0, 33;
    %cmp/e;
    %flag_get/vec4 4;
    %load/vec4 v0000011fd9c64b70_0;
    %pushi/vec4 99, 0, 33;
    %cmp/e;
    %flag_get/vec4 4;
    %load/vec4 v0000011fd9c63d10_0;
    %and;
    %load/vec4 v0000011fd9c63770_0;
    %and;
    %or;
    %flag_set/vec4 8;
    %jmp/0xz  T_17.26, 8;
    %pushi/vec4 0, 0, 1;
    %assign/vec4 v0000011fd9c63d10_0, 0;
    %jmp T_17.27;
T_17.26 ;
    %load/vec4 v0000011fd9c63d10_0;
    %inv;
    %load/vec4 v0000011fd9c63770_0;
    %or;
    %flag_set/vec4 8;
    %jmp/0xz  T_17.28, 8;
    %vpi_func 3 313 "$urandom" 32 {0 0 0};
    %pad/u 1;
    %assign/vec4 v0000011fd9c63d10_0, 0;
T_17.28 ;
T_17.27 ;
    %vpi_func 3 316 "$urandom" 32 {0 0 0};
    %pad/u 1;
    %assign/vec4 v0000011fd9c64210_0, 0;
    %wait E_0000011fd9bf8900;
    %jmp T_17.16;
T_17.17 ;
    %vpi_call/w 3 321 "$display", "*** Draining the results" {0 0 0};
    %pushi/vec4 1, 0, 1;
    %assign/vec4 v0000011fd9c64210_0, 0;
    %pushi/vec4 11, 0, 32;
T_17.30 %dup/vec4;
    %pushi/vec4 0, 0, 32;
    %cmp/s;
    %jmp/1xz T_17.31, 5;
    %jmp/1 T_17.31, 4;
    %pushi/vec4 1, 0, 32;
    %sub;
    %wait E_0000011fd9bf8900;
    %jmp T_17.30;
T_17.31 ;
    %pop/vec4 1;
    %vpi_call/w 3 326 "$display", "PASS %s", "testbench.sv" {0 0 0};
    %vpi_call/w 3 327 "$finish" {0 0 0};
    %end;
    .thread T_17;
    .scope S_0000011fd9bc6a50;
T_18 ;
    %wait E_0000011fd9bf8900;
    %load/vec4 v0000011fd9c64170_0;
    %flag_set/vec4 8;
    %jmp/0xz  T_18.0, 8;
    %pushi/vec4 0, 0, 4;
    %assign/vec4 v0000011fd9c65110_0, 0;
    %jmp T_18.1;
T_18.0 ;
    %load/vec4 v0000011fd9c645d0_0;
    %load/vec4 v0000011fd9c638b0_0;
    %and;
    %flag_set/vec4 8;
    %jmp/0xz  T_18.2, 8;
    %vpi_func 3 337 "$urandom" 32 {0 0 0};
    %pad/u 4;
    %assign/vec4 v0000011fd9c65110_0, 0;
T_18.2 ;
T_18.1 ;
    %jmp T_18;
    .thread T_18;
    .scope S_0000011fd9bc6a50;
T_19 ;
    %wait E_0000011fd9bf8900;
    %load/vec4 v0000011fd9c64170_0;
    %flag_set/vec4 8;
    %jmp/0xz  T_19.0, 8;
    %pushi/vec4 0, 0, 4;
    %assign/vec4 v0000011fd9c64490_0, 0;
    %jmp T_19.1;
T_19.0 ;
    %load/vec4 v0000011fd9c63d10_0;
    %load/vec4 v0000011fd9c63770_0;
    %and;
    %flag_set/vec4 8;
    %jmp/0xz  T_19.2, 8;
    %vpi_func 3 343 "$urandom" 32 {0 0 0};
    %pad/u 4;
    %assign/vec4 v0000011fd9c64490_0, 0;
T_19.2 ;
T_19.1 ;
    %jmp T_19;
    .thread T_19;
# The file index is used to find the file name in the following table.
:file_names 7;
    "N/A";
    "<interactive>";
    "-";
    "testbench.sv";
    "a_plus_b_using_fifos.sv";
    "ff_fifo_wrapped_in_valid_ready.sv";
    "flip_flop_fifo.sv";
