#! /c/Source/iverilog-install/bin/vvp
:ivl_version "12.0 (devel)" "(s20150603-1539-g2693dd32b)";
:ivl_delay_selection "TYPICAL";
:vpi_time_precision + 0;
:vpi_module "C:\iverilog\lib\ivl\system.vpi";
:vpi_module "C:\iverilog\lib\ivl\vhdl_sys.vpi";
:vpi_module "C:\iverilog\lib\ivl\vhdl_textio.vpi";
:vpi_module "C:\iverilog\lib\ivl\v2005_math.vpi";
:vpi_module "C:\iverilog\lib\ivl\va_math.vpi";
:vpi_module "C:\iverilog\lib\ivl\v2009.vpi";
S_00000170d0b8f660 .scope package, "$unit" "$unit" 2 1;
 .timescale 0 0;
S_00000170d0b4e230 .scope module, "testbench" "testbench" 3 1;
 .timescale 0 0;
P_00000170d0b8ecd0 .param/l "n" 1 3 28, +C4<00000000000000000000000000011000>;
P_00000170d0b8ed08 .param/l "seq_det4bit" 1 3 37, C4<000000010000000000001010>;
P_00000170d0b8ed40 .param/l "seq_det6bit" 1 3 38, C4<000000000000010001000000>;
P_00000170d0b8ed78 .param/l "seq_new_bit" 1 3 34, C4<001101011001100110101000>;
v00000170d0befc20_0 .var "clk", 0 0;
v00000170d0bf1520_0 .net "det4bit", 0 0, L_00000170d0b8ba10;  1 drivers
v00000170d0bf0e40_0 .net "det6bit", 0 0, L_00000170d0b8b8c0;  1 drivers
v00000170d0befae0_0 .var "new_bit", 0 0;
v00000170d0beff40_0 .var "rst", 0 0;
E_00000170d0b8d890 .event negedge, v00000170d0b8a490_0;
S_00000170d0b4e3c0 .scope begin, "$ivl_for_loop0" "$ivl_for_loop0" 3 53, 3 53 0, S_00000170d0b4e230;
 .timescale 0 0;
v00000170d0b8a030_0 .var/2s "i", 31 0;
E_00000170d0b8cdd0 .event posedge, v00000170d0b8a710_0;
S_00000170d0b4be20 .scope module, "det4b" "detect_4_bit_sequence_using_shift_reg" 3 25, 4 5 0, S_00000170d0b4e230;
 .timescale 0 0;
    .port_info 0 /INPUT 1 "clk";
    .port_info 1 /INPUT 1 "rst";
    .port_info 2 /INPUT 1 "new_bit";
    .port_info 3 /OUTPUT 1 "detected";
L_00000170d0b8ba80 .functor NOT 1, L_00000170d0befb80, C4<0>, C4<0>, C4<0>;
L_00000170d0b8b3f0 .functor AND 1, L_00000170d0bf06c0, L_00000170d0b8ba80, C4<1>, C4<1>;
L_00000170d0b8bfc0 .functor AND 1, L_00000170d0b8b3f0, L_00000170d0bf0d00, C4<1>, C4<1>;
L_00000170d0b8b460 .functor NOT 1, L_00000170d0beffe0, C4<0>, C4<0>, C4<0>;
L_00000170d0b8ba10 .functor AND 1, L_00000170d0b8bfc0, L_00000170d0b8b460, C4<1>, C4<1>;
v00000170d0b8a5d0_0 .net *"_ivl_1", 0 0, L_00000170d0bf06c0;  1 drivers
v00000170d0b89db0_0 .net *"_ivl_10", 0 0, L_00000170d0b8bfc0;  1 drivers
v00000170d0b8a350_0 .net *"_ivl_13", 0 0, L_00000170d0beffe0;  1 drivers
v00000170d0b89e50_0 .net *"_ivl_14", 0 0, L_00000170d0b8b460;  1 drivers
v00000170d0b8a3f0_0 .net *"_ivl_3", 0 0, L_00000170d0befb80;  1 drivers
v00000170d0b8aa30_0 .net *"_ivl_4", 0 0, L_00000170d0b8ba80;  1 drivers
v00000170d0b8a0d0_0 .net *"_ivl_6", 0 0, L_00000170d0b8b3f0;  1 drivers
v00000170d0b8a170_0 .net *"_ivl_9", 0 0, L_00000170d0bf0d00;  1 drivers
v00000170d0b8a710_0 .net "clk", 0 0, v00000170d0befc20_0;  1 drivers
v00000170d0b8a210_0 .net "detected", 0 0, L_00000170d0b8ba10;  alias, 1 drivers
v00000170d0b89bd0_0 .net "new_bit", 0 0, v00000170d0befae0_0;  1 drivers
v00000170d0b8a490_0 .net "rst", 0 0, v00000170d0beff40_0;  1 drivers
v00000170d0b89c70_0 .var "shift_reg", 3 0;
L_00000170d0bf06c0 .part v00000170d0b89c70_0, 3, 1;
L_00000170d0befb80 .part v00000170d0b89c70_0, 2, 1;
L_00000170d0bf0d00 .part v00000170d0b89c70_0, 1, 1;
L_00000170d0beffe0 .part v00000170d0b89c70_0, 0, 1;
S_00000170d0b4bfb0 .scope module, "det6b" "detect_6_bit_sequence_using_shift_reg" 3 26, 4 34 0, S_00000170d0b4e230;
 .timescale 0 0;
    .port_info 0 /INPUT 1 "clk";
    .port_info 1 /INPUT 1 "rst";
    .port_info 2 /INPUT 1 "new_bit";
    .port_info 3 /OUTPUT 1 "detected";
L_00000170d0b8b930 .functor AND 1, L_00000170d0bf0440, L_00000170d0bf0bc0, C4<1>, C4<1>;
L_00000170d0b8b690 .functor NOT 1, L_00000170d0bf04e0, C4<0>, C4<0>, C4<0>;
L_00000170d0b8b9a0 .functor AND 1, L_00000170d0b8b930, L_00000170d0b8b690, C4<1>, C4<1>;
L_00000170d0b8bd20 .functor NOT 1, L_00000170d0bf12a0, C4<0>, C4<0>, C4<0>;
L_00000170d0b8bd90 .functor AND 1, L_00000170d0b8b9a0, L_00000170d0b8bd20, C4<1>, C4<1>;
L_00000170d0b8bb60 .functor AND 1, L_00000170d0b8bd90, L_00000170d0bf0a80, C4<1>, C4<1>;
L_00000170d0b8b8c0 .functor AND 1, L_00000170d0b8bb60, L_00000170d0bf0940, C4<1>, C4<1>;
v00000170d0b8a850_0 .net *"_ivl_1", 0 0, L_00000170d0bf0440;  1 drivers
v00000170d0b89d10_0 .net *"_ivl_10", 0 0, L_00000170d0b8b9a0;  1 drivers
v00000170d0b89f90_0 .net *"_ivl_13", 0 0, L_00000170d0bf12a0;  1 drivers
v00000170d0bf0760_0 .net *"_ivl_14", 0 0, L_00000170d0b8bd20;  1 drivers
v00000170d0bf0120_0 .net *"_ivl_16", 0 0, L_00000170d0b8bd90;  1 drivers
v00000170d0bf0da0_0 .net *"_ivl_19", 0 0, L_00000170d0bf0a80;  1 drivers
v00000170d0bf0800_0 .net *"_ivl_20", 0 0, L_00000170d0b8bb60;  1 drivers
v00000170d0bf01c0_0 .net *"_ivl_23", 0 0, L_00000170d0bf0940;  1 drivers
v00000170d0befe00_0 .net *"_ivl_3", 0 0, L_00000170d0bf0bc0;  1 drivers
v00000170d0bf08a0_0 .net *"_ivl_4", 0 0, L_00000170d0b8b930;  1 drivers
v00000170d0befea0_0 .net *"_ivl_7", 0 0, L_00000170d0bf04e0;  1 drivers
v00000170d0bf0260_0 .net *"_ivl_8", 0 0, L_00000170d0b8b690;  1 drivers
v00000170d0bf0c60_0 .net "clk", 0 0, v00000170d0befc20_0;  alias, 1 drivers
v00000170d0bf1340_0 .net "detected", 0 0, L_00000170d0b8b8c0;  alias, 1 drivers
v00000170d0befcc0_0 .net "new_bit", 0 0, v00000170d0befae0_0;  alias, 1 drivers
v00000170d0bf1700_0 .net "rst", 0 0, v00000170d0beff40_0;  alias, 1 drivers
v00000170d0bf0ee0_0 .var "shift_reg", 5 0;
L_00000170d0bf0440 .part v00000170d0bf0ee0_0, 5, 1;
L_00000170d0bf0bc0 .part v00000170d0bf0ee0_0, 4, 1;
L_00000170d0bf04e0 .part v00000170d0bf0ee0_0, 3, 1;
L_00000170d0bf12a0 .part v00000170d0bf0ee0_0, 2, 1;
L_00000170d0bf0a80 .part v00000170d0bf0ee0_0, 1, 1;
L_00000170d0bf0940 .part v00000170d0bf0ee0_0, 0, 1;
    .scope S_00000170d0b4be20;
T_0 ;
    %wait E_00000170d0b8cdd0;
    %load/vec4 v00000170d0b8a490_0;
    %flag_set/vec4 8;
    %jmp/0xz  T_0.0, 8;
    %pushi/vec4 0, 0, 4;
    %assign/vec4 v00000170d0b89c70_0, 0;
    %jmp T_0.1;
T_0.0 ;
    %load/vec4 v00000170d0b89c70_0;
    %parti/s 3, 0, 2;
    %load/vec4 v00000170d0b89bd0_0;
    %concat/vec4; draw_concat_vec4
    %assign/vec4 v00000170d0b89c70_0, 0;
T_0.1 ;
    %jmp T_0;
    .thread T_0;
    .scope S_00000170d0b4bfb0;
T_1 ;
    %wait E_00000170d0b8cdd0;
    %load/vec4 v00000170d0bf1700_0;
    %flag_set/vec4 8;
    %jmp/0xz  T_1.0, 8;
    %pushi/vec4 0, 0, 6;
    %assign/vec4 v00000170d0bf0ee0_0, 0;
    %jmp T_1.1;
T_1.0 ;
    %load/vec4 v00000170d0bf0ee0_0;
    %load/vec4 v00000170d0befcc0_0;
    %concat/vec4; draw_concat_vec4
    %pad/u 6;
    %assign/vec4 v00000170d0bf0ee0_0, 0;
T_1.1 ;
    %jmp T_1;
    .thread T_1;
    .scope S_00000170d0b4e230;
T_2 ;
    %pushi/vec4 0, 0, 1;
    %store/vec4 v00000170d0befc20_0, 0, 1;
T_2.0 ;
    %delay 500, 0;
    %load/vec4 v00000170d0befc20_0;
    %inv;
    %store/vec4 v00000170d0befc20_0, 0, 1;
    %jmp T_2.0;
    %end;
    .thread T_2;
    .scope S_00000170d0b4e230;
T_3 ;
    %pushi/vec4 1, 1, 1;
    %assign/vec4 v00000170d0beff40_0, 0;
    %pushi/vec4 2, 0, 32;
T_3.0 %dup/vec4;
    %pushi/vec4 0, 0, 32;
    %cmp/s;
    %jmp/1xz T_3.1, 5;
    %jmp/1 T_3.1, 4;
    %pushi/vec4 1, 0, 32;
    %sub;
    %wait E_00000170d0b8cdd0;
    %jmp T_3.0;
T_3.1 ;
    %pop/vec4 1;
    %pushi/vec4 1, 0, 1;
    %assign/vec4 v00000170d0beff40_0, 0;
    %pushi/vec4 2, 0, 32;
T_3.2 %dup/vec4;
    %pushi/vec4 0, 0, 32;
    %cmp/s;
    %jmp/1xz T_3.3, 5;
    %jmp/1 T_3.3, 4;
    %pushi/vec4 1, 0, 32;
    %sub;
    %wait E_00000170d0b8cdd0;
    %jmp T_3.2;
T_3.3 ;
    %pop/vec4 1;
    %pushi/vec4 0, 0, 1;
    %assign/vec4 v00000170d0beff40_0, 0;
    %end;
    .thread T_3;
    .scope S_00000170d0b4e230;
T_4 ;
    %wait E_00000170d0b8d890;
    %fork t_1, S_00000170d0b4e3c0;
    %jmp t_0;
    .scope S_00000170d0b4e3c0;
t_1 ;
    %pushi/vec4 0, 0, 32;
    %store/vec4 v00000170d0b8a030_0, 0, 32;
T_4.0 ;
    %load/vec4 v00000170d0b8a030_0;
    %cmpi/s 24, 0, 32;
    %jmp/0xz T_4.1, 5;
    %pushi/vec4 3512744, 0, 24;
    %pushi/vec4 23, 0, 34;
    %load/vec4 v00000170d0b8a030_0;
    %pad/s 34;
    %sub;
    %part/s 1;
    %assign/vec4 v00000170d0befae0_0, 0;
    %wait E_00000170d0b8cdd0;
    %pushi/vec4 65546, 0, 24;
    %pushi/vec4 23, 0, 34;
    %load/vec4 v00000170d0b8a030_0;
    %pad/s 34;
    %sub;
    %part/s 1;
    %pushi/vec4 1088, 0, 24;
    %pushi/vec4 23, 0, 34;
    %load/vec4 v00000170d0b8a030_0;
    %pad/s 34;
    %sub;
    %part/s 1;
    %vpi_call/w 3 59 "$display", "%b %b (%b) %b (%b)", v00000170d0befae0_0, v00000170d0bf1520_0, S<1,vec4,u1>, v00000170d0bf0e40_0, S<0,vec4,u1> {2 0 0};
    %load/vec4 v00000170d0bf1520_0;
    %pushi/vec4 65546, 0, 24;
    %pushi/vec4 23, 0, 34;
    %load/vec4 v00000170d0b8a030_0;
    %pad/s 34;
    %sub;
    %part/s 1;
    %cmp/ne;
    %jmp/1 T_4.4, 6;
    %flag_mov 8, 6;
    %load/vec4 v00000170d0bf0e40_0;
    %pushi/vec4 1088, 0, 24;
    %pushi/vec4 23, 0, 34;
    %load/vec4 v00000170d0b8a030_0;
    %pad/s 34;
    %sub;
    %part/s 1;
    %cmp/ne;
    %flag_or 6, 8;
T_4.4;
    %jmp/0xz  T_4.2, 6;
    %vpi_call/w 3 67 "$display", "FAIL %s - see log above", "testbench.sv" {0 0 0};
    %vpi_call/w 3 68 "$finish" {0 0 0};
T_4.2 ;
    ; show_stmt_assign_vector: Get l-value for compressed += operand
    %load/vec4 v00000170d0b8a030_0;
    %pushi/vec4 1, 0, 32;
    %add;
    %cast2;
    %store/vec4 v00000170d0b8a030_0, 0, 32;
    %jmp T_4.0;
T_4.1 ;
    %end;
    .scope S_00000170d0b4e230;
t_0 %join;
    %vpi_call/w 3 72 "$display", "PASS %s", "testbench.sv" {0 0 0};
    %vpi_call/w 3 73 "$finish" {0 0 0};
    %end;
    .thread T_4;
# The file index is used to find the file name in the following table.
:file_names 5;
    "N/A";
    "<interactive>";
    "-";
    "testbench.sv";
    "04_01_detect_sequence_using_shift_reg.sv";
