#! /c/Source/iverilog-install/bin/vvp
:ivl_version "12.0 (devel)" "(s20150603-1539-g2693dd32b)";
:ivl_delay_selection "TYPICAL";
:vpi_time_precision + 0;
:vpi_module "C:\iverilog\lib\ivl\system.vpi";
:vpi_module "C:\iverilog\lib\ivl\vhdl_sys.vpi";
:vpi_module "C:\iverilog\lib\ivl\vhdl_textio.vpi";
:vpi_module "C:\iverilog\lib\ivl\v2005_math.vpi";
:vpi_module "C:\iverilog\lib\ivl\va_math.vpi";
:vpi_module "C:\iverilog\lib\ivl\v2009.vpi";
S_0000017df3af56f0 .scope package, "$unit" "$unit" 2 1;
 .timescale 0 0;
S_0000017df3af5880 .scope module, "testbench" "testbench" 3 1;
 .timescale 0 0;
P_0000017df3af2450 .param/l "n" 1 3 3, +C4<00000000000000000000000000000100>;
P_0000017df3af2488 .param/l "smax" 1 3 60, +C4<0111>;
P_0000017df3af24c0 .param/l "smin" 1 3 59, +C4<1000>;
P_0000017df3af24f8 .param/l "umax" 1 3 61, C4<1111>;
v0000017df3b5acb0_0 .var "a", 3 0;
v0000017df3b5bed0_0 .var "b", 3 0;
v0000017df3b5b430_0 .net "res", 7 0, L_0000017df3b5aad0;  1 drivers
v0000017df3b5b9d0_0 .var/s "sa", 3 0;
v0000017df3b5b610_0 .var/s "sb", 3 0;
v0000017df3b5c290_0 .var "signed_mul", 0 0;
v0000017df3b5ba70_0 .var/s "sres", 7 0;
v0000017df3b5b6b0_0 .net "t_res", 7 0, L_0000017df3b5ae90;  1 drivers
v0000017df3b5ab70_0 .net/s "t_sres", 7 0, L_0000017df3b5ad50;  1 drivers
S_0000017df3af6fd0 .scope begin, "$ivl_for_loop0" "$ivl_for_loop0" 3 72, 3 72 0, S_0000017df3af5880;
 .timescale 0 0;
v0000017df3ac3220_0 .var/2s "i", 31 0;
S_0000017df3af7160 .scope begin, "$ivl_for_loop1" "$ivl_for_loop1" 3 73, 3 73 0, S_0000017df3af6fd0;
 .timescale 0 0;
v0000017df3ac2fe0_0 .var/2s "j", 31 0;
S_0000017df3af4180 .scope begin, "$ivl_for_loop2" "$ivl_for_loop2" 3 76, 3 76 0, S_0000017df3af5880;
 .timescale 0 0;
v0000017df3af72f0_0 .var/2s "i", 31 0;
S_0000017df3af4310 .scope begin, "$ivl_for_loop3" "$ivl_for_loop3" 3 77, 3 77 0, S_0000017df3af4180;
 .timescale 0 0;
v0000017df3ac2bf0_0 .var/2s "j", 31 0;
S_0000017df3af44a0 .scope module, "i_signed_mul_4" "signed_mul_4" 3 15, 4 9 0, S_0000017df3af5880;
 .timescale 0 0;
    .port_info 0 /INPUT 4 "a";
    .port_info 1 /INPUT 4 "b";
    .port_info 2 /OUTPUT 8 "res";
v0000017df3af7390_0 .net/s *"_ivl_0", 7 0, L_0000017df3b5b2f0;  1 drivers
v0000017df3af5a10_0 .net/s *"_ivl_2", 7 0, L_0000017df3b5ac10;  1 drivers
v0000017df3b58510_0 .net/s "a", 3 0, v0000017df3b5acb0_0;  1 drivers
v0000017df3b58dd0_0 .net/s "b", 3 0, v0000017df3b5bed0_0;  1 drivers
v0000017df3b58e70_0 .net/s "res", 7 0, L_0000017df3b5ad50;  alias, 1 drivers
L_0000017df3b5b2f0 .extend/s 8, v0000017df3b5acb0_0;
L_0000017df3b5ac10 .extend/s 8, v0000017df3b5bed0_0;
L_0000017df3b5ad50 .arith/mult 8, L_0000017df3b5b2f0, L_0000017df3b5ac10;
S_0000017df3af4630 .scope module, "i_signed_or_unsigned_mul" "signed_or_unsigned_mul" 3 21, 4 46 0, S_0000017df3af5880;
 .timescale 0 0;
    .port_info 0 /INPUT 4 "a";
    .port_info 1 /INPUT 4 "b";
    .port_info 2 /INPUT 1 "signed_mul";
    .port_info 3 /OUTPUT 8 "res";
P_0000017df3af1610 .param/l "n" 0 4 48, +C4<00000000000000000000000000000100>;
v0000017df3b585b0_0 .net *"_ivl_1", 0 0, L_0000017df3b5b250;  1 drivers
L_0000017df3b5c490 .functor BUFT 1, C4<0>, C4<0>, C4<0>, C4<0>;
v0000017df3b58470_0 .net/2u *"_ivl_10", 0 0, L_0000017df3b5c490;  1 drivers
v0000017df3b58a10_0 .net *"_ivl_12", 0 0, L_0000017df3b5a490;  1 drivers
v0000017df3b58b50_0 .net/s *"_ivl_16", 7 0, L_0000017df3b5af30;  1 drivers
v0000017df3b58790_0 .net/s *"_ivl_18", 7 0, L_0000017df3b5b7f0;  1 drivers
L_0000017df3b5c448 .functor BUFT 1, C4<0>, C4<0>, C4<0>, C4<0>;
v0000017df3b58ab0_0 .net/2u *"_ivl_2", 0 0, L_0000017df3b5c448;  1 drivers
v0000017df3b58970_0 .net *"_ivl_4", 0 0, L_0000017df3b5c0b0;  1 drivers
v0000017df3b58650_0 .net *"_ivl_9", 0 0, L_0000017df3b5adf0;  1 drivers
v0000017df3b58830_0 .net "a", 3 0, v0000017df3b5acb0_0;  alias, 1 drivers
v0000017df3b586f0_0 .net "b", 3 0, v0000017df3b5bed0_0;  alias, 1 drivers
v0000017df3b58bf0_0 .net "res", 7 0, L_0000017df3b5aad0;  alias, 1 drivers
v0000017df3b588d0_0 .net "signed_mul", 0 0, v0000017df3b5c290_0;  1 drivers
v0000017df3b58c90_0 .net/s "x", 4 0, L_0000017df3b5bbb0;  1 drivers
v0000017df3b58f10_0 .net/s "y", 4 0, L_0000017df3b5afd0;  1 drivers
L_0000017df3b5b250 .part v0000017df3b5acb0_0, 3, 1;
L_0000017df3b5c0b0 .functor MUXZ 1, L_0000017df3b5c448, L_0000017df3b5b250, v0000017df3b5c290_0, C4<>;
L_0000017df3b5bbb0 .concat [ 4 1 0 0], v0000017df3b5acb0_0, L_0000017df3b5c0b0;
L_0000017df3b5adf0 .part v0000017df3b5bed0_0, 3, 1;
L_0000017df3b5a490 .functor MUXZ 1, L_0000017df3b5c490, L_0000017df3b5adf0, v0000017df3b5c290_0, C4<>;
L_0000017df3b5afd0 .concat [ 4 1 0 0], v0000017df3b5bed0_0, L_0000017df3b5a490;
L_0000017df3b5af30 .extend/s 8, L_0000017df3b5bbb0;
L_0000017df3b5b7f0 .extend/s 8, L_0000017df3b5afd0;
L_0000017df3b5aad0 .arith/mult 8, L_0000017df3b5af30, L_0000017df3b5b7f0;
S_0000017df3b5a080 .scope module, "i_unsigned_mul" "unsigned_mul" 3 18, 4 23 0, S_0000017df3af5880;
 .timescale 0 0;
    .port_info 0 /INPUT 4 "a";
    .port_info 1 /INPUT 4 "b";
    .port_info 2 /OUTPUT 8 "res";
P_0000017df3af1b90 .param/l "n" 0 4 25, +C4<00000000000000000000000000000100>;
v0000017df3b58d30_0 .net *"_ivl_0", 7 0, L_0000017df3b5b750;  1 drivers
L_0000017df3b5c3b8 .functor BUFT 1, C4<0000>, C4<0>, C4<0>, C4<0>;
v0000017df3b58fb0_0 .net *"_ivl_3", 3 0, L_0000017df3b5c3b8;  1 drivers
v0000017df3b580b0_0 .net *"_ivl_4", 7 0, L_0000017df3b5bb10;  1 drivers
L_0000017df3b5c400 .functor BUFT 1, C4<0000>, C4<0>, C4<0>, C4<0>;
v0000017df3b581f0_0 .net *"_ivl_7", 3 0, L_0000017df3b5c400;  1 drivers
v0000017df3b58150_0 .net "a", 3 0, v0000017df3b5acb0_0;  alias, 1 drivers
v0000017df3b58290_0 .net "b", 3 0, v0000017df3b5bed0_0;  alias, 1 drivers
v0000017df3b58330_0 .net "res", 7 0, L_0000017df3b5ae90;  alias, 1 drivers
L_0000017df3b5b750 .concat [ 4 4 0 0], v0000017df3b5acb0_0, L_0000017df3b5c3b8;
L_0000017df3b5bb10 .concat [ 4 4 0 0], v0000017df3b5bed0_0, L_0000017df3b5c400;
L_0000017df3b5ae90 .arith/mult 8, L_0000017df3b5b750, L_0000017df3b5bb10;
S_0000017df3b5a210 .scope task, "test" "test" 3 24, 3 24 0, S_0000017df3af5880;
 .timescale 0 0;
v0000017df3b583d0_0 .var "t_a", 3 0;
v0000017df3b5a7b0_0 .var "t_b", 3 0;
v0000017df3b5aa30_0 .var "t_signed_mul", 0 0;
TD_testbench.test ;
    %load/vec4 v0000017df3b583d0_0;
    %load/vec4 v0000017df3b5a7b0_0;
    %concat/vec4; draw_concat_vec4
    %load/vec4 v0000017df3b5aa30_0;
    %concat/vec4; draw_concat_vec4
    %split/vec4 1;
    %store/vec4 v0000017df3b5c290_0, 0, 1;
    %split/vec4 4;
    %store/vec4 v0000017df3b5bed0_0, 0, 4;
    %store/vec4 v0000017df3b5acb0_0, 0, 4;
    %delay 1, 0;
    %load/vec4 v0000017df3b5acb0_0;
    %load/vec4 v0000017df3b5bed0_0;
    %concat/vec4; draw_concat_vec4
    %load/vec4 v0000017df3b5b430_0;
    %concat/vec4; draw_concat_vec4
    %split/vec4 8;
    %store/vec4 v0000017df3b5ba70_0, 0, 8;
    %split/vec4 4;
    %store/vec4 v0000017df3b5b610_0, 0, 4;
    %store/vec4 v0000017df3b5b9d0_0, 0, 4;
    %load/vec4 v0000017df3b5c290_0;
    %flag_set/vec4 8;
    %jmp/0xz  T_0.0, 8;
    %vpi_call/w 3 38 "$display", "TEST   signed %d * %d = %d", v0000017df3b5b9d0_0, v0000017df3b5b610_0, v0000017df3b5ba70_0 {0 0 0};
    %load/vec4 v0000017df3b5ba70_0;
    %load/vec4 v0000017df3b5ab70_0;
    %cmp/ne;
    %jmp/0xz  T_0.2, 6;
    %vpi_call/w 3 42 "$display", "FAIL %s: %d EXPECTED", "testbench.sv", v0000017df3b5ab70_0 {0 0 0};
    %vpi_call/w 3 43 "$finish" {0 0 0};
T_0.2 ;
    %jmp T_0.1;
T_0.0 ;
    %vpi_call/w 3 48 "$display", "TEST unsigned %d * %d = %d", v0000017df3b5acb0_0, v0000017df3b5bed0_0, v0000017df3b5b430_0 {0 0 0};
    %load/vec4 v0000017df3b5b430_0;
    %load/vec4 v0000017df3b5b6b0_0;
    %cmp/ne;
    %jmp/0xz  T_0.4, 6;
    %vpi_call/w 3 52 "$display", "FAIL %s: %d EXPECTED", "testbench.sv", v0000017df3b5b6b0_0 {0 0 0};
    %vpi_call/w 3 53 "$finish" {0 0 0};
T_0.4 ;
T_0.1 ;
    %end;
    .scope S_0000017df3af5880;
T_1 ;
    %fork t_1, S_0000017df3af6fd0;
    %jmp t_0;
    .scope S_0000017df3af6fd0;
t_1 ;
    %pushi/vec4 0, 0, 32;
    %store/vec4 v0000017df3ac3220_0, 0, 32;
T_1.0 ;
    %load/vec4 v0000017df3ac3220_0;
    %cmpi/u 15, 0, 32;
    %flag_or 5, 4;
    %jmp/0xz T_1.1, 5;
    %fork t_3, S_0000017df3af7160;
    %jmp t_2;
    .scope S_0000017df3af7160;
t_3 ;
    %pushi/vec4 0, 0, 32;
    %store/vec4 v0000017df3ac2fe0_0, 0, 32;
T_1.2 ;
    %load/vec4 v0000017df3ac2fe0_0;
    %cmpi/u 15, 0, 32;
    %flag_or 5, 4;
    %jmp/0xz T_1.3, 5;
    %load/vec4 v0000017df3ac3220_0;
    %pad/s 4;
    %store/vec4 v0000017df3b583d0_0, 0, 4;
    %load/vec4 v0000017df3ac2fe0_0;
    %pad/s 4;
    %store/vec4 v0000017df3b5a7b0_0, 0, 4;
    %pushi/vec4 0, 0, 1;
    %store/vec4 v0000017df3b5aa30_0, 0, 1;
    %fork TD_testbench.test, S_0000017df3b5a210;
    %join;
    ; show_stmt_assign_vector: Get l-value for compressed += operand
    %load/vec4 v0000017df3ac2fe0_0;
    %pushi/vec4 1, 0, 32;
    %add;
    %cast2;
    %store/vec4 v0000017df3ac2fe0_0, 0, 32;
    %jmp T_1.2;
T_1.3 ;
    %end;
    .scope S_0000017df3af6fd0;
t_2 %join;
    ; show_stmt_assign_vector: Get l-value for compressed += operand
    %load/vec4 v0000017df3ac3220_0;
    %pushi/vec4 1, 0, 32;
    %add;
    %cast2;
    %store/vec4 v0000017df3ac3220_0, 0, 32;
    %jmp T_1.0;
T_1.1 ;
    %end;
    .scope S_0000017df3af5880;
t_0 %join;
    %fork t_5, S_0000017df3af4180;
    %jmp t_4;
    .scope S_0000017df3af4180;
t_5 ;
    %pushi/vec4 4294967288, 0, 32;
    %store/vec4 v0000017df3af72f0_0, 0, 32;
T_1.4 ;
    %load/vec4 v0000017df3af72f0_0;
    %cmpi/s 7, 0, 32;
    %flag_or 5, 4;
    %jmp/0xz T_1.5, 5;
    %fork t_7, S_0000017df3af4310;
    %jmp t_6;
    .scope S_0000017df3af4310;
t_7 ;
    %pushi/vec4 4294967288, 0, 32;
    %store/vec4 v0000017df3ac2bf0_0, 0, 32;
T_1.6 ;
    %load/vec4 v0000017df3ac2bf0_0;
    %cmpi/s 7, 0, 32;
    %flag_or 5, 4;
    %jmp/0xz T_1.7, 5;
    %load/vec4 v0000017df3af72f0_0;
    %pad/s 4;
    %store/vec4 v0000017df3b583d0_0, 0, 4;
    %load/vec4 v0000017df3ac2bf0_0;
    %pad/s 4;
    %store/vec4 v0000017df3b5a7b0_0, 0, 4;
    %pushi/vec4 1, 0, 1;
    %store/vec4 v0000017df3b5aa30_0, 0, 1;
    %fork TD_testbench.test, S_0000017df3b5a210;
    %join;
    ; show_stmt_assign_vector: Get l-value for compressed += operand
    %load/vec4 v0000017df3ac2bf0_0;
    %pushi/vec4 1, 0, 32;
    %add;
    %cast2;
    %store/vec4 v0000017df3ac2bf0_0, 0, 32;
    %jmp T_1.6;
T_1.7 ;
    %end;
    .scope S_0000017df3af4180;
t_6 %join;
    ; show_stmt_assign_vector: Get l-value for compressed += operand
    %load/vec4 v0000017df3af72f0_0;
    %pushi/vec4 1, 0, 32;
    %add;
    %cast2;
    %store/vec4 v0000017df3af72f0_0, 0, 32;
    %jmp T_1.4;
T_1.5 ;
    %end;
    .scope S_0000017df3af5880;
t_4 %join;
    %vpi_call/w 3 80 "$display", "PASS %s", "testbench.sv" {0 0 0};
    %vpi_call/w 3 81 "$finish" {0 0 0};
    %end;
    .thread T_1;
# The file index is used to find the file name in the following table.
:file_names 5;
    "N/A";
    "<interactive>";
    "-";
    "testbench.sv";
    "03_03_signed_or_unsigned_mul.sv";
