#! /c/Source/iverilog-install/bin/vvp
:ivl_version "12.0 (devel)" "(s20150603-1539-g2693dd32b)";
:ivl_delay_selection "TYPICAL";
:vpi_time_precision + 0;
:vpi_module "C:\iverilog\lib\ivl\system.vpi";
:vpi_module "C:\iverilog\lib\ivl\vhdl_sys.vpi";
:vpi_module "C:\iverilog\lib\ivl\vhdl_textio.vpi";
:vpi_module "C:\iverilog\lib\ivl\v2005_math.vpi";
:vpi_module "C:\iverilog\lib\ivl\va_math.vpi";
:vpi_module "C:\iverilog\lib\ivl\v2009.vpi";
S_0000020268dced70 .scope package, "$unit" "$unit" 2 1;
 .timescale 0 0;
S_0000020268dcada0 .scope module, "testbench" "testbench" 3 3;
 .timescale 0 0;
P_0000020268dc51a0 .param/l "in_cnt_w" 1 3 38, +C4<00000000000000000000000000000111>;
P_0000020268dc51d8 .param/l "n_inputs" 1 3 34, +C4<00000000000000000000000001100100>;
P_0000020268dc5210 .param/l "n_outputs" 1 3 35, +C4<0000000000000000000000000000000000000000000000000000001100100000>;
P_0000020268dc5248 .param/l "out_cnt_w" 1 3 40, +C4<00000000000000000000000000001010>;
P_0000020268dc5280 .param/l "width" 1 3 32, +C4<00000000000000000000000000001000>;
v0000020268e3cae0_0 .net "busy", 0 0, L_0000020268e3ca40;  1 drivers
v0000020268e3d080_0 .var "clk", 0 0;
v0000020268e3d1c0_0 .var/2s "current_inputs", 31 0;
v0000020268e3d440_0 .var "d_parallel_data", 7 0;
v0000020268e3cb80_0 .var "d_parallel_valid", 0 0;
v0000020268e3cd60_0 .var "in_vld_cnt", 6 0;
v0000020268e3d4e0_0 .var "out_vld_cnt", 9 0;
v0000020268e3cfe0_0 .var "parallel_data", 7 0;
v0000020268e3cc20_0 .var "parallel_valid", 0 0;
v0000020268e3c900_0 .var/queue "queue", 1;
v0000020268e3d6c0_0 .var "rst", 0 0;
v0000020268e3ccc0_0 .net "serial_data", 0 0, v0000020268dd8130_0;  1 drivers
v0000020268e3ce00_0 .var "serial_data_expected", 0 0;
v0000020268e3cf40_0 .net "serial_valid", 0 0, v0000020268e3c9a0_0;  1 drivers
v0000020268e3d580_0 .var/2u "was_reset", 0 0;
E_0000020268dc8a10 .event negedge, v0000020268dcafd0_0;
S_0000020268dd7fa0 .scope begin, "$ivl_for_loop0" "$ivl_for_loop0" 3 77, 3 77 0, S_0000020268dcada0;
 .timescale 0 0;
v0000020268dcdb30_0 .var/2s "i", 31 0;
S_0000020268dd4570 .scope module, "dut" "parallel_to_serial" 3 52, 4 5 0, S_0000020268dcada0;
 .timescale 0 0;
    .port_info 0 /INPUT 1 "clk";
    .port_info 1 /INPUT 1 "rst";
    .port_info 2 /INPUT 1 "parallel_valid";
    .port_info 3 /INPUT 8 "parallel_data";
    .port_info 4 /OUTPUT 1 "busy";
    .port_info 5 /OUTPUT 1 "serial_valid";
    .port_info 6 /OUTPUT 1 "serial_data";
P_0000020268dec5d0 .param/l "cnt_width" 1 4 21, +C4<00000000000000000000000000000011>;
P_0000020268dec608 .param/l "width" 0 4 7, +C4<00000000000000000000000000001000>;
v0000020268da2d00_0 .net *"_ivl_0", 31 0, L_0000020268e3d120;  1 drivers
L_0000020268e3e4e8 .functor BUFT 1, C4<00000000000000000000000000000>, C4<0>, C4<0>, C4<0>;
v0000020268da2910_0 .net *"_ivl_3", 28 0, L_0000020268e3e4e8;  1 drivers
L_0000020268e3e530 .functor BUFT 1, C4<00000000000000000000000000000000>, C4<0>, C4<0>, C4<0>;
v0000020268dca8a0_0 .net/2u *"_ivl_4", 31 0, L_0000020268e3e530;  1 drivers
v0000020268dcab20_0 .net "busy", 0 0, L_0000020268e3ca40;  alias, 1 drivers
v0000020268dcd860_0 .net "clk", 0 0, v0000020268e3d080_0;  1 drivers
v0000020268dd4700_0 .var "cnt", 2 0;
v0000020268dd47a0_0 .net "parallel_data", 7 0, v0000020268e3cfe0_0;  1 drivers
v0000020268dcaf30_0 .net "parallel_valid", 0 0, v0000020268e3cc20_0;  1 drivers
v0000020268dcafd0_0 .net "rst", 0 0, v0000020268e3d6c0_0;  1 drivers
v0000020268dd8130_0 .var "serial_data", 0 0;
v0000020268e3c9a0_0 .var "serial_valid", 0 0;
v0000020268e3cea0_0 .var "shift_reg", 7 0;
E_0000020268dc9810 .event anyedge, v0000020268dcaf30_0, v0000020268dd47a0_0, v0000020268e3cea0_0;
E_0000020268dc9010 .event posedge, v0000020268dcd860_0;
E_0000020268dc8ed0 .event anyedge, v0000020268dcaf30_0;
L_0000020268e3d120 .concat [ 3 29 0 0], v0000020268dd4700_0, L_0000020268e3e4e8;
L_0000020268e3ca40 .cmp/ne 32, L_0000020268e3d120, L_0000020268e3e530;
    .scope S_0000020268dd4570;
T_0 ;
Ewait_0 .event/or E_0000020268dc8ed0, E_0x0;
    %wait Ewait_0;
    %load/vec4 v0000020268dcaf30_0;
    %flag_set/vec4 8;
    %jmp/0xz  T_0.0, 8;
    %load/vec4 v0000020268dcaf30_0;
    %store/vec4 v0000020268e3c9a0_0, 0, 1;
T_0.0 ;
    %jmp T_0;
    .thread T_0, $push;
    .scope S_0000020268dd4570;
T_1 ;
    %wait E_0000020268dc9010;
    %load/vec4 v0000020268dcafd0_0;
    %flag_set/vec4 8;
    %jmp/0xz  T_1.0, 8;
    %pushi/vec4 0, 0, 1;
    %assign/vec4 v0000020268e3c9a0_0, 0;
    %pushi/vec4 0, 0, 3;
    %assign/vec4 v0000020268dd4700_0, 0;
    %jmp T_1.1;
T_1.0 ;
    %load/vec4 v0000020268dcaf30_0;
    %flag_set/vec4 8;
    %jmp/0xz  T_1.2, 8;
    %pushi/vec4 0, 0, 1;
    %load/vec4 v0000020268dd47a0_0;
    %parti/s 7, 1, 2;
    %concat/vec4; draw_concat_vec4
    %assign/vec4 v0000020268e3cea0_0, 0;
    %pushi/vec4 7, 0, 3;
    %assign/vec4 v0000020268dd4700_0, 0;
    %pushi/vec4 1, 0, 1;
    %assign/vec4 v0000020268e3c9a0_0, 0;
    %jmp T_1.3;
T_1.2 ;
    %load/vec4 v0000020268dd4700_0;
    %cmpi/ne 0, 0, 3;
    %jmp/0xz  T_1.4, 4;
    %pushi/vec4 0, 0, 1;
    %load/vec4 v0000020268e3cea0_0;
    %parti/s 7, 1, 2;
    %concat/vec4; draw_concat_vec4
    %assign/vec4 v0000020268e3cea0_0, 0;
    %load/vec4 v0000020268dd4700_0;
    %subi 1, 0, 3;
    %assign/vec4 v0000020268dd4700_0, 0;
    %load/vec4 v0000020268dd4700_0;
    %pushi/vec4 1, 0, 3;
    %cmp/ne;
    %flag_get/vec4 4;
    %assign/vec4 v0000020268e3c9a0_0, 0;
T_1.4 ;
T_1.3 ;
T_1.1 ;
    %jmp T_1;
    .thread T_1;
    .scope S_0000020268dd4570;
T_2 ;
Ewait_1 .event/or E_0000020268dc9810, E_0x0;
    %wait Ewait_1;
    %load/vec4 v0000020268dcaf30_0;
    %flag_set/vec4 8;
    %jmp/0xz  T_2.0, 8;
    %load/vec4 v0000020268dd47a0_0;
    %parti/s 1, 0, 2;
    %store/vec4 v0000020268dd8130_0, 0, 1;
    %jmp T_2.1;
T_2.0 ;
    %load/vec4 v0000020268e3cea0_0;
    %parti/s 1, 0, 2;
    %store/vec4 v0000020268dd8130_0, 0, 1;
T_2.1 ;
    %jmp T_2;
    .thread T_2, $push;
    .scope S_0000020268dcada0;
T_3 ;
    %pushi/vec4 0, 0, 1;
    %store/vec4 v0000020268e3d580_0, 0, 1;
    %end;
    .thread T_3, $init;
    .scope S_0000020268dcada0;
T_4 ;
    %pushi/vec4 0, 0, 1;
    %store/vec4 v0000020268e3d080_0, 0, 1;
T_4.0 ;
    %delay 500, 0;
    %load/vec4 v0000020268e3d080_0;
    %inv;
    %store/vec4 v0000020268e3d080_0, 0, 1;
    %jmp T_4.0;
    %end;
    .thread T_4;
    .scope S_0000020268dcada0;
T_5 ;
    %pushi/vec4 1, 1, 1;
    %assign/vec4 v0000020268e3d6c0_0, 0;
    %pushi/vec4 2, 0, 32;
T_5.0 %dup/vec4;
    %pushi/vec4 0, 0, 32;
    %cmp/s;
    %jmp/1xz T_5.1, 5;
    %jmp/1 T_5.1, 4;
    %pushi/vec4 1, 0, 32;
    %sub;
    %wait E_0000020268dc9010;
    %jmp T_5.0;
T_5.1 ;
    %pop/vec4 1;
    %pushi/vec4 1, 0, 1;
    %assign/vec4 v0000020268e3d6c0_0, 0;
    %pushi/vec4 2, 0, 32;
T_5.2 %dup/vec4;
    %pushi/vec4 0, 0, 32;
    %cmp/s;
    %jmp/1xz T_5.3, 5;
    %jmp/1 T_5.3, 4;
    %pushi/vec4 1, 0, 32;
    %sub;
    %wait E_0000020268dc9010;
    %jmp T_5.2;
T_5.3 ;
    %pop/vec4 1;
    %pushi/vec4 0, 0, 1;
    %assign/vec4 v0000020268e3d6c0_0, 0;
    %end;
    .thread T_5;
    .scope S_0000020268dcada0;
T_6 ;
    %wait E_0000020268dc9010;
    %load/vec4 v0000020268e3d6c0_0;
    %flag_set/vec4 8;
    %jmp/0xz  T_6.0, 8;
    %pushi/vec4 1, 0, 1;
    %assign/vec4 v0000020268e3d580_0, 0;
    %pushi/vec4 0, 0, 7;
    %assign/vec4 v0000020268e3cd60_0, 0;
    %pushi/vec4 0, 0, 10;
    %assign/vec4 v0000020268e3d4e0_0, 0;
    %ix/load 4, 0, 0;
    %null;
    %store/obj v0000020268e3c900_0;
    %jmp T_6.1;
T_6.0 ;
    %load/vec4 v0000020268e3d580_0;
    %flag_set/vec4 8;
    %jmp/0xz  T_6.2, 8;
    %load/vec4 v0000020268e3cc20_0;
    %flag_set/vec4 8;
    %jmp/0xz  T_6.4, 8;
    %load/vec4 v0000020268e3cd60_0;
    %addi 1, 0, 7;
    %assign/vec4 v0000020268e3cd60_0, 0;
    %fork t_1, S_0000020268dd7fa0;
    %jmp t_0;
    .scope S_0000020268dd7fa0;
t_1 ;
    %pushi/vec4 0, 0, 32;
    %store/vec4 v0000020268dcdb30_0, 0, 32;
T_6.6 ;
    %load/vec4 v0000020268dcdb30_0;
    %cmpi/s 8, 0, 32;
    %jmp/0xz T_6.7, 5;
    %ix/load 4, 0, 0;
    %load/vec4 v0000020268e3cfe0_0;
    %load/vec4 v0000020268dcdb30_0;
    %part/s 1;
    %store/qb/v v0000020268e3c900_0, 4, 1;
    ; show_stmt_assign_vector: Get l-value for compressed += operand
    %load/vec4 v0000020268dcdb30_0;
    %pushi/vec4 1, 0, 32;
    %add;
    %cast2;
    %store/vec4 v0000020268dcdb30_0, 0, 32;
    %jmp T_6.6;
T_6.7 ;
    %end;
    .scope S_0000020268dcada0;
t_0 %join;
T_6.4 ;
    %load/vec4 v0000020268e3cf40_0;
    %flag_set/vec4 8;
    %jmp/0xz  T_6.8, 8;
    %load/vec4 v0000020268e3d4e0_0;
    %addi 1, 0, 10;
    %assign/vec4 v0000020268e3d4e0_0, 0;
    %qpop/f/v v0000020268e3c900_0, 1;
    %store/vec4 v0000020268e3ce00_0, 0, 1;
    %load/vec4 v0000020268e3ccc0_0;
    %load/vec4 v0000020268e3ce00_0;
    %cmp/ne;
    %jmp/0xz  T_6.10, 6;
    %vpi_call/w 3 91 "$display", "FAIL %s", "testbench.sv" {0 0 0};
    %vpi_func/s 3 94 "$sformatf", "serial_data:%b", v0000020268e3ccc0_0 {0 0 0};
    %vpi_func/s 3 94 "$sformatf", "serial_data_expected:%b", v0000020268e3ce00_0 {0 0 0};
    %vpi_call/w 3 93 "$display", "++ TEST     => {%s, %s}", S<1,str>, S<0,str> {0 0 2};
    %vpi_call/w 3 96 "$finish", 32'sb00000000000000000000000000000001 {0 0 0};
T_6.10 ;
T_6.8 ;
T_6.2 ;
T_6.1 ;
    %jmp T_6;
    .thread T_6;
    .scope S_0000020268dcada0;
T_7 ;
    %pushi/vec4 0, 0, 1;
    %assign/vec4 v0000020268e3cc20_0, 0;
    %pushi/vec4 255, 255, 8;
    %assign/vec4 v0000020268e3cfe0_0, 0;
    %pushi/vec4 0, 0, 8;
    %store/vec4 v0000020268e3d440_0, 0, 8;
    %wait E_0000020268dc8a10;
T_7.0 ;
    %load/vec4 v0000020268e3d1c0_0;
    %cmpi/ne 100, 0, 32;
    %jmp/0xz T_7.1, 4;
    %load/vec4 v0000020268e3d1c0_0;
    %cmpi/s 10, 0, 32;
    %flag_or 5, 4;
    %jmp/0xz  T_7.2, 5;
    %pushi/vec4 1, 0, 1;
    %store/vec4 v0000020268e3cb80_0, 0, 1;
    %pushi/vec4 255, 0, 8;
    %load/vec4 v0000020268e3d440_0;
    %sub;
    %store/vec4 v0000020268e3d440_0, 0, 8;
    %jmp T_7.3;
T_7.2 ;
    %vpi_func 3 135 "$urandom" 32 {0 0 0};
    %pad/u 1;
    %store/vec4 v0000020268e3cb80_0, 0, 1;
    %vpi_func 3 136 "$urandom" 32 {0 0 0};
    %pad/u 8;
    %store/vec4 v0000020268e3d440_0, 0, 8;
T_7.3 ;
    ; show_stmt_assign_vector: Get l-value for compressed += operand
    %load/vec4 v0000020268e3d1c0_0;
    %load/vec4 v0000020268e3cb80_0;
    %pad/u 32;
    %cast2;
    %add;
    %cast2;
    %store/vec4 v0000020268e3d1c0_0, 0, 32;
    %load/vec4 v0000020268e3cb80_0;
    %assign/vec4 v0000020268e3cc20_0, 0;
    %load/vec4 v0000020268e3cb80_0;
    %flag_set/vec4 8;
    %jmp/0 T_7.4, 8;
    %load/vec4 v0000020268e3d440_0;
    %jmp/1 T_7.5, 8;
T_7.4 ; End of true expr.
    %pushi/vec4 255, 255, 8;
    %jmp/0 T_7.5, 8;
 ; End of false expr.
    %blend;
T_7.5;
    %assign/vec4 v0000020268e3cfe0_0, 0;
    %wait E_0000020268dc9010;
    %pushi/vec4 0, 0, 1;
    %assign/vec4 v0000020268e3cc20_0, 0;
    %delay 10, 0;
T_7.6 ;
    %load/vec4 v0000020268e3cae0_0;
    %cmpi/e 1, 0, 1;
    %jmp/0xz T_7.7, 6;
    %wait E_0000020268dc9010;
    %delay 10, 0;
    %jmp T_7.6;
T_7.7 ;
    %jmp T_7.0;
T_7.1 ;
    %pushi/vec4 0, 0, 1;
    %assign/vec4 v0000020268e3cc20_0, 0;
    %wait E_0000020268dc9010;
    %wait E_0000020268dc9010;
    %load/vec4 v0000020268e3cd60_0;
    %pad/u 32;
    %muli 8, 0, 32;
    %pad/u 10;
    %load/vec4 v0000020268e3d4e0_0;
    %cmp/ne;
    %jmp/0xz  T_7.8, 6;
    %vpi_call/w 3 167 "$display", "FAIL %s", "testbench.sv" {0 0 0};
    %load/vec4 v0000020268e3cd60_0;
    %pad/u 32;
    %muli 8, 0, 32;
    %vpi_func/s 3 169 "$sformatf", "in_vld_cnt * width:%0d", S<0,vec4,u32> {1 0 0};
    %vpi_func/s 3 169 "$sformatf", "out_vld_cnt:%0d", v0000020268e3d4e0_0 {0 0 0};
    %vpi_call/w 3 169 "$display", "++ TEST     => {%s != %s}", S<1,str>, S<0,str> {0 0 2};
    %vpi_call/w 3 170 "$display", "++ EXPECTED => out_vld_cnt * width == in_vld_cnt" {0 0 0};
    %vpi_call/w 3 172 "$finish", 32'sb00000000000000000000000000000001 {0 0 0};
T_7.8 ;
    %vpi_call/w 3 175 "$display", "PASS %s", "testbench.sv" {0 0 0};
    %vpi_call/w 3 176 "$finish" {0 0 0};
    %end;
    .thread T_7;
    .scope S_0000020268dcada0;
T_8 ;
    %pushi/vec4 100000, 0, 32;
T_8.0 %dup/vec4;
    %pushi/vec4 0, 0, 32;
    %cmp/s;
    %jmp/1xz T_8.1, 5;
    %jmp/1 T_8.1, 4;
    %pushi/vec4 1, 0, 32;
    %sub;
    %wait E_0000020268dc9010;
    %jmp T_8.0;
T_8.1 ;
    %pop/vec4 1;
    %vpi_call/w 3 185 "$display", "FAIL %s: timeout reached!", "testbench.sv" {0 0 0};
    %vpi_call/w 3 186 "$finish" {0 0 0};
    %end;
    .thread T_8;
# The file index is used to find the file name in the following table.
:file_names 5;
    "N/A";
    "<interactive>";
    "-";
    "testbench.sv";
    "02_08_parallel_to_serial.sv";
