#! /c/Source/iverilog-install/bin/vvp
:ivl_version "12.0 (devel)" "(s20150603-1539-g2693dd32b)";
:ivl_delay_selection "TYPICAL";
:vpi_time_precision + 0;
:vpi_module "C:\iverilog\lib\ivl\system.vpi";
:vpi_module "C:\iverilog\lib\ivl\vhdl_sys.vpi";
:vpi_module "C:\iverilog\lib\ivl\vhdl_textio.vpi";
:vpi_module "C:\iverilog\lib\ivl\v2005_math.vpi";
:vpi_module "C:\iverilog\lib\ivl\va_math.vpi";
:vpi_module "C:\iverilog\lib\ivl\v2009.vpi";
S_0000021e13266c20 .scope package, "$unit" "$unit" 2 1;
 .timescale 0 0;
S_0000021e13266db0 .scope module, "tb" "tb" 3 13;
 .timescale 0 0;
P_0000021e131e4140 .param/l "PC_Factorial" 1 3 18, C4<00000000000000000000000000110000>;
P_0000021e131e4178 .param/l "PC_Fibonacci" 1 3 17, C4<00000000000000000000000000000000>;
P_0000021e131e41b0 .param/l "checkReg" 1 3 20, C4<01010>;
P_0000021e131e41e8 .param/l "nCPUs" 1 3 15, +C4<00000000000000000000000000000011>;
P_0000021e131e4220 .param/l "passRegData_Factorial" 1 3 23, C4<00011100100011001111110000000000>;
P_0000021e131e4258 .param/l "passRegData_Fibonacci" 1 3 22, C4<00000000001000010011110100000101>;
v0000021e132cc840_0 .var "clk", 0 0;
v0000021e132cba80_0 .var/2u "cycle", 31 0;
v0000021e132cca20 .array "prevImAddr", 0 2, 31 0;
v0000021e132cbc60 .array "prevRegData", 0 2, 31 0;
v0000021e132cc700_0 .net "regData", 95 0, L_0000021e1332d280;  1 drivers
v0000021e132cc660_0 .var "rst", 0 0;
v0000021e132cb580_0 .var/2u "testPass", 2 0;
E_0000021e132570f0 .event negedge, v0000021e13253ca0_0;
S_0000021e131e42a0 .scope begin, "$ivl_for_loop1" "$ivl_for_loop1" 3 56, 3 56 0, S_0000021e13266db0;
 .timescale 0 0;
v0000021e13253a20_0 .var/2s "i", 31 0;
S_0000021e131e4430 .scope begin, "$ivl_for_loop2" "$ivl_for_loop2" 3 140, 3 140 0, S_0000021e13266db0;
 .timescale 0 0;
v0000021e13253ac0_0 .var/2s "i", 31 0;
S_0000021e131e0c20 .scope module, "cluster" "cpu_cluster" 3 34, 4 13 0, S_0000021e13266db0;
 .timescale 0 0;
    .port_info 0 /INPUT 1 "clk";
    .port_info 1 /INPUT 1 "rst";
    .port_info 2 /INPUT 96 "rstPC";
    .port_info 3 /INPUT 15 "regAddr";
    .port_info 4 /OUTPUT 96 "regData";
P_0000021e13256eb0 .param/l "nCPUs" 0 4 15, +C4<00000000000000000000000000000011>;
v0000021e132cb260_0 .net "clk", 0 0, v0000021e132cc840_0;  1 drivers
v0000021e132c9640_0 .net "gnt", 2 0, L_0000021e1332ce20;  1 drivers
v0000021e132c96e0_0 .net "imAddr", 95 0, L_0000021e1332d320;  1 drivers
v0000021e132cbb20_0 .net "imData", 31 0, L_0000021e1324e420;  1 drivers
v0000021e132cc8e0_0 .var "immAddrwin", 31 0;
L_0000021e132cecc8 .functor BUFT 1, C4<010100101001010>, C4<0>, C4<0>, C4<0>;
v0000021e132cbbc0_0 .net "regAddr", 14 0, L_0000021e132cecc8;  1 drivers
v0000021e132cc980_0 .net "regData", 95 0, L_0000021e1332d280;  alias, 1 drivers
v0000021e132cc520_0 .net "rst", 0 0, v0000021e132cc660_0;  1 drivers
L_0000021e132cec80 .functor BUFT 1, C4<000000000000000000000000001100000000000000000000000000000000000000000000000000000000000000000000>, C4<0>, C4<0>, C4<0>;
v0000021e132cc020_0 .net "rstPC", 95 0, L_0000021e132cec80;  1 drivers
E_0000021e132573f0 .event anyedge, v0000021e132c9640_0, v0000021e132c96e0_0;
L_0000021e1332b340 .part L_0000021e132cec80, 0, 32;
L_0000021e1332b700 .part L_0000021e1332ce20, 0, 1;
L_0000021e1332b660 .part L_0000021e132cecc8, 0, 5;
L_0000021e1332aee0 .part L_0000021e132cec80, 32, 32;
L_0000021e1332c2e0 .part L_0000021e1332ce20, 1, 1;
L_0000021e1332a260 .part L_0000021e132cecc8, 5, 5;
L_0000021e1332dd20 .part L_0000021e132cec80, 64, 32;
L_0000021e1332d320 .concat8 [ 32 32 32 0], L_0000021e132cbe40, L_0000021e1332b160, L_0000021e1332b020;
L_0000021e1332d460 .part L_0000021e1332ce20, 2, 1;
L_0000021e1332da00 .part L_0000021e132cecc8, 10, 5;
L_0000021e1332d280 .concat8 [ 32 32 32 0], L_0000021e1332a1c0, L_0000021e1332a120, L_0000021e1332d5a0;
L_0000021e1332ce20 .part v0000021e13253c00_0, 0, 3;
L_0000021e1332ddc0 .part v0000021e132cc8e0_0, 0, 6;
S_0000021e131e0db0 .scope begin, "$ivl_for_loop0" "$ivl_for_loop0" 4 62, 4 62 0, S_0000021e131e0c20;
 .timescale 0 0;
v0000021e13254600_0 .var/2s "j", 31 0;
S_0000021e131d76b0 .scope module, "arbiter" "round_robin_arbiter_8" 4 48, 5 4 0, S_0000021e131e0c20;
 .timescale 0 0;
    .port_info 0 /INPUT 1 "clk";
    .port_info 1 /INPUT 1 "rst";
    .port_info 2 /INPUT 8 "req";
    .port_info 3 /OUTPUT 8 "gnt";
v0000021e13253b60_0 .net "clk", 0 0, v0000021e132cc840_0;  alias, 1 drivers
v0000021e13253c00_0 .var "gnt", 7 0;
v0000021e13252e40_0 .var "ptr", 2 0;
L_0000021e132ced10 .functor BUFT 1, C4<00000111>, C4<0>, C4<0>, C4<0>;
v0000021e13252f80_0 .net "req", 7 0, L_0000021e132ced10;  1 drivers
v0000021e13253ca0_0 .net "rst", 0 0, v0000021e132cc660_0;  alias, 1 drivers
v0000021e13253f20_0 .var "shift_gnt", 7 0;
v0000021e13253d40_0 .var "shift_req", 7 0;
E_0000021e13257170 .event posedge, v0000021e13253b60_0;
E_0000021e13257a30/0 .event anyedge, v0000021e13252e40_0, v0000021e13253f20_0, v0000021e13253f20_0, v0000021e13253f20_0;
E_0000021e13257a30/1 .event anyedge, v0000021e13253f20_0, v0000021e13253f20_0, v0000021e13253f20_0, v0000021e13253f20_0;
E_0000021e13257a30/2 .event anyedge, v0000021e13253f20_0, v0000021e13253f20_0, v0000021e13253f20_0, v0000021e13253f20_0;
E_0000021e13257a30/3 .event anyedge, v0000021e13253f20_0, v0000021e13253f20_0, v0000021e13253f20_0, v0000021e13253f20_0;
E_0000021e13257a30 .event/or E_0000021e13257a30/0, E_0000021e13257a30/1, E_0000021e13257a30/2, E_0000021e13257a30/3;
E_0000021e132571b0 .event anyedge, v0000021e13253d40_0;
E_0000021e13257270/0 .event anyedge, v0000021e13252e40_0, v0000021e13252f80_0, v0000021e13252f80_0, v0000021e13252f80_0;
E_0000021e13257270/1 .event anyedge, v0000021e13252f80_0, v0000021e13252f80_0, v0000021e13252f80_0, v0000021e13252f80_0;
E_0000021e13257270/2 .event anyedge, v0000021e13252f80_0, v0000021e13252f80_0, v0000021e13252f80_0, v0000021e13252f80_0;
E_0000021e13257270/3 .event anyedge, v0000021e13252f80_0, v0000021e13252f80_0, v0000021e13252f80_0, v0000021e13252f80_0;
E_0000021e13257270 .event/or E_0000021e13257270/0, E_0000021e13257270/1, E_0000021e13257270/2, E_0000021e13257270/3;
S_0000021e131d7840 .scope generate, "gen_cpu[0]" "gen_cpu[0]" 4 32, 4 32 0, S_0000021e131e0c20;
 .timescale 0 0;
P_0000021e132572b0 .param/l "i" 0 4 32, +C4<00>;
S_0000021e131ca4d0 .scope module, "cpu" "sr_cpu" 4 34, 6 15 0, S_0000021e131d7840;
 .timescale 0 0;
    .port_info 0 /INPUT 1 "clk";
    .port_info 1 /INPUT 1 "rst";
    .port_info 2 /INPUT 32 "rstPC";
    .port_info 3 /OUTPUT 32 "imAddr";
    .port_info 4 /INPUT 32 "imData";
    .port_info 5 /INPUT 1 "imDataVld";
    .port_info 6 /INPUT 5 "regAddr";
    .port_info 7 /OUTPUT 32 "regData";
L_0000021e1324d850 .functor BUFZ 32, L_0000021e1324e420, C4<00000000000000000000000000000000>, C4<00000000000000000000000000000000>, C4<00000000000000000000000000000000>;
L_0000021e1324dd90 .functor AND 1, v0000021e132ba580_0, L_0000021e1332b700, C4<1>, C4<1>;
v0000021e132ba800_0 .net *"_ivl_10", 29 0, L_0000021e132cc5c0;  1 drivers
L_0000021e132cdf00 .functor BUFT 1, C4<00>, C4<0>, C4<0>, C4<0>;
v0000021e132ba940_0 .net *"_ivl_12", 1 0, L_0000021e132cdf00;  1 drivers
L_0000021e132cdeb8 .functor BUFT 1, C4<00000000000000000000000000000100>, C4<0>, C4<0>, C4<0>;
v0000021e132bce50_0 .net/2u *"_ivl_2", 31 0, L_0000021e132cdeb8;  1 drivers
L_0000021e132ce2f0 .functor BUFT 1, C4<00000>, C4<0>, C4<0>, C4<0>;
v0000021e132bbb90_0 .net/2u *"_ivl_22", 4 0, L_0000021e132ce2f0;  1 drivers
v0000021e132bc9f0_0 .net *"_ivl_24", 0 0, L_0000021e1332b480;  1 drivers
v0000021e132bbaf0_0 .net "aluControl", 2 0, v0000021e132b9cc0_0;  1 drivers
v0000021e132bca90_0 .net "aluResult", 31 0, v0000021e132530c0_0;  1 drivers
v0000021e132bbf50_0 .net "aluSrc", 0 0, v0000021e132ba080_0;  1 drivers
v0000021e132bc270_0 .net "aluZero", 0 0, L_0000021e1332a4e0;  1 drivers
v0000021e132bcb30_0 .net "clk", 0 0, v0000021e132cc840_0;  alias, 1 drivers
v0000021e132bc590_0 .net "cmdF3", 2 0, L_0000021e132cb620;  1 drivers
v0000021e132bbff0_0 .net "cmdF7", 6 0, L_0000021e132cbd00;  1 drivers
v0000021e132bcef0_0 .net "cmdOp", 6 0, L_0000021e132cbf80;  1 drivers
v0000021e132bcd10_0 .net "imAddr", 31 0, L_0000021e132cbe40;  1 drivers
v0000021e132bd8f0_0 .net "imData", 31 0, L_0000021e1324e420;  alias, 1 drivers
v0000021e132bc8b0_0 .net "imDataVld", 0 0, L_0000021e1332b700;  1 drivers
v0000021e132bbc30_0 .net "immB", 31 0, v0000021e132bb0c0_0;  1 drivers
v0000021e132bc4f0_0 .net "immI", 31 0, v0000021e132babc0_0;  1 drivers
v0000021e132bc810_0 .net "immU", 31 0, v0000021e132ba8a0_0;  1 drivers
v0000021e132bd2b0_0 .net "instr", 31 0, L_0000021e1324d850;  1 drivers
v0000021e132bd030_0 .net "pc", 31 0, v0000021e132bb8e0_0;  1 drivers
v0000021e132bc950_0 .net "pcBranch", 31 0, L_0000021e132cbda0;  1 drivers
v0000021e132bc630_0 .net "pcNext", 31 0, L_0000021e132cbee0;  1 drivers
v0000021e132bd850_0 .net "pcPlus4", 31 0, L_0000021e132ccac0;  1 drivers
v0000021e132bcbd0_0 .net "pcSrc", 0 0, L_0000021e1324e180;  1 drivers
v0000021e132bd490_0 .net "rd", 4 0, L_0000021e132cc160;  1 drivers
v0000021e132bbe10_0 .net "rd0", 31 0, L_0000021e132cc3e0;  1 drivers
v0000021e132bbd70_0 .net "rd1", 31 0, L_0000021e132cb6c0;  1 drivers
v0000021e132bd350_0 .net "rd2", 31 0, L_0000021e1332c1a0;  1 drivers
v0000021e132bbcd0_0 .net "regAddr", 4 0, L_0000021e1332b660;  1 drivers
v0000021e132bcc70_0 .net "regData", 31 0, L_0000021e1332a1c0;  1 drivers
v0000021e132bd3f0_0 .net "regWrite", 0 0, v0000021e132ba580_0;  1 drivers
v0000021e132bcdb0_0 .net "rs1", 4 0, L_0000021e132cc7a0;  1 drivers
v0000021e132bd530_0 .net "rs2", 4 0, L_0000021e132cc0c0;  1 drivers
v0000021e132bc770_0 .net "rst", 0 0, v0000021e132cc660_0;  alias, 1 drivers
v0000021e132bcf90_0 .net "rstPC", 31 0, L_0000021e1332b340;  1 drivers
v0000021e132bd5d0_0 .net "srcB", 31 0, L_0000021e1332c100;  1 drivers
v0000021e132bd0d0_0 .net "wd3", 31 0, L_0000021e1332a3a0;  1 drivers
v0000021e132bd170_0 .net "wdSrc", 0 0, v0000021e132ba760_0;  1 drivers
L_0000021e132cbda0 .arith/sum 32, v0000021e132bb8e0_0, v0000021e132bb0c0_0;
L_0000021e132ccac0 .arith/sum 32, v0000021e132bb8e0_0, L_0000021e132cdeb8;
L_0000021e132cbee0 .functor MUXZ 32, L_0000021e132ccac0, L_0000021e132cbda0, L_0000021e1324e180, C4<>;
L_0000021e132cc5c0 .part v0000021e132bb8e0_0, 2, 30;
L_0000021e132cbe40 .concat [ 30 2 0 0], L_0000021e132cc5c0, L_0000021e132cdf00;
L_0000021e1332c100 .functor MUXZ 32, L_0000021e1332c1a0, v0000021e132babc0_0, v0000021e132ba080_0, C4<>;
L_0000021e1332a3a0 .functor MUXZ 32, v0000021e132530c0_0, v0000021e132ba8a0_0, v0000021e132ba760_0, C4<>;
L_0000021e1332b480 .cmp/ne 5, L_0000021e1332b660, L_0000021e132ce2f0;
L_0000021e1332a1c0 .functor MUXZ 32, v0000021e132bb8e0_0, L_0000021e132cc3e0, L_0000021e1332b480, C4<>;
S_0000021e131ca660 .scope module, "alu" "sr_alu" 6 114, 7 15 0, S_0000021e131ca4d0;
 .timescale 0 0;
    .port_info 0 /INPUT 32 "srcA";
    .port_info 1 /INPUT 32 "srcB";
    .port_info 2 /INPUT 3 "oper";
    .port_info 3 /OUTPUT 1 "zero";
    .port_info 4 /OUTPUT 32 "result";
L_0000021e132ce2a8 .functor BUFT 1, C4<00000000000000000000000000000000>, C4<0>, C4<0>, C4<0>;
v0000021e132529e0_0 .net/2u *"_ivl_0", 31 0, L_0000021e132ce2a8;  1 drivers
v0000021e13253340_0 .net "oper", 2 0, v0000021e132b9cc0_0;  alias, 1 drivers
v0000021e132530c0_0 .var "result", 31 0;
v0000021e132533e0_0 .net "srcA", 31 0, L_0000021e132cb6c0;  alias, 1 drivers
v0000021e13253020_0 .net "srcB", 31 0, L_0000021e1332c100;  alias, 1 drivers
v0000021e13253fc0_0 .net "zero", 0 0, L_0000021e1332a4e0;  alias, 1 drivers
E_0000021e13258630 .event anyedge, v0000021e13253340_0, v0000021e132533e0_0, v0000021e13253020_0, v0000021e13253020_0;
L_0000021e1332a4e0 .cmp/eq 32, v0000021e132530c0_0, L_0000021e132ce2a8;
S_0000021e131bf7b0 .scope module, "i_rf" "sr_register_file" 6 95, 8 15 0, S_0000021e131ca4d0;
 .timescale 0 0;
    .port_info 0 /INPUT 1 "clk";
    .port_info 1 /INPUT 5 "a0";
    .port_info 2 /INPUT 5 "a1";
    .port_info 3 /INPUT 5 "a2";
    .port_info 4 /INPUT 5 "a3";
    .port_info 5 /OUTPUT 32 "rd0";
    .port_info 6 /OUTPUT 32 "rd1";
    .port_info 7 /OUTPUT 32 "rd2";
    .port_info 8 /INPUT 32 "wd3";
    .port_info 9 /INPUT 1 "we3";
v0000021e13254420_0 .net *"_ivl_0", 31 0, L_0000021e132cc200;  1 drivers
v0000021e13254060_0 .net *"_ivl_10", 6 0, L_0000021e132cc340;  1 drivers
L_0000021e132cdfd8 .functor BUFT 1, C4<00>, C4<0>, C4<0>, C4<0>;
v0000021e13254100_0 .net *"_ivl_13", 1 0, L_0000021e132cdfd8;  1 drivers
L_0000021e132ce020 .functor BUFT 1, C4<00000000000000000000000000000000>, C4<0>, C4<0>, C4<0>;
v0000021e132546a0_0 .net/2u *"_ivl_14", 31 0, L_0000021e132ce020;  1 drivers
v0000021e132541a0_0 .net *"_ivl_18", 31 0, L_0000021e132ccb60;  1 drivers
L_0000021e132ce068 .functor BUFT 1, C4<000000000000000000000000000>, C4<0>, C4<0>, C4<0>;
v0000021e132528a0_0 .net *"_ivl_21", 26 0, L_0000021e132ce068;  1 drivers
L_0000021e132ce0b0 .functor BUFT 1, C4<00000000000000000000000000000000>, C4<0>, C4<0>, C4<0>;
v0000021e13252d00_0 .net/2u *"_ivl_22", 31 0, L_0000021e132ce0b0;  1 drivers
v0000021e132227e0_0 .net *"_ivl_24", 0 0, L_0000021e132cb4e0;  1 drivers
v0000021e13223d20_0 .net *"_ivl_26", 31 0, L_0000021e132cb760;  1 drivers
v0000021e13223820_0 .net *"_ivl_28", 6 0, L_0000021e132cc480;  1 drivers
L_0000021e132cdf48 .functor BUFT 1, C4<000000000000000000000000000>, C4<0>, C4<0>, C4<0>;
v0000021e13222880_0 .net *"_ivl_3", 26 0, L_0000021e132cdf48;  1 drivers
L_0000021e132ce0f8 .functor BUFT 1, C4<00>, C4<0>, C4<0>, C4<0>;
v0000021e1323a100_0 .net *"_ivl_31", 1 0, L_0000021e132ce0f8;  1 drivers
L_0000021e132ce140 .functor BUFT 1, C4<00000000000000000000000000000000>, C4<0>, C4<0>, C4<0>;
v0000021e13239b60_0 .net/2u *"_ivl_32", 31 0, L_0000021e132ce140;  1 drivers
v0000021e1323a420_0 .net *"_ivl_36", 31 0, L_0000021e132cb800;  1 drivers
L_0000021e132ce188 .functor BUFT 1, C4<000000000000000000000000000>, C4<0>, C4<0>, C4<0>;
v0000021e13239200_0 .net *"_ivl_39", 26 0, L_0000021e132ce188;  1 drivers
L_0000021e132cdf90 .functor BUFT 1, C4<00000000000000000000000000000000>, C4<0>, C4<0>, C4<0>;
v0000021e1321a270_0 .net/2u *"_ivl_4", 31 0, L_0000021e132cdf90;  1 drivers
L_0000021e132ce1d0 .functor BUFT 1, C4<00000000000000000000000000000000>, C4<0>, C4<0>, C4<0>;
v0000021e132bac60_0 .net/2u *"_ivl_40", 31 0, L_0000021e132ce1d0;  1 drivers
v0000021e132bb660_0 .net *"_ivl_42", 0 0, L_0000021e132cb940;  1 drivers
v0000021e132b9c20_0 .net *"_ivl_44", 31 0, L_0000021e132cb9e0;  1 drivers
v0000021e132b9ea0_0 .net *"_ivl_46", 6 0, L_0000021e13329fe0;  1 drivers
L_0000021e132ce218 .functor BUFT 1, C4<00>, C4<0>, C4<0>, C4<0>;
v0000021e132bb200_0 .net *"_ivl_49", 1 0, L_0000021e132ce218;  1 drivers
L_0000021e132ce260 .functor BUFT 1, C4<00000000000000000000000000000000>, C4<0>, C4<0>, C4<0>;
v0000021e132bad00_0 .net/2u *"_ivl_50", 31 0, L_0000021e132ce260;  1 drivers
v0000021e132bada0_0 .net *"_ivl_6", 0 0, L_0000021e132cb8a0;  1 drivers
v0000021e132bae40_0 .net *"_ivl_8", 31 0, L_0000021e132cc2a0;  1 drivers
v0000021e132bb520_0 .net "a0", 4 0, L_0000021e1332b660;  alias, 1 drivers
v0000021e132bb5c0_0 .net "a1", 4 0, L_0000021e132cc7a0;  alias, 1 drivers
v0000021e132ba9e0_0 .net "a2", 4 0, L_0000021e132cc0c0;  alias, 1 drivers
v0000021e132b9e00_0 .net "a3", 4 0, L_0000021e132cc160;  alias, 1 drivers
v0000021e132baee0_0 .net "clk", 0 0, v0000021e132cc840_0;  alias, 1 drivers
v0000021e132baf80_0 .net "rd0", 31 0, L_0000021e132cc3e0;  alias, 1 drivers
v0000021e132b9f40_0 .net "rd1", 31 0, L_0000021e132cb6c0;  alias, 1 drivers
v0000021e132ba3a0_0 .net "rd2", 31 0, L_0000021e1332c1a0;  alias, 1 drivers
v0000021e132bb020 .array "rf", 31 0, 31 0;
v0000021e132ba620_0 .net "wd3", 31 0, L_0000021e1332a3a0;  alias, 1 drivers
v0000021e132bb3e0_0 .net "we3", 0 0, L_0000021e1324dd90;  1 drivers
L_0000021e132cc200 .concat [ 5 27 0 0], L_0000021e1332b660, L_0000021e132cdf48;
L_0000021e132cb8a0 .cmp/ne 32, L_0000021e132cc200, L_0000021e132cdf90;
L_0000021e132cc2a0 .array/port v0000021e132bb020, L_0000021e132cc340;
L_0000021e132cc340 .concat [ 5 2 0 0], L_0000021e1332b660, L_0000021e132cdfd8;
L_0000021e132cc3e0 .functor MUXZ 32, L_0000021e132ce020, L_0000021e132cc2a0, L_0000021e132cb8a0, C4<>;
L_0000021e132ccb60 .concat [ 5 27 0 0], L_0000021e132cc7a0, L_0000021e132ce068;
L_0000021e132cb4e0 .cmp/ne 32, L_0000021e132ccb60, L_0000021e132ce0b0;
L_0000021e132cb760 .array/port v0000021e132bb020, L_0000021e132cc480;
L_0000021e132cc480 .concat [ 5 2 0 0], L_0000021e132cc7a0, L_0000021e132ce0f8;
L_0000021e132cb6c0 .functor MUXZ 32, L_0000021e132ce140, L_0000021e132cb760, L_0000021e132cb4e0, C4<>;
L_0000021e132cb800 .concat [ 5 27 0 0], L_0000021e132cc0c0, L_0000021e132ce188;
L_0000021e132cb940 .cmp/ne 32, L_0000021e132cb800, L_0000021e132ce1d0;
L_0000021e132cb9e0 .array/port v0000021e132bb020, L_0000021e13329fe0;
L_0000021e13329fe0 .concat [ 5 2 0 0], L_0000021e132cc0c0, L_0000021e132ce218;
L_0000021e1332c1a0 .functor MUXZ 32, L_0000021e132ce260, L_0000021e132cb9e0, L_0000021e132cb940, C4<>;
S_0000021e131ba9c0 .scope module, "id" "sr_decode" 6 74, 9 15 0, S_0000021e131ca4d0;
 .timescale 0 0;
    .port_info 0 /INPUT 32 "instr";
    .port_info 1 /OUTPUT 7 "cmdOp";
    .port_info 2 /OUTPUT 5 "rd";
    .port_info 3 /OUTPUT 3 "cmdF3";
    .port_info 4 /OUTPUT 5 "rs1";
    .port_info 5 /OUTPUT 5 "rs2";
    .port_info 6 /OUTPUT 7 "cmdF7";
    .port_info 7 /OUTPUT 32 "immI";
    .port_info 8 /OUTPUT 32 "immB";
    .port_info 9 /OUTPUT 32 "immU";
v0000021e132ba6c0_0 .net "cmdF3", 2 0, L_0000021e132cb620;  alias, 1 drivers
v0000021e132b9d60_0 .net "cmdF7", 6 0, L_0000021e132cbd00;  alias, 1 drivers
v0000021e132bb2a0_0 .net "cmdOp", 6 0, L_0000021e132cbf80;  alias, 1 drivers
v0000021e132bb0c0_0 .var "immB", 31 0;
v0000021e132babc0_0 .var "immI", 31 0;
v0000021e132ba8a0_0 .var "immU", 31 0;
v0000021e132bb480_0 .net "instr", 31 0, L_0000021e1324d850;  alias, 1 drivers
v0000021e132ba300_0 .net "rd", 4 0, L_0000021e132cc160;  alias, 1 drivers
v0000021e132bb700_0 .net "rs1", 4 0, L_0000021e132cc7a0;  alias, 1 drivers
v0000021e132bb160_0 .net "rs2", 4 0, L_0000021e132cc0c0;  alias, 1 drivers
E_0000021e132588b0 .event anyedge, v0000021e132bb480_0;
E_0000021e13258070 .event anyedge, v0000021e132bb480_0, v0000021e132bb480_0, v0000021e132bb480_0, v0000021e132bb480_0;
E_0000021e13258670 .event anyedge, v0000021e132bb480_0, v0000021e132bb480_0;
L_0000021e132cbf80 .part L_0000021e1324d850, 0, 7;
L_0000021e132cc160 .part L_0000021e1324d850, 7, 5;
L_0000021e132cb620 .part L_0000021e1324d850, 12, 3;
L_0000021e132cc7a0 .part L_0000021e1324d850, 15, 5;
L_0000021e132cc0c0 .part L_0000021e1324d850, 20, 5;
L_0000021e132cbd00 .part L_0000021e1324d850, 25, 7;
S_0000021e131bab50 .scope module, "r_pc" "register_with_rst_value_and_enable" 6 57, 10 13 0, S_0000021e131ca4d0;
 .timescale 0 0;
    .port_info 0 /INPUT 1 "clk";
    .port_info 1 /INPUT 1 "rst";
    .port_info 2 /INPUT 32 "rstValue";
    .port_info 3 /INPUT 1 "en";
    .port_info 4 /INPUT 32 "d";
    .port_info 5 /OUTPUT 32 "q";
v0000021e132bb340_0 .net "clk", 0 0, v0000021e132cc840_0;  alias, 1 drivers
v0000021e132bb7a0_0 .net "d", 31 0, L_0000021e132cbee0;  alias, 1 drivers
v0000021e132bb840_0 .net "en", 0 0, L_0000021e1332b700;  alias, 1 drivers
v0000021e132bb8e0_0 .var "q", 31 0;
v0000021e132b9fe0_0 .net "rst", 0 0, v0000021e132cc660_0;  alias, 1 drivers
v0000021e132b9a40_0 .net "rstValue", 31 0, L_0000021e1332b340;  alias, 1 drivers
S_0000021e131ae2f0 .scope module, "sm_control" "sr_control" 6 127, 11 15 0, S_0000021e131ca4d0;
 .timescale 0 0;
    .port_info 0 /INPUT 7 "cmdOp";
    .port_info 1 /INPUT 3 "cmdF3";
    .port_info 2 /INPUT 7 "cmdF7";
    .port_info 3 /INPUT 1 "aluZero";
    .port_info 4 /OUTPUT 1 "pcSrc";
    .port_info 5 /OUTPUT 1 "regWrite";
    .port_info 6 /OUTPUT 1 "aluSrc";
    .port_info 7 /OUTPUT 1 "wdSrc";
    .port_info 8 /OUTPUT 3 "aluControl";
L_0000021e1324e110 .functor XNOR 1, L_0000021e1332a4e0, v0000021e132ba4e0_0, C4<0>, C4<0>;
L_0000021e1324e180 .functor AND 1, v0000021e132bab20_0, L_0000021e1324e110, C4<1>, C4<1>;
v0000021e132b9b80_0 .net *"_ivl_0", 0 0, L_0000021e1324e110;  1 drivers
v0000021e132b9cc0_0 .var "aluControl", 2 0;
v0000021e132ba080_0 .var "aluSrc", 0 0;
v0000021e132ba120_0 .net "aluZero", 0 0, L_0000021e1332a4e0;  alias, 1 drivers
v0000021e132bab20_0 .var "branch", 0 0;
v0000021e132ba1c0_0 .net "cmdF3", 2 0, L_0000021e132cb620;  alias, 1 drivers
v0000021e132ba260_0 .net "cmdF7", 6 0, L_0000021e132cbd00;  alias, 1 drivers
v0000021e132ba440_0 .net "cmdOp", 6 0, L_0000021e132cbf80;  alias, 1 drivers
v0000021e132ba4e0_0 .var "condZero", 0 0;
v0000021e132baa80_0 .net "pcSrc", 0 0, L_0000021e1324e180;  alias, 1 drivers
v0000021e132ba580_0 .var "regWrite", 0 0;
v0000021e132ba760_0 .var "wdSrc", 0 0;
E_0000021e13257cf0 .event anyedge, v0000021e132b9d60_0, v0000021e132ba6c0_0, v0000021e132bb2a0_0;
S_0000021e131aa3c0 .scope generate, "gen_cpu[1]" "gen_cpu[1]" 4 32, 4 32 0, S_0000021e131e0c20;
 .timescale 0 0;
P_0000021e13257fb0 .param/l "i" 0 4 32, +C4<01>;
S_0000021e131aa550 .scope module, "cpu" "sr_cpu" 4 34, 6 15 0, S_0000021e131aa3c0;
 .timescale 0 0;
    .port_info 0 /INPUT 1 "clk";
    .port_info 1 /INPUT 1 "rst";
    .port_info 2 /INPUT 32 "rstPC";
    .port_info 3 /OUTPUT 32 "imAddr";
    .port_info 4 /INPUT 32 "imData";
    .port_info 5 /INPUT 1 "imDataVld";
    .port_info 6 /INPUT 5 "regAddr";
    .port_info 7 /OUTPUT 32 "regData";
L_0000021e1324dbd0 .functor BUFZ 32, L_0000021e1324e420, C4<00000000000000000000000000000000>, C4<00000000000000000000000000000000>, C4<00000000000000000000000000000000>;
L_0000021e1324e1f0 .functor AND 1, v0000021e132c1a20_0, L_0000021e1332c2e0, C4<1>, C4<1>;
v0000021e132c1ca0_0 .net *"_ivl_10", 29 0, L_0000021e1332b3e0;  1 drivers
L_0000021e132ce380 .functor BUFT 1, C4<00>, C4<0>, C4<0>, C4<0>;
v0000021e132c1020_0 .net *"_ivl_12", 1 0, L_0000021e132ce380;  1 drivers
L_0000021e132ce338 .functor BUFT 1, C4<00000000000000000000000000000100>, C4<0>, C4<0>, C4<0>;
v0000021e132c2240_0 .net/2u *"_ivl_2", 31 0, L_0000021e132ce338;  1 drivers
L_0000021e132ce770 .functor BUFT 1, C4<00000>, C4<0>, C4<0>, C4<0>;
v0000021e132c1200_0 .net/2u *"_ivl_22", 4 0, L_0000021e132ce770;  1 drivers
v0000021e132c0d00_0 .net *"_ivl_24", 0 0, L_0000021e1332bac0;  1 drivers
v0000021e132c0da0_0 .net "aluControl", 2 0, v0000021e132bf6f0_0;  1 drivers
v0000021e132c0e40_0 .net "aluResult", 31 0, v0000021e132bbeb0_0;  1 drivers
v0000021e132c18e0_0 .net "aluSrc", 0 0, v0000021e132bf330_0;  1 drivers
v0000021e132c1840_0 .net "aluZero", 0 0, L_0000021e1332ad00;  1 drivers
v0000021e132c0ee0_0 .net "clk", 0 0, v0000021e132cc840_0;  alias, 1 drivers
v0000021e132c24c0_0 .net "cmdF3", 2 0, L_0000021e1332b0c0;  1 drivers
v0000021e132c1660_0 .net "cmdF7", 6 0, L_0000021e1332bfc0;  1 drivers
v0000021e132c0bc0_0 .net "cmdOp", 6 0, L_0000021e1332c600;  1 drivers
v0000021e132c15c0_0 .net "imAddr", 31 0, L_0000021e1332b160;  1 drivers
v0000021e132c1700_0 .net "imData", 31 0, L_0000021e1324e420;  alias, 1 drivers
v0000021e132c2560_0 .net "imDataVld", 0 0, L_0000021e1332c2e0;  1 drivers
v0000021e132c1d40_0 .net "immB", 31 0, v0000021e132bffb0_0;  1 drivers
v0000021e132c0f80_0 .net "immI", 31 0, v0000021e132bea70_0;  1 drivers
v0000021e132c10c0_0 .net "immU", 31 0, v0000021e132c00f0_0;  1 drivers
v0000021e132c17a0_0 .net "instr", 31 0, L_0000021e1324dbd0;  1 drivers
v0000021e132c1160_0 .net "pc", 31 0, v0000021e132bf1f0_0;  1 drivers
v0000021e132c1520_0 .net "pcBranch", 31 0, L_0000021e1332a080;  1 drivers
v0000021e132c0c60_0 .net "pcNext", 31 0, L_0000021e1332c560;  1 drivers
v0000021e132c1b60_0 .net "pcPlus4", 31 0, L_0000021e1332c420;  1 drivers
v0000021e132c1980_0 .net "pcSrc", 0 0, L_0000021e1324e260;  1 drivers
v0000021e132c1de0_0 .net "rd", 4 0, L_0000021e1332c380;  1 drivers
v0000021e132c2880_0 .net "rd0", 31 0, L_0000021e1332a940;  1 drivers
v0000021e132c13e0_0 .net "rd1", 31 0, L_0000021e13329f40;  1 drivers
v0000021e132c1e80_0 .net "rd2", 31 0, L_0000021e1332ba20;  1 drivers
v0000021e132c12a0_0 .net "regAddr", 4 0, L_0000021e1332a260;  1 drivers
v0000021e132c1f20_0 .net "regData", 31 0, L_0000021e1332a120;  1 drivers
v0000021e132c22e0_0 .net "regWrite", 0 0, v0000021e132c1a20_0;  1 drivers
v0000021e132c0b20_0 .net "rs1", 4 0, L_0000021e1332b520;  1 drivers
v0000021e132c1480_0 .net "rs2", 4 0, L_0000021e1332bc00;  1 drivers
v0000021e132c2600_0 .net "rst", 0 0, v0000021e132cc660_0;  alias, 1 drivers
v0000021e132c2380_0 .net "rstPC", 31 0, L_0000021e1332aee0;  1 drivers
v0000021e132c1fc0_0 .net "srcB", 31 0, L_0000021e1332c240;  1 drivers
v0000021e132c1340_0 .net "wd3", 31 0, L_0000021e1332b5c0;  1 drivers
v0000021e132c2060_0 .net "wdSrc", 0 0, v0000021e132c0a80_0;  1 drivers
L_0000021e1332a080 .arith/sum 32, v0000021e132bf1f0_0, v0000021e132bffb0_0;
L_0000021e1332c420 .arith/sum 32, v0000021e132bf1f0_0, L_0000021e132ce338;
L_0000021e1332c560 .functor MUXZ 32, L_0000021e1332c420, L_0000021e1332a080, L_0000021e1324e260, C4<>;
L_0000021e1332b3e0 .part v0000021e132bf1f0_0, 2, 30;
L_0000021e1332b160 .concat [ 30 2 0 0], L_0000021e1332b3e0, L_0000021e132ce380;
L_0000021e1332c240 .functor MUXZ 32, L_0000021e1332ba20, v0000021e132bea70_0, v0000021e132bf330_0, C4<>;
L_0000021e1332b5c0 .functor MUXZ 32, v0000021e132bbeb0_0, v0000021e132c00f0_0, v0000021e132c0a80_0, C4<>;
L_0000021e1332bac0 .cmp/ne 5, L_0000021e1332a260, L_0000021e132ce770;
L_0000021e1332a120 .functor MUXZ 32, v0000021e132bf1f0_0, L_0000021e1332a940, L_0000021e1332bac0, C4<>;
S_0000021e132be550 .scope module, "alu" "sr_alu" 6 114, 7 15 0, S_0000021e131aa550;
 .timescale 0 0;
    .port_info 0 /INPUT 32 "srcA";
    .port_info 1 /INPUT 32 "srcB";
    .port_info 2 /INPUT 3 "oper";
    .port_info 3 /OUTPUT 1 "zero";
    .port_info 4 /OUTPUT 32 "result";
L_0000021e132ce728 .functor BUFT 1, C4<00000000000000000000000000000000>, C4<0>, C4<0>, C4<0>;
v0000021e132bc3b0_0 .net/2u *"_ivl_0", 31 0, L_0000021e132ce728;  1 drivers
v0000021e132bd210_0 .net "oper", 2 0, v0000021e132bf6f0_0;  alias, 1 drivers
v0000021e132bbeb0_0 .var "result", 31 0;
v0000021e132bd670_0 .net "srcA", 31 0, L_0000021e13329f40;  alias, 1 drivers
v0000021e132bba50_0 .net "srcB", 31 0, L_0000021e1332c240;  alias, 1 drivers
v0000021e132bd710_0 .net "zero", 0 0, L_0000021e1332ad00;  alias, 1 drivers
E_0000021e13257cb0 .event anyedge, v0000021e132bd210_0, v0000021e132bd670_0, v0000021e132bba50_0, v0000021e132bba50_0;
L_0000021e1332ad00 .cmp/eq 32, v0000021e132bbeb0_0, L_0000021e132ce728;
S_0000021e132be0a0 .scope module, "i_rf" "sr_register_file" 6 95, 8 15 0, S_0000021e131aa550;
 .timescale 0 0;
    .port_info 0 /INPUT 1 "clk";
    .port_info 1 /INPUT 5 "a0";
    .port_info 2 /INPUT 5 "a1";
    .port_info 3 /INPUT 5 "a2";
    .port_info 4 /INPUT 5 "a3";
    .port_info 5 /OUTPUT 32 "rd0";
    .port_info 6 /OUTPUT 32 "rd1";
    .port_info 7 /OUTPUT 32 "rd2";
    .port_info 8 /INPUT 32 "wd3";
    .port_info 9 /INPUT 1 "we3";
v0000021e132bd7b0_0 .net *"_ivl_0", 31 0, L_0000021e1332b7a0;  1 drivers
v0000021e132bc090_0 .net *"_ivl_10", 6 0, L_0000021e1332bf20;  1 drivers
L_0000021e132ce458 .functor BUFT 1, C4<00>, C4<0>, C4<0>, C4<0>;
v0000021e132bc130_0 .net *"_ivl_13", 1 0, L_0000021e132ce458;  1 drivers
L_0000021e132ce4a0 .functor BUFT 1, C4<00000000000000000000000000000000>, C4<0>, C4<0>, C4<0>;
v0000021e132bc1d0_0 .net/2u *"_ivl_14", 31 0, L_0000021e132ce4a0;  1 drivers
v0000021e132bc310_0 .net *"_ivl_18", 31 0, L_0000021e1332a800;  1 drivers
L_0000021e132ce4e8 .functor BUFT 1, C4<000000000000000000000000000>, C4<0>, C4<0>, C4<0>;
v0000021e132bc450_0 .net *"_ivl_21", 26 0, L_0000021e132ce4e8;  1 drivers
L_0000021e132ce530 .functor BUFT 1, C4<00000000000000000000000000000000>, C4<0>, C4<0>, C4<0>;
v0000021e132bc6d0_0 .net/2u *"_ivl_22", 31 0, L_0000021e132ce530;  1 drivers
v0000021e132bfb50_0 .net *"_ivl_24", 0 0, L_0000021e1332c4c0;  1 drivers
v0000021e132bf510_0 .net *"_ivl_26", 31 0, L_0000021e1332a6c0;  1 drivers
v0000021e132becf0_0 .net *"_ivl_28", 6 0, L_0000021e1332c6a0;  1 drivers
L_0000021e132ce3c8 .functor BUFT 1, C4<000000000000000000000000000>, C4<0>, C4<0>, C4<0>;
v0000021e132bebb0_0 .net *"_ivl_3", 26 0, L_0000021e132ce3c8;  1 drivers
L_0000021e132ce578 .functor BUFT 1, C4<00>, C4<0>, C4<0>, C4<0>;
v0000021e132bfa10_0 .net *"_ivl_31", 1 0, L_0000021e132ce578;  1 drivers
L_0000021e132ce5c0 .functor BUFT 1, C4<00000000000000000000000000000000>, C4<0>, C4<0>, C4<0>;
v0000021e132beb10_0 .net/2u *"_ivl_32", 31 0, L_0000021e132ce5c0;  1 drivers
v0000021e132bfab0_0 .net *"_ivl_36", 31 0, L_0000021e1332b840;  1 drivers
L_0000021e132ce608 .functor BUFT 1, C4<000000000000000000000000000>, C4<0>, C4<0>, C4<0>;
v0000021e132bef70_0 .net *"_ivl_39", 26 0, L_0000021e132ce608;  1 drivers
L_0000021e132ce410 .functor BUFT 1, C4<00000000000000000000000000000000>, C4<0>, C4<0>, C4<0>;
v0000021e132bf8d0_0 .net/2u *"_ivl_4", 31 0, L_0000021e132ce410;  1 drivers
L_0000021e132ce650 .functor BUFT 1, C4<00000000000000000000000000000000>, C4<0>, C4<0>, C4<0>;
v0000021e132bf5b0_0 .net/2u *"_ivl_40", 31 0, L_0000021e132ce650;  1 drivers
v0000021e132c05f0_0 .net *"_ivl_42", 0 0, L_0000021e1332b8e0;  1 drivers
v0000021e132bff10_0 .net *"_ivl_44", 31 0, L_0000021e1332b980;  1 drivers
v0000021e132bfd30_0 .net *"_ivl_46", 6 0, L_0000021e1332c060;  1 drivers
L_0000021e132ce698 .functor BUFT 1, C4<00>, C4<0>, C4<0>, C4<0>;
v0000021e132c0910_0 .net *"_ivl_49", 1 0, L_0000021e132ce698;  1 drivers
L_0000021e132ce6e0 .functor BUFT 1, C4<00000000000000000000000000000000>, C4<0>, C4<0>, C4<0>;
v0000021e132bf970_0 .net/2u *"_ivl_50", 31 0, L_0000021e132ce6e0;  1 drivers
v0000021e132c0870_0 .net *"_ivl_6", 0 0, L_0000021e1332a9e0;  1 drivers
v0000021e132bed90_0 .net *"_ivl_8", 31 0, L_0000021e1332b200;  1 drivers
v0000021e132bf830_0 .net "a0", 4 0, L_0000021e1332a260;  alias, 1 drivers
v0000021e132bf790_0 .net "a1", 4 0, L_0000021e1332b520;  alias, 1 drivers
v0000021e132c0370_0 .net "a2", 4 0, L_0000021e1332bc00;  alias, 1 drivers
v0000021e132bf650_0 .net "a3", 4 0, L_0000021e1332c380;  alias, 1 drivers
v0000021e132bec50_0 .net "clk", 0 0, v0000021e132cc840_0;  alias, 1 drivers
v0000021e132c0550_0 .net "rd0", 31 0, L_0000021e1332a940;  alias, 1 drivers
v0000021e132bfbf0_0 .net "rd1", 31 0, L_0000021e13329f40;  alias, 1 drivers
v0000021e132bfc90_0 .net "rd2", 31 0, L_0000021e1332ba20;  alias, 1 drivers
v0000021e132bfdd0 .array "rf", 31 0, 31 0;
v0000021e132bf0b0_0 .net "wd3", 31 0, L_0000021e1332b5c0;  alias, 1 drivers
v0000021e132beed0_0 .net "we3", 0 0, L_0000021e1324e1f0;  1 drivers
L_0000021e1332b7a0 .concat [ 5 27 0 0], L_0000021e1332a260, L_0000021e132ce3c8;
L_0000021e1332a9e0 .cmp/ne 32, L_0000021e1332b7a0, L_0000021e132ce410;
L_0000021e1332b200 .array/port v0000021e132bfdd0, L_0000021e1332bf20;
L_0000021e1332bf20 .concat [ 5 2 0 0], L_0000021e1332a260, L_0000021e132ce458;
L_0000021e1332a940 .functor MUXZ 32, L_0000021e132ce4a0, L_0000021e1332b200, L_0000021e1332a9e0, C4<>;
L_0000021e1332a800 .concat [ 5 27 0 0], L_0000021e1332b520, L_0000021e132ce4e8;
L_0000021e1332c4c0 .cmp/ne 32, L_0000021e1332a800, L_0000021e132ce530;
L_0000021e1332a6c0 .array/port v0000021e132bfdd0, L_0000021e1332c6a0;
L_0000021e1332c6a0 .concat [ 5 2 0 0], L_0000021e1332b520, L_0000021e132ce578;
L_0000021e13329f40 .functor MUXZ 32, L_0000021e132ce5c0, L_0000021e1332a6c0, L_0000021e1332c4c0, C4<>;
L_0000021e1332b840 .concat [ 5 27 0 0], L_0000021e1332bc00, L_0000021e132ce608;
L_0000021e1332b8e0 .cmp/ne 32, L_0000021e1332b840, L_0000021e132ce650;
L_0000021e1332b980 .array/port v0000021e132bfdd0, L_0000021e1332c060;
L_0000021e1332c060 .concat [ 5 2 0 0], L_0000021e1332bc00, L_0000021e132ce698;
L_0000021e1332ba20 .functor MUXZ 32, L_0000021e132ce6e0, L_0000021e1332b980, L_0000021e1332b8e0, C4<>;
S_0000021e132be870 .scope module, "id" "sr_decode" 6 74, 9 15 0, S_0000021e131aa550;
 .timescale 0 0;
    .port_info 0 /INPUT 32 "instr";
    .port_info 1 /OUTPUT 7 "cmdOp";
    .port_info 2 /OUTPUT 5 "rd";
    .port_info 3 /OUTPUT 3 "cmdF3";
    .port_info 4 /OUTPUT 5 "rs1";
    .port_info 5 /OUTPUT 5 "rs2";
    .port_info 6 /OUTPUT 7 "cmdF7";
    .port_info 7 /OUTPUT 32 "immI";
    .port_info 8 /OUTPUT 32 "immB";
    .port_info 9 /OUTPUT 32 "immU";
v0000021e132bee30_0 .net "cmdF3", 2 0, L_0000021e1332b0c0;  alias, 1 drivers
v0000021e132bfe70_0 .net "cmdF7", 6 0, L_0000021e1332bfc0;  alias, 1 drivers
v0000021e132c0410_0 .net "cmdOp", 6 0, L_0000021e1332c600;  alias, 1 drivers
v0000021e132bffb0_0 .var "immB", 31 0;
v0000021e132bea70_0 .var "immI", 31 0;
v0000021e132c00f0_0 .var "immU", 31 0;
v0000021e132c0050_0 .net "instr", 31 0, L_0000021e1324dbd0;  alias, 1 drivers
v0000021e132c0190_0 .net "rd", 4 0, L_0000021e1332c380;  alias, 1 drivers
v0000021e132c0690_0 .net "rs1", 4 0, L_0000021e1332b520;  alias, 1 drivers
v0000021e132c0230_0 .net "rs2", 4 0, L_0000021e1332bc00;  alias, 1 drivers
E_0000021e13258730 .event anyedge, v0000021e132c0050_0;
E_0000021e132586f0 .event anyedge, v0000021e132c0050_0, v0000021e132c0050_0, v0000021e132c0050_0, v0000021e132c0050_0;
E_0000021e13258770 .event anyedge, v0000021e132c0050_0, v0000021e132c0050_0;
L_0000021e1332c600 .part L_0000021e1324dbd0, 0, 7;
L_0000021e1332c380 .part L_0000021e1324dbd0, 7, 5;
L_0000021e1332b0c0 .part L_0000021e1324dbd0, 12, 3;
L_0000021e1332b520 .part L_0000021e1324dbd0, 15, 5;
L_0000021e1332bc00 .part L_0000021e1324dbd0, 20, 5;
L_0000021e1332bfc0 .part L_0000021e1324dbd0, 25, 7;
S_0000021e132be6e0 .scope module, "r_pc" "register_with_rst_value_and_enable" 6 57, 10 13 0, S_0000021e131aa550;
 .timescale 0 0;
    .port_info 0 /INPUT 1 "clk";
    .port_info 1 /INPUT 1 "rst";
    .port_info 2 /INPUT 32 "rstValue";
    .port_info 3 /INPUT 1 "en";
    .port_info 4 /INPUT 32 "d";
    .port_info 5 /OUTPUT 32 "q";
v0000021e132bf150_0 .net "clk", 0 0, v0000021e132cc840_0;  alias, 1 drivers
v0000021e132c04b0_0 .net "d", 31 0, L_0000021e1332c560;  alias, 1 drivers
v0000021e132c02d0_0 .net "en", 0 0, L_0000021e1332c2e0;  alias, 1 drivers
v0000021e132bf1f0_0 .var "q", 31 0;
v0000021e132bf010_0 .net "rst", 0 0, v0000021e132cc660_0;  alias, 1 drivers
v0000021e132c0730_0 .net "rstValue", 31 0, L_0000021e1332aee0;  alias, 1 drivers
S_0000021e132bdf10 .scope module, "sm_control" "sr_control" 6 127, 11 15 0, S_0000021e131aa550;
 .timescale 0 0;
    .port_info 0 /INPUT 7 "cmdOp";
    .port_info 1 /INPUT 3 "cmdF3";
    .port_info 2 /INPUT 7 "cmdF7";
    .port_info 3 /INPUT 1 "aluZero";
    .port_info 4 /OUTPUT 1 "pcSrc";
    .port_info 5 /OUTPUT 1 "regWrite";
    .port_info 6 /OUTPUT 1 "aluSrc";
    .port_info 7 /OUTPUT 1 "wdSrc";
    .port_info 8 /OUTPUT 3 "aluControl";
L_0000021e1324db60 .functor XNOR 1, L_0000021e1332ad00, v0000021e132c27e0_0, C4<0>, C4<0>;
L_0000021e1324e260 .functor AND 1, v0000021e132bf470_0, L_0000021e1324db60, C4<1>, C4<1>;
v0000021e132bf290_0 .net *"_ivl_0", 0 0, L_0000021e1324db60;  1 drivers
v0000021e132bf6f0_0 .var "aluControl", 2 0;
v0000021e132bf330_0 .var "aluSrc", 0 0;
v0000021e132bf3d0_0 .net "aluZero", 0 0, L_0000021e1332ad00;  alias, 1 drivers
v0000021e132bf470_0 .var "branch", 0 0;
v0000021e132c2740_0 .net "cmdF3", 2 0, L_0000021e1332b0c0;  alias, 1 drivers
v0000021e132c1ac0_0 .net "cmdF7", 6 0, L_0000021e1332bfc0;  alias, 1 drivers
v0000021e132c1c00_0 .net "cmdOp", 6 0, L_0000021e1332c600;  alias, 1 drivers
v0000021e132c27e0_0 .var "condZero", 0 0;
v0000021e132c2420_0 .net "pcSrc", 0 0, L_0000021e1324e260;  alias, 1 drivers
v0000021e132c1a20_0 .var "regWrite", 0 0;
v0000021e132c0a80_0 .var "wdSrc", 0 0;
E_0000021e132587b0 .event anyedge, v0000021e132bfe70_0, v0000021e132bee30_0, v0000021e132c0410_0;
S_0000021e132bdd80 .scope generate, "gen_cpu[2]" "gen_cpu[2]" 4 32, 4 32 0, S_0000021e131e0c20;
 .timescale 0 0;
P_0000021e132580f0 .param/l "i" 0 4 32, +C4<010>;
S_0000021e132bda60 .scope module, "cpu" "sr_cpu" 4 34, 6 15 0, S_0000021e132bdd80;
 .timescale 0 0;
    .port_info 0 /INPUT 1 "clk";
    .port_info 1 /INPUT 1 "rst";
    .port_info 2 /INPUT 32 "rstPC";
    .port_info 3 /OUTPUT 32 "imAddr";
    .port_info 4 /INPUT 32 "imData";
    .port_info 5 /INPUT 1 "imDataVld";
    .port_info 6 /INPUT 5 "regAddr";
    .port_info 7 /OUTPUT 32 "regData";
L_0000021e1324e2d0 .functor BUFZ 32, L_0000021e1324e420, C4<00000000000000000000000000000000>, C4<00000000000000000000000000000000>, C4<00000000000000000000000000000000>;
L_0000021e1324da10 .functor AND 1, v0000021e132ca180_0, L_0000021e1332d460, C4<1>, C4<1>;
v0000021e132c9a00_0 .net *"_ivl_10", 29 0, L_0000021e1332a300;  1 drivers
L_0000021e132ce800 .functor BUFT 1, C4<00>, C4<0>, C4<0>, C4<0>;
v0000021e132c9320_0 .net *"_ivl_12", 1 0, L_0000021e132ce800;  1 drivers
L_0000021e132ce7b8 .functor BUFT 1, C4<00000000000000000000000000000100>, C4<0>, C4<0>, C4<0>;
v0000021e132ca400_0 .net/2u *"_ivl_2", 31 0, L_0000021e132ce7b8;  1 drivers
L_0000021e132cebf0 .functor BUFT 1, C4<00000>, C4<0>, C4<0>, C4<0>;
v0000021e132c90a0_0 .net/2u *"_ivl_22", 4 0, L_0000021e132cebf0;  1 drivers
v0000021e132cb440_0 .net *"_ivl_24", 0 0, L_0000021e1332db40;  1 drivers
v0000021e132ca680_0 .net "aluControl", 2 0, v0000021e132c9d20_0;  1 drivers
v0000021e132ca4a0_0 .net "aluResult", 31 0, v0000021e132c21a0_0;  1 drivers
v0000021e132c9820_0 .net "aluSrc", 0 0, v0000021e132cb080_0;  1 drivers
v0000021e132ca220_0 .net "aluZero", 0 0, L_0000021e1332cce0;  1 drivers
v0000021e132c9140_0 .net "clk", 0 0, v0000021e132cc840_0;  alias, 1 drivers
v0000021e132c8f60_0 .net "cmdF3", 2 0, L_0000021e1332b2a0;  1 drivers
v0000021e132ca540_0 .net "cmdF7", 6 0, L_0000021e1332ab20;  1 drivers
v0000021e132c9b40_0 .net "cmdOp", 6 0, L_0000021e1332bd40;  1 drivers
v0000021e132ca5e0_0 .net "imAddr", 31 0, L_0000021e1332b020;  1 drivers
v0000021e132c9dc0_0 .net "imData", 31 0, L_0000021e1324e420;  alias, 1 drivers
v0000021e132c9500_0 .net "imDataVld", 0 0, L_0000021e1332d460;  1 drivers
v0000021e132caa40_0 .net "immB", 31 0, v0000021e132c2c70_0;  1 drivers
v0000021e132c95a0_0 .net "immI", 31 0, v0000021e132c2b30_0;  1 drivers
v0000021e132c9000_0 .net "immU", 31 0, v0000021e132c2d10_0;  1 drivers
v0000021e132c91e0_0 .net "instr", 31 0, L_0000021e1324e2d0;  1 drivers
v0000021e132c9280_0 .net "pc", 31 0, v0000021e132ca0e0_0;  1 drivers
v0000021e132c9e60_0 .net "pcBranch", 31 0, L_0000021e1332bde0;  1 drivers
v0000021e132c9f00_0 .net "pcNext", 31 0, L_0000021e1332bca0;  1 drivers
v0000021e132cacc0_0 .net "pcPlus4", 31 0, L_0000021e1332bb60;  1 drivers
v0000021e132c9be0_0 .net "pcSrc", 0 0, L_0000021e1324e340;  1 drivers
v0000021e132c9c80_0 .net "rd", 4 0, L_0000021e1332a440;  1 drivers
v0000021e132caf40_0 .net "rd0", 31 0, L_0000021e1332abc0;  1 drivers
v0000021e132c9fa0_0 .net "rd1", 31 0, L_0000021e1332d140;  1 drivers
v0000021e132ca720_0 .net "rd2", 31 0, L_0000021e1332dc80;  1 drivers
v0000021e132ca7c0_0 .net "regAddr", 4 0, L_0000021e1332da00;  1 drivers
v0000021e132ca860_0 .net "regData", 31 0, L_0000021e1332d5a0;  1 drivers
v0000021e132cafe0_0 .net "regWrite", 0 0, v0000021e132ca180_0;  1 drivers
v0000021e132ca040_0 .net "rs1", 4 0, L_0000021e1332aa80;  1 drivers
v0000021e132ca900_0 .net "rs2", 4 0, L_0000021e1332a580;  1 drivers
v0000021e132ca9a0_0 .net "rst", 0 0, v0000021e132cc660_0;  alias, 1 drivers
v0000021e132caae0_0 .net "rstPC", 31 0, L_0000021e1332dd20;  1 drivers
v0000021e132cb120_0 .net "srcB", 31 0, L_0000021e1332c7e0;  1 drivers
v0000021e132cab80_0 .net "wd3", 31 0, L_0000021e1332d500;  1 drivers
v0000021e132cac20_0 .net "wdSrc", 0 0, v0000021e132ca2c0_0;  1 drivers
L_0000021e1332bde0 .arith/sum 32, v0000021e132ca0e0_0, v0000021e132c2c70_0;
L_0000021e1332bb60 .arith/sum 32, v0000021e132ca0e0_0, L_0000021e132ce7b8;
L_0000021e1332bca0 .functor MUXZ 32, L_0000021e1332bb60, L_0000021e1332bde0, L_0000021e1324e340, C4<>;
L_0000021e1332a300 .part v0000021e132ca0e0_0, 2, 30;
L_0000021e1332b020 .concat [ 30 2 0 0], L_0000021e1332a300, L_0000021e132ce800;
L_0000021e1332c7e0 .functor MUXZ 32, L_0000021e1332dc80, v0000021e132c2b30_0, v0000021e132cb080_0, C4<>;
L_0000021e1332d500 .functor MUXZ 32, v0000021e132c21a0_0, v0000021e132c2d10_0, v0000021e132ca2c0_0, C4<>;
L_0000021e1332db40 .cmp/ne 5, L_0000021e1332da00, L_0000021e132cebf0;
L_0000021e1332d5a0 .functor MUXZ 32, v0000021e132ca0e0_0, L_0000021e1332abc0, L_0000021e1332db40, C4<>;
S_0000021e132be230 .scope module, "alu" "sr_alu" 6 114, 7 15 0, S_0000021e132bda60;
 .timescale 0 0;
    .port_info 0 /INPUT 32 "srcA";
    .port_info 1 /INPUT 32 "srcB";
    .port_info 2 /INPUT 3 "oper";
    .port_info 3 /OUTPUT 1 "zero";
    .port_info 4 /OUTPUT 32 "result";
L_0000021e132ceba8 .functor BUFT 1, C4<00000000000000000000000000000000>, C4<0>, C4<0>, C4<0>;
v0000021e132c26a0_0 .net/2u *"_ivl_0", 31 0, L_0000021e132ceba8;  1 drivers
v0000021e132c2100_0 .net "oper", 2 0, v0000021e132c9d20_0;  alias, 1 drivers
v0000021e132c21a0_0 .var "result", 31 0;
v0000021e132c2920_0 .net "srcA", 31 0, L_0000021e1332d140;  alias, 1 drivers
v0000021e132c3530_0 .net "srcB", 31 0, L_0000021e1332c7e0;  alias, 1 drivers
v0000021e132c3350_0 .net "zero", 0 0, L_0000021e1332cce0;  alias, 1 drivers
E_0000021e13258430 .event anyedge, v0000021e132c2100_0, v0000021e132c2920_0, v0000021e132c3530_0, v0000021e132c3530_0;
L_0000021e1332cce0 .cmp/eq 32, v0000021e132c21a0_0, L_0000021e132ceba8;
S_0000021e132be3c0 .scope module, "i_rf" "sr_register_file" 6 95, 8 15 0, S_0000021e132bda60;
 .timescale 0 0;
    .port_info 0 /INPUT 1 "clk";
    .port_info 1 /INPUT 5 "a0";
    .port_info 2 /INPUT 5 "a1";
    .port_info 3 /INPUT 5 "a2";
    .port_info 4 /INPUT 5 "a3";
    .port_info 5 /OUTPUT 32 "rd0";
    .port_info 6 /OUTPUT 32 "rd1";
    .port_info 7 /OUTPUT 32 "rd2";
    .port_info 8 /INPUT 32 "wd3";
    .port_info 9 /INPUT 1 "we3";
v0000021e132c4110_0 .net *"_ivl_0", 31 0, L_0000021e1332a620;  1 drivers
v0000021e132c4250_0 .net *"_ivl_10", 6 0, L_0000021e1332a8a0;  1 drivers
L_0000021e132ce8d8 .functor BUFT 1, C4<00>, C4<0>, C4<0>, C4<0>;
v0000021e132c3fd0_0 .net *"_ivl_13", 1 0, L_0000021e132ce8d8;  1 drivers
L_0000021e132ce920 .functor BUFT 1, C4<00000000000000000000000000000000>, C4<0>, C4<0>, C4<0>;
v0000021e132c4750_0 .net/2u *"_ivl_14", 31 0, L_0000021e132ce920;  1 drivers
v0000021e132c38f0_0 .net *"_ivl_18", 31 0, L_0000021e1332ac60;  1 drivers
L_0000021e132ce968 .functor BUFT 1, C4<000000000000000000000000000>, C4<0>, C4<0>, C4<0>;
v0000021e132c3ad0_0 .net *"_ivl_21", 26 0, L_0000021e132ce968;  1 drivers
L_0000021e132ce9b0 .functor BUFT 1, C4<00000000000000000000000000000000>, C4<0>, C4<0>, C4<0>;
v0000021e132c3c10_0 .net/2u *"_ivl_22", 31 0, L_0000021e132ce9b0;  1 drivers
v0000021e132c47f0_0 .net *"_ivl_24", 0 0, L_0000021e1332ada0;  1 drivers
v0000021e132c2bd0_0 .net *"_ivl_26", 31 0, L_0000021e1332ae40;  1 drivers
v0000021e132c3a30_0 .net *"_ivl_28", 6 0, L_0000021e1332af80;  1 drivers
L_0000021e132ce848 .functor BUFT 1, C4<000000000000000000000000000>, C4<0>, C4<0>, C4<0>;
v0000021e132c2db0_0 .net *"_ivl_3", 26 0, L_0000021e132ce848;  1 drivers
L_0000021e132ce9f8 .functor BUFT 1, C4<00>, C4<0>, C4<0>, C4<0>;
v0000021e132c33f0_0 .net *"_ivl_31", 1 0, L_0000021e132ce9f8;  1 drivers
L_0000021e132cea40 .functor BUFT 1, C4<00000000000000000000000000000000>, C4<0>, C4<0>, C4<0>;
v0000021e132c3490_0 .net/2u *"_ivl_32", 31 0, L_0000021e132cea40;  1 drivers
v0000021e132c3b70_0 .net *"_ivl_36", 31 0, L_0000021e1332daa0;  1 drivers
L_0000021e132cea88 .functor BUFT 1, C4<000000000000000000000000000>, C4<0>, C4<0>, C4<0>;
v0000021e132c3cb0_0 .net *"_ivl_39", 26 0, L_0000021e132cea88;  1 drivers
L_0000021e132ce890 .functor BUFT 1, C4<00000000000000000000000000000000>, C4<0>, C4<0>, C4<0>;
v0000021e132c4610_0 .net/2u *"_ivl_4", 31 0, L_0000021e132ce890;  1 drivers
L_0000021e132cead0 .functor BUFT 1, C4<00000000000000000000000000000000>, C4<0>, C4<0>, C4<0>;
v0000021e132c41b0_0 .net/2u *"_ivl_40", 31 0, L_0000021e132cead0;  1 drivers
v0000021e132c3170_0 .net *"_ivl_42", 0 0, L_0000021e1332cec0;  1 drivers
v0000021e132c46b0_0 .net *"_ivl_44", 31 0, L_0000021e1332d3c0;  1 drivers
v0000021e132c2e50_0 .net *"_ivl_46", 6 0, L_0000021e1332dbe0;  1 drivers
L_0000021e132ceb18 .functor BUFT 1, C4<00>, C4<0>, C4<0>, C4<0>;
v0000021e132c4890_0 .net *"_ivl_49", 1 0, L_0000021e132ceb18;  1 drivers
L_0000021e132ceb60 .functor BUFT 1, C4<00000000000000000000000000000000>, C4<0>, C4<0>, C4<0>;
v0000021e132c3710_0 .net/2u *"_ivl_50", 31 0, L_0000021e132ceb60;  1 drivers
v0000021e132c37b0_0 .net *"_ivl_6", 0 0, L_0000021e1332be80;  1 drivers
v0000021e132c42f0_0 .net *"_ivl_8", 31 0, L_0000021e1332a760;  1 drivers
v0000021e132c4070_0 .net "a0", 4 0, L_0000021e1332da00;  alias, 1 drivers
v0000021e132c3850_0 .net "a1", 4 0, L_0000021e1332aa80;  alias, 1 drivers
v0000021e132c3670_0 .net "a2", 4 0, L_0000021e1332a580;  alias, 1 drivers
v0000021e132c4930_0 .net "a3", 4 0, L_0000021e1332a440;  alias, 1 drivers
v0000021e132c3d50_0 .net "clk", 0 0, v0000021e132cc840_0;  alias, 1 drivers
v0000021e132c3df0_0 .net "rd0", 31 0, L_0000021e1332abc0;  alias, 1 drivers
v0000021e132c3e90_0 .net "rd1", 31 0, L_0000021e1332d140;  alias, 1 drivers
v0000021e132c3f30_0 .net "rd2", 31 0, L_0000021e1332dc80;  alias, 1 drivers
v0000021e132c4570 .array "rf", 31 0, 31 0;
v0000021e132c3990_0 .net "wd3", 31 0, L_0000021e1332d500;  alias, 1 drivers
v0000021e132c4390_0 .net "we3", 0 0, L_0000021e1324da10;  1 drivers
L_0000021e1332a620 .concat [ 5 27 0 0], L_0000021e1332da00, L_0000021e132ce848;
L_0000021e1332be80 .cmp/ne 32, L_0000021e1332a620, L_0000021e132ce890;
L_0000021e1332a760 .array/port v0000021e132c4570, L_0000021e1332a8a0;
L_0000021e1332a8a0 .concat [ 5 2 0 0], L_0000021e1332da00, L_0000021e132ce8d8;
L_0000021e1332abc0 .functor MUXZ 32, L_0000021e132ce920, L_0000021e1332a760, L_0000021e1332be80, C4<>;
L_0000021e1332ac60 .concat [ 5 27 0 0], L_0000021e1332aa80, L_0000021e132ce968;
L_0000021e1332ada0 .cmp/ne 32, L_0000021e1332ac60, L_0000021e132ce9b0;
L_0000021e1332ae40 .array/port v0000021e132c4570, L_0000021e1332af80;
L_0000021e1332af80 .concat [ 5 2 0 0], L_0000021e1332aa80, L_0000021e132ce9f8;
L_0000021e1332d140 .functor MUXZ 32, L_0000021e132cea40, L_0000021e1332ae40, L_0000021e1332ada0, C4<>;
L_0000021e1332daa0 .concat [ 5 27 0 0], L_0000021e1332a580, L_0000021e132cea88;
L_0000021e1332cec0 .cmp/ne 32, L_0000021e1332daa0, L_0000021e132cead0;
L_0000021e1332d3c0 .array/port v0000021e132c4570, L_0000021e1332dbe0;
L_0000021e1332dbe0 .concat [ 5 2 0 0], L_0000021e1332a580, L_0000021e132ceb18;
L_0000021e1332dc80 .functor MUXZ 32, L_0000021e132ceb60, L_0000021e1332d3c0, L_0000021e1332cec0, C4<>;
S_0000021e132bdbf0 .scope module, "id" "sr_decode" 6 74, 9 15 0, S_0000021e132bda60;
 .timescale 0 0;
    .port_info 0 /INPUT 32 "instr";
    .port_info 1 /OUTPUT 7 "cmdOp";
    .port_info 2 /OUTPUT 5 "rd";
    .port_info 3 /OUTPUT 3 "cmdF3";
    .port_info 4 /OUTPUT 5 "rs1";
    .port_info 5 /OUTPUT 5 "rs2";
    .port_info 6 /OUTPUT 7 "cmdF7";
    .port_info 7 /OUTPUT 32 "immI";
    .port_info 8 /OUTPUT 32 "immB";
    .port_info 9 /OUTPUT 32 "immU";
v0000021e132c4430_0 .net "cmdF3", 2 0, L_0000021e1332b2a0;  alias, 1 drivers
v0000021e132c44d0_0 .net "cmdF7", 6 0, L_0000021e1332ab20;  alias, 1 drivers
v0000021e132c2a90_0 .net "cmdOp", 6 0, L_0000021e1332bd40;  alias, 1 drivers
v0000021e132c2c70_0 .var "immB", 31 0;
v0000021e132c2b30_0 .var "immI", 31 0;
v0000021e132c2d10_0 .var "immU", 31 0;
v0000021e132c2ef0_0 .net "instr", 31 0, L_0000021e1324e2d0;  alias, 1 drivers
v0000021e132c2f90_0 .net "rd", 4 0, L_0000021e1332a440;  alias, 1 drivers
v0000021e132c3030_0 .net "rs1", 4 0, L_0000021e1332aa80;  alias, 1 drivers
v0000021e132c3210_0 .net "rs2", 4 0, L_0000021e1332a580;  alias, 1 drivers
E_0000021e13258870 .event anyedge, v0000021e132c2ef0_0;
E_0000021e13257d70 .event anyedge, v0000021e132c2ef0_0, v0000021e132c2ef0_0, v0000021e132c2ef0_0, v0000021e132c2ef0_0;
E_0000021e13257eb0 .event anyedge, v0000021e132c2ef0_0, v0000021e132c2ef0_0;
L_0000021e1332bd40 .part L_0000021e1324e2d0, 0, 7;
L_0000021e1332a440 .part L_0000021e1324e2d0, 7, 5;
L_0000021e1332b2a0 .part L_0000021e1324e2d0, 12, 3;
L_0000021e1332aa80 .part L_0000021e1324e2d0, 15, 5;
L_0000021e1332a580 .part L_0000021e1324e2d0, 20, 5;
L_0000021e1332ab20 .part L_0000021e1324e2d0, 25, 7;
S_0000021e132c88e0 .scope module, "r_pc" "register_with_rst_value_and_enable" 6 57, 10 13 0, S_0000021e132bda60;
 .timescale 0 0;
    .port_info 0 /INPUT 1 "clk";
    .port_info 1 /INPUT 1 "rst";
    .port_info 2 /INPUT 32 "rstValue";
    .port_info 3 /INPUT 1 "en";
    .port_info 4 /INPUT 32 "d";
    .port_info 5 /OUTPUT 32 "q";
v0000021e132c30d0_0 .net "clk", 0 0, v0000021e132cc840_0;  alias, 1 drivers
v0000021e132c32b0_0 .net "d", 31 0, L_0000021e1332bca0;  alias, 1 drivers
v0000021e132c35d0_0 .net "en", 0 0, L_0000021e1332d460;  alias, 1 drivers
v0000021e132ca0e0_0 .var "q", 31 0;
v0000021e132caea0_0 .net "rst", 0 0, v0000021e132cc660_0;  alias, 1 drivers
v0000021e132c9780_0 .net "rstValue", 31 0, L_0000021e1332dd20;  alias, 1 drivers
S_0000021e132c7490 .scope module, "sm_control" "sr_control" 6 127, 11 15 0, S_0000021e132bda60;
 .timescale 0 0;
    .port_info 0 /INPUT 7 "cmdOp";
    .port_info 1 /INPUT 3 "cmdF3";
    .port_info 2 /INPUT 7 "cmdF7";
    .port_info 3 /INPUT 1 "aluZero";
    .port_info 4 /OUTPUT 1 "pcSrc";
    .port_info 5 /OUTPUT 1 "regWrite";
    .port_info 6 /OUTPUT 1 "aluSrc";
    .port_info 7 /OUTPUT 1 "wdSrc";
    .port_info 8 /OUTPUT 3 "aluControl";
L_0000021e1324d9a0 .functor XNOR 1, L_0000021e1332cce0, v0000021e132c9960_0, C4<0>, C4<0>;
L_0000021e1324e340 .functor AND 1, v0000021e132c8ce0_0, L_0000021e1324d9a0, C4<1>, C4<1>;
v0000021e132cb3a0_0 .net *"_ivl_0", 0 0, L_0000021e1324d9a0;  1 drivers
v0000021e132c9d20_0 .var "aluControl", 2 0;
v0000021e132cb080_0 .var "aluSrc", 0 0;
v0000021e132c98c0_0 .net "aluZero", 0 0, L_0000021e1332cce0;  alias, 1 drivers
v0000021e132c8ce0_0 .var "branch", 0 0;
v0000021e132ca360_0 .net "cmdF3", 2 0, L_0000021e1332b2a0;  alias, 1 drivers
v0000021e132c8d80_0 .net "cmdF7", 6 0, L_0000021e1332ab20;  alias, 1 drivers
v0000021e132c8ec0_0 .net "cmdOp", 6 0, L_0000021e1332bd40;  alias, 1 drivers
v0000021e132c9960_0 .var "condZero", 0 0;
v0000021e132c9aa0_0 .net "pcSrc", 0 0, L_0000021e1324e340;  alias, 1 drivers
v0000021e132ca180_0 .var "regWrite", 0 0;
v0000021e132ca2c0_0 .var "wdSrc", 0 0;
E_0000021e13258130 .event anyedge, v0000021e132c44d0_0, v0000021e132c4430_0, v0000021e132c2a90_0;
S_0000021e132c7170 .scope module, "rom" "instruction_rom" 4 67, 12 13 0, S_0000021e131e0c20;
 .timescale 0 0;
    .port_info 0 /INPUT 6 "a";
    .port_info 1 /OUTPUT 32 "rd";
P_0000021e131eda70 .param/l "ADDR_W" 0 12 16, +C4<00000000000000000000000000000110>;
P_0000021e131edaa8 .param/l "SIZE" 0 12 15, +C4<00000000000000000000000001000000>;
L_0000021e1324e420 .functor BUFZ 32, L_0000021e1332cd80, C4<00000000000000000000000000000000>, C4<00000000000000000000000000000000>, C4<00000000000000000000000000000000>;
v0000021e132cad60_0 .net *"_ivl_0", 31 0, L_0000021e1332cd80;  1 drivers
v0000021e132c93c0_0 .net *"_ivl_2", 7 0, L_0000021e1332cf60;  1 drivers
L_0000021e132cec38 .functor BUFT 1, C4<00>, C4<0>, C4<0>, C4<0>;
v0000021e132cae00_0 .net *"_ivl_5", 1 0, L_0000021e132cec38;  1 drivers
v0000021e132c9460_0 .net "a", 5 0, L_0000021e1332ddc0;  1 drivers
v0000021e132cb300_0 .net "rd", 31 0, L_0000021e1324e420;  alias, 1 drivers
v0000021e132cb1c0 .array "rom", 63 0, 31 0;
L_0000021e1332cd80 .array/port v0000021e132cb1c0, L_0000021e1332cf60;
L_0000021e1332cf60 .concat [ 6 2 0 0], L_0000021e1332ddc0, L_0000021e132cec38;
    .scope S_0000021e131bab50;
T_0 ;
    %wait E_0000021e13257170;
    %load/vec4 v0000021e132b9fe0_0;
    %flag_set/vec4 8;
    %jmp/0xz  T_0.0, 8;
    %load/vec4 v0000021e132b9a40_0;
    %assign/vec4 v0000021e132bb8e0_0, 0;
    %jmp T_0.1;
T_0.0 ;
    %load/vec4 v0000021e132bb840_0;
    %flag_set/vec4 8;
    %jmp/0xz  T_0.2, 8;
    %load/vec4 v0000021e132bb7a0_0;
    %assign/vec4 v0000021e132bb8e0_0, 0;
T_0.2 ;
T_0.1 ;
    %jmp T_0;
    .thread T_0;
    .scope S_0000021e131ba9c0;
T_1 ;
Ewait_0 .event/or E_0000021e13258670, E_0x0;
    %wait Ewait_0;
    %load/vec4 v0000021e132bb480_0;
    %parti/s 11, 20, 6;
    %ix/load 4, 0, 0;
    %flag_set/imm 4, 0;
    %store/vec4 v0000021e132babc0_0, 4, 11;
    %load/vec4 v0000021e132bb480_0;
    %parti/s 1, 31, 6;
    %replicate 21;
    %ix/load 4, 11, 0;
    %flag_set/imm 4, 0;
    %store/vec4 v0000021e132babc0_0, 4, 21;
    %jmp T_1;
    .thread T_1, $push;
    .scope S_0000021e131ba9c0;
T_2 ;
Ewait_1 .event/or E_0000021e13258070, E_0x0;
    %wait Ewait_1;
    %pushi/vec4 0, 0, 1;
    %ix/load 4, 0, 0;
    %flag_set/imm 4, 0;
    %store/vec4 v0000021e132bb0c0_0, 4, 1;
    %load/vec4 v0000021e132bb480_0;
    %parti/s 4, 8, 5;
    %ix/load 4, 1, 0;
    %flag_set/imm 4, 0;
    %store/vec4 v0000021e132bb0c0_0, 4, 4;
    %load/vec4 v0000021e132bb480_0;
    %parti/s 6, 25, 6;
    %ix/load 4, 5, 0;
    %flag_set/imm 4, 0;
    %store/vec4 v0000021e132bb0c0_0, 4, 6;
    %load/vec4 v0000021e132bb480_0;
    %parti/s 1, 7, 4;
    %ix/load 4, 11, 0;
    %flag_set/imm 4, 0;
    %store/vec4 v0000021e132bb0c0_0, 4, 1;
    %load/vec4 v0000021e132bb480_0;
    %parti/s 1, 31, 6;
    %replicate 20;
    %ix/load 4, 12, 0;
    %flag_set/imm 4, 0;
    %store/vec4 v0000021e132bb0c0_0, 4, 20;
    %jmp T_2;
    .thread T_2, $push;
    .scope S_0000021e131ba9c0;
T_3 ;
Ewait_2 .event/or E_0000021e132588b0, E_0x0;
    %wait Ewait_2;
    %pushi/vec4 0, 0, 12;
    %ix/load 4, 0, 0;
    %flag_set/imm 4, 0;
    %store/vec4 v0000021e132ba8a0_0, 4, 12;
    %load/vec4 v0000021e132bb480_0;
    %parti/s 20, 12, 5;
    %ix/load 4, 12, 0;
    %flag_set/imm 4, 0;
    %store/vec4 v0000021e132ba8a0_0, 4, 20;
    %jmp T_3;
    .thread T_3, $push;
    .scope S_0000021e131bf7b0;
T_4 ;
    %wait E_0000021e13257170;
    %load/vec4 v0000021e132bb3e0_0;
    %flag_set/vec4 8;
    %jmp/0xz  T_4.0, 8;
    %load/vec4 v0000021e132ba620_0;
    %load/vec4 v0000021e132b9e00_0;
    %pad/u 7;
    %ix/vec4 3;
    %ix/load 4, 0, 0; Constant delay
    %assign/vec4/a/d v0000021e132bb020, 0, 4;
T_4.0 ;
    %jmp T_4;
    .thread T_4;
    .scope S_0000021e131ca660;
T_5 ;
Ewait_3 .event/or E_0000021e13258630, E_0x0;
    %wait Ewait_3;
    %load/vec4 v0000021e13253340_0;
    %dup/vec4;
    %pushi/vec4 0, 0, 3;
    %cmp/u;
    %jmp/1 T_5.1, 6;
    %dup/vec4;
    %pushi/vec4 1, 0, 3;
    %cmp/u;
    %jmp/1 T_5.2, 6;
    %dup/vec4;
    %pushi/vec4 2, 0, 3;
    %cmp/u;
    %jmp/1 T_5.3, 6;
    %dup/vec4;
    %pushi/vec4 3, 0, 3;
    %cmp/u;
    %jmp/1 T_5.4, 6;
    %dup/vec4;
    %pushi/vec4 4, 0, 3;
    %cmp/u;
    %jmp/1 T_5.5, 6;
    %dup/vec4;
    %pushi/vec4 5, 0, 3;
    %cmp/u;
    %jmp/1 T_5.6, 6;
    %load/vec4 v0000021e132533e0_0;
    %load/vec4 v0000021e13253020_0;
    %add;
    %store/vec4 v0000021e132530c0_0, 0, 32;
    %jmp T_5.7;
T_5.1 ;
    %load/vec4 v0000021e132533e0_0;
    %load/vec4 v0000021e13253020_0;
    %add;
    %store/vec4 v0000021e132530c0_0, 0, 32;
    %jmp T_5.7;
T_5.2 ;
    %load/vec4 v0000021e132533e0_0;
    %load/vec4 v0000021e13253020_0;
    %or;
    %store/vec4 v0000021e132530c0_0, 0, 32;
    %jmp T_5.7;
T_5.3 ;
    %load/vec4 v0000021e132533e0_0;
    %load/vec4 v0000021e13253020_0;
    %parti/s 5, 0, 2;
    %ix/vec4 4;
    %shiftr 4;
    %store/vec4 v0000021e132530c0_0, 0, 32;
    %jmp T_5.7;
T_5.4 ;
    %load/vec4 v0000021e132533e0_0;
    %load/vec4 v0000021e13253020_0;
    %cmp/u;
    %flag_mov 8, 5;
    %jmp/0 T_5.8, 8;
    %pushi/vec4 1, 0, 32;
    %jmp/1 T_5.9, 8;
T_5.8 ; End of true expr.
    %pushi/vec4 0, 0, 32;
    %jmp/0 T_5.9, 8;
 ; End of false expr.
    %blend;
T_5.9;
    %store/vec4 v0000021e132530c0_0, 0, 32;
    %jmp T_5.7;
T_5.5 ;
    %load/vec4 v0000021e132533e0_0;
    %load/vec4 v0000021e13253020_0;
    %sub;
    %store/vec4 v0000021e132530c0_0, 0, 32;
    %jmp T_5.7;
T_5.6 ;
    %load/vec4 v0000021e132533e0_0;
    %load/vec4 v0000021e13253020_0;
    %mul;
    %store/vec4 v0000021e132530c0_0, 0, 32;
    %jmp T_5.7;
T_5.7 ;
    %pop/vec4 1;
    %jmp T_5;
    .thread T_5, $push;
    .scope S_0000021e131ae2f0;
T_6 ;
Ewait_4 .event/or E_0000021e13257cf0, E_0x0;
    %wait Ewait_4;
    %pushi/vec4 0, 0, 1;
    %store/vec4 v0000021e132bab20_0, 0, 1;
    %pushi/vec4 0, 0, 1;
    %store/vec4 v0000021e132ba4e0_0, 0, 1;
    %pushi/vec4 0, 0, 1;
    %store/vec4 v0000021e132ba580_0, 0, 1;
    %pushi/vec4 0, 0, 1;
    %store/vec4 v0000021e132ba080_0, 0, 1;
    %pushi/vec4 0, 0, 1;
    %store/vec4 v0000021e132ba760_0, 0, 1;
    %pushi/vec4 0, 0, 3;
    %store/vec4 v0000021e132b9cc0_0, 0, 3;
    %load/vec4 v0000021e132ba260_0;
    %load/vec4 v0000021e132ba1c0_0;
    %concat/vec4; draw_concat_vec4
    %load/vec4 v0000021e132ba440_0;
    %concat/vec4; draw_concat_vec4
    %dup/vec4;
    %pushi/vec4 51, 0, 17;
    %cmp/z;
    %jmp/1 T_6.0, 4;
    %dup/vec4;
    %pushi/vec4 819, 0, 17;
    %cmp/z;
    %jmp/1 T_6.1, 4;
    %dup/vec4;
    %pushi/vec4 691, 0, 17;
    %cmp/z;
    %jmp/1 T_6.2, 4;
    %dup/vec4;
    %pushi/vec4 435, 0, 17;
    %cmp/z;
    %jmp/1 T_6.3, 4;
    %dup/vec4;
    %pushi/vec4 32819, 0, 17;
    %cmp/z;
    %jmp/1 T_6.4, 4;
    %dup/vec4;
    %pushi/vec4 1075, 0, 17;
    %cmp/z;
    %jmp/1 T_6.5, 4;
    %dup/vec4;
    %pushi/vec4 19, 130048, 17;
    %cmp/z;
    %jmp/1 T_6.6, 4;
    %dup/vec4;
    %pushi/vec4 55, 130944, 17;
    %cmp/z;
    %jmp/1 T_6.7, 4;
    %dup/vec4;
    %pushi/vec4 99, 130048, 17;
    %cmp/z;
    %jmp/1 T_6.8, 4;
    %dup/vec4;
    %pushi/vec4 227, 130048, 17;
    %cmp/z;
    %jmp/1 T_6.9, 4;
    %jmp T_6.10;
T_6.0 ;
    %pushi/vec4 1, 0, 1;
    %store/vec4 v0000021e132ba580_0, 0, 1;
    %pushi/vec4 0, 0, 3;
    %store/vec4 v0000021e132b9cc0_0, 0, 3;
    %jmp T_6.10;
T_6.1 ;
    %pushi/vec4 1, 0, 1;
    %store/vec4 v0000021e132ba580_0, 0, 1;
    %pushi/vec4 1, 0, 3;
    %store/vec4 v0000021e132b9cc0_0, 0, 3;
    %jmp T_6.10;
T_6.2 ;
    %pushi/vec4 1, 0, 1;
    %store/vec4 v0000021e132ba580_0, 0, 1;
    %pushi/vec4 2, 0, 3;
    %store/vec4 v0000021e132b9cc0_0, 0, 3;
    %jmp T_6.10;
T_6.3 ;
    %pushi/vec4 1, 0, 1;
    %store/vec4 v0000021e132ba580_0, 0, 1;
    %pushi/vec4 3, 0, 3;
    %store/vec4 v0000021e132b9cc0_0, 0, 3;
    %jmp T_6.10;
T_6.4 ;
    %pushi/vec4 1, 0, 1;
    %store/vec4 v0000021e132ba580_0, 0, 1;
    %pushi/vec4 4, 0, 3;
    %store/vec4 v0000021e132b9cc0_0, 0, 3;
    %jmp T_6.10;
T_6.5 ;
    %pushi/vec4 1, 0, 1;
    %store/vec4 v0000021e132ba580_0, 0, 1;
    %pushi/vec4 5, 0, 3;
    %store/vec4 v0000021e132b9cc0_0, 0, 3;
    %jmp T_6.10;
T_6.6 ;
    %pushi/vec4 1, 0, 1;
    %store/vec4 v0000021e132ba580_0, 0, 1;
    %pushi/vec4 1, 0, 1;
    %store/vec4 v0000021e132ba080_0, 0, 1;
    %pushi/vec4 0, 0, 3;
    %store/vec4 v0000021e132b9cc0_0, 0, 3;
    %jmp T_6.10;
T_6.7 ;
    %pushi/vec4 1, 0, 1;
    %store/vec4 v0000021e132ba580_0, 0, 1;
    %pushi/vec4 1, 0, 1;
    %store/vec4 v0000021e132ba760_0, 0, 1;
    %jmp T_6.10;
T_6.8 ;
    %pushi/vec4 1, 0, 1;
    %store/vec4 v0000021e132bab20_0, 0, 1;
    %pushi/vec4 1, 0, 1;
    %store/vec4 v0000021e132ba4e0_0, 0, 1;
    %pushi/vec4 4, 0, 3;
    %store/vec4 v0000021e132b9cc0_0, 0, 3;
    %jmp T_6.10;
T_6.9 ;
    %pushi/vec4 1, 0, 1;
    %store/vec4 v0000021e132bab20_0, 0, 1;
    %pushi/vec4 4, 0, 3;
    %store/vec4 v0000021e132b9cc0_0, 0, 3;
    %jmp T_6.10;
T_6.10 ;
    %pop/vec4 1;
    %jmp T_6;
    .thread T_6, $push;
    .scope S_0000021e132be6e0;
T_7 ;
    %wait E_0000021e13257170;
    %load/vec4 v0000021e132bf010_0;
    %flag_set/vec4 8;
    %jmp/0xz  T_7.0, 8;
    %load/vec4 v0000021e132c0730_0;
    %assign/vec4 v0000021e132bf1f0_0, 0;
    %jmp T_7.1;
T_7.0 ;
    %load/vec4 v0000021e132c02d0_0;
    %flag_set/vec4 8;
    %jmp/0xz  T_7.2, 8;
    %load/vec4 v0000021e132c04b0_0;
    %assign/vec4 v0000021e132bf1f0_0, 0;
T_7.2 ;
T_7.1 ;
    %jmp T_7;
    .thread T_7;
    .scope S_0000021e132be870;
T_8 ;
Ewait_5 .event/or E_0000021e13258770, E_0x0;
    %wait Ewait_5;
    %load/vec4 v0000021e132c0050_0;
    %parti/s 11, 20, 6;
    %ix/load 4, 0, 0;
    %flag_set/imm 4, 0;
    %store/vec4 v0000021e132bea70_0, 4, 11;
    %load/vec4 v0000021e132c0050_0;
    %parti/s 1, 31, 6;
    %replicate 21;
    %ix/load 4, 11, 0;
    %flag_set/imm 4, 0;
    %store/vec4 v0000021e132bea70_0, 4, 21;
    %jmp T_8;
    .thread T_8, $push;
    .scope S_0000021e132be870;
T_9 ;
Ewait_6 .event/or E_0000021e132586f0, E_0x0;
    %wait Ewait_6;
    %pushi/vec4 0, 0, 1;
    %ix/load 4, 0, 0;
    %flag_set/imm 4, 0;
    %store/vec4 v0000021e132bffb0_0, 4, 1;
    %load/vec4 v0000021e132c0050_0;
    %parti/s 4, 8, 5;
    %ix/load 4, 1, 0;
    %flag_set/imm 4, 0;
    %store/vec4 v0000021e132bffb0_0, 4, 4;
    %load/vec4 v0000021e132c0050_0;
    %parti/s 6, 25, 6;
    %ix/load 4, 5, 0;
    %flag_set/imm 4, 0;
    %store/vec4 v0000021e132bffb0_0, 4, 6;
    %load/vec4 v0000021e132c0050_0;
    %parti/s 1, 7, 4;
    %ix/load 4, 11, 0;
    %flag_set/imm 4, 0;
    %store/vec4 v0000021e132bffb0_0, 4, 1;
    %load/vec4 v0000021e132c0050_0;
    %parti/s 1, 31, 6;
    %replicate 20;
    %ix/load 4, 12, 0;
    %flag_set/imm 4, 0;
    %store/vec4 v0000021e132bffb0_0, 4, 20;
    %jmp T_9;
    .thread T_9, $push;
    .scope S_0000021e132be870;
T_10 ;
Ewait_7 .event/or E_0000021e13258730, E_0x0;
    %wait Ewait_7;
    %pushi/vec4 0, 0, 12;
    %ix/load 4, 0, 0;
    %flag_set/imm 4, 0;
    %store/vec4 v0000021e132c00f0_0, 4, 12;
    %load/vec4 v0000021e132c0050_0;
    %parti/s 20, 12, 5;
    %ix/load 4, 12, 0;
    %flag_set/imm 4, 0;
    %store/vec4 v0000021e132c00f0_0, 4, 20;
    %jmp T_10;
    .thread T_10, $push;
    .scope S_0000021e132be0a0;
T_11 ;
    %wait E_0000021e13257170;
    %load/vec4 v0000021e132beed0_0;
    %flag_set/vec4 8;
    %jmp/0xz  T_11.0, 8;
    %load/vec4 v0000021e132bf0b0_0;
    %load/vec4 v0000021e132bf650_0;
    %pad/u 7;
    %ix/vec4 3;
    %ix/load 4, 0, 0; Constant delay
    %assign/vec4/a/d v0000021e132bfdd0, 0, 4;
T_11.0 ;
    %jmp T_11;
    .thread T_11;
    .scope S_0000021e132be550;
T_12 ;
Ewait_8 .event/or E_0000021e13257cb0, E_0x0;
    %wait Ewait_8;
    %load/vec4 v0000021e132bd210_0;
    %dup/vec4;
    %pushi/vec4 0, 0, 3;
    %cmp/u;
    %jmp/1 T_12.1, 6;
    %dup/vec4;
    %pushi/vec4 1, 0, 3;
    %cmp/u;
    %jmp/1 T_12.2, 6;
    %dup/vec4;
    %pushi/vec4 2, 0, 3;
    %cmp/u;
    %jmp/1 T_12.3, 6;
    %dup/vec4;
    %pushi/vec4 3, 0, 3;
    %cmp/u;
    %jmp/1 T_12.4, 6;
    %dup/vec4;
    %pushi/vec4 4, 0, 3;
    %cmp/u;
    %jmp/1 T_12.5, 6;
    %dup/vec4;
    %pushi/vec4 5, 0, 3;
    %cmp/u;
    %jmp/1 T_12.6, 6;
    %load/vec4 v0000021e132bd670_0;
    %load/vec4 v0000021e132bba50_0;
    %add;
    %store/vec4 v0000021e132bbeb0_0, 0, 32;
    %jmp T_12.7;
T_12.1 ;
    %load/vec4 v0000021e132bd670_0;
    %load/vec4 v0000021e132bba50_0;
    %add;
    %store/vec4 v0000021e132bbeb0_0, 0, 32;
    %jmp T_12.7;
T_12.2 ;
    %load/vec4 v0000021e132bd670_0;
    %load/vec4 v0000021e132bba50_0;
    %or;
    %store/vec4 v0000021e132bbeb0_0, 0, 32;
    %jmp T_12.7;
T_12.3 ;
    %load/vec4 v0000021e132bd670_0;
    %load/vec4 v0000021e132bba50_0;
    %parti/s 5, 0, 2;
    %ix/vec4 4;
    %shiftr 4;
    %store/vec4 v0000021e132bbeb0_0, 0, 32;
    %jmp T_12.7;
T_12.4 ;
    %load/vec4 v0000021e132bd670_0;
    %load/vec4 v0000021e132bba50_0;
    %cmp/u;
    %flag_mov 8, 5;
    %jmp/0 T_12.8, 8;
    %pushi/vec4 1, 0, 32;
    %jmp/1 T_12.9, 8;
T_12.8 ; End of true expr.
    %pushi/vec4 0, 0, 32;
    %jmp/0 T_12.9, 8;
 ; End of false expr.
    %blend;
T_12.9;
    %store/vec4 v0000021e132bbeb0_0, 0, 32;
    %jmp T_12.7;
T_12.5 ;
    %load/vec4 v0000021e132bd670_0;
    %load/vec4 v0000021e132bba50_0;
    %sub;
    %store/vec4 v0000021e132bbeb0_0, 0, 32;
    %jmp T_12.7;
T_12.6 ;
    %load/vec4 v0000021e132bd670_0;
    %load/vec4 v0000021e132bba50_0;
    %mul;
    %store/vec4 v0000021e132bbeb0_0, 0, 32;
    %jmp T_12.7;
T_12.7 ;
    %pop/vec4 1;
    %jmp T_12;
    .thread T_12, $push;
    .scope S_0000021e132bdf10;
T_13 ;
Ewait_9 .event/or E_0000021e132587b0, E_0x0;
    %wait Ewait_9;
    %pushi/vec4 0, 0, 1;
    %store/vec4 v0000021e132bf470_0, 0, 1;
    %pushi/vec4 0, 0, 1;
    %store/vec4 v0000021e132c27e0_0, 0, 1;
    %pushi/vec4 0, 0, 1;
    %store/vec4 v0000021e132c1a20_0, 0, 1;
    %pushi/vec4 0, 0, 1;
    %store/vec4 v0000021e132bf330_0, 0, 1;
    %pushi/vec4 0, 0, 1;
    %store/vec4 v0000021e132c0a80_0, 0, 1;
    %pushi/vec4 0, 0, 3;
    %store/vec4 v0000021e132bf6f0_0, 0, 3;
    %load/vec4 v0000021e132c1ac0_0;
    %load/vec4 v0000021e132c2740_0;
    %concat/vec4; draw_concat_vec4
    %load/vec4 v0000021e132c1c00_0;
    %concat/vec4; draw_concat_vec4
    %dup/vec4;
    %pushi/vec4 51, 0, 17;
    %cmp/z;
    %jmp/1 T_13.0, 4;
    %dup/vec4;
    %pushi/vec4 819, 0, 17;
    %cmp/z;
    %jmp/1 T_13.1, 4;
    %dup/vec4;
    %pushi/vec4 691, 0, 17;
    %cmp/z;
    %jmp/1 T_13.2, 4;
    %dup/vec4;
    %pushi/vec4 435, 0, 17;
    %cmp/z;
    %jmp/1 T_13.3, 4;
    %dup/vec4;
    %pushi/vec4 32819, 0, 17;
    %cmp/z;
    %jmp/1 T_13.4, 4;
    %dup/vec4;
    %pushi/vec4 1075, 0, 17;
    %cmp/z;
    %jmp/1 T_13.5, 4;
    %dup/vec4;
    %pushi/vec4 19, 130048, 17;
    %cmp/z;
    %jmp/1 T_13.6, 4;
    %dup/vec4;
    %pushi/vec4 55, 130944, 17;
    %cmp/z;
    %jmp/1 T_13.7, 4;
    %dup/vec4;
    %pushi/vec4 99, 130048, 17;
    %cmp/z;
    %jmp/1 T_13.8, 4;
    %dup/vec4;
    %pushi/vec4 227, 130048, 17;
    %cmp/z;
    %jmp/1 T_13.9, 4;
    %jmp T_13.10;
T_13.0 ;
    %pushi/vec4 1, 0, 1;
    %store/vec4 v0000021e132c1a20_0, 0, 1;
    %pushi/vec4 0, 0, 3;
    %store/vec4 v0000021e132bf6f0_0, 0, 3;
    %jmp T_13.10;
T_13.1 ;
    %pushi/vec4 1, 0, 1;
    %store/vec4 v0000021e132c1a20_0, 0, 1;
    %pushi/vec4 1, 0, 3;
    %store/vec4 v0000021e132bf6f0_0, 0, 3;
    %jmp T_13.10;
T_13.2 ;
    %pushi/vec4 1, 0, 1;
    %store/vec4 v0000021e132c1a20_0, 0, 1;
    %pushi/vec4 2, 0, 3;
    %store/vec4 v0000021e132bf6f0_0, 0, 3;
    %jmp T_13.10;
T_13.3 ;
    %pushi/vec4 1, 0, 1;
    %store/vec4 v0000021e132c1a20_0, 0, 1;
    %pushi/vec4 3, 0, 3;
    %store/vec4 v0000021e132bf6f0_0, 0, 3;
    %jmp T_13.10;
T_13.4 ;
    %pushi/vec4 1, 0, 1;
    %store/vec4 v0000021e132c1a20_0, 0, 1;
    %pushi/vec4 4, 0, 3;
    %store/vec4 v0000021e132bf6f0_0, 0, 3;
    %jmp T_13.10;
T_13.5 ;
    %pushi/vec4 1, 0, 1;
    %store/vec4 v0000021e132c1a20_0, 0, 1;
    %pushi/vec4 5, 0, 3;
    %store/vec4 v0000021e132bf6f0_0, 0, 3;
    %jmp T_13.10;
T_13.6 ;
    %pushi/vec4 1, 0, 1;
    %store/vec4 v0000021e132c1a20_0, 0, 1;
    %pushi/vec4 1, 0, 1;
    %store/vec4 v0000021e132bf330_0, 0, 1;
    %pushi/vec4 0, 0, 3;
    %store/vec4 v0000021e132bf6f0_0, 0, 3;
    %jmp T_13.10;
T_13.7 ;
    %pushi/vec4 1, 0, 1;
    %store/vec4 v0000021e132c1a20_0, 0, 1;
    %pushi/vec4 1, 0, 1;
    %store/vec4 v0000021e132c0a80_0, 0, 1;
    %jmp T_13.10;
T_13.8 ;
    %pushi/vec4 1, 0, 1;
    %store/vec4 v0000021e132bf470_0, 0, 1;
    %pushi/vec4 1, 0, 1;
    %store/vec4 v0000021e132c27e0_0, 0, 1;
    %pushi/vec4 4, 0, 3;
    %store/vec4 v0000021e132bf6f0_0, 0, 3;
    %jmp T_13.10;
T_13.9 ;
    %pushi/vec4 1, 0, 1;
    %store/vec4 v0000021e132bf470_0, 0, 1;
    %pushi/vec4 4, 0, 3;
    %store/vec4 v0000021e132bf6f0_0, 0, 3;
    %jmp T_13.10;
T_13.10 ;
    %pop/vec4 1;
    %jmp T_13;
    .thread T_13, $push;
    .scope S_0000021e132c88e0;
T_14 ;
    %wait E_0000021e13257170;
    %load/vec4 v0000021e132caea0_0;
    %flag_set/vec4 8;
    %jmp/0xz  T_14.0, 8;
    %load/vec4 v0000021e132c9780_0;
    %assign/vec4 v0000021e132ca0e0_0, 0;
    %jmp T_14.1;
T_14.0 ;
    %load/vec4 v0000021e132c35d0_0;
    %flag_set/vec4 8;
    %jmp/0xz  T_14.2, 8;
    %load/vec4 v0000021e132c32b0_0;
    %assign/vec4 v0000021e132ca0e0_0, 0;
T_14.2 ;
T_14.1 ;
    %jmp T_14;
    .thread T_14;
    .scope S_0000021e132bdbf0;
T_15 ;
Ewait_10 .event/or E_0000021e13257eb0, E_0x0;
    %wait Ewait_10;
    %load/vec4 v0000021e132c2ef0_0;
    %parti/s 11, 20, 6;
    %ix/load 4, 0, 0;
    %flag_set/imm 4, 0;
    %store/vec4 v0000021e132c2b30_0, 4, 11;
    %load/vec4 v0000021e132c2ef0_0;
    %parti/s 1, 31, 6;
    %replicate 21;
    %ix/load 4, 11, 0;
    %flag_set/imm 4, 0;
    %store/vec4 v0000021e132c2b30_0, 4, 21;
    %jmp T_15;
    .thread T_15, $push;
    .scope S_0000021e132bdbf0;
T_16 ;
Ewait_11 .event/or E_0000021e13257d70, E_0x0;
    %wait Ewait_11;
    %pushi/vec4 0, 0, 1;
    %ix/load 4, 0, 0;
    %flag_set/imm 4, 0;
    %store/vec4 v0000021e132c2c70_0, 4, 1;
    %load/vec4 v0000021e132c2ef0_0;
    %parti/s 4, 8, 5;
    %ix/load 4, 1, 0;
    %flag_set/imm 4, 0;
    %store/vec4 v0000021e132c2c70_0, 4, 4;
    %load/vec4 v0000021e132c2ef0_0;
    %parti/s 6, 25, 6;
    %ix/load 4, 5, 0;
    %flag_set/imm 4, 0;
    %store/vec4 v0000021e132c2c70_0, 4, 6;
    %load/vec4 v0000021e132c2ef0_0;
    %parti/s 1, 7, 4;
    %ix/load 4, 11, 0;
    %flag_set/imm 4, 0;
    %store/vec4 v0000021e132c2c70_0, 4, 1;
    %load/vec4 v0000021e132c2ef0_0;
    %parti/s 1, 31, 6;
    %replicate 20;
    %ix/load 4, 12, 0;
    %flag_set/imm 4, 0;
    %store/vec4 v0000021e132c2c70_0, 4, 20;
    %jmp T_16;
    .thread T_16, $push;
    .scope S_0000021e132bdbf0;
T_17 ;
Ewait_12 .event/or E_0000021e13258870, E_0x0;
    %wait Ewait_12;
    %pushi/vec4 0, 0, 12;
    %ix/load 4, 0, 0;
    %flag_set/imm 4, 0;
    %store/vec4 v0000021e132c2d10_0, 4, 12;
    %load/vec4 v0000021e132c2ef0_0;
    %parti/s 20, 12, 5;
    %ix/load 4, 12, 0;
    %flag_set/imm 4, 0;
    %store/vec4 v0000021e132c2d10_0, 4, 20;
    %jmp T_17;
    .thread T_17, $push;
    .scope S_0000021e132be3c0;
T_18 ;
    %wait E_0000021e13257170;
    %load/vec4 v0000021e132c4390_0;
    %flag_set/vec4 8;
    %jmp/0xz  T_18.0, 8;
    %load/vec4 v0000021e132c3990_0;
    %load/vec4 v0000021e132c4930_0;
    %pad/u 7;
    %ix/vec4 3;
    %ix/load 4, 0, 0; Constant delay
    %assign/vec4/a/d v0000021e132c4570, 0, 4;
T_18.0 ;
    %jmp T_18;
    .thread T_18;
    .scope S_0000021e132be230;
T_19 ;
Ewait_13 .event/or E_0000021e13258430, E_0x0;
    %wait Ewait_13;
    %load/vec4 v0000021e132c2100_0;
    %dup/vec4;
    %pushi/vec4 0, 0, 3;
    %cmp/u;
    %jmp/1 T_19.1, 6;
    %dup/vec4;
    %pushi/vec4 1, 0, 3;
    %cmp/u;
    %jmp/1 T_19.2, 6;
    %dup/vec4;
    %pushi/vec4 2, 0, 3;
    %cmp/u;
    %jmp/1 T_19.3, 6;
    %dup/vec4;
    %pushi/vec4 3, 0, 3;
    %cmp/u;
    %jmp/1 T_19.4, 6;
    %dup/vec4;
    %pushi/vec4 4, 0, 3;
    %cmp/u;
    %jmp/1 T_19.5, 6;
    %dup/vec4;
    %pushi/vec4 5, 0, 3;
    %cmp/u;
    %jmp/1 T_19.6, 6;
    %load/vec4 v0000021e132c2920_0;
    %load/vec4 v0000021e132c3530_0;
    %add;
    %store/vec4 v0000021e132c21a0_0, 0, 32;
    %jmp T_19.7;
T_19.1 ;
    %load/vec4 v0000021e132c2920_0;
    %load/vec4 v0000021e132c3530_0;
    %add;
    %store/vec4 v0000021e132c21a0_0, 0, 32;
    %jmp T_19.7;
T_19.2 ;
    %load/vec4 v0000021e132c2920_0;
    %load/vec4 v0000021e132c3530_0;
    %or;
    %store/vec4 v0000021e132c21a0_0, 0, 32;
    %jmp T_19.7;
T_19.3 ;
    %load/vec4 v0000021e132c2920_0;
    %load/vec4 v0000021e132c3530_0;
    %parti/s 5, 0, 2;
    %ix/vec4 4;
    %shiftr 4;
    %store/vec4 v0000021e132c21a0_0, 0, 32;
    %jmp T_19.7;
T_19.4 ;
    %load/vec4 v0000021e132c2920_0;
    %load/vec4 v0000021e132c3530_0;
    %cmp/u;
    %flag_mov 8, 5;
    %jmp/0 T_19.8, 8;
    %pushi/vec4 1, 0, 32;
    %jmp/1 T_19.9, 8;
T_19.8 ; End of true expr.
    %pushi/vec4 0, 0, 32;
    %jmp/0 T_19.9, 8;
 ; End of false expr.
    %blend;
T_19.9;
    %store/vec4 v0000021e132c21a0_0, 0, 32;
    %jmp T_19.7;
T_19.5 ;
    %load/vec4 v0000021e132c2920_0;
    %load/vec4 v0000021e132c3530_0;
    %sub;
    %store/vec4 v0000021e132c21a0_0, 0, 32;
    %jmp T_19.7;
T_19.6 ;
    %load/vec4 v0000021e132c2920_0;
    %load/vec4 v0000021e132c3530_0;
    %mul;
    %store/vec4 v0000021e132c21a0_0, 0, 32;
    %jmp T_19.7;
T_19.7 ;
    %pop/vec4 1;
    %jmp T_19;
    .thread T_19, $push;
    .scope S_0000021e132c7490;
T_20 ;
Ewait_14 .event/or E_0000021e13258130, E_0x0;
    %wait Ewait_14;
    %pushi/vec4 0, 0, 1;
    %store/vec4 v0000021e132c8ce0_0, 0, 1;
    %pushi/vec4 0, 0, 1;
    %store/vec4 v0000021e132c9960_0, 0, 1;
    %pushi/vec4 0, 0, 1;
    %store/vec4 v0000021e132ca180_0, 0, 1;
    %pushi/vec4 0, 0, 1;
    %store/vec4 v0000021e132cb080_0, 0, 1;
    %pushi/vec4 0, 0, 1;
    %store/vec4 v0000021e132ca2c0_0, 0, 1;
    %pushi/vec4 0, 0, 3;
    %store/vec4 v0000021e132c9d20_0, 0, 3;
    %load/vec4 v0000021e132c8d80_0;
    %load/vec4 v0000021e132ca360_0;
    %concat/vec4; draw_concat_vec4
    %load/vec4 v0000021e132c8ec0_0;
    %concat/vec4; draw_concat_vec4
    %dup/vec4;
    %pushi/vec4 51, 0, 17;
    %cmp/z;
    %jmp/1 T_20.0, 4;
    %dup/vec4;
    %pushi/vec4 819, 0, 17;
    %cmp/z;
    %jmp/1 T_20.1, 4;
    %dup/vec4;
    %pushi/vec4 691, 0, 17;
    %cmp/z;
    %jmp/1 T_20.2, 4;
    %dup/vec4;
    %pushi/vec4 435, 0, 17;
    %cmp/z;
    %jmp/1 T_20.3, 4;
    %dup/vec4;
    %pushi/vec4 32819, 0, 17;
    %cmp/z;
    %jmp/1 T_20.4, 4;
    %dup/vec4;
    %pushi/vec4 1075, 0, 17;
    %cmp/z;
    %jmp/1 T_20.5, 4;
    %dup/vec4;
    %pushi/vec4 19, 130048, 17;
    %cmp/z;
    %jmp/1 T_20.6, 4;
    %dup/vec4;
    %pushi/vec4 55, 130944, 17;
    %cmp/z;
    %jmp/1 T_20.7, 4;
    %dup/vec4;
    %pushi/vec4 99, 130048, 17;
    %cmp/z;
    %jmp/1 T_20.8, 4;
    %dup/vec4;
    %pushi/vec4 227, 130048, 17;
    %cmp/z;
    %jmp/1 T_20.9, 4;
    %jmp T_20.10;
T_20.0 ;
    %pushi/vec4 1, 0, 1;
    %store/vec4 v0000021e132ca180_0, 0, 1;
    %pushi/vec4 0, 0, 3;
    %store/vec4 v0000021e132c9d20_0, 0, 3;
    %jmp T_20.10;
T_20.1 ;
    %pushi/vec4 1, 0, 1;
    %store/vec4 v0000021e132ca180_0, 0, 1;
    %pushi/vec4 1, 0, 3;
    %store/vec4 v0000021e132c9d20_0, 0, 3;
    %jmp T_20.10;
T_20.2 ;
    %pushi/vec4 1, 0, 1;
    %store/vec4 v0000021e132ca180_0, 0, 1;
    %pushi/vec4 2, 0, 3;
    %store/vec4 v0000021e132c9d20_0, 0, 3;
    %jmp T_20.10;
T_20.3 ;
    %pushi/vec4 1, 0, 1;
    %store/vec4 v0000021e132ca180_0, 0, 1;
    %pushi/vec4 3, 0, 3;
    %store/vec4 v0000021e132c9d20_0, 0, 3;
    %jmp T_20.10;
T_20.4 ;
    %pushi/vec4 1, 0, 1;
    %store/vec4 v0000021e132ca180_0, 0, 1;
    %pushi/vec4 4, 0, 3;
    %store/vec4 v0000021e132c9d20_0, 0, 3;
    %jmp T_20.10;
T_20.5 ;
    %pushi/vec4 1, 0, 1;
    %store/vec4 v0000021e132ca180_0, 0, 1;
    %pushi/vec4 5, 0, 3;
    %store/vec4 v0000021e132c9d20_0, 0, 3;
    %jmp T_20.10;
T_20.6 ;
    %pushi/vec4 1, 0, 1;
    %store/vec4 v0000021e132ca180_0, 0, 1;
    %pushi/vec4 1, 0, 1;
    %store/vec4 v0000021e132cb080_0, 0, 1;
    %pushi/vec4 0, 0, 3;
    %store/vec4 v0000021e132c9d20_0, 0, 3;
    %jmp T_20.10;
T_20.7 ;
    %pushi/vec4 1, 0, 1;
    %store/vec4 v0000021e132ca180_0, 0, 1;
    %pushi/vec4 1, 0, 1;
    %store/vec4 v0000021e132ca2c0_0, 0, 1;
    %jmp T_20.10;
T_20.8 ;
    %pushi/vec4 1, 0, 1;
    %store/vec4 v0000021e132c8ce0_0, 0, 1;
    %pushi/vec4 1, 0, 1;
    %store/vec4 v0000021e132c9960_0, 0, 1;
    %pushi/vec4 4, 0, 3;
    %store/vec4 v0000021e132c9d20_0, 0, 3;
    %jmp T_20.10;
T_20.9 ;
    %pushi/vec4 1, 0, 1;
    %store/vec4 v0000021e132c8ce0_0, 0, 1;
    %pushi/vec4 4, 0, 3;
    %store/vec4 v0000021e132c9d20_0, 0, 3;
    %jmp T_20.10;
T_20.10 ;
    %pop/vec4 1;
    %jmp T_20;
    .thread T_20, $push;
    .scope S_0000021e131d76b0;
T_21 ;
Ewait_15 .event/or E_0000021e13257270, E_0x0;
    %wait Ewait_15;
    %load/vec4 v0000021e13252e40_0;
    %dup/vec4;
    %pushi/vec4 0, 0, 3;
    %cmp/u;
    %jmp/1 T_21.0, 6;
    %dup/vec4;
    %pushi/vec4 1, 0, 3;
    %cmp/u;
    %jmp/1 T_21.1, 6;
    %dup/vec4;
    %pushi/vec4 2, 0, 3;
    %cmp/u;
    %jmp/1 T_21.2, 6;
    %dup/vec4;
    %pushi/vec4 3, 0, 3;
    %cmp/u;
    %jmp/1 T_21.3, 6;
    %dup/vec4;
    %pushi/vec4 4, 0, 3;
    %cmp/u;
    %jmp/1 T_21.4, 6;
    %dup/vec4;
    %pushi/vec4 5, 0, 3;
    %cmp/u;
    %jmp/1 T_21.5, 6;
    %dup/vec4;
    %pushi/vec4 6, 0, 3;
    %cmp/u;
    %jmp/1 T_21.6, 6;
    %dup/vec4;
    %pushi/vec4 7, 0, 3;
    %cmp/u;
    %jmp/1 T_21.7, 6;
    %jmp T_21.8;
T_21.0 ;
    %load/vec4 v0000021e13252f80_0;
    %store/vec4 v0000021e13253d40_0, 0, 8;
    %jmp T_21.8;
T_21.1 ;
    %load/vec4 v0000021e13252f80_0;
    %parti/s 1, 0, 2;
    %load/vec4 v0000021e13252f80_0;
    %parti/s 7, 1, 2;
    %concat/vec4; draw_concat_vec4
    %store/vec4 v0000021e13253d40_0, 0, 8;
    %jmp T_21.8;
T_21.2 ;
    %load/vec4 v0000021e13252f80_0;
    %parti/s 2, 0, 2;
    %load/vec4 v0000021e13252f80_0;
    %parti/s 6, 2, 3;
    %concat/vec4; draw_concat_vec4
    %store/vec4 v0000021e13253d40_0, 0, 8;
    %jmp T_21.8;
T_21.3 ;
    %load/vec4 v0000021e13252f80_0;
    %parti/s 3, 0, 2;
    %load/vec4 v0000021e13252f80_0;
    %parti/s 5, 3, 3;
    %concat/vec4; draw_concat_vec4
    %store/vec4 v0000021e13253d40_0, 0, 8;
    %jmp T_21.8;
T_21.4 ;
    %load/vec4 v0000021e13252f80_0;
    %parti/s 4, 0, 2;
    %load/vec4 v0000021e13252f80_0;
    %parti/s 4, 4, 4;
    %concat/vec4; draw_concat_vec4
    %store/vec4 v0000021e13253d40_0, 0, 8;
    %jmp T_21.8;
T_21.5 ;
    %load/vec4 v0000021e13252f80_0;
    %parti/s 5, 0, 2;
    %load/vec4 v0000021e13252f80_0;
    %parti/s 3, 5, 4;
    %concat/vec4; draw_concat_vec4
    %store/vec4 v0000021e13253d40_0, 0, 8;
    %jmp T_21.8;
T_21.6 ;
    %load/vec4 v0000021e13252f80_0;
    %parti/s 6, 0, 2;
    %load/vec4 v0000021e13252f80_0;
    %parti/s 2, 6, 4;
    %concat/vec4; draw_concat_vec4
    %store/vec4 v0000021e13253d40_0, 0, 8;
    %jmp T_21.8;
T_21.7 ;
    %load/vec4 v0000021e13252f80_0;
    %parti/s 7, 0, 2;
    %load/vec4 v0000021e13252f80_0;
    %parti/s 1, 7, 4;
    %concat/vec4; draw_concat_vec4
    %store/vec4 v0000021e13253d40_0, 0, 8;
    %jmp T_21.8;
T_21.8 ;
    %pop/vec4 1;
    %jmp T_21;
    .thread T_21, $push;
    .scope S_0000021e131d76b0;
T_22 ;
Ewait_16 .event/or E_0000021e132571b0, E_0x0;
    %wait Ewait_16;
    %load/vec4 v0000021e13253d40_0;
    %dup/vec4;
    %pushi/vec4 1, 254, 8;
    %cmp/z;
    %jmp/1 T_22.0, 4;
    %dup/vec4;
    %pushi/vec4 2, 252, 8;
    %cmp/z;
    %jmp/1 T_22.1, 4;
    %dup/vec4;
    %pushi/vec4 4, 248, 8;
    %cmp/z;
    %jmp/1 T_22.2, 4;
    %dup/vec4;
    %pushi/vec4 8, 240, 8;
    %cmp/z;
    %jmp/1 T_22.3, 4;
    %dup/vec4;
    %pushi/vec4 16, 224, 8;
    %cmp/z;
    %jmp/1 T_22.4, 4;
    %dup/vec4;
    %pushi/vec4 32, 192, 8;
    %cmp/z;
    %jmp/1 T_22.5, 4;
    %dup/vec4;
    %pushi/vec4 64, 128, 8;
    %cmp/z;
    %jmp/1 T_22.6, 4;
    %dup/vec4;
    %pushi/vec4 128, 0, 8;
    %cmp/z;
    %jmp/1 T_22.7, 4;
    %dup/vec4;
    %pushi/vec4 0, 0, 8;
    %cmp/z;
    %jmp/1 T_22.8, 4;
    %jmp T_22.9;
T_22.0 ;
    %pushi/vec4 1, 0, 8;
    %store/vec4 v0000021e13253f20_0, 0, 8;
    %jmp T_22.9;
T_22.1 ;
    %pushi/vec4 2, 0, 8;
    %store/vec4 v0000021e13253f20_0, 0, 8;
    %jmp T_22.9;
T_22.2 ;
    %pushi/vec4 4, 0, 8;
    %store/vec4 v0000021e13253f20_0, 0, 8;
    %jmp T_22.9;
T_22.3 ;
    %pushi/vec4 8, 0, 8;
    %store/vec4 v0000021e13253f20_0, 0, 8;
    %jmp T_22.9;
T_22.4 ;
    %pushi/vec4 16, 0, 8;
    %store/vec4 v0000021e13253f20_0, 0, 8;
    %jmp T_22.9;
T_22.5 ;
    %pushi/vec4 32, 0, 8;
    %store/vec4 v0000021e13253f20_0, 0, 8;
    %jmp T_22.9;
T_22.6 ;
    %pushi/vec4 64, 0, 8;
    %store/vec4 v0000021e13253f20_0, 0, 8;
    %jmp T_22.9;
T_22.7 ;
    %pushi/vec4 128, 0, 8;
    %store/vec4 v0000021e13253f20_0, 0, 8;
    %jmp T_22.9;
T_22.8 ;
    %pushi/vec4 0, 0, 8;
    %store/vec4 v0000021e13253f20_0, 0, 8;
    %jmp T_22.9;
T_22.9 ;
    %pop/vec4 1;
    %jmp T_22;
    .thread T_22, $push;
    .scope S_0000021e131d76b0;
T_23 ;
Ewait_17 .event/or E_0000021e13257a30, E_0x0;
    %wait Ewait_17;
    %load/vec4 v0000021e13252e40_0;
    %dup/vec4;
    %pushi/vec4 0, 0, 3;
    %cmp/u;
    %jmp/1 T_23.0, 6;
    %dup/vec4;
    %pushi/vec4 1, 0, 3;
    %cmp/u;
    %jmp/1 T_23.1, 6;
    %dup/vec4;
    %pushi/vec4 2, 0, 3;
    %cmp/u;
    %jmp/1 T_23.2, 6;
    %dup/vec4;
    %pushi/vec4 3, 0, 3;
    %cmp/u;
    %jmp/1 T_23.3, 6;
    %dup/vec4;
    %pushi/vec4 4, 0, 3;
    %cmp/u;
    %jmp/1 T_23.4, 6;
    %dup/vec4;
    %pushi/vec4 5, 0, 3;
    %cmp/u;
    %jmp/1 T_23.5, 6;
    %dup/vec4;
    %pushi/vec4 6, 0, 3;
    %cmp/u;
    %jmp/1 T_23.6, 6;
    %dup/vec4;
    %pushi/vec4 7, 0, 3;
    %cmp/u;
    %jmp/1 T_23.7, 6;
    %jmp T_23.8;
T_23.0 ;
    %load/vec4 v0000021e13253f20_0;
    %store/vec4 v0000021e13253c00_0, 0, 8;
    %jmp T_23.8;
T_23.1 ;
    %load/vec4 v0000021e13253f20_0;
    %parti/s 7, 0, 2;
    %load/vec4 v0000021e13253f20_0;
    %parti/s 1, 7, 4;
    %concat/vec4; draw_concat_vec4
    %store/vec4 v0000021e13253c00_0, 0, 8;
    %jmp T_23.8;
T_23.2 ;
    %load/vec4 v0000021e13253f20_0;
    %parti/s 6, 0, 2;
    %load/vec4 v0000021e13253f20_0;
    %parti/s 2, 6, 4;
    %concat/vec4; draw_concat_vec4
    %store/vec4 v0000021e13253c00_0, 0, 8;
    %jmp T_23.8;
T_23.3 ;
    %load/vec4 v0000021e13253f20_0;
    %parti/s 5, 0, 2;
    %load/vec4 v0000021e13253f20_0;
    %parti/s 3, 5, 4;
    %concat/vec4; draw_concat_vec4
    %store/vec4 v0000021e13253c00_0, 0, 8;
    %jmp T_23.8;
T_23.4 ;
    %load/vec4 v0000021e13253f20_0;
    %parti/s 4, 0, 2;
    %load/vec4 v0000021e13253f20_0;
    %parti/s 4, 4, 4;
    %concat/vec4; draw_concat_vec4
    %store/vec4 v0000021e13253c00_0, 0, 8;
    %jmp T_23.8;
T_23.5 ;
    %load/vec4 v0000021e13253f20_0;
    %parti/s 3, 0, 2;
    %load/vec4 v0000021e13253f20_0;
    %parti/s 5, 3, 3;
    %concat/vec4; draw_concat_vec4
    %store/vec4 v0000021e13253c00_0, 0, 8;
    %jmp T_23.8;
T_23.6 ;
    %load/vec4 v0000021e13253f20_0;
    %parti/s 2, 0, 2;
    %load/vec4 v0000021e13253f20_0;
    %parti/s 6, 2, 3;
    %concat/vec4; draw_concat_vec4
    %store/vec4 v0000021e13253c00_0, 0, 8;
    %jmp T_23.8;
T_23.7 ;
    %load/vec4 v0000021e13253f20_0;
    %parti/s 1, 0, 2;
    %load/vec4 v0000021e13253f20_0;
    %parti/s 7, 1, 2;
    %concat/vec4; draw_concat_vec4
    %store/vec4 v0000021e13253c00_0, 0, 8;
    %jmp T_23.8;
T_23.8 ;
    %pop/vec4 1;
    %jmp T_23;
    .thread T_23, $push;
    .scope S_0000021e131d76b0;
T_24 ;
    %wait E_0000021e13257170;
    %load/vec4 v0000021e13253ca0_0;
    %flag_set/vec4 8;
    %jmp/0xz  T_24.0, 8;
    %pushi/vec4 0, 0, 3;
    %assign/vec4 v0000021e13252e40_0, 0;
    %jmp T_24.1;
T_24.0 ;
    %pushi/vec4 1, 0, 1;
    %dup/vec4;
    %load/vec4 v0000021e13253c00_0;
    %parti/s 1, 0, 2;
    %cmp/u;
    %jmp/1 T_24.2, 6;
    %dup/vec4;
    %load/vec4 v0000021e13253c00_0;
    %parti/s 1, 1, 2;
    %cmp/u;
    %jmp/1 T_24.3, 6;
    %dup/vec4;
    %load/vec4 v0000021e13253c00_0;
    %parti/s 1, 2, 3;
    %cmp/u;
    %jmp/1 T_24.4, 6;
    %dup/vec4;
    %load/vec4 v0000021e13253c00_0;
    %parti/s 1, 3, 3;
    %cmp/u;
    %jmp/1 T_24.5, 6;
    %dup/vec4;
    %load/vec4 v0000021e13253c00_0;
    %parti/s 1, 4, 4;
    %cmp/u;
    %jmp/1 T_24.6, 6;
    %dup/vec4;
    %load/vec4 v0000021e13253c00_0;
    %parti/s 1, 5, 4;
    %cmp/u;
    %jmp/1 T_24.7, 6;
    %dup/vec4;
    %load/vec4 v0000021e13253c00_0;
    %parti/s 1, 6, 4;
    %cmp/u;
    %jmp/1 T_24.8, 6;
    %dup/vec4;
    %load/vec4 v0000021e13253c00_0;
    %parti/s 1, 7, 4;
    %cmp/u;
    %jmp/1 T_24.9, 6;
    %jmp T_24.10;
T_24.2 ;
    %pushi/vec4 1, 0, 3;
    %assign/vec4 v0000021e13252e40_0, 0;
    %jmp T_24.10;
T_24.3 ;
    %pushi/vec4 2, 0, 3;
    %assign/vec4 v0000021e13252e40_0, 0;
    %jmp T_24.10;
T_24.4 ;
    %pushi/vec4 3, 0, 3;
    %assign/vec4 v0000021e13252e40_0, 0;
    %jmp T_24.10;
T_24.5 ;
    %pushi/vec4 4, 0, 3;
    %assign/vec4 v0000021e13252e40_0, 0;
    %jmp T_24.10;
T_24.6 ;
    %pushi/vec4 5, 0, 3;
    %assign/vec4 v0000021e13252e40_0, 0;
    %jmp T_24.10;
T_24.7 ;
    %pushi/vec4 6, 0, 3;
    %assign/vec4 v0000021e13252e40_0, 0;
    %jmp T_24.10;
T_24.8 ;
    %pushi/vec4 7, 0, 3;
    %assign/vec4 v0000021e13252e40_0, 0;
    %jmp T_24.10;
T_24.9 ;
    %pushi/vec4 0, 0, 3;
    %assign/vec4 v0000021e13252e40_0, 0;
    %jmp T_24.10;
T_24.10 ;
    %pop/vec4 1;
T_24.1 ;
    %jmp T_24;
    .thread T_24;
    .scope S_0000021e132c7170;
T_25 ;
    %vpi_call/w 12 25 "$readmemh", "program.hex", v0000021e132cb1c0 {0 0 0};
    %end;
    .thread T_25;
    .scope S_0000021e131e0c20;
T_26 ;
Ewait_18 .event/or E_0000021e132573f0, E_0x0;
    %wait Ewait_18;
    %pushi/vec4 0, 0, 32;
    %store/vec4 v0000021e132cc8e0_0, 0, 32;
    %fork t_1, S_0000021e131e0db0;
    %jmp t_0;
    .scope S_0000021e131e0db0;
t_1 ;
    %pushi/vec4 0, 0, 32;
    %store/vec4 v0000021e13254600_0, 0, 32;
T_26.0 ;
    %load/vec4 v0000021e13254600_0;
    %cmpi/s 3, 0, 32;
    %jmp/0xz T_26.1, 5;
    %load/vec4 v0000021e132c9640_0;
    %load/vec4 v0000021e13254600_0;
    %part/s 1;
    %flag_set/vec4 8;
    %jmp/0xz  T_26.2, 8;
    %load/vec4 v0000021e132c96e0_0;
    %load/vec4 v0000021e13254600_0;
    %pad/s 37;
    %muli 32, 0, 37;
    %part/s 32;
    %store/vec4 v0000021e132cc8e0_0, 0, 32;
T_26.2 ;
    ; show_stmt_assign_vector: Get l-value for compressed += operand
    %load/vec4 v0000021e13254600_0;
    %pushi/vec4 1, 0, 32;
    %add;
    %cast2;
    %store/vec4 v0000021e13254600_0, 0, 32;
    %jmp T_26.0;
T_26.1 ;
    %end;
    .scope S_0000021e131e0c20;
t_0 %join;
    %jmp T_26;
    .thread T_26, $push;
    .scope S_0000021e13266db0;
T_27 ;
    %pushi/vec4 0, 0, 32;
    %store/vec4 v0000021e132cba80_0, 0, 32;
    %end;
    .thread T_27, $init;
    .scope S_0000021e13266db0;
T_28 ;
    %wait E_0000021e13257170;
    %fork t_3, S_0000021e131e42a0;
    %jmp t_2;
    .scope S_0000021e131e42a0;
t_3 ;
    %pushi/vec4 0, 0, 32;
    %store/vec4 v0000021e13253a20_0, 0, 32;
T_28.0 ;
    %load/vec4 v0000021e13253a20_0;
    %cmpi/s 3, 0, 32;
    %jmp/0xz T_28.1, 5;
    %load/vec4 v0000021e13253a20_0;
    %cmpi/s 1, 0, 32;
    %flag_or 5, 4;
    %flag_get/vec4 5;
    %jmp/0 T_28.5, 5;
    %load/vec4 v0000021e132cc700_0;
    %load/vec4 v0000021e13253a20_0;
    %pad/s 37;
    %muli 32, 0, 37;
    %part/s 32;
    %pushi/vec4 2178309, 0, 32;
    %cmp/e;
    %flag_get/vec4 4;
    %and;
T_28.5;
    %flag_set/vec4 8;
    %jmp/1 T_28.4, 8;
    %load/vec4 v0000021e13253a20_0;
    %cmpi/s 1, 0, 32;
    %flag_or 5, 4; GT is !LE
    %flag_inv 5;
    %flag_get/vec4 5;
    %jmp/0 T_28.6, 5;
    %load/vec4 v0000021e132cc700_0;
    %load/vec4 v0000021e13253a20_0;
    %pad/s 37;
    %muli 32, 0, 37;
    %part/s 32;
    %pushi/vec4 479001600, 0, 32;
    %cmp/e;
    %flag_get/vec4 4;
    %and;
T_28.6;
    %flag_set/vec4 9;
    %flag_or 8, 9;
T_28.4;
    %jmp/0xz  T_28.2, 8;
    %pushi/vec4 1, 0, 1;
    %ix/load 5, 0, 0;
    %ix/getv/s 4, v0000021e13253a20_0;
    %assign/vec4/off/d v0000021e132cb580_0, 4, 5;
T_28.2 ;
    ; show_stmt_assign_vector: Get l-value for compressed += operand
    %load/vec4 v0000021e13253a20_0;
    %pushi/vec4 1, 0, 32;
    %add;
    %cast2;
    %store/vec4 v0000021e13253a20_0, 0, 32;
    %jmp T_28.0;
T_28.1 ;
    %end;
    .scope S_0000021e13266db0;
t_2 %join;
    %jmp T_28;
    .thread T_28;
    .scope S_0000021e13266db0;
T_29 ;
    %pushi/vec4 0, 0, 1;
    %store/vec4 v0000021e132cc840_0, 0, 1;
T_29.0 ;
    %delay 5, 0;
    %load/vec4 v0000021e132cc840_0;
    %inv;
    %store/vec4 v0000021e132cc840_0, 0, 1;
    %jmp T_29.0;
    %end;
    .thread T_29;
    .scope S_0000021e13266db0;
T_30 ;
    %pushi/vec4 1, 1, 1;
    %assign/vec4 v0000021e132cc660_0, 0;
    %pushi/vec4 2, 0, 32;
T_30.0 %dup/vec4;
    %pushi/vec4 0, 0, 32;
    %cmp/s;
    %jmp/1xz T_30.1, 5;
    %jmp/1 T_30.1, 4;
    %pushi/vec4 1, 0, 32;
    %sub;
    %wait E_0000021e13257170;
    %jmp T_30.0;
T_30.1 ;
    %pop/vec4 1;
    %pushi/vec4 1, 0, 1;
    %assign/vec4 v0000021e132cc660_0, 0;
    %pushi/vec4 2, 0, 32;
T_30.2 %dup/vec4;
    %pushi/vec4 0, 0, 32;
    %cmp/s;
    %jmp/1xz T_30.3, 5;
    %jmp/1 T_30.3, 4;
    %pushi/vec4 1, 0, 32;
    %sub;
    %wait E_0000021e13257170;
    %jmp T_30.2;
T_30.3 ;
    %pop/vec4 1;
    %pushi/vec4 0, 0, 1;
    %assign/vec4 v0000021e132cc660_0, 0;
    %end;
    .thread T_30;
    .scope S_0000021e13266db0;
T_31 ;
    %wait E_0000021e132570f0;
    %pushi/vec4 1000, 0, 32;
T_31.0 %dup/vec4;
    %pushi/vec4 0, 0, 32;
    %cmp/s;
    %jmp/1xz T_31.1, 5;
    %jmp/1 T_31.1, 4;
    %pushi/vec4 1, 0, 32;
    %sub;
    %wait E_0000021e13257170;
    %load/vec4 v0000021e132cb580_0;
    %and/r;
    %flag_set/vec4 8;
    %jmp/0xz  T_31.2, 8;
    %vpi_call/w 3 108 "$display", "%s PASS", "tb.sv" {0 0 0};
    %vpi_call/w 3 109 "$finish" {0 0 0};
T_31.2 ;
    %jmp T_31.0;
T_31.1 ;
    %pop/vec4 1;
    %vpi_call/w 3 113 "$display", "%s FAIL: the expected register value did not occured with at least some CPUs", "tb.sv" {0 0 0};
    %vpi_call/w 3 116 "$finish" {0 0 0};
    %end;
    .thread T_31;
    .scope S_0000021e13266db0;
T_32 ;
    %wait E_0000021e13257170;
    %vpi_call/w 3 128 "$write", "cycle %5d", v0000021e132cba80_0 {0 0 0};
    %load/vec4 v0000021e132cba80_0;
    %addi 1, 0, 32;
    %cast2;
    %assign/vec4 v0000021e132cba80_0, 0;
    %load/vec4 v0000021e132cc660_0;
    %flag_set/vec4 8;
    %jmp/0xz  T_32.0, 8;
    %vpi_call/w 3 133 "$write", " rst" {0 0 0};
    %jmp T_32.1;
T_32.0 ;
    %vpi_call/w 3 137 "$write", "    " {0 0 0};
T_32.1 ;
    %fork t_5, S_0000021e131e4430;
    %jmp t_4;
    .scope S_0000021e131e4430;
t_5 ;
    %pushi/vec4 0, 0, 32;
    %store/vec4 v0000021e13253ac0_0, 0, 32;
T_32.2 ;
    %load/vec4 v0000021e13253ac0_0;
    %cmpi/s 3, 0, 32;
    %jmp/0xz T_32.3, 5;
    %vpi_call/w 3 142 "$write", " CPU %0d:", v0000021e13253ac0_0 {0 0 0};
    %load/vec4 v0000021e132c96e0_0;
    %load/vec4 v0000021e13253ac0_0;
    %pad/s 37;
    %muli 32, 0, 37;
    %part/s 32;
    %ix/getv/s 4, v0000021e13253ac0_0;
    %load/vec4a v0000021e132cca20, 4;
    %cmp/ne;
    %jmp/0xz  T_32.4, 6;
    %load/vec4 v0000021e132c96e0_0;
    %load/vec4 v0000021e13253ac0_0;
    %pad/s 37;
    %muli 32, 0, 37;
    %part/s 32;
    %vpi_call/w 3 145 "$write", " %h", S<0,vec4,u32> {1 0 0};
    %jmp T_32.5;
T_32.4 ;
    %vpi_call/w 3 147 "$write", "         " {0 0 0};
T_32.5 ;
    %load/vec4 v0000021e132cc700_0;
    %load/vec4 v0000021e13253ac0_0;
    %pad/s 37;
    %muli 32, 0, 37;
    %part/s 32;
    %ix/getv/s 4, v0000021e13253ac0_0;
    %load/vec4a v0000021e132cbc60, 4;
    %cmp/ne;
    %jmp/0xz  T_32.6, 6;
    %load/vec4 v0000021e132cc700_0;
    %load/vec4 v0000021e13253ac0_0;
    %pad/s 37;
    %muli 32, 0, 37;
    %part/s 32;
    %vpi_call/w 3 150 "$write", " %h", S<0,vec4,u32> {1 0 0};
    %jmp T_32.7;
T_32.6 ;
    %vpi_call/w 3 152 "$write", "         " {0 0 0};
T_32.7 ;
    %load/vec4 v0000021e132c96e0_0;
    %load/vec4 v0000021e13253ac0_0;
    %pad/s 37;
    %muli 32, 0, 37;
    %part/s 32;
    %ix/getv/s 3, v0000021e13253ac0_0;
    %ix/load 4, 0, 0; Constant delay
    %assign/vec4/a/d v0000021e132cca20, 0, 4;
    %load/vec4 v0000021e132cc700_0;
    %load/vec4 v0000021e13253ac0_0;
    %pad/s 37;
    %muli 32, 0, 37;
    %part/s 32;
    %ix/getv/s 3, v0000021e13253ac0_0;
    %ix/load 4, 0, 0; Constant delay
    %assign/vec4/a/d v0000021e132cbc60, 0, 4;
    ; show_stmt_assign_vector: Get l-value for compressed += operand
    %load/vec4 v0000021e13253ac0_0;
    %pushi/vec4 1, 0, 32;
    %add;
    %cast2;
    %store/vec4 v0000021e13253ac0_0, 0, 32;
    %jmp T_32.2;
T_32.3 ;
    %end;
    .scope S_0000021e13266db0;
t_4 %join;
    %vpi_call/w 3 158 "$display" {0 0 0};
    %jmp T_32;
    .thread T_32;
# The file index is used to find the file name in the following table.
:file_names 13;
    "N/A";
    "<interactive>";
    "-";
    "tb.sv";
    "cpu_cluster.sv";
    "round_robin_arbiter_8.sv";
    "sr_cpu.sv";
    "sr_alu.sv";
    "sr_register_file.sv";
    "sr_decode.sv";
    "register_with_rst_value_and_enable.sv";
    "sr_control.sv";
    "instruction_rom.sv";
